02-05 09:15:50.159 W/PackageManager(  516): Not granting permission android.permission.READ_LOGS to package com.jinxin.beoneaid (protectionLevel=50 flags=0x8be47)
02-05 09:15:50.159 W/PackageManager(  516): Not granting permission android.permission.ACCESS_DOWNLOAD_MANAGER to package com.android.browser (protectionLevel=18 flags=0x9be45)
02-05 09:15:50.159 W/PackageManager(  516): Not granting permission android.permission.SEND_DOWNLOAD_COMPLETED_INTENTS to package com.android.browser (protectionLevel=2 flags=0x9be45)
02-05 09:15:50.159 W/PackageManager(  516): Not granting permission android.permission.BIND_WALLPAPER to package com.android.camera2 (protectionLevel=18 flags=0x58bc45)
02-05 09:15:50.159 W/PackageManager(  516): Not granting permission android.permission.READ_LOGS to package com.jinxin.beonemoviesearcher (protectionLevel=50 flags=0x48bec5)
02-05 09:15:50.159 W/PackageManager(  516): Not granting permission android.permission.BIND_APPWIDGET to package com.android.launcher3 (protectionLevel=18 flags=0x583e45)
02-05 09:15:50.159 W/PackageManager(  516): Unknown permission android.permission.READ_SETTINGS in package com.android.launcher3
02-05 09:15:50.160 W/PackageManager(  516): Unknown permission com.android.launcher.permission.READ_SETTINGS in package com.android.launcher3
02-05 09:15:50.160 W/PackageManager(  516): Unknown permission com.android.launcher.permission.WRITE_SETTINGS in package com.android.launcher3
02-05 09:15:50.160 W/PackageManager(  516): Not granting permission android.permission.READ_LOGS to package com.jinxin.voicehelp (protectionLevel=50 flags=0x48be45)
02-05 09:15:50.160 W/PackageManager(  516): Unknown permission com.google.android.googleapps.permission.GOOGLE_AUTH.mail in package com.android.calendar
02-05 09:15:50.160 W/PackageManager(  516): Unknown permission android.permission.RECEIVE_USER_PRESENT in package com.jinxin.jxsmarthome
02-05 09:15:50.160 W/PackageManager(  516): Not granting permission android.permission.MOUNT_UNMOUNT_FILESYSTEMS to package com.jinxin.jxsmarthome (protectionLevel=18 flags=0x8be46)
02-05 09:15:50.160 W/PackageManager(  516): Unknown permission android.permission.SYSTEM_OVERLAY_WINDOW in package com.jinxin.jxsmarthome
02-05 09:15:50.160 W/PackageManager(  516): Unknown permission android.permission.ACCESS_COARSE_UPDATES in package com.jinxin.jxsmarthome
02-05 09:15:50.160 W/PackageManager(  516): Unknown permission com.jinxin.jxsmarthome.permission.GET_LOGIN_ACCOUNT in package com.jinxin.jxsmarthome
02-05 09:15:50.160 W/PackageManager(  516): Unknown permission com.jinxin.jxsmarthome.permission.EXIT in package com.jinxin.jxsmarthome
02-05 09:15:50.160 W/PackageManager(  516): Unknown permission com.jinxin.jxsmarthome.permission.GET_MESSAGE in package com.jinxin.jxsmarthome
02-05 09:15:50.160 W/PackageManager(  516): Not granting permission android.permission.READ_LOGS to package com.jinxin.jxsmarthome (protectionLevel=50 flags=0x8be46)
02-05 09:15:50.160 W/PackageManager(  516): Not granting permission android.permission.INSTALL_PACKAGES to package com.android.apkinstaller (protectionLevel=18 flags=0x8be45)
02-05 09:15:50.160 W/PackageManager(  516): Not granting permission android.permission.DELETE_PACKAGES to package com.android.apkinstaller (protectionLevel=18 flags=0x8be45)
02-05 09:15:50.160 W/PackageManager(  516): Unknown permission com.android.launcher.permission.READ_SETTINGS in package com.android.onetimeinitializer
02-05 09:15:50.160 W/PackageManager(  516): Unknown permission com.android.launcher.permission.WRITE_SETTINGS in package com.android.onetimeinitializer
02-05 09:15:50.161 W/PackageManager(  516): Not granting permission android.permission.READ_LOGS to package com.jinxin.superbeone (protectionLevel=50 flags=0x48bf46)
02-05 09:15:50.161 W/PackageManager(  516): Unknown permission android.permission.READ_MEDIA_STORAGE in package com.android.packageinstaller
02-05 09:15:50.161 W/PackageManager(  516): Not granting permission android.permission.DELETE_PACKAGES to package com.svox.pico (protectionLevel=18 flags=0x8be45)
02-05 09:15:50.161 W/PackageManager(  516): Not granting permission android.permission.WRITE_MEDIA_STORAGE to package com.android.dreams.phototable (protectionLevel=18 flags=0x18be45)
02-05 09:15:50.161 W/PackageManager(  516): Unknown permission com.google.android.gallery3d.permission.PICASA_STORE in package com.android.dreams.phototable
02-05 09:15:50.161 W/PackageManager(  516): Unknown permission com.google.android.googleapps.permission.GOOGLE_AUTH in package com.android.settings
02-05 09:15:50.161 W/PackageManager(  516): Unknown permission com.android.launcher.permission.READ_SETTINGS in package com.android.settings
02-05 09:15:50.161 W/PackageManager(  516): Unknown permission com.android.launcher.permission.WRITE_SETTINGS in package com.android.settings
02-05 09:15:50.161 W/PackageManager(  516): Unknown permission android.intent.action.BOOT_COMPLETED in package com.jx.audio
02-05 09:15:50.161 W/PackageManager(  516): Unknown permission android.Manifest.permission.BLUETOOTH in package com.jx.audio
02-05 09:15:50.161 W/PackageManager(  516): Unknown permission android.permission.RECEIVE_USER_PRESENT in package com.jinxin.jxregisterserver
02-05 09:15:50.161 W/PackageManager(  516): Not granting permission android.permission.MOUNT_UNMOUNT_FILESYSTEMS to package com.jinxin.jxregisterserver (protectionLevel=18 flags=0x48be45)
02-05 09:15:50.162 W/PackageManager(  516): Unknown permission android.permission.SYSTEM_OVERLAY_WINDOW in package com.jinxin.jxregisterserver
02-05 09:15:50.162 W/PackageManager(  516): Not granting permission android.permission.MOUNT_UNMOUNT_FILESYSTEMS to package com.rockchip.mediacenter (protectionLevel=18 flags=0x8be45)
02-05 09:15:50.162 W/PackageManager(  516): Not granting permission android.permission.DEVICE_POWER to package com.rockchip.mediacenter (protectionLevel=2 flags=0x8be45)
02-05 09:15:50.162 W/PackageManager(  516): Unknown permission com.android.email.permission.READ_ATTACHMENT in package com.rockchip.mediacenter
02-05 09:15:50.162 W/PackageManager(  516): Not granting permission android.permission.WRITE_MEDIA_STORAGE to package com.android.music (protectionLevel=18 flags=0x8be65)
02-05 09:15:50.162 W/PackageManager(  516): Not granting permission android.permission.DEVICE_POWER to package com.android.music (protectionLevel=2 flags=0x8be65)
02-05 09:15:50.162 W/PackageManager(  516): Not granting permission android.permission.DEVICE_POWER to package com.android.deskclock (protectionLevel=2 flags=0x48be45)
02-05 09:15:50.162 W/PackageManager(  516): Unknown permission com.android.launcher.permission.READ_SETTINGS in package com.android.systemui
02-05 09:15:50.162 W/PackageManager(  516): Unknown permission com.android.email.permission.READ_ATTACHMENT in package com.android.exchange
02-05 09:15:50.163 W/PackageManager(  516): Unknown permission com.android.email.permission.ACCESS_PROVIDER in package com.android.exchange
02-05 09:15:50.163 W/PackageManager(  516): Not granting permission android.permission.WRITE_SECURE_SETTINGS to package com.jinxin.cloudmusic (protectionLevel=50 flags=0x48be45)
02-05 09:15:50.163 W/PackageManager(  516): Unknown permission com.google.android.gallery3d.permission.GALLERY_PROVIDER in package com.android.bluetooth
02-05 09:15:50.163 W/PackageManager(  516): Unknown permission android.permission.MMS_SEND_OUTBOX_MSG in package com.android.bluetooth
02-05 09:15:50.163 W/PackageManager(  516): Unknown permission rockchip.permission.FULL_SCREEN in package android.rk.RockVideoPlayer
02-05 09:15:50.163 W/PackageManager(  516): Unknown permission android.permission.RAISED_THREAD_PRIORITY in package android.rk.RockVideoPlayer
02-05 09:15:50.163 W/PackageManager(  516): Unknown permission android.permission.FULL_SCREEN in package android.rk.RockVideoPlayer
02-05 09:15:50.163 W/PackageManager(  516): Unknown permission archos.permission.FULL_SCREEN in package android.rk.RockVideoPlayer
02-05 09:15:50.169 I/SystemServiceManager(  516): Starting com.android.server.devicepolicy.DevicePolicyManagerService$Lifecycle
02-05 09:15:50.207 I/UsageStatsService(  516): User[0] Rollover scheduled @ 2018-02-04 08:00:00(1517702400000)
02-05 09:15:50.209 I/UsageStatsService(  516): User[0] Rolling over usage stats
02-05 09:15:50.232 I/UsageStatsService(  516): User[0] Rollover scheduled @ 2018-02-06 08:00:00(1517875200000)
02-05 09:15:50.232 I/UsageStatsService(  516): User[0] Rolling over usage stats complete. Took 23 milliseconds
02-05 09:15:50.245 W/MountService(  516): getSecureContainerList() called when storage not mounted
02-05 09:15:50.246 D/VoldCmdListener(  162): asec list
02-05 09:15:50.247 I/SystemServer(  516): Status Bar
02-05 09:15:50.251 I/SystemServer(  516): Clipboard Service
02-05 09:15:50.257 I/SystemServer(  516): NetworkManagement Service
02-05 09:15:50.268 I/SystemServer(  516): Text Service Manager Service
02-05 09:15:50.279 I/SystemServer(  516): Network Score Service
02-05 09:15:50.281 I/SystemServer(  516): NetworkStats Service
02-05 09:15:50.294 I/SystemServer(  516): NetworkPolicy Service
02-05 09:15:50.314 I/SystemServiceManager(  516): Starting com.android.server.wifi.p2p.WifiP2pService
02-05 09:15:50.357 I/SystemServiceManager(  516): Starting com.android.server.wifi.WifiService
02-05 09:15:50.586 I/SystemServiceManager(  516): Starting com.android.server.wifi.WifiScanningService
02-05 09:15:50.588 I/SystemServiceManager(  516): Starting com.android.server.wifi.RttService
02-05 09:15:50.592 I/SystemServiceManager(  516): Starting com.android.server.ethernet.EthernetService
02-05 09:15:50.599 I/SystemServer(  516): PppoeService
02-05 09:15:50.601 I/SystemServiceManager(  516): Starting com.android.server.pppoe.PppoeService
02-05 09:15:50.606 I/SystemServer(  516): Connectivity Service
02-05 09:15:50.612 D/ConnectivityService(  516): ConnectivityService starting up
02-05 09:15:50.617 D/ConnectivityService(  516): wifiOnly=false
02-05 09:15:50.617 E/ConnectivityService(  516): Ignoring protectedNetwork 14
02-05 09:15:50.618 E/ConnectivityService(  516): Ignoring protectedNetwork 15
02-05 09:15:50.631 I/SystemServer(  516): Network Service Discovery Service
02-05 09:15:50.636 D/NsdService(  516): Network service discovery enabled true
02-05 09:15:50.638 I/SystemServer(  516): UpdateLock Service
02-05 09:15:50.701 I/SystemServiceManager(  516): Starting com.android.server.notification.NotificationManagerService
02-05 09:15:50.742 D/ZenLog  (  516): set_zen_mode: off,setting
02-05 09:15:50.747 I/SystemServiceManager(  516): Starting com.android.server.storage.DeviceStorageMonitorService
02-05 09:15:50.751 I/SystemServer(  516): Location Manager
02-05 09:15:50.756 I/SystemServer(  516): Country Detector
02-05 09:15:50.758 I/SystemServer(  516): Search Service
02-05 09:15:50.762 I/SystemServer(  516): DropBox Service
02-05 09:15:50.765 I/SystemServer(  516): Wallpaper Service
02-05 09:15:50.772 I/SystemServer(  516): Audio Service
02-05 09:15:50.818 I/SystemServiceManager(  516): Starting com.android.server.DockObserver
02-05 09:15:50.820 W/DockObserver(  516): This kernel does not have dock station support
02-05 09:15:50.821 I/SystemServer(  516): Wired Accessory Manager
02-05 09:15:50.826 W/WiredAccessoryManager(  516): This kernel does not have wired headset support
02-05 09:15:50.827 I/SystemServiceManager(  516): Starting com.android.server.usb.UsbService$Lifecycle
02-05 09:15:50.838 I/SystemServer(  516): Serial Service
02-05 09:15:50.840 I/SystemServiceManager(  516): Starting com.android.server.twilight.TwilightService
02-05 09:15:50.847 I/SystemServiceManager(  516): Starting com.android.server.UiModeManagerService
02-05 09:15:50.853 I/SystemServiceManager(  516): Starting com.android.server.job.JobSchedulerService
02-05 09:15:50.865 I/SystemServiceManager(  516): Starting com.android.server.backup.BackupManagerService$Lifecycle
02-05 09:15:50.870 I/SystemServiceManager(  516): Starting com.android.server.appwidget.AppWidgetService
02-05 09:15:50.878 I/SystemServiceManager(  516): Starting com.android.server.voiceinteraction.VoiceInteractionManagerService
02-05 09:15:50.885 W/SoundTriggerHelper(  516): listModules status=0, # of modules=0
02-05 09:15:50.885 I/SystemServer(  516): DiskStats Service
02-05 09:15:50.886 I/SystemServer(  516): SamplingProfiler Service
02-05 09:15:50.896 I/SystemServer(  516): NetworkTimeUpdateService
02-05 09:15:50.898 I/SystemServer(  516): CommonTimeManagementService
02-05 09:15:50.902 I/SystemServer(  516): CertBlacklister
02-05 09:15:50.904 I/SystemServiceManager(  516): Starting com.android.server.dreams.DreamManagerService
02-05 09:15:50.909 I/SystemServer(  516): Assets Atlas Service
02-05 09:15:50.912 I/SystemServiceManager(  516): Starting com.android.server.print.PrintManagerService
02-05 09:15:50.919 I/SystemServiceManager(  516): Starting com.android.server.restrictions.RestrictionsManagerService
02-05 09:15:50.923 I/SystemServiceManager(  516): Starting com.android.server.media.MediaSessionService
02-05 09:15:50.933 I/SystemServiceManager(  516): Starting com.android.server.hdmi.HdmiControlService
02-05 09:15:50.948 I/HdmiControlService(  516): Device does not support MHL-control.
02-05 09:15:50.959 I/SystemServer(  516): Media Router Service
02-05 09:15:50.961 I/SystemServer(  516): DisplayDeviceManagementService Service
02-05 09:15:50.964 D/DisplayDeviceManagementService(  516): DisplayDeviceManagementService start
02-05 09:15:50.966 I/SystemServiceManager(  516): Starting com.android.server.trust.TrustManagerService
02-05 09:15:50.970 I/SystemServiceManager(  516): Starting com.android.server.fingerprint.FingerprintService
02-05 09:15:50.973 I/SystemServer(  516): BackgroundDexOptService
02-05 09:15:50.978 I/SystemServiceManager(  516): Starting com.android.server.pm.LauncherAppsService
02-05 09:15:50.982 I/SystemServiceManager(  516): Starting com.android.server.media.projection.MediaProjectionManagerService
02-05 09:15:51.011 I/SystemServiceManager(  516): Starting com.android.server.MmsServiceBroker
02-05 09:15:51.036 E/LockSettingsStorage(  516): Cannot read file java.io.FileNotFoundException: /data/system/password.key: open failed: ENOENT (No such file or directory)
02-05 09:15:51.036 E/LockSettingsStorage(  516): Cannot read file java.io.FileNotFoundException: /data/system/gesture.key: open failed: ENOENT (No such file or directory)
02-05 09:15:51.036 I/SystemServiceManager(  516): Starting phase 480
02-05 09:15:51.045 I/SystemServiceManager(  516): Starting phase 500
02-05 09:15:51.045 I/WifiService(  516): WifiService starting up with Wi-Fi enabled
02-05 09:15:51.047 D/WifiService(  516): setWifiEnabled: true pid=516, uid=1000
02-05 09:15:51.047 E/WifiService(  516): Invoking mWifiStateMachine.setWifiEnabled
02-05 09:15:51.057 D/WifiService(  516): New client listening to asynchronous messages
02-05 09:15:51.067 D/WifiScanningService(  516): New client, channel: null messenger: null
02-05 09:15:51.082 D/ConnectivityService(  516): Got NetworkFactory Messenger for Ethernet
02-05 09:15:51.302 D/ConnectivityService(  516): Got NetworkFactory Messenger for PPPOE
02-05 09:15:51.303 I/ActivityManagerService(  516): Config changes=200 {1.0 multiwindowflag=DISABLE dualscreenflag=DISABLE ?mcc?mnc zh_CN ?layoutDir sw720dp w1280dp h647dp 160dpi lrg long land -touch -keyb/v/h dpad/v s.4}
02-05 09:15:51.313 V/BackupManagerService(  516): No ancestral data
02-05 09:15:51.318 D/BackupManagerService(  516): Now staging backup of com.android.browser
02-05 09:15:51.327 D/BackupManagerService(  516): Now staging backup of android
02-05 09:15:51.329 D/BackupManagerService(  516): Now staging backup of com.android.calendar
02-05 09:15:51.332 D/BackupManagerService(  516): Now staging backup of com.android.providers.settings
02-05 09:15:51.335 D/BackupManagerService(  516): Now staging backup of com.android.sharedstoragebackup
02-05 09:15:51.338 D/BackupManagerService(  516): Now staging backup of com.android.providers.userdictionary
02-05 09:15:51.340 V/BackupManagerService(  516): Starting with transport android/com.android.internal.backup.LocalTransport
02-05 09:15:51.341 V/BackupManagerService(  516): Found transports: 1
02-05 09:15:51.341 I/BackupManagerService(  516): Binding to transport host ComponentInfo{android/com.android.internal.backup.LocalTransportService}
02-05 09:15:51.346 I/BackupManagerService(  516): Found stale backup journal, scheduling
02-05 09:15:51.450 D/DisplayPowerController(  516): button lights toggle
02-05 09:15:51.450 D/DisplayPowerController(  516): send timeout msg after 1500
02-05 09:15:51.457 D/DisplayPowerController(  516): button lights toggle
02-05 09:15:51.459 D/DisplayPowerController(  516): send timeout msg after 1500
02-05 09:15:51.460 D/DisplayPowerController(  516): button lights toggle
02-05 09:15:51.461 D/DisplayPowerController(  516): send timeout msg after 1500
02-05 09:15:51.462 D/DisplayPowerController(  516): send timeout msg after 1500
02-05 09:15:51.475 D/ActivityManagerService(  516): OK, system ready!
02-05 09:15:51.476 I/ActivityManagerService(  516): System now ready
02-05 09:15:51.479 I/DisplayManagerService(  516): Display device changed: DisplayDeviceInfo{"内置屏幕": uniqueId="local:0", 1280 x 720, 240.00005 fps, supportedRefreshRates [240.00005], density 160, 160.15764 x 160.42105 dpi, appVsyncOff 0, presDeadline 5166666, touch INTERNAL, rotation 0, type BUILT_IN, state ON, FLAG_DEFAULT_DISPLAY, FLAG_ROTATES_WITH_CONTENT, FLAG_SECURE, FLAG_SUPPORTS_PROTECTED_BUFFERS}
02-05 09:15:51.480 I/SystemServer(  516): Making services ready
02-05 09:15:51.480 I/SystemServiceManager(  516): Starting phase 550
02-05 09:15:51.482 D/WifiDisplayAdapter(  516): getWifiDisplayStatusLocked: result=WifiDisplayStatus{featureState=1, scanState=0, activeDisplayState=0, activeDisplay=null, displays=[], sessionInfo=WifiDisplaySessionInfo:
02-05 09:15:51.482 D/WifiDisplayAdapter(  516):     Client/Owner: Client
02-05 09:15:51.482 D/WifiDisplayAdapter(  516):     GroupId: 
02-05 09:15:51.482 D/WifiDisplayAdapter(  516):     Passphrase: 
02-05 09:15:51.482 D/WifiDisplayAdapter(  516):     SessionId: 0
02-05 09:15:51.482 D/WifiDisplayAdapter(  516):     IP Address: }
02-05 09:15:51.484 D/UsbDeviceManager(  516): Usb state is false false true
02-05 09:15:51.486 I/SystemServer(  516): WebViewFactory preparation
02-05 09:15:51.487 D/MountService(  516): sharedvolumeNum: 0 ;avail: false
02-05 09:15:51.523 D/UsbHostManager(  516): Added device UsbDevice[mName=/dev/bus/usb/004/002,mVendorId=6127,mProductId=24590,mClass=0,mSubclass=0,mProtocol=0,mManufacturerName=null,mProductName=Lenovo Optical Mouse,mSerialNumber=null,mConfigurations=[
02-05 09:15:51.523 D/UsbHostManager(  516): UsbConfiguration[mId=1,mName=HID-compliant MOUSE,mAttributes=160,mMaxPower=50,mInterfaces=[
02-05 09:15:51.523 D/UsbHostManager(  516): UsbInterface[mId=0,mAlternateSetting=0,mName=null,mClass=3,mSubclass=1,mProtocol=2,mEndpoints=[
02-05 09:15:51.523 D/UsbHostManager(  516): UsbEndpoint[mAddress=129,mAttributes=3,mMaxPacketSize=4,mInterval=10]]]]
02-05 09:15:51.528 W/ContextImpl(  516): Calling a method in the system process without a qualified user: android.app.ContextImpl.sendBroadcast:1344 com.android.server.usb.UsbSettingsManager.deviceAttached:741 com.android.server.usb.UsbHostManager.endUsbDeviceAdded:224 com.android.server.usb.UsbHostManager.monitorUsbHostBus:-2 com.android.server.usb.UsbHostManager.access$000:42 
02-05 09:15:51.537 I/ActivityManagerService(  516): Start proc 625:android.process.media/u0a4 for broadcast com.android.providers.media/.MtpReceiver
02-05 09:15:51.555 D/ConnectivityService(  516): Got NetworkFactory Messenger for WIFI
02-05 09:15:51.555 D/ConnectivityService(  516): Got NetworkFactory Messenger for WIFI_UT
02-05 09:15:51.578 I/ActivityManagerService(  516): Start proc 643:WebViewLoader-armeabi-v7a/1037 [android.webkit.WebViewFactory$RelroFileCreator] for 
02-05 09:15:51.595 D/UsbHostManager(  516): Added device UsbDevice[mName=/dev/bus/usb/005/002,mVendorId=4292,mProductId=60000,mClass=0,mSubclass=0,mProtocol=0,mManufacturerName=Silicon Labs,mProductName=CP2104 USB to UART Bridge Controller,mSerialNumber=015A7D3E,mConfigurations=[
02-05 09:15:51.595 D/UsbHostManager(  516): UsbConfiguration[mId=1,mName=null,mAttributes=128,mMaxPower=50,mInterfaces=[
02-05 09:15:51.595 D/UsbHostManager(  516): UsbInterface[mId=0,mAlternateSetting=0,mName=CP2104 USB to UART Bridge Controller,mClass=255,mSubclass=0,mProtocol=0,mEndpoints=[
02-05 09:15:51.595 D/UsbHostManager(  516): UsbEndpoint[mAddress=1,mAttributes=2,mMaxPacketSize=64,mInterval=0]
02-05 09:15:51.595 D/UsbHostManager(  516): UsbEndpoint[mAddress=130,mAttributes=2,mMaxPacketSize=64,mInterval=0]]]]
02-05 09:15:51.595 W/ContextImpl(  516): Calling a method in the system process without a qualified user: android.app.ContextImpl.sendBroadcast:1344 com.android.server.usb.UsbSettingsManager.deviceAttached:741 com.android.server.usb.UsbHostManager.endUsbDeviceAdded:224 com.android.server.usb.UsbHostManager.monitorUsbHostBus:-2 com.android.server.usb.UsbHostManager.access$000:42 
02-05 09:15:51.626 I/ActivityManagerService(  516): Start proc 661:com.android.systemui/u0a11 for service com.android.systemui/.SystemUIService
02-05 09:15:51.627 I/MountService(  516): doMountVolume: Mouting /mnt/internal_sd
02-05 09:15:51.627 D/VoldCmdListener(  162): volume mount /mnt/internal_sd
02-05 09:15:51.627 D/Vold    (  162):  volume status = 1----------------------
02-05 09:15:51.627 D/NetworkManagementService(  516): enabling bandwidth control
02-05 09:15:51.628 D/DirectVolume(  162): getDeviceNodes mPartIdx = 15, mDiskNumParts = 15.
02-05 09:15:51.630 E/Vold    (  162): deviceNodes[0]= 0x0000b30f,[1]= 0x00000000,[2]= 0x00000000,[3]= 0x00000000
02-05 09:15:51.630 I/Vold    (  162): /dev/block/vold/179:15 being considered for volume internal_sd,1
02-05 09:15:51.630 I/Vold    (  162):  
02-05 09:15:51.630 D/Vold    (  162): Volume internal_sd state changing 1 (Idle-Unmounted) -> 3 (Checking)
02-05 09:15:51.632 I/MountService(  516): onEvent:: raw= 605 Volume internal_sd /mnt/internal_sd state changed from 1 (Idle-Unmounted) to 3 (Checking) cooked =  605 Volume internal_sd /mnt/internal_sd state changed from 1 (Idle-Unmounted) to 3 (Checking)
02-05 09:15:51.632 I/MountService(  516): notifyVolumeStateChange::unmounted
02-05 09:15:51.633 I/MountService(  516): updating volume state checking
02-05 09:15:51.633 D/MountService(  516): volume state changed for /mnt/internal_sd (unmounted -> checking)
02-05 09:15:51.633 D/MountService(  516): sendStorageIntent Intent { act=android.intent.action.MEDIA_CHECKING dat=file:///mnt/internal_sd flg=0x4000000 (has extras) } to UserHandle{-1}
02-05 09:15:51.940 I/Vold    (  162): Filesystem check completed OK
02-05 09:15:51.945 E/Vold    (  162): ---------set mSkipAsec to enable app2sd because mount Vfat succeed for internal_sd, mountpoint =/mnt/internal_sd
02-05 09:15:51.981 D/Vold    (  162): Volume internal_sd state changing 3 (Checking) -> 4 (Mounted)
02-05 09:15:51.982 I/MountService(  516): onEvent:: raw= 613 internal_sd /mnt/internal_sd "FC5C-09E4" cooked =  613 internal_sd /mnt/internal_sd FC5C-09E4
02-05 09:15:51.982 I/MountService(  516): onEvent:: raw= 614 internal_sd /mnt/internal_sd "ROCKCHIP" cooked =  614 internal_sd /mnt/internal_sd ROCKCHIP
02-05 09:15:51.982 I/MountService(  516): doMountVolume: Mouting /mnt/usb_storage/USB_DISK4
02-05 09:15:51.982 I/MountService(  516): onEvent:: raw= 605 Volume internal_sd /mnt/internal_sd state changed from 3 (Checking) to 4 (Mounted) cooked =  605 Volume internal_sd /mnt/internal_sd state changed from 3 (Checking) to 4 (Mounted)
02-05 09:15:51.982 I/MountService(  516): notifyVolumeStateChange::checking
02-05 09:15:51.982 I/MountService(  516): updating volume state mounted
02-05 09:15:51.982 D/MountService(  516): volume state changed for /mnt/internal_sd (checking -> mounted)
02-05 09:15:51.983 D/VoldCmdListener(  162): volume mount /mnt/usb_storage/USB_DISK4
02-05 09:15:51.983 D/MountService(  516): sendStorageIntent Intent { act=android.intent.action.MEDIA_MOUNTED dat=file:///mnt/internal_sd flg=0x4000000 (has extras) } to UserHandle{-1}
02-05 09:15:51.985 D/VoldCmdListener(  162): asec list
02-05 09:15:51.994 E/MountService(  516): Boot-time mount failed (-1)
02-05 09:15:51.994 I/MountService(  516): doMountVolume: Mouting /mnt/usb_storage/USB_DISK5
02-05 09:15:52.169 D/WifiDisplayAdapter(  516): getWifiDisplayStatusLocked: result=WifiDisplayStatus{featureState=1, scanState=0, activeDisplayState=0, activeDisplay=null, displays=[], sessionInfo=WifiDisplaySessionInfo:
02-05 09:15:52.169 D/WifiDisplayAdapter(  516):     Client/Owner: Client
02-05 09:15:52.169 D/WifiDisplayAdapter(  516):     GroupId: 
02-05 09:15:52.169 D/WifiDisplayAdapter(  516):     Passphrase: 
02-05 09:15:52.169 D/WifiDisplayAdapter(  516):     SessionId: 0
02-05 09:15:52.169 D/WifiDisplayAdapter(  516):     IP Address: }
02-05 09:15:52.180 D/WifiDisplayAdapter(  516): getWifiDisplayStatusLocked: result=WifiDisplayStatus{featureState=1, scanState=0, activeDisplayState=0, activeDisplay=null, displays=[], sessionInfo=WifiDisplaySessionInfo:
02-05 09:15:52.180 D/WifiDisplayAdapter(  516):     Client/Owner: Client
02-05 09:15:52.180 D/WifiDisplayAdapter(  516):     GroupId: 
02-05 09:15:52.180 D/WifiDisplayAdapter(  516):     Passphrase: 
02-05 09:15:52.180 D/WifiDisplayAdapter(  516):     SessionId: 0
02-05 09:15:52.180 D/WifiDisplayAdapter(  516):     IP Address: }
02-05 09:15:52.190 D/VoldCmdListener(  162): volume mount /mnt/usb_storage/USB_DISK5
02-05 09:15:52.190 W/PackageManager(  516): Unknown permission com.google.android.googleapps.permission.GOOGLE_AUTH in package com.android.providers.calendar
02-05 09:15:52.190 W/PackageManager(  516): Unknown permission com.google.android.googleapps.permission.GOOGLE_AUTH.cl in package com.android.providers.calendar
02-05 09:15:52.191 W/PackageManager(  516): Unknown permission android.permission.RECEIVE_USER_PRESENT in package com.jinxin.jxlocalsocketserver
02-05 09:15:52.191 E/MountService(  516): Boot-time mount failed (-1)
02-05 09:15:52.191 W/PackageManager(  516): Unknown permission android.permission.SYSTEM_OVERLAY_WINDOW in package com.jinxin.jxlocalsocketserver
02-05 09:15:52.191 W/PackageManager(  516): Not granting permission android.permission.GLOBAL_SEARCH to package com.android.quicksearchbox (protectionLevel=18 flags=0x88be45)
02-05 09:15:52.191 W/PackageManager(  516): Not granting permission android.permission.READ_LOGS to package com.jinxin.beoneaid (protectionLevel=50 flags=0x8be47)
02-05 09:15:52.191 W/PackageManager(  516): Not granting permission android.permission.ACCESS_DOWNLOAD_MANAGER to package com.android.browser (protectionLevel=18 flags=0x89be45)
02-05 09:15:52.191 W/PackageManager(  516): Not granting permission android.permission.SEND_DOWNLOAD_COMPLETED_INTENTS to package com.android.browser (protectionLevel=2 flags=0x89be45)
02-05 09:15:52.191 W/PackageManager(  516): Not granting permission android.permission.BIND_WALLPAPER to package com.android.camera2 (protectionLevel=18 flags=0xd8bc45)
02-05 09:15:52.192 W/PackageManager(  516): Not granting permission android.permission.READ_LOGS to package com.jinxin.beonemoviesearcher (protectionLevel=50 flags=0xc8bec5)
02-05 09:15:52.192 W/PackageManager(  516): Not granting permission android.permission.BIND_APPWIDGET to package com.android.launcher3 (protectionLevel=18 flags=0xd83e45)
02-05 09:15:52.192 W/PackageManager(  516): Unknown permission android.permission.READ_SETTINGS in package com.android.launcher3
02-05 09:15:52.192 W/PackageManager(  516): Unknown permission com.android.launcher.permission.READ_SETTINGS in package com.android.launcher3
02-05 09:15:52.192 W/PackageManager(  516): Unknown permission com.android.launcher.permission.WRITE_SETTINGS in package com.android.launcher3
02-05 09:15:52.192 W/PackageManager(  516): Not granting permission android.permission.READ_LOGS to package com.jinxin.voicehelp (protectionLevel=50 flags=0xc8be45)
02-05 09:15:52.192 W/PackageManager(  516): Unknown permission com.google.android.googleapps.permission.GOOGLE_AUTH.mail in package com.android.calendar
02-05 09:15:52.192 W/PackageManager(  516): Unknown permission android.permission.RECEIVE_USER_PRESENT in package com.jinxin.jxsmarthome
02-05 09:15:52.192 W/PackageManager(  516): Not granting permission android.permission.MOUNT_UNMOUNT_FILESYSTEMS to package com.jinxin.jxsmarthome (protectionLevel=18 flags=0x8be46)
02-05 09:15:52.192 W/PackageManager(  516): Unknown permission android.permission.SYSTEM_OVERLAY_WINDOW in package com.jinxin.jxsmarthome
02-05 09:15:52.192 W/PackageManager(  516): Unknown permission android.permission.ACCESS_COARSE_UPDATES in package com.jinxin.jxsmarthome
02-05 09:15:52.192 W/PackageManager(  516): Unknown permission com.jinxin.jxsmarthome.permission.GET_LOGIN_ACCOUNT in package com.jinxin.jxsmarthome
02-05 09:15:52.192 W/PackageManager(  516): Unknown permission com.jinxin.jxsmarthome.permission.EXIT in package com.jinxin.jxsmarthome
02-05 09:15:52.192 W/PackageManager(  516): Unknown permission com.jinxin.jxsmarthome.permission.GET_MESSAGE in package com.jinxin.jxsmarthome
02-05 09:15:52.192 W/PackageManager(  516): Not granting permission android.permission.READ_LOGS to package com.jinxin.jxsmarthome (protectionLevel=50 flags=0x8be46)
02-05 09:15:52.192 W/PackageManager(  516): Not granting permission android.permission.INSTALL_PACKAGES to package com.android.apkinstaller (protectionLevel=18 flags=0x88be45)
02-05 09:15:52.193 W/PackageManager(  516): Not granting permission android.permission.DELETE_PACKAGES to package com.android.apkinstaller (protectionLevel=18 flags=0x88be45)
02-05 09:15:52.193 W/PackageManager(  516): Unknown permission com.android.launcher.permission.READ_SETTINGS in package com.android.onetimeinitializer
02-05 09:15:52.193 W/PackageManager(  516): Unknown permission com.android.launcher.permission.WRITE_SETTINGS in package com.android.onetimeinitializer
02-05 09:15:52.193 W/PackageManager(  516): Not granting permission android.permission.READ_LOGS to package com.jinxin.superbeone (protectionLevel=50 flags=0xc8bf46)
02-05 09:15:52.193 W/PackageManager(  516): Unknown permission android.permission.READ_MEDIA_STORAGE in package com.android.packageinstaller
02-05 09:15:52.193 W/PackageManager(  516): Not granting permission android.permission.DELETE_PACKAGES to package com.svox.pico (protectionLevel=18 flags=0x88be45)
02-05 09:15:52.193 W/PackageManager(  516): Not granting permission android.permission.WRITE_MEDIA_STORAGE to package com.android.dreams.phototable (protectionLevel=18 flags=0x98be45)
02-05 09:15:52.194 W/PackageManager(  516): Unknown permission com.google.android.gallery3d.permission.PICASA_STORE in package com.android.dreams.phototable
02-05 09:15:52.195 W/PackageManager(  516): Unknown permission com.google.android.googleapps.permission.GOOGLE_AUTH in package com.android.settings
02-05 09:15:52.195 W/PackageManager(  516): Unknown permission com.android.launcher.permission.READ_SETTINGS in package com.android.settings
02-05 09:15:52.195 W/PackageManager(  516): Unknown permission com.android.launcher.permission.WRITE_SETTINGS in package com.android.settings
02-05 09:15:52.195 W/PackageManager(  516): Unknown permission android.intent.action.BOOT_COMPLETED in package com.jx.audio
02-05 09:15:52.195 W/PackageManager(  516): Unknown permission android.Manifest.permission.BLUETOOTH in package com.jx.audio
02-05 09:15:52.195 W/PackageManager(  516): Unknown permission android.permission.RECEIVE_USER_PRESENT in package com.jinxin.jxregisterserver
02-05 09:15:52.195 W/PackageManager(  516): Not granting permission android.permission.MOUNT_UNMOUNT_FILESYSTEMS to package com.jinxin.jxregisterserver (protectionLevel=18 flags=0xc8be45)
02-05 09:15:52.195 W/PackageManager(  516): Unknown permission android.permission.SYSTEM_OVERLAY_WINDOW in package com.jinxin.jxregisterserver
02-05 09:15:52.195 W/PackageManager(  516): Not granting permission android.permission.MOUNT_UNMOUNT_FILESYSTEMS to package com.rockchip.mediacenter (protectionLevel=18 flags=0x88be45)
02-05 09:15:52.195 W/PackageManager(  516): Not granting permission android.permission.DEVICE_POWER to package com.rockchip.mediacenter (protectionLevel=2 flags=0x88be45)
02-05 09:15:52.195 W/PackageManager(  516): Unknown permission com.android.email.permission.READ_ATTACHMENT in package com.rockchip.mediacenter
02-05 09:15:52.196 W/PackageManager(  516): Not granting permission android.permission.WRITE_MEDIA_STORAGE to package com.android.music (protectionLevel=18 flags=0x88be65)
02-05 09:15:52.196 W/PackageManager(  516): Not granting permission android.permission.DEVICE_POWER to package com.android.music (protectionLevel=2 flags=0x88be65)
02-05 09:15:52.196 W/PackageManager(  516): Not granting permission android.permission.DEVICE_POWER to package com.android.deskclock (protectionLevel=2 flags=0xc8be45)
02-05 09:15:52.196 W/PackageManager(  516): Unknown permission com.android.launcher.permission.READ_SETTINGS in package com.android.systemui
02-05 09:15:52.196 W/PackageManager(  516): Unknown permission com.android.email.permission.READ_ATTACHMENT in package com.android.exchange
02-05 09:15:52.196 W/PackageManager(  516): Unknown permission com.android.email.permission.ACCESS_PROVIDER in package com.android.exchange
02-05 09:15:52.197 W/PackageManager(  516): Not granting permission android.permission.WRITE_SECURE_SETTINGS to package com.jinxin.cloudmusic (protectionLevel=50 flags=0xc8be45)
02-05 09:15:52.197 W/PackageManager(  516): Unknown permission com.google.android.gallery3d.permission.GALLERY_PROVIDER in package com.android.bluetooth
02-05 09:15:52.197 W/PackageManager(  516): Unknown permission android.permission.MMS_SEND_OUTBOX_MSG in package com.android.bluetooth
02-05 09:15:52.197 W/PackageManager(  516): Unknown permission rockchip.permission.FULL_SCREEN in package android.rk.RockVideoPlayer
02-05 09:15:52.197 W/PackageManager(  516): Unknown permission android.permission.RAISED_THREAD_PRIORITY in package android.rk.RockVideoPlayer
02-05 09:15:52.197 W/PackageManager(  516): Unknown permission android.permission.FULL_SCREEN in package android.rk.RockVideoPlayer
02-05 09:15:52.197 W/PackageManager(  516): Unknown permission archos.permission.FULL_SCREEN in package android.rk.RockVideoPlayer
02-05 09:15:52.275 D/VoldCmdListener(  162): asec list
02-05 09:15:52.289 I/SystemServiceManager(  516): Starting phase 600
02-05 09:15:52.328 I/ActivityManagerService(  516): Start proc 730:android.rockchip.update.service/1000 for broadcast android.rockchip.update.service/.RKUpdateReceiver
02-05 09:15:52.331 V/FingerprintService(  516): startListening(android.service.fingerprint.IFingerprintServiceReceiver$Stub$Proxy@4d02487)
02-05 09:15:52.340 I/BackupManagerService(  516): Backup enabled => false
02-05 09:15:52.341 I/BackupManagerService(  516): Opting out of backup
02-05 09:15:52.439 E/InputMethodManagerService(  516): Ignoring setImeWindowStatus due to an invalid token. uid:1000 token:null
02-05 09:15:52.506 I/ActivityManagerService(  516): Start proc 763:com.android.inputmethod.latin/u0a35 for service com.android.inputmethod.latin/.LatinIME
02-05 09:15:52.506 V/InputMethodManagerService(  516): Adding window token: android.os.Binder@2929475f
02-05 09:15:52.653 I/ActivityManagerService(  516): Start proc 804:com.cghs.stresstest/1000 for broadcast com.cghs.stresstest/.test.receiver.RecoveryReceiver
02-05 09:15:52.799 W/LocationManagerService(  516): no network location provider found
02-05 09:15:52.805 E/LocationManagerService(  516): no geocoder provider found
02-05 09:15:52.806 E/LocationManagerService(  516): FLP HAL not supported
02-05 09:15:52.811 E/LocationManagerService(  516): Unable to bind FLP Geofence proxy.
02-05 09:15:52.812 E/LocationManagerService(  516): Hardware Activity-Recognition not supported.
02-05 09:15:52.838 I/MmsServiceBroker(  516): Delay connecting to MmsService until an API is called
02-05 09:15:52.839 W/VoiceInteractionManagerService(  516): no available voice interaction services found for user 0
02-05 09:15:52.839 W/VoiceInteractionManagerService(  516): no available voice recognition services found for user 0
02-05 09:15:52.907 I/ActivityManagerService(  516): Start proc 867:com.android.phone/1001 for added application com.android.phone
02-05 09:15:52.908 I/ActivityStackSupervisor(  516): START u0 {act=android.intent.action.MAIN cat=[android.intent.category.HOME] flg=0x10000000 cmp=com.android.launcher3/.Launcher} from uid 0 on display 0
02-05 09:15:52.962 D/DisplayPowerController(  516): MSG_BUTTON_LIGHTS_TIME_OUT
02-05 09:15:52.969 I/ActivityManagerService(  516): Start proc 895:com.android.launcher3/u0a36 for activity com.android.launcher3/.Launcher
02-05 09:15:52.973 I/SystemServer(  516): Enabled StrictMode for system server main thread.
02-05 09:15:52.996 V/ActivityStackSupervisor(  516): Display changed displayId=0
02-05 09:15:52.996 V/ActivityStackSupervisor(  516): Display changed displayId=0
02-05 09:15:52.996 V/ActivityStackSupervisor(  516): Display changed displayId=0
02-05 09:15:53.007 W/HdmiCecController(  516): Failed to send <Report Physical Address> src: 4, dst: 15, params: FF FF 04
02-05 09:15:53.010 W/HdmiCecController(  516): Failed to send <Device Vendor Id> src: 4, dst: 15, params: 00 00 01
02-05 09:15:53.105 V/ActivityStackSupervisor(  516): Display changed displayId=0
02-05 09:15:53.119 I/ActivityManagerService(  516): Start proc 930:com.android.printspooler/u0a47 for service com.android.printspooler/.model.PrintSpoolerService
02-05 09:15:53.127 I/Telecom (  516): TelecomGlobals: TelecomGlobals initializing
02-05 09:15:53.206 I/ActivityManagerService(  516): Start proc 964:android.process.acore/u0a2 for content provider com.android.providers.contacts/.CallLogProvider
02-05 09:15:53.231 E/WifiP2pService(  516): Unable to change interface settings: java.lang.IllegalStateException: command '26 interface setcfg p2p0 0.0.0.0 0 up' failed with '400 26 Failed to set address (No such device)'
02-05 09:15:53.233 D/WifiDisplayController(  516): Received WIFI_P2P_STATE_CHANGED_ACTION: enabled=true
02-05 09:15:53.234 D/WifiDisplayAdapter(  516): getWifiDisplayStatusLocked: result=WifiDisplayStatus{featureState=2, scanState=0, activeDisplayState=0, activeDisplay=null, displays=[], sessionInfo=WifiDisplaySessionInfo:
02-05 09:15:53.234 D/WifiDisplayAdapter(  516):     Client/Owner: Client
02-05 09:15:53.234 D/WifiDisplayAdapter(  516):     GroupId: 
02-05 09:15:53.234 D/WifiDisplayAdapter(  516):     Passphrase: 
02-05 09:15:53.234 D/WifiDisplayAdapter(  516):     SessionId: 0
02-05 09:15:53.234 D/WifiDisplayAdapter(  516):     IP Address: }
02-05 09:15:53.236 D/WifiDisplayController(  516): Received WIFI_P2P_CONNECTION_CHANGED_ACTION: networkInfo=[type: WIFI_P2P[], state: UNKNOWN/IDLE, reason: (unspecified), extra: (none), roaming: false, failover: false, isAvailable: true, isConnectedToProvisioningNetwork: false]
02-05 09:15:53.236 D/WifiDisplayController(  516): mDesiredDevice == NULL, So it is a sink device
02-05 09:15:53.236 D/WifiDisplayController(  516): ####onConnectionInfoAvailable(), mWfdEnabled networkInfo.isConnected() false, networkInfo.isConnected() false
02-05 09:15:53.236 D/WifiDisplayController(  516): ######mWifiWFDServicerOn =mWfdEnabled networkInfo.isConnected()falsefalsefalse
02-05 09:15:53.246 D/WifiDisplayController(  516): Received WIFI_P2P_THIS_DEVICE_CHANGED_ACTION: mThisDevice= Device: Android_9dc3
02-05 09:15:53.246 D/WifiDisplayController(  516):  deviceAddress: ae:83:f3:32:2a:18
02-05 09:15:53.246 D/WifiDisplayController(  516):  primary type: 10-0050F204-5
02-05 09:15:53.246 D/WifiDisplayController(  516):  secondary type: null
02-05 09:15:53.246 D/WifiDisplayController(  516):  wps: 0
02-05 09:15:53.246 D/WifiDisplayController(  516):  grpcapab: 0
02-05 09:15:53.246 D/WifiDisplayController(  516):  devcapab: 0
02-05 09:15:53.246 D/WifiDisplayController(  516):  status: 3
02-05 09:15:53.246 D/WifiDisplayController(  516):  wfdInfo: WFD enabled: falseWFD DeviceInfo: 0
02-05 09:15:53.246 D/WifiDisplayController(  516):  WFD CtrlPort: 0
02-05 09:15:53.246 D/WifiDisplayController(  516):  WFD MaxThroughput: 0
02-05 09:15:53.263 I/Telecom (  516): TelecomGlobals: CallsManager initialized
02-05 09:15:53.264 W/ContextImpl(  516): Calling a method in the system process without a qualified user: android.app.ContextImpl.startService:1709 android.content.ContextWrapper.startService:516 com.android.server.telecom.BluetoothPhoneService.start:440 com.android.server.telecom.TelecomGlobals.initialize:93 com.android.server.telecom.TelecomService.onCreate:164 
02-05 09:15:53.271 D/ZenLog  (  516): downtime: Autotrigger skipped: not in downtime
02-05 09:15:53.318 W/ResourcesManager(  516): Asset path '/system/framework/com.android.location.provider.jar' does not exist or contains no resources.
02-05 09:15:53.335 V/WiredAccessoryManager(  516): init()
02-05 09:15:53.770 W/AppOps  (  516): Bad call: specified package media under uid 1000 but it is really 1013
02-05 09:15:53.806 V/BackupManagerService(  516): Connected to transport ComponentInfo{android/com.android.internal.backup.LocalTransportService}
02-05 09:15:53.806 V/BackupManagerService(  516): Registering transport android/com.android.internal.backup.LocalTransportService::android/com.android.internal.backup.LocalTransport = android.app.backup.BackupTransport$TransportImpl@2d5e153
02-05 09:15:53.857 V/ActivityStackSupervisor(  516): Display changed displayId=0
02-05 09:15:54.010 I/ActivityManagerService(  516): Start proc 1041:com.android.smspush/u0a56 for service com.android.smspush/.WapPushManager
02-05 09:15:54.076 E/ConnectivityService(  516): Failed to find Messenger in unregisterNetworkFactory
02-05 09:15:54.078 D/ConnectivityService(  516): Got NetworkFactory Messenger for Telephony
02-05 09:15:54.421 I/ActivityManagerService(  516): Start proc 1081:com.android.externalstorage/u0a5 for broadcast com.android.externalstorage/.MountReceiver
02-05 09:15:54.443 I/StatusBarManagerService(  516): registerStatusBar bar=com.android.internal.statusbar.IStatusBar$Stub$Proxy@17161ab9
02-05 09:15:54.749 I/ActivityManagerService(  516): Start proc 1106:com.android.music/u0a52 for broadcast com.android.music/.MediaButtonIntentReceiver
02-05 09:15:54.893 V/WindowManagerService(  516): Based on layer: Adding window Window{1516c45e u0 com.android.launcher3/com.android.launcher3.Launcher} at 1 of 2
02-05 09:15:54.985 D/ConnectivityService(  516): registerNetworkAgent NetworkAgentInfo{ ni{[type: WIFI[], state: CONNECTING/CONNECTING, reason: (unspecified), extra: "WF-TEST", roaming: false, failover: false, isAvailable: true, isConnectedToProvisioningNetwork: false]}  network{null}  lp{{LinkAddresses: []  Routes: [] DnsAddresses: [] Domains: null MTU: 0 TcpBufferSizes: 524288,1048576,2097152,262144,524288,1048576}}  nc{[ Transports: WIFI Capabilities: INTERNET&NOT_RESTRICTED&TRUSTED&NOT_VPN LinkUpBandwidth>=1048576Kbps LinkDnBandwidth>=1048576Kbps]}  Score{20}  everValidated{false}  lastValidated{false}  created{false}  explicitlySelected{false} }
02-05 09:15:54.986 D/ConnectivityService(  516): NetworkAgentInfo [WIFI () - 100] EVENT_NETWORK_INFO_CHANGED, going from null to CONNECTING
02-05 09:15:55.069 D/ConnectivityService(  516): updateNetworkScore for NetworkAgentInfo [WIFI () - 100] to 60
02-05 09:15:55.200 W/KeyguardServiceDelegate(  516): onScreenTurnedOn(): no keyguard service!
02-05 09:15:55.265 I/DisplayManagerService(  516): Display device added: DisplayDeviceInfo{"HDMI 屏幕": uniqueId="local:1", 1280 x 720, 60002.4 fps, supportedRefreshRates [60002.4], density 213, 213.0 x 213.0 dpi, appVsyncOff 0, presDeadline 1016666, touch EXTERNAL, rotation 0, type HDMI, state UNKNOWN, FLAG_SECURE, FLAG_SUPPORTS_PROTECTED_BUFFERS, FLAG_PRESENTATION}
02-05 09:15:55.268 V/ActivityStackSupervisor(  516): Display added displayId=1
02-05 09:15:55.268 I/DisplayManagerService(  516): Display device changed: DisplayDeviceInfo{"HDMI 屏幕": uniqueId="local:1", 1280 x 720, 60002.4 fps, supportedRefreshRates [60002.4], density 213, 213.0 x 213.0 dpi, appVsyncOff 0, presDeadline 1016666, touch EXTERNAL, rotation 0, type HDMI, state ON, FLAG_SECURE, FLAG_SUPPORTS_PROTECTED_BUFFERS, FLAG_PRESENTATION}
02-05 09:15:55.269 V/ActivityStackSupervisor(  516): Display changed displayId=1
02-05 09:15:55.284 V/ActivityStackSupervisor(  516): Display changed displayId=1
02-05 09:15:55.489 E/ActivityManagerService(  516): Unable to mark boot complete for abi: armeabi-v7a
02-05 09:15:55.490 I/SystemServiceManager(  516): Starting phase 1000
02-05 09:15:55.562 I/ActivityManagerService(  516): Start proc 1152:com.android.keychain/1000 for service com.android.keychain/.KeyChainService
02-05 09:15:55.596 I/BootReceiver(  516): Copying /proc/last_kmsg to DropBox (SYSTEM_LAST_KMSG)
02-05 09:15:55.621 I/ActivityManagerService(  516): Start proc 1173:com.android.settings/1000 for broadcast com.android.settings/.HdmiReceiver
02-05 09:15:55.730 I/BootReceiver(  516): Copying audit failures to DropBox
02-05 09:15:55.744 I/BootReceiver(  516): Copied 0 worth of audits to DropBox
02-05 09:15:55.754 I/BootReceiver(  516): Checking for fsck errors
02-05 09:15:56.001 I/ActivityManagerService(  516): Start proc 1199:com.rockchip.mediacenter/u0a58 for broadcast com.rockchip.mediacenter/.BootReceiver
02-05 09:15:56.201 W/PhoneWindowManager(  516): Keyguard drawn timeout. Setting mKeyguardDrawComplete
02-05 09:15:56.306 I/ActivityManagerService(  516): Start proc 1233:com.rockchip.mediacenter:service/u0a58 for service com.rockchip.mediacenter/.SystemDeviceService
02-05 09:15:56.363 I/ActivityManagerService(  516): Start proc 1255:com.android.providers.calendar/u0a1 for broadcast com.android.providers.calendar/.CalendarReceiver
02-05 09:15:56.517 D/ConnectivityService(  516): NetworkAgentInfo [WIFI () - 100] EVENT_NETWORK_INFO_CHANGED, going from CONNECTING to CONNECTED
02-05 09:15:56.520 D/ConnectivityService(  516): Adding iface wlan0 to network 100
02-05 09:15:56.539 W/ResourcesManager( 1255): Asset path '/system/framework/android.test.runner.jar' does not exist or contains no resources.
02-05 09:15:56.545 E/ConnectivityService(  516): Unexpected mtu value: 0, wlan0
02-05 09:15:56.546 D/ConnectivityService(  516): Adding Route [fe80::/64 -> :: wlan0] to network 100
02-05 09:15:56.548 D/ConnectivityService(  516): Adding Route [192.168.1.0/24 -> 0.0.0.0 wlan0] to network 100
02-05 09:15:56.550 D/ConnectivityService(  516): Adding Route [0.0.0.0/0 -> 192.168.1.1 wlan0] to network 100
02-05 09:15:56.552 D/ConnectivityService(  516): Setting Dns servers for network 100 to [/192.168.60.6, /114.114.114.114]
02-05 09:15:56.565 D/ConnectivityService(  516): notifyType IP_CHANGED for NetworkAgentInfo [WIFI () - 100]
02-05 09:15:56.571 D/ConnectivityService(  516): notifyType PRECHECK for NetworkAgentInfo [WIFI () - 100]
02-05 09:15:56.573 D/ConnectivityService(  516): rematching NetworkAgentInfo [WIFI () - 100]
02-05 09:15:56.574 D/ConnectivityService(  516): currentScore = 0, newScore = 20
02-05 09:15:56.574 D/ConnectivityService(  516):    accepting network in place of null
02-05 09:15:56.575 D/ConnectivityService(  516): Switching to new default network: NetworkAgentInfo{ ni{[type: WIFI[], state: CONNECTED/CONNECTED, reason: (unspecified), extra: "WF-TEST", roaming: false, failover: false, isAvailable: true, isConnectedToProvisioningNetwork: false]}  network{100}  lp{{InterfaceName: wlan0 LinkAddresses: [fe80::ae83:f3ff:fe32:2a18/64,192.168.1.108/24,]  Routes: [fe80::/64 -> :: wlan0,192.168.1.0/24 -> 0.0.0.0 wlan0,0.0.0.0/0 -> 192.168.1.1 wlan0,] DnsAddresses: [192.168.60.6,114.114.114.114,] Domains:  MTU: 0 TcpBufferSizes: 524288,1048576,2097152,262144,524288,1048576}}  nc{[ Transports: WIFI Capabilities: INTERNET&NOT_RESTRICTED&TRUSTED&NOT_VPN LinkUpBandwidth>=1048576Kbps LinkDnBandwidth>=1048576Kbps]}  Score{20}  everValidated{false}  lastValidated{false}  created{true}  explicitlySelected{false} }
02-05 09:15:56.577 D/ConnectivityService(  516): Setting tx/rx TCP buffers to 524288,1048576,2097152,262144,524288,1048576
02-05 09:15:56.586 D/ConnectivityService(  516): notifyType AVAILABLE for NetworkAgentInfo [WIFI () - 100]
02-05 09:15:56.586 D/CSLegacyTypeTracker(  516): Sending connected broadcast for type 1 NetworkAgentInfo [WIFI () - 100] isDefaultNetwork=true
02-05 09:15:56.587 D/ConnectivityService(  516): sendStickyBroadcast: action=android.net.conn.CONNECTIVITY_CHANGE_IMMEDIATE
02-05 09:15:56.587 D/ConnectivityService(  516): sendStickyBroadcast: action=android.net.conn.CONNECTIVITY_CHANGE
02-05 09:15:56.590 D/ConnectivityService(  516): setProvNotificationVisibleIntent: E visible=false networkType=0 extraInfo=null
02-05 09:15:56.590 D/ConnectivityService(  516): Validated NetworkAgentInfo [WIFI () - 100]
02-05 09:15:56.591 D/ConnectivityService(  516): rematching NetworkAgentInfo [WIFI () - 100]
02-05 09:15:56.594 D/ConnectivityService(  516): Network NetworkAgentInfo [WIFI () - 100] was already satisfying request 1. No change.
02-05 09:15:56.594 D/ConnectivityService(  516): notifyType AVAILABLE for NetworkAgentInfo [WIFI () - 100]
02-05 09:15:56.596 D/ConnectivityService(  516): sendStickyBroadcast: action=android.net.conn.INET_CONDITION_ACTION
02-05 09:16:02.330 W/AppOps  (  516): Bad call: specified package media under uid 1000 but it is really 1013
02-05 09:16:02.350 I/ActivityManagerService(  516): Start proc 1287:com.jx.audio/1000 for broadcast com.jx.audio/.BootCompletedReceiver
