02-05 09:17:13.594 W/Atlas   (  763): Pointer 0x0, not in getPreloadedDrawables?
02-05 09:17:13.594 W/Atlas   (  763): Pointer 0x0, not in getPreloadedDrawables?
02-05 09:17:13.594 W/Atlas   (  763): Pointer 0x0, not in getPreloadedDrawables?
02-05 09:17:13.594 W/Atlas   (  763): Pointer 0x0, not in getPreloadedDrawables?
02-05 09:17:13.594 W/Atlas   (  763): Pointer 0x0, not in getPreloadedDrawables?
02-05 09:17:13.594 W/Atlas   (  763): Pointer 0x0, not in getPreloadedDrawables?
02-05 09:17:13.594 W/Atlas   (  763): Pointer 0x0, not in getPreloadedDrawables?
02-05 09:17:13.594 W/Atlas   (  763): Pointer 0x0, not in getPreloadedDrawables?
02-05 09:17:13.594 W/Atlas   (  763): Pointer 0x0, not in getPreloadedDrawables?
02-05 09:17:13.594 W/Atlas   (  763): Pointer 0x0, not in getPreloadedDrawables?
02-05 09:17:13.595 W/Atlas   (  763): Pointer 0x0, not in getPreloadedDrawables?
02-05 09:17:13.595 W/Atlas   (  763): Pointer 0x0, not in getPreloadedDrawables?
02-05 09:17:13.595 W/Atlas   (  763): Pointer 0x0, not in getPreloadedDrawables?
02-05 09:17:13.595 W/Atlas   (  763): Pointer 0x0, not in getPreloadedDrawables?
02-05 09:17:13.595 W/Atlas   (  763): Pointer 0x0, not in getPreloadedDrawables?
02-05 09:17:13.595 W/Atlas   (  763): Pointer 0x0, not in getPreloadedDrawables?
02-05 09:17:13.595 W/Atlas   (  763): Pointer 0x0, not in getPreloadedDrawables?
02-05 09:17:13.595 W/Atlas   (  763): Pointer 0x0, not in getPreloadedDrawables?
02-05 09:17:13.595 W/Atlas   (  763): Pointer 0x0, not in getPreloadedDrawables?
02-05 09:17:13.595 W/Atlas   (  763): Pointer 0x0, not in getPreloadedDrawables?
02-05 09:17:13.595 W/Atlas   (  763): Pointer 0x0, not in getPreloadedDrawables?
02-05 09:17:13.595 W/Atlas   (  763): Pointer 0x0, not in getPreloadedDrawables?
02-05 09:17:13.595 W/Atlas   (  763): Pointer 0x0, not in getPreloadedDrawables?
02-05 09:17:13.595 W/Atlas   (  763): Pointer 0x0, not in getPreloadedDrawables?
02-05 09:17:13.595 W/Atlas   (  763): Pointer 0x0, not in getPreloadedDrawables?
02-05 09:17:13.595 W/Atlas   (  763): Pointer 0x0, not in getPreloadedDrawables?
02-05 09:17:13.595 W/Atlas   (  763): Pointer 0x0, not in getPreloadedDrawables?
02-05 09:17:13.595 W/Atlas   (  763): Pointer 0x0, not in getPreloadedDrawables?
02-05 09:17:13.595 W/Atlas   (  763): Pointer 0x0, not in getPreloadedDrawables?
02-05 09:17:13.595 W/Atlas   (  763): Pointer 0x0, not in getPreloadedDrawables?
02-05 09:17:13.595 W/Atlas   (  763): Pointer 0x0, not in getPreloadedDrawables?
02-05 09:17:13.596 W/Atlas   (  763): Pointer 0x0, not in getPreloadedDrawables?
02-05 09:17:13.596 W/Atlas   (  763): Pointer 0x0, not in getPreloadedDrawables?
02-05 09:17:13.596 W/Atlas   (  763): Pointer 0x0, not in getPreloadedDrawables?
02-05 09:17:13.596 W/Atlas   (  763): Pointer 0x0, not in getPreloadedDrawables?
02-05 09:17:13.596 W/Atlas   (  763): Pointer 0x0, not in getPreloadedDrawables?
02-05 09:17:13.596 W/Atlas   (  763): Pointer 0x0, not in getPreloadedDrawables?
02-05 09:17:13.596 W/Atlas   (  763): Pointer 0x0, not in getPreloadedDrawables?
02-05 09:17:13.596 W/Atlas   (  763): Pointer 0x0, not in getPreloadedDrawables?
02-05 09:17:13.596 W/Atlas   (  763): Pointer 0x0, not in getPreloadedDrawables?
02-05 09:17:13.596 W/Atlas   (  763): Pointer 0x0, not in getPreloadedDrawables?
02-05 09:17:13.596 W/Atlas   (  763): Pointer 0x0, not in getPreloadedDrawables?
02-05 09:17:13.596 W/Atlas   (  763): Pointer 0x0, not in getPreloadedDrawables?
02-05 09:17:13.596 W/Atlas   (  763): Pointer 0x0, not in getPreloadedDrawables?
02-05 09:17:13.596 W/Atlas   (  763): Pointer 0x0, not in getPreloadedDrawables?
02-05 09:17:13.596 W/Atlas   (  763): Pointer 0x0, not in getPreloadedDrawables?
02-05 09:17:13.596 W/Atlas   (  763): Pointer 0x0, not in getPreloadedDrawables?
02-05 09:17:13.596 W/Atlas   (  763): Pointer 0x0, not in getPreloadedDrawables?
02-05 09:17:13.596 W/Atlas   (  763): Pointer 0x0, not in getPreloadedDrawables?
02-05 09:17:13.596 W/Atlas   (  763): Pointer 0x0, not in getPreloadedDrawables?
02-05 09:17:13.596 W/Atlas   (  763): Pointer 0x0, not in getPreloadedDrawables?
02-05 09:17:13.597 W/Atlas   (  763): Pointer 0x0, not in getPreloadedDrawables?
02-05 09:17:13.597 W/Atlas   (  763): Pointer 0x0, not in getPreloadedDrawables?
02-05 09:17:13.597 W/Atlas   (  763): Pointer 0x0, not in getPreloadedDrawables?
02-05 09:17:13.597 W/Atlas   (  763): Pointer 0x0, not in getPreloadedDrawables?
02-05 09:17:13.597 W/Atlas   (  763): Pointer 0x0, not in getPreloadedDrawables?
02-05 09:17:13.597 W/Atlas   (  763): Pointer 0x0, not in getPreloadedDrawables?
02-05 09:17:13.597 W/Atlas   (  763): Pointer 0x0, not in getPreloadedDrawables?
02-05 09:17:13.597 W/Atlas   (  763): Pointer 0x0, not in getPreloadedDrawables?
02-05 09:17:13.597 W/Atlas   (  763): Pointer 0x0, not in getPreloadedDrawables?
02-05 09:17:13.597 W/Atlas   (  763): Pointer 0x0, not in getPreloadedDrawables?
02-05 09:17:13.597 W/Atlas   (  763): Pointer 0x0, not in getPreloadedDrawables?
02-05 09:17:13.597 W/Atlas   (  763): Pointer 0x0, not in getPreloadedDrawables?
02-05 09:17:13.597 W/Atlas   (  763): Pointer 0x0, not in getPreloadedDrawables?
02-05 09:17:13.597 W/Atlas   (  763): Pointer 0x0, not in getPreloadedDrawables?
02-05 09:17:13.597 W/Atlas   (  763): Pointer 0x0, not in getPreloadedDrawables?
02-05 09:17:13.597 W/Atlas   (  763): Pointer 0x0, not in getPreloadedDrawables?
02-05 09:17:13.597 W/Atlas   (  763): Pointer 0x0, not in getPreloadedDrawables?
02-05 09:17:13.597 W/Atlas   (  763): Pointer 0x0, not in getPreloadedDrawables?
02-05 09:17:13.597 W/Atlas   (  763): Pointer 0x0, not in getPreloadedDrawables?
02-05 09:17:13.597 W/Atlas   (  763): Pointer 0x0, not in getPreloadedDrawables?
02-05 09:17:13.597 W/Atlas   (  763): Pointer 0x0, not in getPreloadedDrawables?
02-05 09:17:13.597 W/Atlas   (  763): Pointer 0x0, not in getPreloadedDrawables?
02-05 09:17:13.597 W/Atlas   (  763): Pointer 0x0, not in getPreloadedDrawables?
02-05 09:17:13.597 W/Atlas   (  763): Pointer 0x0, not in getPreloadedDrawables?
02-05 09:17:13.598 W/Atlas   (  763): Pointer 0x0, not in getPreloadedDrawables?
02-05 09:17:13.598 W/Atlas   (  763): Pointer 0x0, not in getPreloadedDrawables?
02-05 09:17:13.598 W/Atlas   (  763): Pointer 0x0, not in getPreloadedDrawables?
02-05 09:17:13.598 W/Atlas   (  763): Pointer 0x0, not in getPreloadedDrawables?
02-05 09:17:13.598 W/Atlas   (  763): Pointer 0x0, not in getPreloadedDrawables?
02-05 09:17:13.598 W/Atlas   (  763): Pointer 0x0, not in getPreloadedDrawables?
02-05 09:17:13.598 W/Atlas   (  763): Pointer 0x0, not in getPreloadedDrawables?
02-05 09:17:13.598 W/Atlas   (  763): Pointer 0x0, not in getPreloadedDrawables?
02-05 09:17:13.598 W/Atlas   (  763): Pointer 0x0, not in getPreloadedDrawables?
02-05 09:17:13.598 W/Atlas   (  763): Pointer 0x0, not in getPreloadedDrawables?
02-05 09:17:13.598 W/Atlas   (  763): Pointer 0x0, not in getPreloadedDrawables?
02-05 09:17:13.598 W/Atlas   (  763): Pointer 0x0, not in getPreloadedDrawables?
02-05 09:17:13.598 W/Atlas   (  763): Pointer 0x0, not in getPreloadedDrawables?
02-05 09:17:13.598 W/Atlas   (  763): Pointer 0x0, not in getPreloadedDrawables?
02-05 09:17:13.598 W/Atlas   (  763): Pointer 0x0, not in getPreloadedDrawables?
02-05 09:17:13.598 W/Atlas   (  763): Pointer 0x0, not in getPreloadedDrawables?
02-05 09:17:13.598 W/Atlas   (  763): Pointer 0x0, not in getPreloadedDrawables?
02-05 09:17:13.598 W/Atlas   (  763): Pointer 0x0, not in getPreloadedDrawables?
02-05 09:17:13.598 W/Atlas   (  763): Pointer 0x0, not in getPreloadedDrawables?
02-05 09:17:13.598 W/Atlas   (  763): Pointer 0x0, not in getPreloadedDrawables?
02-05 09:17:13.599 W/Atlas   (  763): Pointer 0x0, not in getPreloadedDrawables?
02-05 09:17:13.599 W/Atlas   (  763): Pointer 0x0, not in getPreloadedDrawables?
02-05 09:17:13.599 W/Atlas   (  763): Pointer 0x0, not in getPreloadedDrawables?
02-05 09:17:13.599 W/Atlas   (  763): Pointer 0x0, not in getPreloadedDrawables?
02-05 09:17:13.599 W/Atlas   (  763): Pointer 0x0, not in getPreloadedDrawables?
02-05 09:17:13.599 W/Atlas   (  763): Pointer 0x0, not in getPreloadedDrawables?
02-05 09:17:13.599 W/Atlas   (  763): Pointer 0x0, not in getPreloadedDrawables?
02-05 09:17:13.599 W/Atlas   (  763): Pointer 0x0, not in getPreloadedDrawables?
02-05 09:17:13.599 W/Atlas   (  763): Pointer 0x0, not in getPreloadedDrawables?
02-05 09:17:13.599 W/Atlas   (  763): Pointer 0x0, not in getPreloadedDrawables?
02-05 09:17:13.599 W/Atlas   (  763): Pointer 0x0, not in getPreloadedDrawables?
02-05 09:17:13.599 W/Atlas   (  763): Pointer 0x0, not in getPreloadedDrawables?
02-05 09:17:13.599 W/Atlas   (  763): Pointer 0x0, not in getPreloadedDrawables?
02-05 09:17:13.599 W/Atlas   (  763): Pointer 0x0, not in getPreloadedDrawables?
02-05 09:17:13.599 W/Atlas   (  763): Pointer 0x0, not in getPreloadedDrawables?
02-05 09:17:13.599 W/Atlas   (  763): Pointer 0x0, not in getPreloadedDrawables?
02-05 09:17:13.599 W/Atlas   (  763): Pointer 0x0, not in getPreloadedDrawables?
02-05 09:17:13.599 W/Atlas   (  763): Pointer 0x0, not in getPreloadedDrawables?
02-05 09:17:13.599 W/Atlas   (  763): Pointer 0x0, not in getPreloadedDrawables?
02-05 09:17:13.599 W/Atlas   (  763): Pointer 0x0, not in getPreloadedDrawables?
02-05 09:17:13.599 W/Atlas   (  763): Pointer 0x0, not in getPreloadedDrawables?
02-05 09:17:13.599 W/Atlas   (  763): Pointer 0x0, not in getPreloadedDrawables?
02-05 09:17:13.600 W/Atlas   (  763): Pointer 0x0, not in getPreloadedDrawables?
02-05 09:17:13.600 W/Atlas   (  763): Pointer 0x0, not in getPreloadedDrawables?
02-05 09:17:13.600 W/Atlas   (  763): Pointer 0x0, not in getPreloadedDrawables?
02-05 09:17:13.600 W/Atlas   (  763): Pointer 0x0, not in getPreloadedDrawables?
02-05 09:17:13.600 W/Atlas   (  763): Pointer 0x0, not in getPreloadedDrawables?
02-05 09:17:13.600 W/Atlas   (  763): Pointer 0x0, not in getPreloadedDrawables?
02-05 09:17:13.600 W/Atlas   (  763): Pointer 0x0, not in getPreloadedDrawables?
02-05 09:17:13.600 W/Atlas   (  763): Pointer 0x0, not in getPreloadedDrawables?
02-05 09:17:13.600 W/Atlas   (  763): Pointer 0x0, not in getPreloadedDrawables?
02-05 09:17:13.600 W/Atlas   (  763): Pointer 0x0, not in getPreloadedDrawables?
02-05 09:17:13.600 W/Atlas   (  763): Pointer 0x0, not in getPreloadedDrawables?
02-05 09:17:13.600 W/Atlas   (  763): Pointer 0x0, not in getPreloadedDrawables?
02-05 09:17:13.600 W/Atlas   (  763): Pointer 0x0, not in getPreloadedDrawables?
02-05 09:17:13.600 W/Atlas   (  763): Pointer 0x0, not in getPreloadedDrawables?
02-05 09:17:13.600 W/Atlas   (  763): Pointer 0x0, not in getPreloadedDrawables?
02-05 09:17:13.600 W/Atlas   (  763): Pointer 0x0, not in getPreloadedDrawables?
02-05 09:17:13.600 W/Atlas   (  763): Pointer 0x0, not in getPreloadedDrawables?
02-05 09:17:13.600 W/Atlas   (  763): Pointer 0x0, not in getPreloadedDrawables?
02-05 09:17:13.600 W/Atlas   (  763): Pointer 0x0, not in getPreloadedDrawables?
02-05 09:17:13.601 W/Atlas   (  763): Pointer 0x0, not in getPreloadedDrawables?
02-05 09:17:13.601 W/Atlas   (  763): Pointer 0x0, not in getPreloadedDrawables?
02-05 09:17:13.601 W/Atlas   (  763): Pointer 0x0, not in getPreloadedDrawables?
02-05 09:17:13.601 W/Atlas   (  763): Pointer 0x0, not in getPreloadedDrawables?
02-05 09:17:13.601 W/Atlas   (  763): Pointer 0x0, not in getPreloadedDrawables?
02-05 09:17:13.601 W/Atlas   (  763): Pointer 0x0, not in getPreloadedDrawables?
02-05 09:17:13.601 W/Atlas   (  763): Pointer 0x0, not in getPreloadedDrawables?
02-05 09:17:13.601 W/Atlas   (  763): Pointer 0x0, not in getPreloadedDrawables?
02-05 09:17:13.601 W/Atlas   (  763): Pointer 0x0, not in getPreloadedDrawables?
02-05 09:17:13.601 W/Atlas   (  763): Pointer 0x0, not in getPreloadedDrawables?
02-05 09:17:13.601 W/Atlas   (  763): Pointer 0x0, not in getPreloadedDrawables?
02-05 09:17:13.601 W/Atlas   (  763): Pointer 0x0, not in getPreloadedDrawables?
02-05 09:17:13.601 W/Atlas   (  763): Pointer 0x0, not in getPreloadedDrawables?
02-05 09:17:13.601 W/Atlas   (  763): Pointer 0x0, not in getPreloadedDrawables?
02-05 09:17:13.601 W/Atlas   (  763): Pointer 0x0, not in getPreloadedDrawables?
02-05 09:17:13.601 W/Atlas   (  763): Pointer 0x0, not in getPreloadedDrawables?
02-05 09:17:13.601 W/Atlas   (  763): Pointer 0x0, not in getPreloadedDrawables?
02-05 09:17:13.601 W/Atlas   (  763): Pointer 0x0, not in getPreloadedDrawables?
02-05 09:17:13.601 W/Atlas   (  763): Pointer 0x0, not in getPreloadedDrawables?
02-05 09:17:13.601 W/Atlas   (  763): Pointer 0x0, not in getPreloadedDrawables?
02-05 09:17:13.601 W/Atlas   (  763): Pointer 0x0, not in getPreloadedDrawables?
02-05 09:17:13.602 W/Atlas   (  763): Pointer 0x0, not in getPreloadedDrawables?
02-05 09:17:13.602 W/Atlas   (  763): Pointer 0x0, not in getPreloadedDrawables?
02-05 09:17:13.602 W/Atlas   (  763): Pointer 0x0, not in getPreloadedDrawables?
02-05 09:17:13.602 W/Atlas   (  763): Pointer 0x0, not in getPreloadedDrawables?
02-05 09:17:13.602 W/Atlas   (  763): Pointer 0x0, not in getPreloadedDrawables?
02-05 09:17:13.602 W/Atlas   (  763): Pointer 0x0, not in getPreloadedDrawables?
02-05 09:17:13.602 W/Atlas   (  763): Pointer 0x0, not in getPreloadedDrawables?
02-05 09:17:13.602 W/Atlas   (  763): Pointer 0x0, not in getPreloadedDrawables?
02-05 09:17:13.602 W/Atlas   (  763): Pointer 0x0, not in getPreloadedDrawables?
02-05 09:17:13.602 W/Atlas   (  763): Pointer 0x0, not in getPreloadedDrawables?
02-05 09:17:13.602 W/Atlas   (  763): Pointer 0x0, not in getPreloadedDrawables?
02-05 09:17:13.602 W/Atlas   (  763): Pointer 0x0, not in getPreloadedDrawables?
02-05 09:17:13.602 W/Atlas   (  763): Pointer 0x0, not in getPreloadedDrawables?
02-05 09:17:13.602 W/Atlas   (  763): Pointer 0x0, not in getPreloadedDrawables?
02-05 09:17:13.602 W/Atlas   (  763): Pointer 0x0, not in getPreloadedDrawables?
02-05 09:17:13.602 W/Atlas   (  763): Pointer 0x0, not in getPreloadedDrawables?
02-05 09:17:13.602 W/Atlas   (  763): Pointer 0x0, not in getPreloadedDrawables?
02-05 09:17:13.602 W/Atlas   (  763): Pointer 0x0, not in getPreloadedDrawables?
02-05 09:17:13.602 W/Atlas   (  763): Pointer 0x0, not in getPreloadedDrawables?
02-05 09:17:13.602 W/Atlas   (  763): Pointer 0x0, not in getPreloadedDrawables?
02-05 09:17:13.602 W/Atlas   (  763): Pointer 0x0, not in getPreloadedDrawables?
02-05 09:17:13.603 W/Atlas   (  763): Pointer 0x0, not in getPreloadedDrawables?
02-05 09:17:13.603 W/Atlas   (  763): Pointer 0x0, not in getPreloadedDrawables?
02-05 09:17:13.603 W/Atlas   (  763): Pointer 0x0, not in getPreloadedDrawables?
02-05 09:17:13.603 W/Atlas   (  763): Pointer 0x0, not in getPreloadedDrawables?
02-05 09:17:13.603 W/Atlas   (  763): Pointer 0x0, not in getPreloadedDrawables?
02-05 09:17:13.603 W/Atlas   (  763): Pointer 0x0, not in getPreloadedDrawables?
02-05 09:17:13.603 W/Atlas   (  763): Pointer 0x0, not in getPreloadedDrawables?
02-05 09:17:13.603 W/Atlas   (  763): Pointer 0x0, not in getPreloadedDrawables?
02-05 09:17:13.603 W/Atlas   (  763): Pointer 0x0, not in getPreloadedDrawables?
02-05 09:17:13.603 W/Atlas   (  763): Pointer 0x0, not in getPreloadedDrawables?
02-05 09:17:13.603 W/Atlas   (  763): Pointer 0x0, not in getPreloadedDrawables?
02-05 09:17:13.603 W/Atlas   (  763): Pointer 0x0, not in getPreloadedDrawables?
02-05 09:17:13.603 W/Atlas   (  763): Pointer 0x0, not in getPreloadedDrawables?
02-05 09:17:13.603 W/Atlas   (  763): Pointer 0x0, not in getPreloadedDrawables?
02-05 09:17:13.603 W/Atlas   (  763): Pointer 0x0, not in getPreloadedDrawables?
02-05 09:17:13.603 W/Atlas   (  763): Pointer 0x0, not in getPreloadedDrawables?
02-05 09:17:13.603 W/Atlas   (  763): Pointer 0x0, not in getPreloadedDrawables?
02-05 09:17:13.603 W/Atlas   (  763): Pointer 0x0, not in getPreloadedDrawables?
02-05 09:17:13.603 W/Atlas   (  763): Pointer 0x0, not in getPreloadedDrawables?
02-05 09:17:13.603 W/Atlas   (  763): Pointer 0x0, not in getPreloadedDrawables?
02-05 09:17:13.603 W/Atlas   (  763): Pointer 0x0, not in getPreloadedDrawables?
02-05 09:17:13.604 W/Atlas   (  763): Pointer 0x0, not in getPreloadedDrawables?
02-05 09:17:13.604 W/Atlas   (  763): Pointer 0x0, not in getPreloadedDrawables?
02-05 09:17:13.604 W/Atlas   (  763): Pointer 0x0, not in getPreloadedDrawables?
02-05 09:17:13.604 W/Atlas   (  763): Pointer 0x0, not in getPreloadedDrawables?
02-05 09:17:13.604 W/Atlas   (  763): Pointer 0x0, not in getPreloadedDrawables?
02-05 09:17:13.604 W/Atlas   (  763): Pointer 0x0, not in getPreloadedDrawables?
02-05 09:17:13.604 W/Atlas   (  763): Pointer 0x0, not in getPreloadedDrawables?
02-05 09:17:13.604 W/Atlas   (  763): Pointer 0x0, not in getPreloadedDrawables?
02-05 09:17:13.604 W/Atlas   (  763): Pointer 0x0, not in getPreloadedDrawables?
02-05 09:17:13.604 W/Atlas   (  763): Pointer 0x0, not in getPreloadedDrawables?
02-05 09:17:13.604 W/Atlas   (  763): Pointer 0x0, not in getPreloadedDrawables?
02-05 09:17:13.604 W/Atlas   (  763): Pointer 0x0, not in getPreloadedDrawables?
02-05 09:17:13.604 W/Atlas   (  763): Pointer 0x0, not in getPreloadedDrawables?
02-05 09:17:13.604 W/Atlas   (  763): Pointer 0x0, not in getPreloadedDrawables?
02-05 09:17:13.604 W/Atlas   (  763): Pointer 0x0, not in getPreloadedDrawables?
02-05 09:17:13.604 W/Atlas   (  763): Pointer 0x0, not in getPreloadedDrawables?
02-05 09:17:13.604 W/Atlas   (  763): Pointer 0x0, not in getPreloadedDrawables?
02-05 09:17:13.604 W/Atlas   (  763): Pointer 0x0, not in getPreloadedDrawables?
02-05 09:17:13.604 W/Atlas   (  763): Pointer 0x0, not in getPreloadedDrawables?
02-05 09:17:13.604 W/Atlas   (  763): Pointer 0x0, not in getPreloadedDrawables?
02-05 09:17:13.605 W/Atlas   (  763): Pointer 0x0, not in getPreloadedDrawables?
02-05 09:17:13.605 W/Atlas   (  763): Pointer 0x0, not in getPreloadedDrawables?
02-05 09:17:13.605 W/Atlas   (  763): Pointer 0x0, not in getPreloadedDrawables?
02-05 09:17:13.605 W/Atlas   (  763): Pointer 0x0, not in getPreloadedDrawables?
02-05 09:17:13.605 W/Atlas   (  763): Pointer 0x0, not in getPreloadedDrawables?
02-05 09:17:13.605 W/Atlas   (  763): Pointer 0x0, not in getPreloadedDrawables?
02-05 09:17:13.605 W/Atlas   (  763): Pointer 0x0, not in getPreloadedDrawables?
02-05 09:17:13.605 W/Atlas   (  763): Pointer 0x0, not in getPreloadedDrawables?
02-05 09:17:13.605 W/Atlas   (  763): Pointer 0x0, not in getPreloadedDrawables?
02-05 09:17:13.605 W/Atlas   (  763): Pointer 0x0, not in getPreloadedDrawables?
02-05 09:17:13.605 W/Atlas   (  763): Pointer 0x0, not in getPreloadedDrawables?
02-05 09:17:13.605 W/Atlas   (  763): Pointer 0x0, not in getPreloadedDrawables?
02-05 09:17:13.605 W/Atlas   (  763): Pointer 0x0, not in getPreloadedDrawables?
02-05 09:17:13.605 W/Atlas   (  763): Pointer 0x0, not in getPreloadedDrawables?
02-05 09:17:13.605 W/Atlas   (  763): Pointer 0x0, not in getPreloadedDrawables?
02-05 09:17:13.605 W/Atlas   (  763): Pointer 0x0, not in getPreloadedDrawables?
02-05 09:17:13.605 W/Atlas   (  763): Pointer 0x0, not in getPreloadedDrawables?
02-05 09:17:13.605 W/Atlas   (  763): Pointer 0x0, not in getPreloadedDrawables?
02-05 09:17:13.605 W/Atlas   (  763): Pointer 0x0, not in getPreloadedDrawables?
02-05 09:17:13.606 W/Atlas   (  763): Pointer 0x0, not in getPreloadedDrawables?
02-05 09:17:13.606 W/Atlas   (  763): Pointer 0x0, not in getPreloadedDrawables?
02-05 09:17:13.606 W/Atlas   (  763): Pointer 0x0, not in getPreloadedDrawables?
02-05 09:17:13.606 W/Atlas   (  763): Pointer 0x0, not in getPreloadedDrawables?
02-05 09:17:13.606 W/Atlas   (  763): Pointer 0x0, not in getPreloadedDrawables?
02-05 09:17:13.606 W/Atlas   (  763): Pointer 0x0, not in getPreloadedDrawables?
02-05 09:17:13.606 W/Atlas   (  763): Pointer 0x0, not in getPreloadedDrawables?
02-05 09:17:13.606 W/Atlas   (  763): Pointer 0x0, not in getPreloadedDrawables?
02-05 09:17:13.606 W/Atlas   (  763): Pointer 0x0, not in getPreloadedDrawables?
02-05 09:17:13.606 W/Atlas   (  763): Pointer 0x0, not in getPreloadedDrawables?
02-05 09:17:13.606 W/Atlas   (  763): Pointer 0x0, not in getPreloadedDrawables?
02-05 09:17:13.606 W/Atlas   (  763): Pointer 0x0, not in getPreloadedDrawables?
02-05 09:17:13.606 W/Atlas   (  763): Pointer 0x0, not in getPreloadedDrawables?
02-05 09:17:13.606 W/Atlas   (  763): Pointer 0x0, not in getPreloadedDrawables?
02-05 09:17:13.606 W/Atlas   (  763): Pointer 0x0, not in getPreloadedDrawables?
02-05 09:17:13.606 W/Atlas   (  763): Pointer 0x0, not in getPreloadedDrawables?
02-05 09:17:13.606 W/Atlas   (  763): Pointer 0x0, not in getPreloadedDrawables?
02-05 09:17:13.606 W/Atlas   (  763): Pointer 0x0, not in getPreloadedDrawables?
02-05 09:17:13.606 W/Atlas   (  763): Pointer 0x0, not in getPreloadedDrawables?
02-05 09:17:13.606 W/Atlas   (  763): Pointer 0x0, not in getPreloadedDrawables?
02-05 09:17:13.607 W/Atlas   (  763): Pointer 0x0, not in getPreloadedDrawables?
02-05 09:17:13.607 W/Atlas   (  763): Pointer 0x0, not in getPreloadedDrawables?
02-05 09:17:13.607 W/Atlas   (  763): Pointer 0x0, not in getPreloadedDrawables?
02-05 09:17:13.607 W/Atlas   (  763): Pointer 0x0, not in getPreloadedDrawables?
02-05 09:17:13.607 W/Atlas   (  763): Pointer 0x0, not in getPreloadedDrawables?
02-05 09:17:13.607 W/Atlas   (  763): Pointer 0x0, not in getPreloadedDrawables?
02-05 09:17:13.607 W/Atlas   (  763): Pointer 0x0, not in getPreloadedDrawables?
02-05 09:17:13.607 W/Atlas   (  763): Pointer 0x0, not in getPreloadedDrawables?
02-05 09:17:13.607 W/Atlas   (  763): Pointer 0x0, not in getPreloadedDrawables?
02-05 09:17:13.607 W/Atlas   (  763): Pointer 0x0, not in getPreloadedDrawables?
02-05 09:17:13.607 W/Atlas   (  763): Pointer 0x0, not in getPreloadedDrawables?
02-05 09:17:13.607 W/Atlas   (  763): Pointer 0x0, not in getPreloadedDrawables?
02-05 09:17:13.607 W/Atlas   (  763): Pointer 0x0, not in getPreloadedDrawables?
02-05 09:17:13.607 W/Atlas   (  763): Pointer 0x0, not in getPreloadedDrawables?
02-05 09:17:13.607 W/Atlas   (  763): Pointer 0x0, not in getPreloadedDrawables?
02-05 09:17:13.607 W/Atlas   (  763): Pointer 0x0, not in getPreloadedDrawables?
02-05 09:17:13.607 W/Atlas   (  763): Pointer 0x0, not in getPreloadedDrawables?
02-05 09:17:13.607 W/Atlas   (  763): Pointer 0x0, not in getPreloadedDrawables?
02-05 09:17:13.607 W/Atlas   (  763): Pointer 0x0, not in getPreloadedDrawables?
02-05 09:17:13.608 W/Atlas   (  763): Pointer 0x0, not in getPreloadedDrawables?
02-05 09:17:13.608 W/Atlas   (  763): Pointer 0x0, not in getPreloadedDrawables?
02-05 09:17:13.608 W/Atlas   (  763): Pointer 0x0, not in getPreloadedDrawables?
02-05 09:17:13.608 W/Atlas   (  763): Pointer 0x0, not in getPreloadedDrawables?
02-05 09:17:13.608 W/Atlas   (  763): Pointer 0x0, not in getPreloadedDrawables?
02-05 09:17:13.608 W/Atlas   (  763): Pointer 0x0, not in getPreloadedDrawables?
02-05 09:17:13.608 W/Atlas   (  763): Pointer 0x0, not in getPreloadedDrawables?
02-05 09:17:13.608 W/Atlas   (  763): Pointer 0x0, not in getPreloadedDrawables?
02-05 09:17:13.608 W/Atlas   (  763): Pointer 0x0, not in getPreloadedDrawables?
02-05 09:17:13.608 W/Atlas   (  763): Pointer 0x0, not in getPreloadedDrawables?
02-05 09:17:13.608 W/Atlas   (  763): Pointer 0x0, not in getPreloadedDrawables?
02-05 09:17:13.608 W/Atlas   (  763): Pointer 0x0, not in getPreloadedDrawables?
02-05 09:17:13.608 W/Atlas   (  763): Pointer 0x0, not in getPreloadedDrawables?
02-05 09:17:13.608 W/Atlas   (  763): Pointer 0x0, not in getPreloadedDrawables?
02-05 09:17:13.608 W/Atlas   (  763): Pointer 0x0, not in getPreloadedDrawables?
02-05 09:17:13.608 W/Atlas   (  763): Pointer 0x0, not in getPreloadedDrawables?
02-05 09:17:13.608 W/Atlas   (  763): Pointer 0x0, not in getPreloadedDrawables?
02-05 09:17:13.608 W/Atlas   (  763): Pointer 0x0, not in getPreloadedDrawables?
02-05 09:17:13.609 W/Atlas   (  763): Pointer 0x0, not in getPreloadedDrawables?
02-05 09:17:13.609 W/Atlas   (  763): Pointer 0x0, not in getPreloadedDrawables?
02-05 09:17:13.609 W/Atlas   (  763): Pointer 0x0, not in getPreloadedDrawables?
02-05 09:17:13.609 W/Atlas   (  763): Pointer 0x0, not in getPreloadedDrawables?
02-05 09:17:13.609 W/Atlas   (  763): Pointer 0x0, not in getPreloadedDrawables?
02-05 09:17:13.609 W/Atlas   (  763): Pointer 0x0, not in getPreloadedDrawables?
02-05 09:17:13.609 W/Atlas   (  763): Pointer 0x0, not in getPreloadedDrawables?
02-05 09:17:13.609 W/Atlas   (  763): Pointer 0x0, not in getPreloadedDrawables?
02-05 09:17:13.609 W/Atlas   (  763): Pointer 0x0, not in getPreloadedDrawables?
02-05 09:17:13.609 W/Atlas   (  763): Pointer 0x0, not in getPreloadedDrawables?
02-05 09:17:13.609 W/Atlas   (  763): Pointer 0x0, not in getPreloadedDrawables?
02-05 09:17:13.609 W/Atlas   (  763): Pointer 0x0, not in getPreloadedDrawables?
02-05 09:17:13.609 W/Atlas   (  763): Pointer 0x0, not in getPreloadedDrawables?
02-05 09:17:13.609 W/Atlas   (  763): Pointer 0x0, not in getPreloadedDrawables?
02-05 09:17:13.609 W/Atlas   (  763): Pointer 0x0, not in getPreloadedDrawables?
02-05 09:17:13.609 W/Atlas   (  763): Pointer 0x0, not in getPreloadedDrawables?
02-05 09:17:13.610 W/Atlas   (  763): Pointer 0x0, not in getPreloadedDrawables?
02-05 09:17:13.610 W/Atlas   (  763): Pointer 0x0, not in getPreloadedDrawables?
02-05 09:17:13.610 W/Atlas   (  763): Pointer 0x0, not in getPreloadedDrawables?
02-05 09:17:13.610 W/Atlas   (  763): Pointer 0x0, not in getPreloadedDrawables?
02-05 09:17:13.610 W/Atlas   (  763): Pointer 0x0, not in getPreloadedDrawables?
02-05 09:17:13.610 W/Atlas   (  763): Pointer 0x0, not in getPreloadedDrawables?
02-05 09:17:13.610 W/Atlas   (  763): Pointer 0x0, not in getPreloadedDrawables?
02-05 09:17:13.610 W/Atlas   (  763): Pointer 0x0, not in getPreloadedDrawables?
02-05 09:17:13.610 W/Atlas   (  763): Pointer 0x0, not in getPreloadedDrawables?
02-05 09:17:13.610 W/Atlas   (  763): Pointer 0x0, not in getPreloadedDrawables?
02-05 09:17:13.610 W/Atlas   (  763): Pointer 0x0, not in getPreloadedDrawables?
02-05 09:17:13.610 W/Atlas   (  763): Pointer 0x0, not in getPreloadedDrawables?
02-05 09:17:13.610 W/Atlas   (  763): Pointer 0x0, not in getPreloadedDrawables?
02-05 09:17:13.610 W/Atlas   (  763): Pointer 0x0, not in getPreloadedDrawables?
02-05 09:17:13.610 W/Atlas   (  763): Pointer 0x0, not in getPreloadedDrawables?
02-05 09:17:13.610 W/Atlas   (  763): Pointer 0x0, not in getPreloadedDrawables?
02-05 09:17:13.610 W/Atlas   (  763): Pointer 0x0, not in getPreloadedDrawables?
02-05 09:17:13.610 W/Atlas   (  763): Pointer 0x0, not in getPreloadedDrawables?
02-05 09:17:13.610 W/Atlas   (  763): Pointer 0x0, not in getPreloadedDrawables?
02-05 09:17:13.610 W/Atlas   (  763): Pointer 0x0, not in getPreloadedDrawables?
02-05 09:17:13.610 W/Atlas   (  763): Pointer 0x0, not in getPreloadedDrawables?
02-05 09:17:13.611 W/Atlas   (  763): Pointer 0x0, not in getPreloadedDrawables?
02-05 09:17:13.611 W/Atlas   (  763): Pointer 0x0, not in getPreloadedDrawables?
02-05 09:17:13.611 W/Atlas   (  763): Pointer 0x0, not in getPreloadedDrawables?
02-05 09:17:13.611 W/Atlas   (  763): Pointer 0x0, not in getPreloadedDrawables?
02-05 09:17:13.611 W/Atlas   (  763): Pointer 0x0, not in getPreloadedDrawables?
02-05 09:17:13.611 W/Atlas   (  763): Pointer 0x0, not in getPreloadedDrawables?
02-05 09:17:13.611 W/Atlas   (  763): Pointer 0x0, not in getPreloadedDrawables?
02-05 09:17:13.611 W/Atlas   (  763): Pointer 0x0, not in getPreloadedDrawables?
02-05 09:17:13.611 W/Atlas   (  763): Pointer 0x0, not in getPreloadedDrawables?
02-05 09:17:13.710 I/Choreographer(  763): Skipped 32 frames!  The application may be doing too much work on its main thread.
02-05 09:17:13.711 D/DisplayManager(  763): getDisplayInfo: displayId=0, info=DisplayInfo{"内置屏幕", uniqueId "local:0", app 1280 x 672, real 1280 x 720, largest app 1280 x 1207, smallest app 720 x 647, 240.00005 fps, supportedRefreshRates [240.00005], rotation 0, density 160 (160.15764 x 160.42105) dpi, layerStack 0, appVsyncOff 0, presDeadline 5166666, type BUILT_IN, state ON, FLAG_SECURE, FLAG_SUPPORTS_PROTECTED_BUFFERS}
02-05 09:17:13.713 D/ViewRootImpl(  763): onAttachToWindow register content observer attrs=WM.LayoutParams{(0,0)(fillxwrap)mPosX=0mPosY=0mHScale=1.0mVScale=1.0 align=UNDEFINE taskId=-1 gr=#50 sim=#100 ty=2011 fl=#1840108 fmt=-2 wanim=0x1030056 vsysui=0x300 surfaceInsets=Rect(0, 0 - 0, 0) needsMenuKey=2packageName=com.android.inputmethod.latintoken=android.os.BinderProxy@2977d129}
02-05 09:17:13.729 D/ViewRootImpl(  763): 1280<<<<<< BACK FROM relayoutWM.LayoutParams{(0,0)(fillxwrap)mPosX=0mPosY=0mHScale=1.0mVScale=1.0 align=UNDEFINE taskId=-1 gr=#50 sim=#120 ty=2011 fl=#1840108 fmt=-2 wanim=0x1030056 vsysui=0x300 surfaceInsets=Rect(0, 0 - 0, 0) needsMenuKey=2packageName=com.android.inputmethod.latintoken=android.os.BinderProxy@2977d129}
02-05 09:17:13.730 I/mali_so (  763): [File] : hardware/arm_hal/mali/driver/./src/base/arch/arch_011_udd/base_arch_main.c; [Line] : 565; [Func] : deal_with_version_affairs_rk_ext;
02-05 09:17:13.730 I/mali_so (  763): arm_release_ver of this mali_so is 'r6p0-01rel1', rk_so_ver is '3@0', it's custom_release_9 for 3228_5.1_box. built at '18:11:12', on 'Mar 14 2016'.
02-05 09:17:13.730 I/mali_so (  763): [File] : hardware/arm_hal/mali/driver/./src/base/arch/arch_011_udd/base_arch_main.c; [Line] : 578; [Func] : deal_with_version_affairs_rk_ext;
02-05 09:17:13.730 I/mali_so (  763): mali_ver_property has been set to 'r6p0-01rel1-5-3@0', to return.
02-05 09:17:13.731 I/OpenGLRenderer(  763): Initialized EGL, version 1.4
02-05 09:17:13.733 D/OpenGLRenderer(  763): Enabling debug mode 0
02-05 09:17:13.746 D/DisplayManager(  763): getDisplayInfo: displayId=0, info=DisplayInfo{"内置屏幕", uniqueId "local:0", app 1280 x 672, real 1280 x 720, largest app 1280 x 1207, smallest app 720 x 647, 240.00005 fps, supportedRefreshRates [240.00005], rotation 0, density 160 (160.15764 x 160.42105) dpi, layerStack 0, appVsyncOff 0, presDeadline 5166666, type BUILT_IN, state ON, FLAG_SECURE, FLAG_SUPPORTS_PROTECTED_BUFFERS}
02-05 09:17:13.764 D/ViewRootImpl(  763): 1280<<<<<< BACK FROM relayoutnull
02-05 09:17:13.815 D/DisplayManager(  763): getDisplayInfo: displayId=0, info=DisplayInfo{"内置屏幕", uniqueId "local:0", app 1280 x 672, real 1280 x 720, largest app 1280 x 1207, smallest app 720 x 647, 240.00005 fps, supportedRefreshRates [240.00005], rotation 0, density 160 (160.15764 x 160.42105) dpi, layerStack 0, appVsyncOff 0, presDeadline 5166666, type BUILT_IN, state ON, FLAG_SECURE, FLAG_SUPPORTS_PROTECTED_BUFFERS}
02-05 09:17:13.820 D/ViewRootImpl(  763): 1280<<<<<< BACK FROM relayoutnull
02-05 09:17:13.837 D/DisplayManager(  763): getDisplayInfo: displayId=0, info=DisplayInfo{"内置屏幕", uniqueId "local:0", app 1280 x 672, real 1280 x 720, largest app 1280 x 1207, smallest app 720 x 647, 240.00005 fps, supportedRefreshRates [240.00005], rotation 0, density 160 (160.15764 x 160.42105) dpi, layerStack 0, appVsyncOff 0, presDeadline 5166666, type BUILT_IN, state ON, FLAG_SECURE, FLAG_SUPPORTS_PROTECTED_BUFFERS}
02-05 09:17:15.339 D/AudioStreamOutALSA(  176): AudioStreamOutALSA::standby().....
02-05 09:17:15.546 W/AppOps  (  516): Bad call: specified package media under uid 1000 but it is really 1013
02-05 09:17:15.636 D/TaskPersister(  516): removeObsoleteFile: deleting file=98_task.xml
02-05 09:17:18.868 I/ActivityManagerService(  516): Killing 1081:com.android.externalstorage/u0a5 (adj 15): empty #17
02-05 09:17:19.048 I/Heartbeat( 1501): --485>version：10, cmd：2, contenLength：nullsession-----------(0x00000001: nio socket, client, /192.168.1.108:45297 => www.beonehome.com/119.90.39.6:6200)
02-05 09:17:19.104 I/Heartbeat( 1501): --485>version：10, cmd：2, contenLength：0session-----------(0x00000001: nio socket, client, /192.168.1.108:45297 => www.beonehome.com/119.90.39.6:6200)
02-05 09:17:19.105 I/Heartbeat( 1501): <--485version：10, cmd：2, contenLength：0session-----------(0x00000001: nio socket, client, /192.168.1.108:45297 => www.beonehome.com/119.90.39.6:6200)
02-05 09:17:19.105 I/Heartbeat( 1501): --485>version：10, cmd：2, contenLength：0session-----------(0x00000001: nio socket, client, /192.168.1.108:45297 => www.beonehome.com/119.90.39.6:6200)
02-05 09:17:19.147 D/Tag     ( 1501): , flag : ZG, version : 10, contentLen : 0, content : ---(0x00000002: nio socket, client, /192.168.1.108:45579 => www.beonehome.com/119.90.39.6:11367)
02-05 09:17:22.082 E/WifiStateMachine(  516): WifiStateMachine CMD_START_SCAN source -2 txSuccessRate=3.38 rxSuccessRate=1.10 targetRoamBSSID=80:89:17:ea:83:16 RSSI=-45
02-05 09:17:22.082 E/WifiStateMachine(  516): startDelayedScan send -> 8 milli 20000
02-05 09:17:22.083 E/WifiStateMachine(  516): WifiStateMachine CMD_START_SCAN with age=40004 interval=30000 maxinterval=300000
02-05 09:17:22.083 E/WifiStateMachine(  516): WifiStateMachine CMD_START_SCAN try full band scan age=40004 interval=30000 maxinterval=300000
02-05 09:17:22.083 E/WifiStateMachine(  516): WifiStateMachine CMD_START_SCAN full=true
02-05 09:17:22.083 E/WifiStateMachine(  516): WifiStateMachine CMD_START_SCAN bump interval =45000
02-05 09:17:22.083 E/WifiStateMachine(  516): [1,517,793,442,083 ms] noteScanstart no scan source uid -2
02-05 09:17:22.945 E/WifiStateMachine(  516): [1,517,793,442,945 ms] noteScanEnd no scan source onTime=0
02-05 09:17:22.951 E/WifiStateMachine(  516): wifi setScanResults statecom.android.server.wifi.WifiStateMachine$ConnectedState@3c75bfac sup_state=COMPLETED debouncing=false mConnectionRequests=1 selection=<none>
02-05 09:17:29.164 D/Tag     ( 1501): , flag : ZG, version : 10, contentLen : 0, content : ---(0x00000002: nio socket, client, /192.168.1.108:45579 => www.beonehome.com/119.90.39.6:11367)
02-05 09:17:29.399 I/Heartbeat( 1501): --485>version：10, cmd：2, contenLength：nullsession-----------(0x00000001: nio socket, client, /192.168.1.108:45297 => www.beonehome.com/119.90.39.6:6200)
02-05 09:17:29.455 I/Heartbeat( 1501): --485>version：10, cmd：2, contenLength：0session-----------(0x00000001: nio socket, client, /192.168.1.108:45297 => www.beonehome.com/119.90.39.6:6200)
02-05 09:17:29.455 I/Heartbeat( 1501): <--485version：10, cmd：2, contenLength：0session-----------(0x00000001: nio socket, client, /192.168.1.108:45297 => www.beonehome.com/119.90.39.6:6200)
02-05 09:17:29.456 I/Heartbeat( 1501): --485>version：10, cmd：2, contenLength：0session-----------(0x00000001: nio socket, client, /192.168.1.108:45297 => www.beonehome.com/119.90.39.6:6200)
02-05 09:17:39.088 I/Heartbeat( 1501): --485>version：10, cmd：2, contenLength：nullsession-----------(0x00000001: nio socket, client, /192.168.1.108:45297 => www.beonehome.com/119.90.39.6:6200)
02-05 09:17:39.153 I/Heartbeat( 1501): --485>version：10, cmd：2, contenLength：0session-----------(0x00000001: nio socket, client, /192.168.1.108:45297 => www.beonehome.com/119.90.39.6:6200)
02-05 09:17:39.153 I/Heartbeat( 1501): <--485version：10, cmd：2, contenLength：0session-----------(0x00000001: nio socket, client, /192.168.1.108:45297 => www.beonehome.com/119.90.39.6:6200)
02-05 09:17:39.154 I/Heartbeat( 1501): --485>version：10, cmd：2, contenLength：0session-----------(0x00000001: nio socket, client, /192.168.1.108:45297 => www.beonehome.com/119.90.39.6:6200)
02-05 09:17:39.205 D/Tag     ( 1501): , flag : ZG, version : 10, contentLen : 0, content : ---(0x00000002: nio socket, client, /192.168.1.108:45579 => www.beonehome.com/119.90.39.6:11367)
02-05 09:17:40.911 I/com.jx.audio( 1287): type=1400 audit(0.0:22): avc: denied { read write } for name="cp2528" dev="tmpfs" ino=1150 scontext=u:r:system_app:s0 tcontext=u:object_r:device:s0 tclass=chr_file permissive=1
02-05 09:17:40.911 I/com.jx.audio( 1287): type=1400 audit(0.0:23): avc: denied { open } for path="/dev/cp2528" dev="tmpfs" ino=1150 scontext=u:r:system_app:s0 tcontext=u:object_r:device:s0 tclass=chr_file permissive=1
02-05 09:17:40.911 I/com.jx.audio( 1287): type=1400 audit(0.0:24): avc: denied { ioctl } for path="/dev/cp2528" dev="tmpfs" ino=1150 ioctlcmd=4a01 scontext=u:r:system_app:s0 tcontext=u:object_r:device:s0 tclass=chr_file permissive=1
02-05 09:17:40.921 I/JXservice( 1287):  action bettary_change  status= 4level= 41
02-05 09:17:40.921 I/JXservice( 1287):  40 
02-05 09:17:40.922 I/JXservice( 1287): AsyncTask onPreExecute() called
02-05 09:17:40.923 I/JXservice( 1287): mAudioManager.isMusicActive() status= false 
02-05 09:17:40.923 I/JXservice( 1287): AsyncTask doInBackground 0
02-05 09:17:40.923 I/JXservice( 1287): AsyncTask doInBackground 1
02-05 09:17:40.923 I/JXservice( 1287): AsyncTask onProgressUpdate 0
02-05 09:17:41.556 D/UsbDeviceManager(  516): Usb state is false false true
02-05 09:17:41.558 D/Tethering(  516): UsbManager.ACTION_USB_STATE: false, false, false
02-05 09:17:41.560 D/MountService(  516): sharedvolumeNum: 0 ;avail: false
02-05 09:17:41.560 D/xzj     (  625): false---------------------------ooooooooooo,stop mtp service---------------false
02-05 09:17:41.564 D/RKUpdateReceiver(  730): action = android.hardware.usb.action.USB_STATE
02-05 09:17:41.963 I/JXservice( 1287): AsyncTask onPostExecute 1
02-05 09:17:42.085 E/WifiStateMachine(  516): WifiStateMachine CMD_START_SCAN source -2 txSuccessRate=2.74 rxSuccessRate=1.13 targetRoamBSSID=80:89:17:ea:83:16 RSSI=-50
02-05 09:17:42.085 E/WifiStateMachine(  516): startDelayedScan send -> 9 milli 20000
02-05 09:17:42.085 E/WifiStateMachine(  516): WifiStateMachine CMD_START_SCAN with age=20002 interval=45000 maxinterval=300000
02-05 09:17:42.085 E/WifiStateMachine(  516): WifiStateMachine CMD_START_SCAN full=false
02-05 09:17:42.086 E/WifiStateMachine(  516): WifiStateMachine starting scan for "WF-TEST"WPA_PSK with 2437
02-05 09:17:42.086 E/WifiStateMachine(  516): [1,517,793,462,086 ms] noteScanstart no scan source uid -2
02-05 09:17:42.306 E/WifiStateMachine(  516): [1,517,793,462,306 ms] noteScanEnd no scan source onTime=0
02-05 09:17:42.311 E/WifiStateMachine(  516): wifi setScanResults statecom.android.server.wifi.WifiStateMachine$ConnectedState@3c75bfac sup_state=COMPLETED debouncing=false mConnectionRequests=1 selection=<none>
02-05 09:17:42.956 D/UsbDeviceManager(  516): Usb state is true false true
02-05 09:17:42.956 I/ValidateNoPeople(  516): skipping global notification
02-05 09:17:42.958 D/Tethering(  516): UsbManager.ACTION_USB_STATE: true, false, false
02-05 09:17:42.959 D/xzj     (  625): false---------------------------ooooooooooo,stop mtp service---------------false
02-05 09:17:42.960 D/MountService(  516): sharedvolumeNum: 0 ;avail: true
02-05 09:17:42.963 D/UsbDeviceManager(  516): Usb state is true true true
02-05 09:17:42.964 D/RKUpdateReceiver(  730): action = android.hardware.usb.action.USB_STATE
02-05 09:17:42.964 D/Tethering(  516): UsbManager.ACTION_USB_STATE: true, false, false
02-05 09:17:42.969 D/MountService(  516): sharedvolumeNum: 0 ;avail: true
02-05 09:17:42.969 D/xzj     (  625): true---------------------------ooooooooooo,stop mtp service---------------false
02-05 09:17:42.971 I/ValidateNoPeople(  516): skipping global notification
02-05 09:17:42.973 D/RKUpdateReceiver(  730): action = android.hardware.usb.action.USB_STATE
02-05 09:17:42.981 I/ValidateNoPeople(  516): skipping global notification
02-05 09:17:43.948 D/UsbDeviceManager(  516): Usb state is true true true
02-05 09:17:43.949 D/Tethering(  516): UsbManager.ACTION_USB_STATE: true, false, false
02-05 09:17:43.950 D/MountService(  516): sharedvolumeNum: 0 ;avail: true
02-05 09:17:43.951 D/xzj     (  625): true---------------------------ooooooooooo,stop mtp service---------------false
02-05 09:17:43.955 D/RKUpdateReceiver(  730): action = android.hardware.usb.action.USB_STATE
02-05 09:17:43.961 I/ValidateNoPeople(  516): skipping global notification
02-05 09:17:44.433 D/UsbDeviceManager(  516): Usb state is true true true
02-05 09:17:44.434 D/Tethering(  516): UsbManager.ACTION_USB_STATE: true, false, false
02-05 09:17:44.435 D/MountService(  516): sharedvolumeNum: 0 ;avail: true
02-05 09:17:44.436 D/xzj     (  625): true---------------------------ooooooooooo,stop mtp service---------------false
02-05 09:17:44.440 D/RKUpdateReceiver(  730): action = android.hardware.usb.action.USB_STATE
02-05 09:17:44.446 I/ValidateNoPeople(  516): skipping global notification
02-05 09:17:45.984 I/art     (  516): Debugger is no longer active
02-05 09:17:45.985 I/art     ( 1152): Debugger is no longer active
02-05 09:17:45.985 D/UsbDeviceManager(  516): Usb state is true true true
02-05 09:17:45.985 I/art     ( 1350): Debugger is no longer active
02-05 09:17:45.986 I/art     ( 1800): Debugger is no longer active
02-05 09:17:45.987 I/art     ( 1287): Debugger is no longer active
02-05 09:17:45.987 D/Tethering(  516): UsbManager.ACTION_USB_STATE: true, false, false
02-05 09:17:45.987 I/art     ( 1415): Debugger is no longer active
02-05 09:17:45.987 I/art     ( 1041): Debugger is no longer active
02-05 09:17:45.988 D/MountService(  516): sharedvolumeNum: 0 ;avail: true
02-05 09:17:45.988 I/art     (  661): Debugger is no longer active
02-05 09:17:45.988 D/xzj     (  625): true---------------------------ooooooooooo,stop mtp service---------------false
02-05 09:17:45.989 I/art     (  867): Debugger is no longer active
02-05 09:17:45.989 I/art     (  804): Debugger is no longer active
02-05 09:17:45.989 I/art     (  625): Debugger is no longer active
02-05 09:17:45.990 I/art     (  763): Debugger is no longer active
02-05 09:17:45.991 I/art     (  930): Debugger is no longer active
02-05 09:17:45.992 I/art     ( 1199): Debugger is no longer active
02-05 09:17:45.992 I/art     (  895): Debugger is no longer active
02-05 09:17:45.992 I/art     ( 1330): Debugger is no longer active
02-05 09:17:45.993 I/art     ( 1305): Debugger is no longer active
02-05 09:17:45.993 I/art     ( 1459): Debugger is no longer active
02-05 09:17:45.993 I/art     ( 1524): Debugger is no longer active
02-05 09:17:45.993 D/RKUpdateReceiver(  730): action = android.hardware.usb.action.USB_STATE
02-05 09:17:45.994 I/art     ( 1651): Debugger is no longer active
02-05 09:17:45.994 I/art     ( 1255): Debugger is no longer active
02-05 09:17:45.994 I/art     (  730): Debugger is no longer active
02-05 09:17:45.995 I/art     ( 1592): Debugger is no longer active
02-05 09:17:45.995 I/art     ( 1233): Debugger is no longer active
02-05 09:17:45.995 I/art     ( 1501): Debugger is no longer active
02-05 09:17:45.996 I/art     ( 1106): Debugger is no longer active
02-05 09:17:45.996 I/art     ( 1173): Debugger is no longer active
02-05 09:17:45.996 I/art     ( 1610): Debugger is no longer active
02-05 09:17:45.996 I/art     ( 1773): Debugger is no longer active
02-05 09:17:45.997 I/art     ( 1748): Debugger is no longer active
02-05 09:17:46.001 I/ValidateNoPeople(  516): skipping global notification
02-05 09:17:46.490 D/UsbDeviceManager(  516): Usb state is true true true
02-05 09:17:46.491 D/Tethering(  516): UsbManager.ACTION_USB_STATE: true, false, false
02-05 09:17:46.492 D/MountService(  516): sharedvolumeNum: 0 ;avail: true
02-05 09:17:46.493 D/xzj     (  625): true---------------------------ooooooooooo,stop mtp service---------------false
02-05 09:17:46.496 D/RKUpdateReceiver(  730): action = android.hardware.usb.action.USB_STATE
02-05 09:17:46.502 I/ValidateNoPeople(  516): skipping global notification
02-05 09:17:46.991 D/UsbDeviceManager(  516): Usb state is true true true
02-05 09:17:46.992 D/Tethering(  516): UsbManager.ACTION_USB_STATE: true, false, false
02-05 09:17:46.993 D/MountService(  516): sharedvolumeNum: 0 ;avail: true
02-05 09:17:46.994 D/xzj     (  625): true---------------------------ooooooooooo,stop mtp service---------------false
02-05 09:17:46.998 D/RKUpdateReceiver(  730): action = android.hardware.usb.action.USB_STATE
02-05 09:17:47.005 I/ValidateNoPeople(  516): skipping global notification
02-05 09:17:48.225 D/UsbDeviceManager(  516): Usb state is true true true
02-05 09:17:48.226 D/Tethering(  516): UsbManager.ACTION_USB_STATE: true, false, false
02-05 09:17:48.227 D/MountService(  516): sharedvolumeNum: 0 ;avail: true
02-05 09:17:48.228 D/xzj     (  625): true---------------------------ooooooooooo,stop mtp service---------------false
02-05 09:17:48.232 D/RKUpdateReceiver(  730): action = android.hardware.usb.action.USB_STATE
02-05 09:17:48.238 I/ValidateNoPeople(  516): skipping global notification
02-05 09:17:48.594 D/UsbDeviceManager(  516): Usb state is true true true
02-05 09:17:48.595 D/Tethering(  516): UsbManager.ACTION_USB_STATE: true, false, false
02-05 09:17:48.596 D/MountService(  516): sharedvolumeNum: 0 ;avail: true
02-05 09:17:48.597 D/xzj     (  625): true---------------------------ooooooooooo,stop mtp service---------------false
02-05 09:17:48.601 D/RKUpdateReceiver(  730): action = android.hardware.usb.action.USB_STATE
02-05 09:17:48.608 I/Va