02-05 09:17:06.987 D/RkVoiceProcessApi(  176): process getProcessMode is NULL
02-05 09:17:06.987 D/RkVoiceProcessApi(  176): process getProcessMode is NULL
02-05 09:17:06.987 D/RkVoiceProcessApi(  176): process getProcessMode is NULL
02-05 09:17:06.987 D/RkVoiceProcessApi(  176): process getProcessMode is NULL
02-05 09:17:06.987 D/RkVoiceProcessApi(  176): process getProcessMode is NULL
02-05 09:17:06.987 D/RkVoiceProcessApi(  176): process getProcessMode is NULL
02-05 09:17:06.987 D/RkVoiceProcessApi(  176): process getProcessMode is NULL
02-05 09:17:06.987 D/RkVoiceProcessApi(  176): process getProcessMode is NULL
02-05 09:17:06.987 D/RkVoiceProcessApi(  176): process getProcessMode is NULL
02-05 09:17:06.987 D/RkVoiceProcessApi(  176): process getProcessMode is NULL
02-05 09:17:06.987 D/RkVoiceProcessApi(  176): process getProcessMode is NULL
02-05 09:17:06.987 D/RkVoiceProcessApi(  176): process getProcessMode is NULL
02-05 09:17:06.987 D/RkVoiceProcessApi(  176): process getProcessMode is NULL
02-05 09:17:06.987 D/RkVoiceProcessApi(  176): process getProcessMode is NULL
02-05 09:17:06.987 D/RkVoiceProcessApi(  176): process getProcessMode is NULL
02-05 09:17:06.987 D/RkVoiceProcessApi(  176): process getProcessMode is NULL
02-05 09:17:06.987 D/RkVoiceProcessApi(  176): process getProcessMode is NULL
02-05 09:17:06.987 D/RkVoiceProcessApi(  176): process getProcessMode is NULL
02-05 09:17:06.987 D/RkVoiceProcessApi(  176): process getProcessMode is NULL
02-05 09:17:06.987 D/RkVoiceProcessApi(  176): process getProcessMode is NULL
02-05 09:17:06.987 D/RkVoiceProcessApi(  176): process getProcessMode is NULL
02-05 09:17:06.987 D/RkVoiceProcessApi(  176): process getProcessMode is NULL
02-05 09:17:06.987 D/RkVoiceProcessApi(  176): process getProcessMode is NULL
02-05 09:17:06.987 D/RkVoiceProcessApi(  176): process getProcessMode is NULL
02-05 09:17:06.987 D/RkVoiceProcessApi(  176): process getProcessMode is NULL
02-05 09:17:06.988 D/RkVoiceProcessApi(  176): process getProcessMode is NULL
02-05 09:17:06.988 D/RkVoiceProcessApi(  176): process getProcessMode is NULL
02-05 09:17:06.988 D/RkVoiceProcessApi(  176): process getProcessMode is NULL
02-05 09:17:06.988 D/RkVoiceProcessApi(  176): process getProcessMode is NULL
02-05 09:17:06.988 D/RkVoiceProcessApi(  176): process getProcessMode is NULL
02-05 09:17:06.988 D/RkVoiceProcessApi(  176): process getProcessMode is NULL
02-05 09:17:06.988 D/RkVoiceProcessApi(  176): process getProcessMode is NULL
02-05 09:17:06.988 D/RkVoiceProcessApi(  176): process getProcessMode is NULL
02-05 09:17:06.988 D/RkVoiceProcessApi(  176): process getProcessMode is NULL
02-05 09:17:06.988 D/RkVoiceProcessApi(  176): process getProcessMode is NULL
02-05 09:17:06.988 D/RkVoiceProcessApi(  176): process getProcessMode is NULL
02-05 09:17:06.988 D/RkVoiceProcessApi(  176): process getProcessMode is NULL
02-05 09:17:06.988 D/RkVoiceProcessApi(  176): process getProcessMode is NULL
02-05 09:17:06.988 D/RkVoiceProcessApi(  176): process getProcessMode is NULL
02-05 09:17:06.988 D/RkVoiceProcessApi(  176): process getProcessMode is NULL
02-05 09:17:06.988 D/RkVoiceProcessApi(  176): process getProcessMode is NULL
02-05 09:17:06.988 D/RkVoiceProcessApi(  176): process getProcessMode is NULL
02-05 09:17:06.988 D/RkVoiceProcessApi(  176): process getProcessMode is NULL
02-05 09:17:06.988 D/RkVoiceProcessApi(  176): process getProcessMode is NULL
02-05 09:17:06.988 D/RkVoiceProcessApi(  176): process getProcessMode is NULL
02-05 09:17:06.988 D/RkVoiceProcessApi(  176): process getProcessMode is NULL
02-05 09:17:06.988 D/RkVoiceProcessApi(  176): process getProcessMode is NULL
02-05 09:17:06.988 D/RkVoiceProcessApi(  176): process getProcessMode is NULL
02-05 09:17:06.988 D/RkVoiceProcessApi(  176): process getProcessMode is NULL
02-05 09:17:06.988 D/RkVoiceProcessApi(  176): process getProcessMode is NULL
02-05 09:17:06.988 D/RkVoiceProcessApi(  176): process getProcessMode is NULL
02-05 09:17:06.988 D/RkVoiceProcessApi(  176): process getProcessMode is NULL
02-05 09:17:06.989 D/RkVoiceProcessApi(  176): process getProcessMode is NULL
02-05 09:17:06.989 D/RkVoiceProcessApi(  176): process getProcessMode is NULL
02-05 09:17:06.989 D/RkVoiceProcessApi(  176): process getProcessMode is NULL
02-05 09:17:06.989 D/RkVoiceProcessApi(  176): process getProcessMode is NULL
02-05 09:17:06.989 D/RkVoiceProcessApi(  176): process getProcessMode is NULL
02-05 09:17:06.989 D/RkVoiceProcessApi(  176): process getProcessMode is NULL
02-05 09:17:06.989 D/RkVoiceProcessApi(  176): process getProcessMode is NULL
02-05 09:17:06.989 D/RkVoiceProcessApi(  176): process getProcessMode is NULL
02-05 09:17:06.989 D/RkVoiceProcessApi(  176): process getProcessMode is NULL
02-05 09:17:06.989 D/RkVoiceProcessApi(  176): process getProcessMode is NULL
02-05 09:17:06.989 D/RkVoiceProcessApi(  176): process getProcessMode is NULL
02-05 09:17:06.989 D/RkVoiceProcessApi(  176): process getProcessMode is NULL
02-05 09:17:06.989 D/RkVoiceProcessApi(  176): process getProcessMode is NULL
02-05 09:17:06.989 D/RkVoiceProcessApi(  176): process getProcessMode is NULL
02-05 09:17:06.989 D/RkVoiceProcessApi(  176): process getProcessMode is NULL
02-05 09:17:06.989 D/RkVoiceProcessApi(  176): process getProcessMode is NULL
02-05 09:17:06.989 D/RkVoiceProcessApi(  176): process getProcessMode is NULL
02-05 09:17:06.989 D/RkVoiceProcessApi(  176): process getProcessMode is NULL
02-05 09:17:06.989 D/RkVoiceProcessApi(  176): process getProcessMode is NULL
02-05 09:17:06.989 D/RkVoiceProcessApi(  176): process getProcessMode is NULL
02-05 09:17:06.989 D/RkVoiceProcessApi(  176): process getProcessMode is NULL
02-05 09:17:06.989 D/RkVoiceProcessApi(  176): process getProcessMode is NULL
02-05 09:17:06.989 D/RkVoiceProcessApi(  176): process getProcessMode is NULL
02-05 09:17:06.989 D/RkVoiceProcessApi(  176): process getProcessMode is NULL
02-05 09:17:06.989 D/RkVoiceProcessApi(  176): process getProcessMode is NULL
02-05 09:17:06.989 D/RkVoiceProcessApi(  176): process getProcessMode is NULL
02-05 09:17:06.989 D/RkVoiceProcessApi(  176): process getProcessMode is NULL
02-05 09:17:06.989 D/RkVoiceProcessApi(  176): process getProcessMode is NULL
02-05 09:17:06.990 D/RkVoiceProcessApi(  176): process getProcessMode is NULL
02-05 09:17:06.990 D/RkVoiceProcessApi(  176): process getProcessMode is NULL
02-05 09:17:06.990 D/RkVoiceProcessApi(  176): process getProcessMode is NULL
02-05 09:17:06.990 D/RkVoiceProcessApi(  176): process getProcessMode is NULL
02-05 09:17:06.990 D/RkVoiceProcessApi(  176): process getProcessMode is NULL
02-05 09:17:06.990 D/RkVoiceProcessApi(  176): process getProcessMode is NULL
02-05 09:17:06.990 D/RkVoiceProcessApi(  176): process getProcessMode is NULL
02-05 09:17:06.990 D/RkVoiceProcessApi(  176): process getProcessMode is NULL
02-05 09:17:06.990 D/RkVoiceProcessApi(  176): process getProcessMode is NULL
02-05 09:17:06.990 D/RkVoiceProcessApi(  176): process getProcessMode is NULL
02-05 09:17:06.990 D/RkVoiceProcessApi(  176): process getProcessMode is NULL
02-05 09:17:06.990 D/RkVoiceProcessApi(  176): process getProcessMode is NULL
02-05 09:17:06.990 D/RkVoiceProcessApi(  176): process getProcessMode is NULL
02-05 09:17:06.990 D/RkVoiceProcessApi(  176): process getProcessMode is NULL
02-05 09:17:06.990 D/RkVoiceProcessApi(  176): process getProcessMode is NULL
02-05 09:17:06.990 D/RkVoiceProcessApi(  176): process getProcessMode is NULL
02-05 09:17:06.990 D/RkVoiceProcessApi(  176): process getProcessMode is NULL
02-05 09:17:06.990 D/RkVoiceProcessApi(  176): process getProcessMode is NULL
02-05 09:17:06.990 D/RkVoiceProcessApi(  176): process getProcessMode is NULL
02-05 09:17:06.990 D/RkVoiceProcessApi(  176): process getProcessMode is NULL
02-05 09:17:06.990 D/RkVoiceProcessApi(  176): process getProcessMode is NULL
02-05 09:17:06.990 D/RkVoiceProcessApi(  176): process getProcessMode is NULL
02-05 09:17:06.990 D/RkVoiceProcessApi(  176): process getProcessMode is NULL
02-05 09:17:06.990 D/RkVoiceProcessApi(  176): process getProcessMode is NULL
02-05 09:17:06.990 D/RkVoiceProcessApi(  176): process getProcessMode is NULL
02-05 09:17:06.990 D/RkVoiceProcessApi(  176): process getProcessMode is NULL
02-05 09:17:06.990 D/RkVoiceProcessApi(  176): process getProcessMode is NULL
02-05 09:17:06.990 D/RkVoiceProcessApi(  176): process getProcessMode is NULL
02-05 09:17:06.991 D/RkVoiceProcessApi(  176): process getProcessMode is NULL
02-05 09:17:06.991 D/RkVoiceProcessApi(  176): process getProcessMode is NULL
02-05 09:17:06.991 D/RkVoiceProcessApi(  176): process getProcessMode is NULL
02-05 09:17:06.991 D/RkVoiceProcessApi(  176): process getProcessMode is NULL
02-05 09:17:06.991 D/RkVoiceProcessApi(  176): process getProcessMode is NULL
02-05 09:17:06.991 D/RkVoiceProcessApi(  176): process getProcessMode is NULL
02-05 09:17:06.991 D/RkVoiceProcessApi(  176): process getProcessMode is NULL
02-05 09:17:06.991 D/RkVoiceProcessApi(  176): process getProcessMode is NULL
02-05 09:17:06.991 D/RkVoiceProcessApi(  176): process getProcessMode is NULL
02-05 09:17:06.991 D/RkVoiceProcessApi(  176): process getProcessMode is NULL
02-05 09:17:06.991 D/RkVoiceProcessApi(  176): process getProcessMode is NULL
02-05 09:17:06.991 D/RkVoiceProcessApi(  176): process getProcessMode is NULL
02-05 09:17:06.991 D/RkVoiceProcessApi(  176): process getProcessMode is NULL
02-05 09:17:06.991 D/RkVoiceProcessApi(  176): process getProcessMode is NULL
02-05 09:17:06.991 D/RkVoiceProcessApi(  176): process getProcessMode is NULL
02-05 09:17:06.991 D/RkVoiceProcessApi(  176): process getProcessMode is NULL
02-05 09:17:06.991 D/RkVoiceProcessApi(  176): process getProcessMode is NULL
02-05 09:17:06.991 D/RkVoiceProcessApi(  176): process getProcessMode is NULL
02-05 09:17:06.991 D/RkVoiceProcessApi(  176): process getProcessMode is NULL
02-05 09:17:06.991 D/RkVoiceProcessApi(  176): process getProcessMode is NULL
02-05 09:17:06.991 D/RkVoiceProcessApi(  176): process getProcessMode is NULL
02-05 09:17:06.991 D/RkVoiceProcessApi(  176): process getProcessMode is NULL
02-05 09:17:06.991 D/RkVoiceProcessApi(  176): process getProcessMode is NULL
02-05 09:17:06.991 D/RkVoiceProcessApi(  176): process getProcessMode is NULL
02-05 09:17:06.991 D/RkVoiceProcessApi(  176): process getProcessMode is NULL
02-05 09:17:06.991 D/RkVoiceProcessApi(  176): process getProcessMode is NULL
02-05 09:17:06.991 D/RkVoiceProcessApi(  176): process getProcessMode is NULL
02-05 09:17:06.991 D/RkVoiceProcessApi(  176): process getProcessMode is NULL
02-05 09:17:06.992 D/RkVoiceProcessApi(  176): process getProcessMode is NULL
02-05 09:17:06.992 D/RkVoiceProcessApi(  176): process getProcessMode is NULL
02-05 09:17:06.992 D/RkVoiceProcessApi(  176): process getProcessMode is NULL
02-05 09:17:06.992 D/RkVoiceProcessApi(  176): process getProcessMode is NULL
02-05 09:17:06.992 D/RkVoiceProcessApi(  176): process getProcessMode is NULL
02-05 09:17:06.992 D/RkVoiceProcessApi(  176): process getProcessMode is NULL
02-05 09:17:06.992 D/RkVoiceProcessApi(  176): process getProcessMode is NULL
02-05 09:17:06.992 D/RkVoiceProcessApi(  176): process getProcessMode is NULL
02-05 09:17:06.992 D/RkVoiceProcessApi(  176): process getProcessMode is NULL
02-05 09:17:06.992 D/RkVoiceProcessApi(  176): process getProcessMode is NULL
02-05 09:17:06.992 D/RkVoiceProcessApi(  176): process getProcessMode is NULL
02-05 09:17:06.992 D/RkVoiceProcessApi(  176): process getProcessMode is NULL
02-05 09:17:06.992 D/RkVoiceProcessApi(  176): process getProcessMode is NULL
02-05 09:17:06.992 D/RkVoiceProcessApi(  176): process getProcessMode is NULL
02-05 09:17:06.992 D/RkVoiceProcessApi(  176): process getProcessMode is NULL
02-05 09:17:06.992 D/RkVoiceProcessApi(  176): process getProcessMode is NULL
02-05 09:17:06.992 D/RkVoiceProcessApi(  176): process getProcessMode is NULL
02-05 09:17:06.992 D/RkVoiceProcessApi(  176): process getProcessMode is NULL
02-05 09:17:06.992 D/RkVoiceProcessApi(  176): process getProcessMode is NULL
02-05 09:17:06.992 D/RkVoiceProcessApi(  176): process getProcessMode is NULL
02-05 09:17:06.992 D/RkVoiceProcessApi(  176): process getProcessMode is NULL
02-05 09:17:06.992 D/RkVoiceProcessApi(  176): process getProcessMode is NULL
02-05 09:17:06.993 D/RkVoiceProcessApi(  176): process getProcessMode is NULL
02-05 09:17:06.993 D/RkVoiceProcessApi(  176): process getProcessMode is NULL
02-05 09:17:06.993 D/RkVoiceProcessApi(  176): process getProcessMode is NULL
02-05 09:17:06.993 D/RkVoiceProcessApi(  176): process getProcessMode is NULL
02-05 09:17:06.993 D/RkVoiceProcessApi(  176): process getProcessMode is NULL
02-05 09:17:06.993 D/RkVoiceProcessApi(  176): process getProcessMode is NULL
02-05 09:17:06.993 D/RkVoiceProcessApi(  176): process getProcessMode is NULL
02-05 09:17:06.993 D/RkVoiceProcessApi(  176): process getProcessMode is NULL
02-05 09:17:06.993 D/RkVoiceProcessApi(  176): process getProcessMode is NULL
02-05 09:17:06.993 D/RkVoiceProcessApi(  176): process getProcessMode is NULL
02-05 09:17:06.993 D/RkVoiceProcessApi(  176): process getProcessMode is NULL
02-05 09:17:06.993 D/RkVoiceProcessApi(  176): process getProcessMode is NULL
02-05 09:17:06.993 D/RkVoiceProcessApi(  176): process getProcessMode is NULL
02-05 09:17:06.993 D/RkVoiceProcessApi(  176): process getProcessMode is NULL
02-05 09:17:06.993 D/RkVoiceProcessApi(  176): process getProcessMode is NULL
02-05 09:17:06.993 D/RkVoiceProcessApi(  176): process getProcessMode is NULL
02-05 09:17:06.994 D/RkVoiceProcessApi(  176): process getProcessMode is NULL
02-05 09:17:06.994 D/RkVoiceProcessApi(  176): process getProcessMode is NULL
02-05 09:17:06.994 D/RkVoiceProcessApi(  176): process getProcessMode is NULL
02-05 09:17:06.994 D/RkVoiceProcessApi(  176): process getProcessMode is NULL
02-05 09:17:06.994 D/RkVoiceProcessApi(  176): process getProcessMode is NULL
02-05 09:17:06.994 D/RkVoiceProcessApi(  176): process getProcessMode is NULL
02-05 09:17:06.994 D/RkVoiceProcessApi(  176): process getProcessMode is NULL
02-05 09:17:06.994 D/RkVoiceProcessApi(  176): process getProcessMode is NULL
02-05 09:17:06.994 D/RkVoiceProcessApi(  176): process getProcessMode is NULL
02-05 09:17:06.994 D/RkVoiceProcessApi(  176): process getProcessMode is NULL
02-05 09:17:06.994 D/RkVoiceProcessApi(  176): process getProcessMode is NULL
02-05 09:17:06.994 D/RkVoiceProcessApi(  176): process getProcessMode is NULL
02-05 09:17:06.994 D/RkVoiceProcessApi(  176): process getProcessMode is NULL
02-05 09:17:06.994 D/RkVoiceProcessApi(  176): process getProcessMode is NULL
02-05 09:17:06.994 D/RkVoiceProcessApi(  176): process getProcessMode is NULL
02-05 09:17:06.994 D/RkVoiceProcessApi(  176): process getProcessMode is NULL
02-05 09:17:06.994 D/RkVoiceProcessApi(  176): process getProcessMode is NULL
02-05 09:17:06.994 D/RkVoiceProcessApi(  176): process getProcessMode is NULL
02-05 09:17:06.994 D/RkVoiceProcessApi(  176): process getProcessMode is NULL
02-05 09:17:06.994 D/RkVoiceProcessApi(  176): process getProcessMode is NULL
02-05 09:17:06.994 D/RkVoiceProcessApi(  176): process getProcessMode is NULL
02-05 09:17:06.994 D/RkVoiceProcessApi(  176): process getProcessMode is NULL
02-05 09:17:06.994 D/RkVoiceProcessApi(  176): process getProcessMode is NULL
02-05 09:17:06.994 D/RkVoiceProcessApi(  176): process getProcessMode is NULL
02-05 09:17:06.994 D/RkVoiceProcessApi(  176): process getProcessMode is NULL
02-05 09:17:06.994 D/RkVoiceProcessApi(  176): process getProcessMode is NULL
02-05 09:17:06.995 D/RkVoiceProcessApi(  176): process getProcessMode is NULL
02-05 09:17:06.995 D/RkVoiceProcessApi(  176): process getProcessMode is NULL
02-05 09:17:06.995 D/RkVoiceProcessApi(  176): process getProcessMode is NULL
02-05 09:17:06.995 D/RkVoiceProcessApi(  176): process getProcessMode is NULL
02-05 09:17:06.995 D/RkVoiceProcessApi(  176): process getProcessMode is NULL
02-05 09:17:06.995 D/RkVoiceProcessApi(  176): process getProcessMode is NULL
02-05 09:17:06.995 D/RkVoiceProcessApi(  176): process getProcessMode is NULL
02-05 09:17:06.995 D/RkVoiceProcessApi(  176): process getProcessMode is NULL
02-05 09:17:06.996 D/RkVoiceProcessApi(  176): process getProcessMode is NULL
02-05 09:17:06.996 D/RkVoiceProcessApi(  176): process getProcessMode is NULL
02-05 09:17:06.996 D/RkVoiceProcessApi(  176): process getProcessMode is NULL
02-05 09:17:06.996 D/RkVoiceProcessApi(  176): process getProcessMode is NULL
02-05 09:17:06.996 D/RkVoiceProcessApi(  176): process getProcessMode is NULL
02-05 09:17:06.996 D/RkVoiceProcessApi(  176): process getProcessMode is NULL
02-05 09:17:06.996 D/RkVoiceProcessApi(  176): process getProcessMode is NULL
02-05 09:17:06.996 D/RkVoiceProcessApi(  176): process getProcessMode is NULL
02-05 09:17:06.996 D/RkVoiceProcessApi(  176): process getProcessMode is NULL
02-05 09:17:06.996 D/RkVoiceProcessApi(  176): process getProcessMode is NULL
02-05 09:17:06.996 D/RkVoiceProcessApi(  176): process getProcessMode is NULL
02-05 09:17:06.996 D/RkVoiceProcessApi(  176): process getProcessMode is NULL
02-05 09:17:06.996 D/RkVoiceProcessApi(  176): process getProcessMode is NULL
02-05 09:17:06.996 D/RkVoiceProcessApi(  176): process getProcessMode is NULL
02-05 09:17:06.996 D/RkVoiceProcessApi(  176): process getProcessMode is NULL
02-05 09:17:06.996 D/RkVoiceProcessApi(  176): process getProcessMode is NULL
02-05 09:17:06.996 D/RkVoiceProcessApi(  176): process getProcessMode is NULL
02-05 09:17:06.996 D/RkVoiceProcessApi(  176): process getProcessMode is NULL
02-05 09:17:06.996 D/RkVoiceProcessApi(  176): process getProcessMode is NULL
02-05 09:17:06.996 D/RkVoiceProcessApi(  176): process getProcessMode is NULL
02-05 09:17:06.996 D/RkVoiceProcessApi(  176): process getProcessMode is NULL
02-05 09:17:06.996 D/RkVoiceProcessApi(  176): process getProcessMode is NULL
02-05 09:17:06.996 D/RkVoiceProcessApi(  176): process getProcessMode is NULL
02-05 09:17:06.996 D/RkVoiceProcessApi(  176): process getProcessMode is NULL
02-05 09:17:06.996 D/RkVoiceProcessApi(  176): process getProcessMode is NULL
02-05 09:17:06.997 D/RkVoiceProcessApi(  176): process getProcessMode is NULL
02-05 09:17:06.997 D/RkVoiceProcessApi(  176): process getProcessMode is NULL
02-05 09:17:06.997 D/RkVoiceProcessApi(  176): process getProcessMode is NULL
02-05 09:17:06.997 D/RkVoiceProcessApi(  176): process getProcessMode is NULL
02-05 09:17:06.997 D/RkVoiceProcessApi(  176): process getProcessMode is NULL
02-05 09:17:06.997 D/RkVoiceProcessApi(  176): process getProcessMode is NULL
02-05 09:17:06.997 D/RkVoiceProcessApi(  176): process getProcessMode is NULL
02-05 09:17:06.997 D/RkVoiceProcessApi(  176): process getProcessMode is NULL
02-05 09:17:06.997 D/RkVoiceProcessApi(  176): process getProcessMode is NULL
02-05 09:17:06.997 D/RkVoiceProcessApi(  176): process getProcessMode is NULL
02-05 09:17:06.997 D/RkVoiceProcessApi(  176): process getProcessMode is NULL
02-05 09:17:06.997 D/RkVoiceProcessApi(  176): process getProcessMode is NULL
02-05 09:17:06.997 D/RkVoiceProcessApi(  176): process getProcessMode is NULL
02-05 09:17:06.997 D/RkVoiceProcessApi(  176): process getProcessMode is NULL
02-05 09:17:06.997 D/RkVoiceProcessApi(  176): process getProcessMode is NULL
02-05 09:17:06.997 D/RkVoiceProcessApi(  176): process getProcessMode is NULL
02-05 09:17:06.997 D/RkVoiceProcessApi(  176): process getProcessMode is NULL
02-05 09:17:06.997 D/RkVoiceProcessApi(  176): process getProcessMode is NULL
02-05 09:17:06.997 D/RkVoiceProcessApi(  176): process getProcessMode is NULL
02-05 09:17:06.997 D/RkVoiceProcessApi(  176): process getProcessMode is NULL
02-05 09:17:06.997 D/RkVoiceProcessApi(  176): process getProcessMode is NULL
02-05 09:17:06.997 D/RkVoiceProcessApi(  176): process getProcessMode is NULL
02-05 09:17:06.997 D/RkVoiceProcessApi(  176): process getProcessMode is NULL
02-05 09:17:06.997 D/RkVoiceProcessApi(  176): process getProcessMode is NULL
02-05 09:17:06.997 D/RkVoiceProcessApi(  176): process getProcessMode is NULL
02-05 09:17:06.998 D/RkVoiceProcessApi(  176): process getProcessMode is NULL
02-05 09:17:06.998 D/RkVoiceProcessApi(  176): process getProcessMode is NULL
02-05 09:17:06.998 D/RkVoiceProcessApi(  176): process getProcessMode is NULL
02-05 09:17:06.998 D/RkVoiceProcessApi(  176): process getProcessMode is NULL
02-05 09:17:06.998 D/RkVoiceProcessApi(  176): process getProcessMode is NULL
02-05 09:17:06.998 D/RkVoiceProcessApi(  176): process getProcessMode is NULL
02-05 09:17:06.998 D/RkVoiceProcessApi(  176): process getProcessMode is NULL
02-05 09:17:06.998 D/RkVoiceProcessApi(  176): process getProcessMode is NULL
02-05 09:17:06.998 D/RkVoiceProcessApi(  176): process getProcessMode is NULL
02-05 09:17:06.998 D/RkVoiceProcessApi(  176): process getProcessMode is NULL
02-05 09:17:06.998 D/RkVoiceProcessApi(  176): process getProcessMode is NULL
02-05 09:17:06.998 D/RkVoiceProcessApi(  176): process getProcessMode is NULL
02-05 09:17:06.998 D/RkVoiceProcessApi(  176): process getProcessMode is NULL
02-05 09:17:06.998 D/RkVoiceProcessApi(  176): process getProcessMode is NULL
02-05 09:17:06.998 D/RkVoiceProcessApi(  176): process getProcessMode is NULL
02-05 09:17:06.998 D/RkVoiceProcessApi(  176): process getProcessMode is NULL
02-05 09:17:06.998 D/RkVoiceProcessApi(  176): process getProcessMode is NULL
02-05 09:17:06.998 D/RkVoiceProcessApi(  176): process getProcessMode is NULL
02-05 09:17:06.998 D/RkVoiceProcessApi(  176): process getProcessMode is NULL
02-05 09:17:06.998 D/RkVoiceProcessApi(  176): process getProcessMode is NULL
02-05 09:17:06.998 D/RkVoiceProcessApi(  176): process getProcessMode is NULL
02-05 09:17:06.998 D/RkVoiceProcessApi(  176): process getProcessMode is NULL
02-05 09:17:06.998 D/RkVoiceProcessApi(  176): process getProcessMode is NULL
02-05 09:17:06.998 D/RkVoiceProcessApi(  176): process getProcessMode is NULL
02-05 09:17:06.999 D/RkVoiceProcessApi(  176): process getProcessMode is NULL
02-05 09:17:06.999 D/RkVoiceProcessApi(  176): process getProcessMode is NULL
02-05 09:17:06.999 D/RkVoiceProcessApi(  176): process getProcessMode is NULL
02-05 09:17:06.999 D/RkVoiceProcessApi(  176): process getProcessMode is NULL
02-05 09:17:06.999 D/RkVoiceProcessApi(  176): process getProcessMode is NULL
02-05 09:17:06.999 D/RkVoiceProcessApi(  176): process getProcessMode is NULL
02-05 09:17:06.999 D/RkVoiceProcessApi(  176): process getProcessMode is NULL
02-05 09:17:06.999 D/RkVoiceProcessApi(  176): process getProcessMode is NULL
02-05 09:17:06.999 D/RkVoiceProcessApi(  176): process getProcessMode is NULL
02-05 09:17:06.999 D/RkVoiceProcessApi(  176): process getProcessMode is NULL
02-05 09:17:06.999 D/RkVoiceProcessApi(  176): process getProcessMode is NULL
02-05 09:17:06.999 D/RkVoiceProcessApi(  176): process getProcessMode is NULL
02-05 09:17:06.999 D/RkVoiceProcessApi(  176): process getProcessMode is NULL
02-05 09:17:06.999 D/RkVoiceProcessApi(  176): process getProcessMode is NULL
02-05 09:17:06.999 D/RkVoiceProcessApi(  176): process getProcessMode is NULL
02-05 09:17:06.999 D/RkVoiceProcessApi(  176): process getProcessMode is NULL
02-05 09:17:06.999 D/RkVoiceProcessApi(  176): process getProcessMode is NULL
02-05 09:17:06.999 D/RkVoiceProcessApi(  176): process getProcessMode is NULL
02-05 09:17:06.999 D/RkVoiceProcessApi(  176): process getProcessMode is NULL
02-05 09:17:06.999 D/RkVoiceProcessApi(  176): process getProcessMode is NULL
02-05 09:17:06.999 D/RkVoiceProcessApi(  176): process getProcessMode is NULL
02-05 09:17:06.999 D/RkVoiceProcessApi(  176): process getProcessMode is NULL
02-05 09:17:06.999 D/RkVoiceProcessApi(  176): process getProcessMode is NULL
02-05 09:17:06.999 D/RkVoiceProcessApi(  176): process getProcessMode is NULL
02-05 09:17:07.000 D/RkVoiceProcessApi(  176): process getProcessMode is NULL
02-05 09:17:07.000 D/RkVoiceProcessApi(  176): process getProcessMode is NULL
02-05 09:17:07.000 D/RkVoiceProcessApi(  176): process getProcessMode is NULL
02-05 09:17:07.000 D/RkVoiceProcessApi(  176): process getProcessMode is NULL
02-05 09:17:07.000 D/RkVoiceProcessApi(  176): process getProcessMode is NULL
02-05 09:17:07.000 D/RkVoiceProcessApi(  176): process getProcessMode is NULL
02-05 09:17:07.000 D/RkVoiceProcessApi(  176): process getProcessMode is NULL
02-05 09:17:07.000 D/RkVoiceProcessApi(  176): process getProcessMode is NULL
02-05 09:17:07.000 D/RkVoiceProcessApi(  176): process getProcessMode is NULL
02-05 09:17:07.000 D/RkVoiceProcessApi(  176): process getProcessMode is NULL
02-05 09:17:07.000 D/RkVoiceProcessApi(  176): process getProcessMode is NULL
02-05 09:17:07.000 D/RkVoiceProcessApi(  176): process getProcessMode is NULL
02-05 09:17:07.000 D/RkVoiceProcessApi(  176): process getProcessMode is NULL
02-05 09:17:07.000 D/RkVoiceProcessApi(  176): process getProcessMode is NULL
02-05 09:17:07.000 D/RkVoiceProcessApi(  176): process getProcessMode is NULL
02-05 09:17:07.000 D/RkVoiceProcessApi(  176): process getProcessMode is NULL
02-05 09:17:07.000 D/RkVoiceProcessApi(  176): process getProcessMode is NULL
02-05 09:17:07.000 D/RkEchoProcess(  176): join mEchoThread in
02-05 09:17:07.000 D/RkEchoProcess(  176): join mEchoThread out
02-05 09:17:07.000 D/RkEchoProcess(  176): RkEcho process deleteBuffer out
02-05 09:17:07.000 D/RkEchoProcess(  176): RkEcho process reset success, return!
02-05 09:17:07.000 D/RkEchoProcess(  176): RkEcho process deleteBuffer out
02-05 09:17:07.000 D/RkEchoProcess(  176): RkEcho process reset success, return!
02-05 09:17:07.149 D/AudioHardwareALSA(  176): AudioHardwareALSA::setVoiceVolume volume = 0.800000
02-05 09:17:07.149 D/AudioHardwareALSA(  176): ALSAMixer::setVolume left = 0.800000 , right = 0.800000
02-05 09:17:07.149 D/AudioHardwareALSA(  176): ALSAMixer::setVolume new *** left = 0.800000 , right = 0.800000
02-05 09:17:07.360 E/AudioTrack(  516): did not receive expected priority boost on time
02-05 09:17:07.498 V/KeyEvent(  763): Key down to android.inputmethodservice.InputMethodService$InputMethodSessionImpl@2e67ddbf in android.view.KeyEvent$DispatcherState@6e0bb19: KeyEvent { action=ACTION_DOWN, keyCode=KEYCODE_BACK, scanCode=0, metaState=0, flags=0x0, repeatCount=0, eventTime=86652, downTime=86652, deviceId=2, source=0x2002 }
02-05 09:17:07.499 V/KeyEvent( 1173): Key down to com.android.settings.SubSettings@5771da1 in android.view.KeyEvent$DispatcherState@201b23bd: KeyEvent { action=ACTION_DOWN, keyCode=KEYCODE_BACK, scanCode=0, metaState=0, flags=0x0, repeatCount=0, eventTime=86652, downTime=86652, deviceId=2, source=0x2002 }
02-05 09:17:07.500 V/KeyEvent( 1173):   Start tracking!
02-05 09:17:07.500 V/KeyEvent( 1173): Start trackingt in com.android.settings.SubSettings@5771da1: android.view.KeyEvent$DispatcherState@201b23bd
02-05 09:17:07.626 V/KeyEvent(  763): Key up to android.inputmethodservice.InputMethodService$InputMethodSessionImpl@2e67ddbf in android.view.KeyEvent$DispatcherState@6e0bb19: KeyEvent { action=ACTION_UP, keyCode=KEYCODE_BACK, scanCode=0, metaState=0, flags=0x0, repeatCount=0, eventTime=86764, downTime=86764, deviceId=2, source=0x2002 }
02-05 09:17:07.626 V/KeyEvent(  763): Handle key up KeyEvent { action=ACTION_UP, keyCode=KEYCODE_BACK, scanCode=0, metaState=0, flags=0x0, repeatCount=0, eventTime=86764, downTime=86764, deviceId=2, source=0x2002 }: android.view.KeyEvent$DispatcherState@6e0bb19
02-05 09:17:07.626 V/KeyEvent( 1173): Key up to com.android.settings.SubSettings@5771da1 in android.view.KeyEvent$DispatcherState@201b23bd: KeyEvent { action=ACTION_UP, keyCode=KEYCODE_BACK, scanCode=0, metaState=0, flags=0x0, repeatCount=0, eventTime=86764, downTime=86764, deviceId=2, source=0x2002 }
02-05 09:17:07.626 V/KeyEvent( 1173): Handle key up KeyEvent { action=ACTION_UP, keyCode=KEYCODE_BACK, scanCode=0, metaState=0, flags=0x0, repeatCount=0, eventTime=86764, downTime=86764, deviceId=2, source=0x2002 }: android.view.KeyEvent$DispatcherState@201b23bd
02-05 09:17:07.626 V/KeyEvent( 1173):   Tracking!
02-05 09:17:07.699 D/WindowManagerService(  516): Window{709b5c8 u0 com.android.settings/com.android.settings.SubSettings}  ==========setInputFocusLw ==========  =======
02-05 09:17:07.703 D/ViewRootImpl( 1173): 1280<<<<<< BACK FROM relayoutWM.LayoutParams{(0,0)(fillxfill)mPosX=0mPosY=0mHScale=1.0mVScale=1.0 align=UNDEFINE taskId=101 sim=#10 ty=1 fl=#81810100 wanim=0x1030469 surfaceInsets=Rect(0, 0 - 0, 0) needsMenuKey=2packageName=com.android.settingstoken=android.os.BinderProxy@13470757}
02-05 09:17:07.723 V/KeyEvent( 1173): Reset: android.view.KeyEvent$DispatcherState@37002a0e
02-05 09:17:07.770 D/ViewRootImpl( 1173): 1280<<<<<< BACK FROM relayoutnull
02-05 09:17:07.771 V/KeyEvent( 1173): Reset: android.view.KeyEvent$DispatcherState@201b23bd
02-05 09:17:07.884 D/ViewRootImpl( 1173): onDetachedFromWindow ungister contentObserver
02-05 09:17:08.186 V/KeyEvent(  763): Key down to android.inputmethodservice.InputMethodService$InputMethodSessionImpl@2e67ddbf in android.view.KeyEvent$DispatcherState@6e0bb19: KeyEvent { action=ACTION_DOWN, keyCode=KEYCODE_BACK, scanCode=0, metaState=0, flags=0x0, repeatCount=0, eventTime=87340, downTime=87340, deviceId=2, source=0x2002 }
02-05 09:17:08.189 V/KeyEvent( 1173): Key down to android.widget.ListView{1d6ba10c VFED.VC. .F..H... 0,0-1280,624 #102000a android:id/list} in android.view.KeyEvent$DispatcherState@37002a0e: KeyEvent { action=ACTION_DOWN, keyCode=KEYCODE_BACK, scanCode=0, metaState=0, flags=0x0, repeatCount=0, eventTime=87340, downTime=87340, deviceId=2, source=0x2002 }
02-05 09:17:08.189 V/KeyEvent( 1173): Key down to com.android.settings.SubSettings@32b0fe7b in android.view.KeyEvent$DispatcherState@37002a0e: KeyEvent { action=ACTION_DOWN, keyCode=KEYCODE_BACK, scanCode=0, metaState=0, flags=0x0, repeatCount=0, eventTime=87340, downTime=87340, deviceId=2, source=0x2002 }
02-05 09:17:08.189 V/KeyEvent( 1173):   Start tracking!
02-05 09:17:08.189 V/KeyEvent( 1173): Start trackingt in com.android.settings.SubSettings@32b0fe7b: android.view.KeyEvent$DispatcherState@37002a0e
02-05 09:17:08.310 V/KeyEvent(  763): Key up to android.inputmethodservice.InputMethodService$InputMethodSessionImpl@2e67ddbf in android.view.KeyEvent$DispatcherState@6e0bb19: KeyEvent { action=ACTION_UP, keyCode=KEYCODE_BACK, scanCode=0, metaState=0, flags=0x0, repeatCount=0, eventTime=87444, downTime=87444, deviceId=2, source=0x2002 }
02-05 09:17:08.310 V/KeyEvent(  763): Handle key up KeyEvent { action=ACTION_UP, keyCode=KEYCODE_BACK, scanCode=0, metaState=0, flags=0x0, repeatCount=0, eventTime=87444, downTime=87444, deviceId=2, source=0x2002 }: android.view.KeyEvent$DispatcherState@6e0bb19
02-05 09:17:08.310 V/KeyEvent( 1173): Key up to android.widget.ListView{1d6ba10c VFED.VC. .F..H... 0,0-1280,624 #102000a android:id/list} in android.view.KeyEvent$DispatcherState@37002a0e: KeyEvent { action=ACTION_UP, keyCode=KEYCODE_BACK, scanCode=0, metaState=0, flags=0x0, repeatCount=0, eventTime=87444, downTime=87444, deviceId=2, source=0x2002 }
02-05 09:17:08.310 V/KeyEvent( 1173): Handle key up KeyEvent { action=ACTION_UP, keyCode=KEYCODE_BACK, scanCode=0, metaState=0, flags=0x0, repeatCount=0, eventTime=87444, downTime=87444, deviceId=2, source=0x2002 }: android.view.KeyEvent$DispatcherState@37002a0e
02-05 09:17:08.310 V/KeyEvent( 1173):   Tracking!
02-05 09:17:08.310 V/KeyEvent( 1173): Key up to com.android.settings.SubSettings@32b0fe7b in android.view.KeyEvent$DispatcherState@37002a0e: KeyEvent { action=ACTION_UP, keyCode=KEYCODE_BACK, scanCode=0, metaState=0, flags=0x200, repeatCount=0, eventTime=87444, downTime=87444, deviceId=2, source=0x2002 }
02-05 09:17:08.311 V/KeyEvent( 1173): Handle key up KeyEvent { action=ACTION_UP, keyCode=KEYCODE_BACK, scanCode=0, metaState=0, flags=0x200, repeatCount=0, eventTime=87444, downTime=87444, deviceId=2, source=0x2002 }: android.view.KeyEvent$DispatcherState@37002a0e
02-05 09:17:08.337 D/WindowManagerService(  516): Window{3db80b7c u0 com.android.settings/com.android.settings.Settings}  ==========setInputFocusLw ==========  =======
02-05 09:17:08.341 D/ViewRootImpl( 1173): 1280<<<<<< BACK FROM relayoutWM.LayoutParams{(0,0)(fillxfill)mPosX=0mPosY=0mHScale=1.0mVScale=1.0 align=UNDEFINE taskId=101 sim=#10 ty=1 fl=#81810100 wanim=0x1030469 surfaceInsets=Rect(0, 0 - 0, 0) needsMenuKey=2packageName=com.android.settingstoken=android.os.BinderProxy@2c2a1cc7}
02-05 09:17:08.360 D/UserManager( 1173): ---getMaxSupportedUsers,we has UMS,force disabled M-user---
02-05 09:17:08.511 D/DashboardSummary( 1173): rebuildUI took: 164 ms
02-05 09:17:08.512 V/KeyEvent( 1173): Reset: android.view.KeyEvent$DispatcherState@2998d3b4
02-05 09:17:08.514 I/Choreographer( 1173): Skipped 41 frames!  The application may be doing too much work on its main thread.
02-05 09:17:08.618 D/ViewRootImpl( 1173): 1280<<<<<< BACK FROM relayoutnull
02-05 09:17:08.618 V/KeyEvent( 1173): Reset: android.view.KeyEvent$DispatcherState@37002a0e
02-05 09:17:08.806 I/art     ( 1173): Explicit concurrent mark sweep GC freed 13777(885KB) AllocSpace objects, 0(0B) LOS objects, 39% free, 9MB/15MB, paused 875us total 53.048ms
02-05 09:17:08.894 I/art     ( 1173): Explicit concurrent mark sweep GC freed 15692(1174KB) AllocSpace objects, 1(20KB) LOS objects, 40% free, 8MB/13MB, paused 857us total 30.721ms
02-05 09:17:08.921 I/art     ( 1173): Explicit concurrent mark sweep GC freed 3(96B) AllocSpace objects, 0(0B) LOS objects, 40% free, 8MB/13MB, paused 697us total 27.253ms
02-05 09:17:08.944 D/ViewRootImpl( 1173): onDetachedFromWindow ungister contentObserver
02-05 09:17:08.948 I/Choreographer( 1173): Skipped 45 frames!  The application may be doing too much work on its main thread.
02-05 09:17:09.107 D/Tag     ( 1501): , flag : ZG, version : 10, contentLen : 0, content : ---(0x00000002: nio socket, client, /192.168.1.108:45579 => www.beonehome.com/119.90.39.6:11367)
02-05 09:17:09.162 V/KeyEvent(  763): Key down to android.inputmethodservice.InputMethodService$InputMethodSessionImpl@2e67ddbf in android.view.KeyEvent$DispatcherState@6e0bb19: KeyEvent { action=ACTION_DOWN, keyCode=KEYCODE_BACK, scanCode=0, metaState=0, flags=0x0, repeatCount=0, eventTime=88316, downTime=88316, deviceId=2, source=0x2002 }
02-05 09:17:09.162 V/KeyEvent( 1173): Key down to com.android.settings.Settings@a5f9a1d in android.view.KeyEvent$DispatcherState@2998d3b4: KeyEvent { action=ACTION_DOWN, keyCode=KEYCODE_BACK, scanCode=0, metaState=0, flags=0x0, repeatCount=0, eventTime=88316, downTime=88316, deviceId=2, source=0x2002 }
02-05 09:17:09.163 V/KeyEvent( 1173):   Start tracking!
02-05 09:17:09.163 V/KeyEvent( 1173): Start trackingt in com.android.settings.Settings@a5f9a1d: android.view.KeyEvent$DispatcherState@2998d3b4
02-05 09:17:09.276 V/KeyEvent(  763): Key up to android.inputmethodservice.InputMethodService$InputMethodSessionImpl@2e67ddbf in android.view.KeyEvent$DispatcherState@6e0bb19: KeyEvent { action=ACTION_UP, keyCode=KEYCODE_BACK, scanCode=0, metaState=0, flags=0x0, repeatCount=0, eventTime=88420, downTime=88420, deviceId=2, source=0x2002 }
02-05 09:17:09.276 V/KeyEvent(  763): Handle key up KeyEvent { action=ACTION_UP, keyCode=KEYCODE_BACK, scanCode=0, metaState=0, flags=0x0, repeatCount=0, eventTime=88420, downTime=88420, deviceId=2, source=0x2002 }: android.view.KeyEvent$DispatcherState@6e0bb19
02-05 09:17:09.276 V/KeyEvent( 1173): Key up to com.android.settings.Settings@a5f9a1d in android.view.KeyEvent$DispatcherState@2998d3b4: KeyEvent { action=ACTION_UP, keyCode=KEYCODE_BACK, scanCode=0, metaState=0, flags=0x0, repeatCount=0, eventTime=88420, downTime=88420, deviceId=2, source=0x2002 }
02-05 09:17:09.276 V/KeyEvent( 1173): Handle key up KeyEvent { action=ACTION_UP, keyCode=KEYCODE_BACK, scanCode=0, metaState=0, flags=0x0, repeatCount=0, eventTime=88420, downTime=88420, deviceId=2, source=0x2002 }: android.view.KeyEvent$DispatcherState@2998d3b4
02-05 09:17:09.276 V/KeyEvent( 1173):   Tracking!
02-05 09:17:09.277 D/ActivityManagerService(  516): moveHomeStackTaskToTop: moving TaskRecord{2b1c98bb #99 A=com.android.launcher3 U=0 sz=1}
02-05 09:17:09.280 D/WindowManagerService(  516): null  ==========setInputFocusLw ==========  =======
02-05 09:17:09.281 D/DisplayManager(  516): getDisplayInfo: displayId=0, info=DisplayInfo{"内置屏幕", uniqueId "local:0", app 1280 x 672, real 1280 x 720, largest app 1280 x 1207, smallest app 720 x 647, 240.00005 fps, supportedRefreshRates [240.00005], rotation 0, density 160 (160.15764 x 160.42105) dpi, layerStack 0, appVsyncOff 0, presDeadline 5166666, type BUILT_IN, state ON, FLAG_SECURE, FLAG_SUPPORTS_PROTECTED_BUFFERS}
02-05 09:17:09.303 V/KeyEvent( 1173): Reset: android.view.KeyEvent$DispatcherState@2998d3b4
02-05 09:17:09.345 W/ResourceType(  661): No package identifier when getting value for resource number 0x00000000
02-05 09:17:09.345 W/PackageManager(  661): Failure retrieving resources for com.android.settings: Resource ID #0x0
02-05 09:17:09.346 D/ViewRootImpl(  895): 1280<<<<<< BACK FROM relayoutnull
02-05 09:17:09.361 D/WindowManagerService(  516): Window{1516c45e u0 com.android.launcher3/com.android.launcher3.Launcher}  ==========setInputFocusLw ==========  =======
02-05 09:17:09.364 D/ViewRootImpl(  895): 1280<<<<<< BACK FROM relayoutnull
02-05 09:17:09.368 V/KeyEvent(  895): Reset: android.view.KeyEvent$DispatcherState@3267329e
02-05 09:17:09.389 D/DisplayManager(  661): getDisplayInfo: displayId=0, info=DisplayInfo{"内置屏幕", uniqueId "local:0", app 1280 x 672, real 1280 x 720, largest app 1280 x 1207, smallest app 720 x 647, 240.00005 fps, supportedRefreshRates [240.00005], rotation 0, density 160 (160.15764 x 160.42105) dpi, layerStack 0, appVsyncOff 0, presDeadline 5166666, type BUILT_IN, state ON, FLAG_SECURE, FLAG_SUPPORTS_PROTECTED_BUFFERS}
02-05 09:17:09.394 D/DisplayManager(  661): getDisplayInfo: displayId=0, info=DisplayInfo{"内置屏幕", uniqueId "local:0", app 1280 x 672, real 1280 x 720, largest app 1280 x 1207, smallest app 720 x 647, 240.00005 fps, supportedRefreshRates [240.00005], rotation 0, density 160 (160.15764 x 160.42105) dpi, layerStack 0, appVsyncOff 0, presDeadline 5166666, type BUILT_IN, state ON, FLAG_SECURE, FLAG_SUPPORTS_PROTECTED_BUFFERS}
02-05 09:17:09.404 D/ViewRootImpl( 1173): 1280<<<<<< BACK FROM relayoutnull
02-05 09:17:09.536 I/ActivityManagerService(  516): Killing 964:android.process.acore/u0a2 (adj 15): empty #17
02-05 09:17:09.557 D/ViewRootImpl( 1173): onDetachedFromWindow ungister contentObserver
02-05 09:17:09.768 I/Heartbeat( 1501): --485>version：10, cmd：2, contenLength：nullsession-----------(0x00000001: nio socket, client, /192.168.1.108:45297 => www.beonehome.com/119.90.39.6:6200)
02-05 09:17:09.835 I/Heartbeat( 1501): --485>version：10, cmd：2, contenLength：0session-----------(0x00000001: nio socket, client, /192.168.1.108:45297 => www.beonehome.com/119.90.39.6:6200)
02-05 09:17:09.835 I/Heartbeat( 1501): <--485version：10, cmd：2, contenLength：0session-----------(0x00000001: nio socket, client, /192.168.1.108:45297 => www.beonehome.com/119.90.39.6:6200)
02-05 09:17:09.836 I/Heartbeat( 1501): --485>version：10, cmd：2, contenLength：0session-----------(0x00000001: nio socket, client, /192.168.1.108:45297 => www.beonehome.com/119.90.39.6:6200)
02-05 09:17:09.886 W/OpenGLRenderer(  895): Incorrectly called buildLayer on View: ShortcutAndWidgetContainer, destroying layer...
02-05 09:17:09.935 D/AudioStreamOutALSA(  176): AudioStreamOutALSA::standby().....
02-05 09:17:10.146 W/AppOps  (  516): Bad call: specified package media under uid 1000 but it is really 1013
02-05 09:17:10.558 W/AppOps  (  516): Bad call: specified package media under uid 1000 but it is really 1013
02-05 09:17:10.560 D/AudioHardwareALSA(  176): AudioHardwareALSA::setVoiceVolume volume = 0.000000
02-05 09:17:10.560 D/AudioHardwareALSA(  176): ALSAMixer::setVolume left = 0.000000 , right = 0.000000
02-05 09:17:10.560 D/AudioHardwareALSA(  176): ALSAMixer::setVolume new *** left = 0.800000 , right = 0.800000
02-05 09:17:10.569 W/AppOps  (  516): Bad call: specified package media under uid 1000 but it is really 1013
02-05 09:17:10.571 I/AudioStreamOutALSA(  176): Audio exiting sandby will open audio device
02-05 09:17:10.572 E/AudioStreamOutALSA(  176): curDev =0x400,, curMode =0, mCurDev = 0x400
02-05 09:17:10.672 V/ALSAModule(  176): SAMPLERATE:48000
02-05 09:17:10.672 E/ALSAModule(  176): buffersize: 1536, periodsize:512
02-05 09:17:10.673 V/ALSAModule(  176): Set PLAYBACK PCM format to S16_LE (Signed 16 bit Little Endian)
02-05 09:17:10.673 V/ALSAModule(  176): Using 2 channels for PLAYBACK.
02-05 09:17:10.674 V/ALSAModule(  176): Set PLAYBACK sample rate to 48000 HZ
02-05 09:17:10.674 V/ALSAModule(  176): SAMPLERATE:48000
02-05 09:17:10.675 E/ALSAModule(  176): buffersize: 1536, periodsize:512
02-05 09:17:10.676 V/ALSAModule(  176): Set PLAYBACK PCM format to S16_LE (Signed 16 bit Little Endian)
02-05 09:17:10.676 V/ALSAModule(  176): Using 2 channels for PLAYBACK.
02-05 09:17:10.676 V/ALSAModule(  176): Set PLAYBACK sample rate to 48000 HZ
02-05 09:17:11.012 W/AudioFlinger(  176): write blocked for 411 msecs, 5 delayed writes, thread 0xb4bb1008
02-05 09:17:11.191 E/AudioTrack(  516): did not receive expected priority boost on time
02-05 09:17:11.200 W/AppOps  (  516): Bad call: specified package media under uid 1000 but it is really 1013
02-05 09:17:11.358 D/AudioHardwareALSA(  176): AudioHardwareALSA::setVoiceVolume volume = 0.800000
02-05 09:17:11.358 D/AudioHardwareALSA(  176): ALSAMixer::setVolume left = 0.800000 , right = 0.800000
02-05 09:17:11.359 D/AudioHardwareALSA(  176): ALSAMixer::setVolume new *** left = 0.800000 , right = 0.800000
02-05 09:17:12.124 I/ActivityStackSupervisor(  516): START u0 {act=android.intent.action.MAIN cat=[android.intent.category.LAUNCHER] flg=0x10200000 cmp=com.cn.cae/.MainActivity (has extras)} from uid 10036 on display 0
02-05 09:17:12.129 I/System.out(  516): com.cn.cae.MainActivityaddAppToken taskId:102
02-05 09:17:12.129 D/AudioHardwareALSA(  176): AudioHardwareALSA::setVoiceVolume volume = 0.000000
02-05 09:17:12.129 D/AudioHardwareALSA(  176): ALSAMixer::setVolume left = 0.000000 , right = 0.000000
02-05 09:17:12.129 D/AudioHardwareALSA(  176): ALSAMixer::setVolume new *** left = 0.800000 , right = 0.800000
02-05 09:17:12.133 D/WindowManagerService(  516): null  ==========setInputFocusLw ==========  =======
02-05 09:17:12.134 D/DisplayManager(  516): getDisplayInfo: displayId=0, info=DisplayInfo{"内置屏幕", uniqueId "local:0", app 1280 x 672, real 1280 x 720, largest app 1280 x 1207, smallest app 720 x 647, 240.00005 fps, supportedRefreshRates [240.00005], rotation 0, density 160 (160.15764 x 160.42105) dpi, layerStack 0, appVsyncOff 0, presDeadline 5166666, type BUILT_IN, state ON, FLAG_SECURE, FLAG_SUPPORTS_PROTECTED_BUFFERS}
02-05 09:17:12.134 D/PhoneWindow(  516): DecorView - SCREEN_WEITH = 1280 - SCREE_HEIGHT = 672
02-05 09:17:12.139 W/AppOps  (  516): Bad call: specified package media under uid 1000 but it is really 1013
02-05 09:17:12.143 D/DisplayManager(  516): getDisplayInfo: displayId=0, info=DisplayInfo{"内置屏幕", uniqueId "local:0", app 1280 x 672, real 1280 x 720, largest app 1280 x 1207, smallest app 720 x 647, 240.00005 fps, supportedRefreshRates [240.00005], rotation 0, density 160 (160.15764 x 160.42105) dpi, layerStack 0, appVsyncOff 0, presDeadline 5166666, type BUILT_IN, state ON, FLAG_SECURE, FLAG_SUPPORTS_PROTECTED_BUFFERS}
02-05 09:17:12.144 V/WindowManagerService(  516): Adding window Window{1f5753d0 u0 Starting com.cn.cae} at 2 of 3 (after Window{1516c45e u0 com.android.launcher3/com.android.launcher3.Launcher})
02-05 09:17:12.160 D/ViewRootImpl(  516): onAttachToWindow register content observer attrs=WM.LayoutParams{(0,0)(fillxfill)mPosX=0mPosY=0mHScale=1.0mVScale=1.0 align=UNDEFINE taskId=102 ty=3 fl=#1830118 pfl=0x11 fmt=-3 wanim=0x1030001 surfaceInsets=Rect(0, 0 - 0, 0) needsMenuKey=2packageName=com.cn.caetoken=Token{3e040a2a ActivityRecord{dbe3715 u0 com.cn.cae/.MainActivity t102}}}
02-05 09:17:12.179 D/ViewRootImpl(  516): 1280<<<<<< BACK FROM relayoutWM.LayoutParams{(0,0)(fillxfill)mPosX=0mPosY=0mHScale=1.0mVScale=1.0 align=UNDEFINE taskId=102 sim=#20 ty=3 fl=#1830118 pfl=0x11 fmt=-3 wanim=0x1030001 surfaceInsets=Rect(0, 0 - 0, 0) needsMenuKey=2packageName=com.cn.caetoken=Token{3e040a2a ActivityRecord{dbe3715 u0 com.cn.cae/.MainActivity t102}}}
02-05 09:17:12.203 I/art     ( 1800): Late-enabling -Xcheck:jni
02-05 09:17:12.209 I/ActivityManagerService(  516): Start proc 1800:com.cn.cae/u0a64 for activity com.cn.cae/.MainActivity
02-05 09:17:12.210 V/KeyEvent(  895): Reset: android.view.KeyEvent$DispatcherState@3267329e
02-05 09:17:12.269 D/DisplayManager( 1800): getDisplayInfo: displayId=0, info=DisplayInfo{"内置屏幕", uniqueId "local:0", app 1280 x 672, real 1280 x 720, largest app 1280 x 1207, smallest app 720 x 647, 240.00005 fps, supportedRefreshRates [240.00005], rotation 0, density 160 (160.15764 x 160.42105) dpi, layerStack 0, appVsyncOff 0, presDeadline 5166666, type BUILT_IN, state ON, FLAG_SECURE, FLAG_SUPPORTS_PROTECTED_BUFFERS}
02-05 09:17:12.271 D/DisplayManager( 1800): getDisplayInfo: displayId=0, info=DisplayInfo{"内置屏幕", uniqueId "local:0", app 1280 x 672, real 1280 x 720, largest app 1280 x 1207, smallest app 720 x 647, 240.00005 fps, supportedRefreshRates [240.00005], rotation 0, density 160 (160.15764 x 160.42105) dpi, layerStack 0, appVsyncOff 0, presDeadline 5166666, type BUILT_IN, state ON, FLAG_SECURE, FLAG_SUPPORTS_PROTECTED_BUFFERS}
02-05 09:17:12.271 D/ViewRootImpl(  895): 1280<<<<<< BACK FROM relayoutnull
02-05 09:17:12.276 D/DisplayManager( 1800): getDisplayInfo: displayId=0, info=DisplayInfo{"内置屏幕", uniqueId "local:0", app 1280 x 672, real 1280 x 720, largest app 1280 x 1207, smallest app 720 x 647, 240.00005 fps, supportedRefreshRates [240.00005], rotation 0, density 160 (160.15764 x 160.42105) dpi, layerStack 0, appVsyncOff 0, presDeadline 5166666, type BUILT_IN, state ON, FLAG_SECURE, FLAG_SUPPORTS_PROTECTED_BUFFERS}
02-05 09:17:12.279 D/DisplayManager( 1800): getDisplayInfo: displayId=0, info=DisplayInfo{"内置屏幕", uniqueId "local:0", app 1280 x 672, real 1280 x 720, largest app 1280 x 1207, smallest app 720 x 647, 240.00005 fps, supportedRefreshRates [240.00005], rotation 0, density 160 (160.15764 x 160.42105) dpi, layerStack 0, appVsyncOff 0, presDeadline 5166666, type BUILT_IN, state ON, FLAG_SECURE, FLAG_SUPPORTS_PROTECTED_BUFFERS}
02-05 09:17:12.279 D/ViewRootImpl(  895): 1280<<<<<< BACK FROM relayoutnull
02-05 09:17:12.281 I/InputDispatcher(  516): Dropping event because there is no touchable window at (364, 606).
02-05 09:17:12.281 I/InputDispatcher(  516): Dropping event because there is no touchable window at (364, 606).
02-05 09:17:12.304 D/DisplayManager( 1800): getDisplayInfo: displayId=0, info=DisplayInfo{"内置屏幕", uniqueId "local:0", app 1280 x 672, real 1280 x 720, largest app 1280 x 1207, smallest app 720 x 647, 240.00005 fps, supportedRefreshRates [240.00005], rotation 0, density 160 (160.15764 x 160.42105) dpi, layerStack 0, appVsyncOff 0, presDeadline 5166666, type BUILT_IN, state ON, FLAG_SECURE, FLAG_SUPPORTS_PROTECTED_BUFFERS}
02-05 09:17:12.309 D/DisplayManager( 1800): getDisplayInfo: displayId=0, info=DisplayInfo{"内置屏幕", uniqueId "local:0", app 1280 x 672, real 1280 x 720, largest app 1280 x 1207, smallest app 720 x 647, 240.00005 fps, supportedRefreshRates [240.00005], rotation 0, density 160 (160.15764 x 160.42105) dpi, layerStack 0, appVsyncOff 0, presDeadline 5166666, type BUILT_IN, state ON, FLAG_SECURE, FLAG_SUPPORTS_PROTECTED_BUFFERS}
02-05 09:17:12.320 D/DisplayManager( 1800): getDisplayInfo: displayId=0, info=DisplayInfo{"内置屏幕", uniqueId "local:0", app 1280 x 672, real 1280 x 720, largest app 1280 x 1207, smallest app 720 x 647, 240.00005 fps, supportedRefreshRates [240.00005], rotation 0, density 160 (160.15764 x 160.42105) dpi, layerStack 0, appVsyncOff 0, presDeadline 5166666, type BUILT_IN, state ON, FLAG_SECURE, FLAG_SUPPORTS_PROTECTED_BUFFERS}
02-05 09:17:12.320 D/PhoneWindow( 1800): DecorView - SCREEN_WEITH = 1280 - SCREE_HEIGHT = 672
02-05 09:17:12.351 W/AppOps  (  516): Bad call: specified package media under uid 1000 but it is really 1013
02-05 09:17:12.370 I/CAEDemo ( 1800): onCreate...
02-05 09:17:12.385 D/DisplayManager( 1800): getDisplayInfo: displayId=0, info=DisplayInfo{"内置屏幕", uniqueId "local:0", app 1280 x 672, real 1280 x 720, largest app 1280 x 1207, smallest app 720 x 647, 240.00005 fps, supportedRefreshRates [240.00005], rotation 0, density 160 (160.15764 x 160.42105) dpi, layerStack 0, appVsyncOff 0, presDeadline 5166666, type BUILT_IN, state ON, FLAG_SECURE, FLAG_SUPPORTS_PROTECTED_BUFFERS}
02-05 09:17:12.387 D/DisplayManager( 1800): getDisplayInfo: displayId=0, info=DisplayInfo{"内置屏幕", uniqueId "local:0", app 1280 x 672, real 1280 x 720, largest app 1280 x 1207, smallest app 720 x 647, 240.00005 fps, supportedRefreshRates [240.00005], rotation 0, density 160 (160.15764 x 160.42105) dpi, layerStack 0, appVsyncOff 0, presDeadline 5166666, type BUILT_IN, state ON, FLAG_SECURE, FLAG_SUPPORTS_PROTECTED_BUFFERS}
02-05 09:17:12.391 D/OpenGLRenderer( 1800): Use EGL_SWAP_BEHAVIOR_PRESERVED: false
02-05 09:17:12.396 D/DisplayManager(  661): getDisplayInfo: displayId=0, info=DisplayInfo{"内置屏幕", uniqueId "local:0", app 1280 x 672, real 1280 x 720, largest app 1280 x 1207, smallest app 720 x 647, 240.00005 fps, supportedRefreshRates [240.00005], rotation 0, density 160 (160.15764 x 160.42105) dpi, layerStack 0, appVsyncOff 0, presDeadline 5166666, type BUILT_IN, state ON, FLAG_SECURE, FLAG_SUPPORTS_PROTECTED_BUFFERS}
02-05 09:17:12.400 I/[Gralloc]( 1800):  ion device open success! fd = 28
02-05 09:17:12.404 D/Atlas   ( 1800): Validating map...
02-05 09:17:12.407 W/Atlas   ( 1800): Pointer 0x0, not in getPreloadedDrawables?
02-05 09:17:12.407 W/Atlas   ( 1800): Pointer 0x0, not in getPreloadedDrawables?
