E/WifiStateMachine(  516): WifiStateMachine CMD_START_SCAN full=false
E/WifiStateMachine(  516): WifiStateMachine starting scan for "WF-TEST"WPA_PSK with 2437
E/WifiStateMachine(  516): [1,517,793,682,119 ms] noteScanstart no scan source uid -2
E/WifiStateMachine(  516): [1,517,793,682,336 ms] noteScanEnd no scan source onTime=0
E/WifiStateMachine(  516): wifi setScanResults statecom.android.server.wifi.WifiStateMachine$ConnectedState@3c75bfac sup_state=COMPLETED debouncing=false mConnectionRequests=1 selection=<none>
I/Heartbeat( 1501): --485>version：10, cmd：2, contenLength：nullsession-----------(0x00000001: nio socket, client, /192.168.1.108:45297 => www.beonehome.com/119.90.39.6:6200)
D/Tag     ( 1501): , flag : ZG, version : 10, contentLen : 0, content : ---(0x00000002: nio socket, client, /192.168.1.108:45579 => www.beonehome.com/119.90.39.6:11367)
I/Heartbeat( 1501): --485>version：10, cmd：2, contenLength：0session-----------(0x00000001: nio socket, client, /192.168.1.108:45297 => www.beonehome.com/119.90.39.6:6200)
I/Heartbeat( 1501): <--485version：10, cmd：2, contenLength：0session-----------(0x00000001: nio socket, client, /192.168.1.108:45297 => www.beonehome.com/119.90.39.6:6200)
I/Heartbeat( 1501): --485>version：10, cmd：2, contenLength：0session-----------(0x00000001: nio socket, client, /192.168.1.108:45297 => www.beonehome.com/119.90.39.6:6200)
V/KeyEvent(  763): Key down to android.inputmethodservice.InputMethodService$InputMethodSessionImpl@2e67ddbf in android.view.KeyEvent$DispatcherState@6e0bb19: KeyEvent { action=ACTION_DOWN, keyCode=KEYCODE_BACK, scanCode=0, metaState=0, flags=0x0, repeatCount=0, eventTime=351036, downTime=351036, deviceId=2, source=0x2002 }
V/KeyEvent( 1173): Key down to com.android.settings.SubSettings@3ef1122 in android.view.KeyEvent$DispatcherState@cad87d0: KeyEvent { action=ACTION_DOWN, keyCode=KEYCODE_BACK, scanCode=0, metaState=0, flags=0x0, repeatCount=0, eventTime=351036, downTime=351036, deviceId=2, source=0x2002 }
V/KeyEvent( 1173):   Start tracking!
V/KeyEvent( 1173): Start trackingt in com.android.settings.SubSettings@3ef1122: android.view.KeyEvent$DispatcherState@cad87d0
V/KeyEvent(  763): Key up to android.inputmethodservice.InputMethodService$InputMethodSessionImpl@2e67ddbf in android.view.KeyEvent$DispatcherState@6e0bb19: KeyEvent { action=ACTION_UP, keyCode=KEYCODE_BACK, scanCode=0, metaState=0, flags=0x0, repeatCount=0, eventTime=351164, downTime=351164, deviceId=2, source=0x2002 }
V/KeyEvent(  763): Handle key up KeyEvent { action=ACTION_UP, keyCode=KEYCODE_BACK, scanCode=0, metaState=0, flags=0x0, repeatCount=0, eventTime=351164, downTime=351164, deviceId=2, source=0x2002 }: android.view.KeyEvent$DispatcherState@6e0bb19
V/KeyEvent( 1173): Key up to com.android.settings.SubSettings@3ef1122 in android.view.KeyEvent$DispatcherState@cad87d0: KeyEvent { action=ACTION_UP, keyCode=KEYCODE_BACK, scanCode=0, metaState=0, flags=0x0, repeatCount=0, eventTime=351164, downTime=351164, deviceId=2, source=0x2002 }
V/KeyEvent( 1173): Handle key up KeyEvent { action=ACTION_UP, keyCode=KEYCODE_BACK, scanCode=0, metaState=0, flags=0x0, repeatCount=0, eventTime=351164, downTime=351164, deviceId=2, source=0x2002 }: android.view.KeyEvent$DispatcherState@cad87d0
V/KeyEvent( 1173):   Tracking!
D/WindowManagerService(  516): Window{4c76a80 u0 com.android.settings/com.android.settings.SubSettings}  ==========setInputFocusLw ==========  =======
D/ViewRootImpl( 1173): 1280<<<<<< BACK FROM relayoutWM.LayoutParams{(0,0)(fillxfill)mPosX=0mPosY=0mHScale=1.0mVScale=1.0 align=UNDEFINE taskId=105 sim=#10 ty=1 fl=#81810100 wanim=0x1030469 surfaceInsets=Rect(0, 0 - 0, 0) needsMenuKey=2packageName=com.android.settingstoken=android.os.BinderProxy@d294c42}
V/KeyEvent( 1173): Reset: android.view.KeyEvent$DispatcherState@21d9e5d8
D/ViewRootImpl( 1173): 1280<<<<<< BACK FROM relayoutnull
V/KeyEvent( 1173): Reset: android.view.KeyEvent$DispatcherState@cad87d0
D/ViewRootImpl( 1173): onDetachedFromWindow ungister contentObserver
I/ActivityStackSupervisor(  516): START u0 {act=android.intent.action.MAIN cmp=com.android.settings/.SubSettings (has extras)} from uid 1000 on display 0
W/AppOps  (  516): Bad call: specified package media under uid 1000 but it is really 1013
I/System.out(  516): com.android.settings.SubSettingsaddAppToken taskId:105
D/AudioHardwareALSA(  176): AudioHardwareALSA::setVoiceVolume volume = 0.000000
D/AudioHardwareALSA(  176): ALSAMixer::setVolume left = 0.000000 , right = 0.000000
D/AudioHardwareALSA(  176): ALSAMixer::setVolume new *** left = 0.800000 , right = 0.800000
D/WindowManagerService(  516): null  ==========setInputFocusLw ==========  =======
W/AppOps  (  516): Bad call: specified package media under uid 1000 but it is really 1013
I/AudioStreamOutALSA(  176): Audio exiting sandby will open audio device
E/AudioStreamOutALSA(  176): curDev =0x400,, curMode =0, mCurDev = 0x400
V/KeyEvent( 1173): Reset: android.view.KeyEvent$DispatcherState@21d9e5d8
D/DisplayManager( 1173): getDisplayInfo: displayId=0, info=DisplayInfo{"内置屏幕", uniqueId "local:0", app 1280 x 672, real 1280 x 720, largest app 1280 x 1207, smallest app 720 x 647, 240.00005 fps, supportedRefreshRates [240.00005], rotation 0, density 160 (160.15764 x 160.42105) dpi, layerStack 0, appVsyncOff 0, presDeadline 5166666, type BUILT_IN, state ON, FLAG_SECURE, FLAG_SUPPORTS_PROTECTED_BUFFERS}
D/PhoneWindow( 1173): DecorView - SCREEN_WEITH = 1280 - SCREE_HEIGHT = 672
I/System.out( 1173): action Title!
D/SubSettings( 1173): Launching fragment com.android.settings.applications.InstalledAppDetails
V/ALSAModule(  176): SAMPLERATE:48000
E/ALSAModule(  176): buffersize: 1536, periodsize:512
V/ALSAModule(  176): Set PLAYBACK PCM format to S16_LE (Signed 16 bit Little Endian)
V/ALSAModule(  176): Using 2 channels for PLAYBACK.
V/ALSAModule(  176): Set PLAYBACK sample rate to 48000 HZ
V/ALSAModule(  176): SAMPLERATE:48000
E/ALSAModule(  176): buffersize: 1536, periodsize:512
V/ALSAModule(  176): Set PLAYBACK PCM format to S16_LE (Signed 16 bit Little Endian)
V/ALSAModule(  176): Using 2 channels for PLAYBACK.
V/ALSAModule(  176): Set PLAYBACK sample rate to 48000 HZ
I/InputDispatcher(  516): Dropping event because there is no touchable window at (303, 278).
D/DisplayManager( 1173): getDisplayInfo: displayId=0, info=DisplayInfo{"内置屏幕", uniqueId "local:0", app 1280 x 672, real 1280 x 720, largest app 1280 x 1207, smallest app 720 x 647, 240.00005 fps, supportedRefreshRates [240.00005], rotation 0, density 160 (160.15764 x 160.42105) dpi, layerStack 0, appVsyncOff 0, presDeadline 5166666, type BUILT_IN, state ON, FLAG_SECURE, FLAG_SUPPORTS_PROTECTED_BUFFERS}
I/InputDispatcher(  516): Dropping event because there is no touchable window at (304, 277).
V/WindowManagerService(  516): Adding window Window{1c6bf9ca u0 com.android.settings/com.android.settings.SubSettings} at 4 of 6 (after Window{4c76a80 u0 com.android.settings/com.android.settings.SubSettings})
I/Choreographer( 1173): Skipped 54 frames!  The application may be doing too much work on its main thread.
I/InputDispatcher(  516): Dropping event because there is no touchable window at (308, 273).
I/InputDispatcher(  516): Dropping event because there is no touchable window at (311, 270).
D/ViewRootImpl( 1173): onAttachToWindow register content observer attrs=WM.LayoutParams{(0,0)(fillxfill)mPosX=0mPosY=0mHScale=1.0mVScale=1.0 align=UNDEFINE taskId=105 sim=#100 ty=1 fl=#81810100 wanim=0x1030469 surfaceInsets=Rect(0, 0 - 0, 0) needsMenuKey=2packageName=com.android.settingstoken=android.os.BinderProxy@19a9ee95}
I/InputDispatcher(  516): Dropping event because there is no touchable window at (314, 267).
I/InputDispatcher(  516): Dropping event because there is no touchable window at (321, 262).
I/InputDispatcher(  516): Dropping event because there is no touchable window at (324, 258).
I/InputDispatcher(  516): Dropping event because there is no touchable window at (328, 253).
I/InputDispatcher(  516): Dropping event because there is no touchable window at (333, 247).
I/InputDispatcher(  516): Dropping event because there is no touchable window at (334, 244).
I/InputDispatcher(  516): Dropping event because there is no touchable window at (336, 241).
D/WindowManagerService(  516): Window{1c6bf9ca u0 com.android.settings/com.android.settings.SubSettings}  ==========setInputFocusLw ==========  =======
D/ViewRootImpl( 1173): 1280<<<<<< BACK FROM relayoutWM.LayoutParams{(0,0)(fillxfill)mPosX=0mPosY=0mHScale=1.0mVScale=1.0 align=UNDEFINE taskId=105 sim=#110 ty=1 fl=#81810100 wanim=0x1030469 surfaceInsets=Rect(0, 0 - 0, 0) needsMenuKey=2packageName=com.android.settingstoken=android.os.BinderProxy@19a9ee95}
I/Choreographer( 1173): Skipped 31 frames!  The application may be doing too much work on its main thread.
V/KeyEvent( 1173): Reset: android.view.KeyEvent$DispatcherState@18a273b2
I/ActivityManagerService(  516): Displayed com.android.settings/.SubSettings: +435ms
W/AudioFlinger(  176): write blocked for 393 msecs, 12 delayed writes, thread 0xb4bb1008
D/ViewRootImpl( 1173): 1280<<<<<< BACK FROM relayoutnull
D/ViewRootImpl( 1173): 1280<<<<<< BACK FROM relayoutWM.LayoutParams{(0,0)(fillxfill)mPosX=0mPosY=0mHScale=1.0mVScale=1.0 align=UNDEFINE taskId=105 sim=#20 ty=1 fl=#81810100 wanim=0x1030469 surfaceInsets=Rect(0, 0 - 0, 0) needsMenuKey=2packageName=com.android.settingstoken=android.os.BinderProxy@d294c42}
W/AppOps  (  516): Bad call: specified package media under uid 1000 but it is really 1013
E/AudioTrack(  516): did not receive expected priority boost on time
D/AudioHardwareALSA(  176): AudioHardwareALSA::setVoiceVolume volume = 0.800000
D/AudioHardwareALSA(  176): ALSAMixer::setVolume left = 0.800000 , right = 0.800000
D/AudioHardwareALSA(  176): ALSAMixer::setVolume new *** left = 0.800000 , right = 0.800000
D/AudioHardwareALSA(  176): AudioHardwareALSA::setVoiceVolume volume = 0.000000
D/AudioHardwareALSA(  176): ALSAMixer::setVolume left = 0.000000 , right = 0.000000
D/AudioHardwareALSA(  176): ALSAMixer::setVolume new *** left = 0.800000 , right = 0.800000
W/AppOps  (  516): Bad call: specified package media under uid 1000 but it is really 1013
D/DisplayManager( 1173): getDisplayInfo: displayId=0, info=DisplayInfo{"内置屏幕", uniqueId "local:0", app 1280 x 672, real 1280 x 720, largest app 1280 x 1207, smallest app 720 x 647, 240.00005 fps, supportedRefreshRates [240.00005], rotation 0, density 160 (160.15764 x 160.42105) dpi, layerStack 0, appVsyncOff 0, presDeadline 5166666, type BUILT_IN, state ON, FLAG_SECURE, FLAG_SUPPORTS_PROTECTED_BUFFERS}
D/PhoneWindow( 1173): DecorView - SCREEN_WEITH = 1280 - SCREE_HEIGHT = 672
D/DisplayManager( 1173): getDisplayInfo: displayId=0, info=DisplayInfo{"内置屏幕", uniqueId "local:0", app 1280 x 672, real 1280 x 720, largest app 1280 x 1207, smallest app 720 x 647, 240.00005 fps, supportedRefreshRates [240.00005], rotation 0, density 160 (160.15764 x 160.42105) dpi, layerStack 0, appVsyncOff 0, presDeadline 5166666, type BUILT_IN, state ON, FLAG_SECURE, FLAG_SUPPORTS_PROTECTED_BUFFERS}
V/WindowManagerService(  516): not Base app: Adding window Window{1397c1ed u0 com.android.settings/com.android.settings.SubSettings} at 5 of 7
D/WindowManagerService(  516): Window{1397c1ed u0 com.android.settings/com.android.settings.SubSettings}  ==========setInputFocusLw ==========  =======
D/ViewRootImpl( 1173): onAttachToWindow register content observer attrs=WM.LayoutParams{(0,0)(wrapxwrap)mPosX=0mPosY=0mHScale=1.0mVScale=1.0 align=UNDEFINE taskId=-1 gr=#ffffffff sim=#110 ty=2 fl=#1860002 fmt=-3 wanim=0x103046a surfaceInsets=Rect(32, 32 - 32, 32) needsMenuKey=2packageName=com.android.settingstoken=android.os.BinderProxy@19a9ee95}
D/ViewRootImpl( 1173): 832<<<<<< BACK FROM relayoutWM.LayoutParams{(0,0)(wrapxwrap)mPosX=0mPosY=0mHScale=1.0mVScale=1.0 align=UNDEFINE taskId=-1 gr=#ffffffff sim=#110 ty=2 fl=#1860002 fmt=-3 wanim=0x103046a surfaceInsets=Rect(32, 32 - 32, 32) needsMenuKey=2packageName=com.android.settingstoken=android.os.BinderProxy@19a9ee95}
V/KeyEvent( 1173): Reset: android.view.KeyEvent$DispatcherState@1e9ed457
V/KeyEvent( 1173): Reset: android.view.KeyEvent$DispatcherState@18a273b2
W/AppOps  (  516): Bad call: specified package media under uid 1000 but it is really 1013
D/AudioHardwareALSA(  176): AudioHardwareALSA::setVoiceVolume volume = 0.800000
D/AudioHardwareALSA(  176): ALSAMixer::setVolume left = 0.800000 , right = 0.800000
D/AudioHardwareALSA(  176): ALSAMixer::setVolume new *** left = 0.800000 , right = 0.800000
E/AudioTrack(  516): did not receive expected priority boost on time
D/AudioHardwareALSA(  176): AudioHardwareALSA::setVoiceVolume volume = 0.000000
D/AudioHardwareALSA(  176): ALSAMixer::setVolume left = 0.000000 , right = 0.000000
D/AudioHardwareALSA(  176): ALSAMixer::setVolume new *** left = 0.800000 , right = 0.800000
W/AppOps  (  516): Bad call: specified package media under uid 1000 but it is really 1013
I/ActivityManagerService(  516): Force stopping com.jinxin.beonemoviesearcher appid=10017 user=0: from pid 1173
I/ActivityManagerService(  516): Killing 1592:com.jinxin.beonemoviesearcher/u0a17 (adj 9): stop com.jinxin.beonemoviesearcher
W/ActivityManagerService(  516): Spurious death for ProcessRecord{14316689 1592:com.jinxin.beonemoviesearcher/u0a17}, curProc for 1592: null
D/ViewRootImpl( 1173): onDetachedFromWindow ungister contentObserver
D/OpenGLRenderer( 1173): endAllStagingAnimators on 0xb9359c50 (RippleDrawable) with handle 0xb9252f78
D/WindowManagerService(  516): Window{1c6bf9ca u0 com.android.settings/com.android.settings.SubSettings}  ==========setInputFocusLw ==========  =======
V/KeyEvent( 1173): Reset: android.view.KeyEvent$DispatcherState@18a273b2
W/InputMethodManagerService(  516): Window already focused, ignoring focus gain of: com.android.internal.view.IInputMethodClient$Stub$Proxy@e3b8fe9 attribute=null, token = android.os.BinderProxy@2057a135
W/AppOps  (  516): Bad call: specified package media under uid 1000 but it is really 1013
D/AudioHardwareALSA(  176): AudioHardwareALSA::setVoiceVolume volume = 0.800000
D/AudioHardwareALSA(  176): ALSAMixer::setVolume left = 0.800000 , right = 0.800000
D/AudioHardwareALSA(  176): ALSAMixer::setVolume new *** left = 0.800000 , right = 0.800000
E/AudioTrack(  516): did not receive expected priority boost on time
V/KeyEvent(  763): Key down to android.inputmethodservice.InputMethodService$InputMethodSessionImpl@2e67ddbf in android.view.KeyEvent$DispatcherState@6e0bb19: KeyEvent { action=ACTION_DOWN, keyCode=KEYCODE_BACK, scanCode=0, metaState=0, flags=0x0, repeatCount=0, eventTime=355924, downTime=355924, deviceId=2, source=0x2002 }
V/KeyEvent( 1173): Key down to com.android.settings.SubSettings@385e939b in android.view.KeyEvent$DispatcherState@18a273b2: KeyEvent { action=ACTION_DOWN, keyCode=KEYCODE_BACK, scanCode=0, metaState=0, flags=0x0, repeatCount=0, eventTime=355924, downTime=355924, deviceId=2, source=0x2002 }
V/KeyEvent( 1173):   Start tracking!
V/KeyEvent( 1173): Start trackingt in com.android.settings.SubSettings@385e939b: android.view.KeyEvent$DispatcherState@18a273b2
V/KeyEvent(  763): Key up to android.inputmethodservice.InputMethodService$InputMethodSessionImpl@2e67ddbf in android.view.KeyEvent$DispatcherState@6e0bb19: KeyEvent { action=ACTION_UP, keyCode=KEYCODE_BACK, scanCode=0, metaState=0, flags=0x0, repeatCount=0, eventTime=356044, downTime=356044, deviceId=2, source=0x2002 }
V/KeyEvent(  763): Handle key up KeyEvent { action=ACTION_UP, keyCode=KEYCODE_BACK, scanCode=0, metaState=0, flags=0x0, repeatCount=0, eventTime=356044, downTime=356044, deviceId=2, source=0x2002 }: android.view.KeyEvent$DispatcherState@6e0bb19
V/KeyEvent( 1173): Key up to com.android.settings.SubSettings@385e939b in android.view.KeyEvent$DispatcherState@18a273b2: KeyEvent { action=ACTION_UP, keyCode=KEYCODE_BACK, scanCode=0, metaState=0, flags=0x0, repeatCount=0, eventTime=356044, downTime=356044, deviceId=2, source=0x2002 }
V/KeyEvent( 1173): Handle key up KeyEvent { action=ACTION_UP, keyCode=KEYCODE_BACK, scanCode=0, metaState=0, flags=0x0, repeatCount=0, eventTime=356044, downTime=356044, deviceId=2, source=0x2002 }: android.view.KeyEvent$DispatcherState@18a273b2
V/KeyEvent( 1173):   Tracking!
D/WindowManagerService(  516): Window{4c76a80 u0 com.android.settings/com.android.settings.SubSettings}  ==========setInputFocusLw ==========  =======
D/ViewRootImpl( 1173): 1280<<<<<< BACK FROM relayoutWM.LayoutParams{(0,0)(fillxfill)mPosX=0mPosY=0mHScale=1.0mVScale=1.0 align=UNDEFINE taskId=105 sim=#10 ty=1 fl=#81810100 wanim=0x1030469 surfaceInsets=Rect(0, 0 - 0, 0) needsMenuKey=2packageName=com.android.settingstoken=android.os.BinderProxy@d294c42}
V/KeyEvent( 1173): Reset: android.view.KeyEvent$DispatcherState@21d9e5d8
V/KeyEvent( 1173): Reset: android.view.KeyEvent$DispatcherState@18a273b2
D/ViewRootImpl( 1173): 1280<<<<<< BACK FROM relayoutnull
I/art     ( 1173): Explicit concurrent mark sweep GC freed 20350(1353KB) AllocSpace objects, 0(0B) LOS objects, 39% free, 9MB/16MB, paused 870us total 51.675ms
I/art     ( 1173): Explicit concurrent mark sweep GC freed 11949(823KB) AllocSpace objects, 1(20KB) LOS objects, 39% free, 8MB/14MB, paused 664us total 34.595ms
I/art     ( 1173): Explicit concurrent mark sweep GC freed 16(784B) AllocSpace objects, 0(0B) LOS objects, 40% free, 8MB/14MB, paused 634us total 25.998ms
D/ViewRootImpl( 1173): onDetachedFromWindow ungister contentObserver
I/Choreographer( 1173): Skipped 41 frames!  The application may be doing too much work on its main thread.
D/AudioStreamOutALSA(  176): AudioStreamOutALSA::standby().....
W/AppOps  (  516): Bad call: specified package media under uid 1000 but it is really 1013
I/Heartbeat( 1501): --485>version：10, cmd：2, contenLength：nullsession-----------(0x00000001: nio socket, client, /192.168.1.108:45297 => www.beonehome.com/119.90.39.6:6200)
I/Heartbeat( 1501): --485>version：10, cmd：2, contenLength：0session-----------(0x00000001: nio socket, client, /192.168.1.108:45297 => www.beonehome.com/119.90.39.6:6200)
I/Heartbeat( 1501): <--485version：10, cmd：2, contenLength：0session-----------(0x00000001: nio socket, client, /192.168.1.108:45297 => www.beonehome.com/119.90.39.6:6200)
I/Heartbeat( 1501): --485>version：10, cmd：2, contenLength：0session-----------(0x00000001: nio socket, client, /192.168.1.108:45297 => www.beonehome.com/119.90.39.6:6200)
D/Tag     ( 1501): , flag : ZG, version : 10, contentLen : 0, content : ---(0x00000002: nio socket, client, /192.168.1.108:45579 => www.beonehome.com/119.90.39.6:11367)
E/WifiStateMachine(  516): WifiStateMachine CMD_START_SCAN source -2 txSuccessRate=11.32 rxSuccessRate=4.63 targetRoamBSSID=80:89:17:ea:83:16 RSSI=-58
E/WifiStateMachine(  516): startDelayedScan send -> 21 milli 20000
E/WifiStateMachine(  516): WifiStateMachine CMD_START_SCAN with age=120017 interval=101250 maxinterval=300000
E/WifiStateMachine(  516): WifiStateMachine CMD_START_SCAN try full band scan age=120017 interval=101250 maxinterval=300000
E/WifiStateMachine(  516): WifiStateMachine CMD_START_SCAN prevent full band scan due to pkt rate
E/WifiStateMachine(  516): WifiStateMachine CMD_START_SCAN full=false
E/WifiStateMachine(  516): WifiStateMachine starting scan for "WF-TEST"WPA_PSK with 2437
E/WifiStateMachine(  516): [1,517,793,702,121 ms] noteScanstart no scan source uid -2
E/WifiStateMachine(  516): [1,517,793,702,336 ms] noteScanEnd no scan source onTime=0
E/WifiStateMachine(  516): wifi setScanResults statecom.android.server.wifi.WifiStateMachine$ConnectedState@3c75bfac sup_state=COMPLETED debouncing=false mConnectionRequests=1 selection=<none>
I/Heartbeat( 1501): --485>version：10, cmd：2, contenLength：nullsession-----------(0x00000001: nio socket, client, /192.168.1.108:45297 => www.beonehome.com/119.90.39.6:6200)
I/Heartbeat( 1501): --485>version：10, cmd：2, contenLength：0session-----------(0x00000001: nio socket, client, /192.168.1.108:45297 => www.beonehome.com/119.90.39.6:6200)
I/Heartbeat( 1501): <--485version：10, cmd：2, contenLength：0session-----------(0x00000001: nio socket, client, /192.168.1.108:45297 => www.beonehome.com/119.90.39.6:6200)
I/Heartbeat( 1501): --485>version：10, cmd：2, contenLength：0session-----------(0x00000001: nio socket, client, /192.168.1.108:45297 => www.beonehome.com/119.90.39.6:6200)
D/Tag     ( 1501): , flag : ZG, version : 10, contentLen : 0, content : ---(0x00000002: nio socket, client, /192.168.1.108:45579 => www.beonehome.com/119.90.39.6:11367)
V/KeyEvent(  763): Key down to android.inputmethodservice.InputMethodService$InputMethodSessionImpl@2e67ddbf in android.view.KeyEvent$DispatcherState@6e0bb19: KeyEvent { action=ACTION_DOWN, keyCode=KEYCODE_BACK, scanCode=0, metaState=0, flags=0x0, repeatCount=0, eventTime=369764, downTime=369764, deviceId=2, source=0x2002 }
V/KeyEvent( 1173): Key down to android.widget.ListView{13975ce0 VFED.VC. .F..H... 0,0-1280,624 #102000a android:id/list} in android.view.KeyEvent$DispatcherState@21d9e5d8: KeyEvent { action=ACTION_DOWN, keyCode=KEYCODE_BACK, scanCode=0, metaState=0, flags=0x0, repeatCount=0, eventTime=369764, downTime=369764, deviceId=2, source=0x2002 }
V/KeyEvent( 1173): Key down to com.android.settings.SubSettings@279c3ab6 in android.view.KeyEvent$DispatcherState@21d9e5d8: KeyEvent { action=ACTION_DOWN, keyCode=KEYCODE_BACK, scanCode=0, metaState=0, flags=0x0, repeatCount=0, eventTime=369764, downTime=369764, deviceId=2, source=0x2002 }
V/KeyEvent( 1173):   Start tracking!
V/KeyEvent( 1173): Start trackingt in com.android.settings.SubSettings@279c3ab6: android.view.KeyEvent$DispatcherState@21d9e5d8
V/KeyEvent(  763): Key up to android.inputmethodservice.InputMethodService$InputMethodSessionImpl@2e67ddbf in android.view.KeyEvent$DispatcherState@6e0bb19: KeyEvent { action=ACTION_UP, keyCode=KEYCODE_BACK, scanCode=0, metaState=0, flags=0x0, repeatCount=0, eventTime=369916, downTime=369916, deviceId=2, source=0x2002 }
V/KeyEvent(  763): Handle key up KeyEvent { action=ACTION_UP, keyCode=KEYCODE_BACK, scanCode=0, metaState=0, flags=0x0, repeatCount=0, eventTime=369916, downTime=369916, deviceId=2, source=0x2002 }: android.view.KeyEvent$DispatcherState@6e0bb19
V/KeyEvent( 1173): Key up to android.widget.ListView{13975ce0 VFED.VC. .F..H... 0,0-1280,624 #102000a android:id/list} in android.view.KeyEvent$DispatcherState@21d9e5d8: KeyEvent { action=ACTION_UP, keyCode=KEYCODE_BACK, scanCode=0, metaState=0, flags=0x0, repeatCount=0, eventTime=369916, downTime=369916, deviceId=2, source=0x2002 }
V/KeyEvent( 1173): Handle key up KeyEvent { action=ACTION_UP, keyCode=KEYCODE_BACK, scanCode=0, metaState=0, flags=0x0, repeatCount=0, eventTime=369916, downTime=369916, deviceId=2, source=0x2002 }: android.view.KeyEvent$DispatcherState@21d9e5d8
V/KeyEvent( 1173):   Tracking!
V/KeyEvent( 1173): Key up to com.android.settings.SubSettings@279c3ab6 in android.view.KeyEvent$DispatcherState@21d9e5d8: KeyEvent { action=ACTION_UP, keyCode=KEYCODE_BACK, scanCode=0, metaState=0, flags=0x200, repeatCount=0, eventTime=369916, downTime=369916, deviceId=2, source=0x2002 }
V/KeyEvent( 1173): Handle key up KeyEvent { action=ACTION_UP, keyCode=KEYCODE_BACK, scanCode=0, metaState=0, flags=0x200, repeatCount=0, eventTime=369916, downTime=369916, deviceId=2, source=0x2002 }: android.view.KeyEvent$DispatcherState@21d9e5d8
D/WindowManagerService(  516): Window{3b648f38 u0 com.android.settings/com.android.settings.Settings}  ==========setInputFocusLw ==========  =======
D/ViewRootImpl( 1173): 1280<<<<<< BACK FROM relayoutWM.LayoutParams{(0,0)(fillxfill)mPosX=0mPosY=0mHScale=1.0mVScale=1.0 align=UNDEFINE taskId=105 sim=#10 ty=1 fl=#81810100 wanim=0x1030469 surfaceInsets=Rect(0, 0 - 0, 0) needsMenuKey=2packageName=com.android.settingstoken=android.os.BinderProxy@163a2604}
D/UserManager( 1173): ---getMaxSupportedUsers,we has UMS,force disabled M-user---
D/DashboardSummary( 1173): rebuildUI took: 109 ms
V/KeyEvent( 1173): Reset: android.view.KeyEvent$DispatcherState@3afd20f5
D/ViewRootImpl( 1173): 1280<<<<<< BACK FROM relayoutnull
V/KeyEvent( 1173): Reset: android.view.KeyEvent$DispatcherState@21d9e5d8
I/art     ( 1173): Explicit concurrent mark sweep GC freed 4743(256KB) AllocSpace objects, 0(0B) LOS objects, 39% free, 9MB/15MB, paused 784us total 37.121ms
I/art     ( 1173): Explicit concurrent mark sweep GC freed 12092(923KB) AllocSpace objects, 1(20KB) LOS objects, 40% free, 8MB/13MB, paused 788us total 32.883ms
I/art     ( 1173): Explicit concurrent mark sweep GC freed 3(96B) AllocSpace objects, 0(0B) LOS objects, 40% free, 8MB/13MB, paused 626us total 28.295ms
D/ViewRootImpl( 1173): onDetachedFromWindow ungister contentObserver
I/Choreographer( 1173): Skipped 44 frames!  The application may be doing too much work on its main thread.
V/KeyEvent(  763): Key down to android.inputmethodservice.InputMethodService$InputMethodSessionImpl@2e67ddbf in android.view.KeyEvent$DispatcherState@6e0bb19: KeyEvent { action=ACTION_DOWN, keyCode=KEYCODE_BACK, scanCode=0, metaState=0, flags=0x0, repeatCount=0, eventTime=370708, downTime=370708, deviceId=2, source=0x2002 }
V/KeyEvent( 1173): Key down to com.android.settings.Settings@31c1622 in android.view.KeyEvent$DispatcherState@3afd20f5: KeyEvent { action=ACTION_DOWN, keyCode=KEYCODE_BACK, scanCode=0, metaState=0, flags=0x0, repeatCount=0, eventTime=370708, downTime=370708, deviceId=2, source=0x2002 }
V/KeyEvent( 1173):   Start tracking!
V/KeyEvent( 1173): Start trackingt in com.android.settings.Settings@31c1622: android.view.KeyEvent$DispatcherState@3afd20f5
V/KeyEvent(  763): Key up to android.inputmethodservice.InputMethodService$InputMethodSessionImpl@2e67ddbf in android.view.KeyEvent$DispatcherState@6e0bb19: KeyEvent { action=ACTION_UP, keyCode=KEYCODE_BACK, scanCode=0, metaState=0, flags=0x0, repeatCount=0, eventTime=370844, downTime=370844, deviceId=2, source=0x2002 }
V/KeyEvent(  763): Handle key up KeyEvent { action=ACTION_UP, keyCode=KEYCODE_BACK, scanCode=0, metaState=0, flags=0x0, repeatCount=0, eventTime=370844, downTime=370844, deviceId=2, source=0x2002 }: android.view.KeyEvent$DispatcherState@6e0bb19
V/KeyEvent( 1173): Key up to com.android.settings.Settings@31c1622 in android.view.KeyEvent$DispatcherState@3afd20f5: KeyEvent { action=ACTION_UP, keyCode=KEYCODE_BACK, scanCode=0, metaState=0, flags=0x0, repeatCount=0, eventTime=370844, downTime=370844, deviceId=2, source=0x2002 }
V/KeyEvent( 1173): Handle key up KeyEvent { action=ACTION_UP, keyCode=KEYCODE_BACK, scanCode=0, metaState=0, flags=0x0, repeatCount=0, eventTime=370844, downTime=370844, deviceId=2, source=0x2002 }: android.view.KeyEvent$DispatcherState@3afd20f5
V/KeyEvent( 1173):   Tracking!
D/ActivityManagerService(  516): moveHomeStackTaskToTop: moving TaskRecord{2b1c98bb #99 A=com.android.launcher3 U=0 sz=1}
D/WindowManagerService(  516): null  ==========setInputFocusLw ==========  =======
D/DisplayManager(  516): getDisplayInfo: displayId=0, info=DisplayInfo{"内置屏幕", uniqueId "local:0", app 1280 x 672, real 1280 x 720, largest app 1280 x 1207, smallest app 720 x 647, 240.00005 fps, supportedRefreshRates [240.00005], rotation 0, density 160 (160.15764 x 160.42105) dpi, layerStack 0, appVsyncOff 0, presDeadline 5166666, type BUILT_IN, state ON, FLAG_SECURE, FLAG_SUPPORTS_PROTECTED_BUFFERS}
V/KeyEvent( 1173): Reset: android.view.KeyEvent$DispatcherState@3afd20f5
D/ViewRootImpl(  895): 1280<<<<<< BACK FROM relayoutnull
D/WindowManagerService(  516): Window{1516c45e u0 com.android.launcher3/com.android.launcher3.Launcher}  ==========setInputFocusLw ==========  =======
D/ViewRootImpl(  895): 1280<<<<<< BACK FROM relayoutnull
V/KeyEvent(  895): Reset: android.view.KeyEvent$DispatcherState@3267329e
D/DisplayManager(  661): getDisplayInfo: displayId=0, info=DisplayInfo{"内置屏幕", uniqueId "local:0", app 1280 x 672, real 1280 x 720, largest app 1280 x 1207, smallest app 720 x 647, 240.00005 fps, supportedRefreshRates [240.00005], rotation 0, density 160 (160.15764 x 160.42105) dpi, layerStack 0, appVsyncOff 0, presDeadline 5166666, type BUILT_IN, state ON, FLAG_SECURE, FLAG_SUPPORTS_PROTECTED_BUFFERS}
D/DisplayManager(  661): getDisplayInfo: displayId=0, info=DisplayInfo{"内置屏幕", uniqueId "local:0", app 1280 x 672, real 1280 x 720, largest app 1280 x 1207, smallest app 720 x 647, 240.00005 fps, supportedRefreshRates [240.00005], rotation 0, density 160 (160.15764 x 160.42105) dpi, layerStack 0, appVsyncOff 0, presDeadline 5166666, type BUILT_IN, state ON, FLAG_SECURE, FLAG_SUPPORTS_PROTECTED_BUFFERS}
D/ViewRootImpl( 1173): 1280<<<<<< BACK FROM relayoutnull
D/ViewRootImpl( 1173): onDetachedFromWindow ungister contentObserver
W/ResourceType(  661): No package identifier when getting value for resource number 0x00000000
W/PackageManager(  661): Failure retrieving resources for com.android.settings: Resource ID #0x0
I/Heartbeat( 1501): --485>version：10, cmd：2, contenLength：nullsession-----------(0x00000001: nio socket, client, /192.168.1.108:45297 => www.beonehome.com/119.90.39.6:6200)
I/Heartbeat( 1501): --485>version：10, cmd：2, contenLength：0session-----------(0x00000001: nio socket, client, /192.168.1.108:45297 => www.beonehome.com/119.90.39.6:6200)
I/Heartbeat( 1501): <--485version：10, cmd：2, contenLength：0session-----------(0x00000001: nio socket, client, /192.168.1.108:45297 => www.beonehome.com/119.90.39.6:6200)
I/Heartbeat( 1501): --485>version：10, cmd：2, contenLength：0session-----------(0x00000001: nio socket, client, /192.168.1.108:45297 => www.beonehome.com/119.90.39.6:6200)
D/Tag     ( 1501): , flag : ZG, version : 10, contentLen : 0, content : ---(0x00000002: nio socket, client, /192.168.1.108:45579 => www.beonehome.com/119.90.39.6:11367)
I/JXservice( 1287):  action bettary_change  status= 4level= 40
I/JXservice( 1287):  40 
I/JXservice( 1287): AsyncTask onPreExecute() called
I/JXservice( 1287): AsyncTask doInBackground 0
I/JXservice( 1287): mAudioManager.isMusicActive() status= false 
I/JXservice( 1287): AsyncTask doInBackground 1
I/JXservice( 1287): AsyncTask onProgressUpdate 0
I/JXservice( 1287): AsyncTask onPostExecute 1
E/WifiStateMachine(  516): WifiStateMachine CMD_START_SCAN source -2 txSuccessRate=0.37 rxSuccessRate=1.13 targetRoamBSSID=80:89:17:ea:83:16 RSSI=-54
E/WifiStateMachine(  516): startDelayedScan send -> 22 milli 20000
E/WifiStateMachine(  516): WifiStateMachine CMD_START_SCAN with age=140022 interval=101250 maxinterval=300000
E/WifiStateMachine(  516): WifiStateMachine CMD_START_SCAN try full band scan age=140022 interval=101250 maxinterval=300000
E/WifiStateMachine(  516): WifiStateMachine CMD_START_SCAN full=true
E/WifiStateMachine(  516): WifiStateMachine CMD_START_SCAN bump interval =151875
E/WifiStateMachine(  516): [1,517,793,722,126 ms] noteScanstart no scan source uid -2
E/WifiStateMachine(  516): [1,517,793,722,997 ms] noteScanEnd no scan source onTime=0
E/WifiStateMachine(  516): wifi setScanResults statecom.android.server.wifi.WifiStateMachine$ConnectedState@3c75bfac sup_state=COMPLETED debouncing=false mConnectionRequests=1 selection=<none>
I/Heartbeat( 1501): --485>version：10, cmd：2, contenLength：nullsession-----------(0x00000001: nio socket, client, /192.168.1.108:45297 => www.beonehome.com/119.90.39.6:6200)
I/Heartbeat( 1501): --485>version：10, cmd：2, contenLength：0session-----------(0x00000001: nio socket, client, /192.168.1.108:45297 => www.beonehome.com/119.90.39.6:6200)
I/Heartbeat( 1501): <--485version：10, cmd：2, contenLength：0session-----------(0x00000001: nio socket, client, /192.168.1.108:45297 => www.beonehome.com/119.90.39.6:6200)
I/Heartbeat( 1501): --485>version：10, cmd：2, contenLength：0session-----------(0x00000001: nio socket, client, /192.168.1.108:45297 => www.beonehome.com/119.90.39.6:6200)
D/Tag     ( 1501): , flag : ZG, version : 10, contentLen : 0, content : ---(0x00000002: nio socket, client, /192.168.1.108:45579 => www.beonehome.com/119.90.39.6:11367)
I/Heartbeat( 1501): --485>version：10, cmd：2, contenLength：nullsession-----------(0x00000001: nio socket, client, /192.168.1.108:45297 => www.beonehome.com/119.90.39.6:6200)
I/Heartbeat( 1501): --485>version：10, cmd：2, contenLength：0session-----------(0x00000001: nio socket, client, /192.168.1.108:45297 => www.beonehome.com/119.90.39.6:6200)
I/Heartbeat( 1501): <--485version：10, cmd：2, contenLength：0session-----------(0x00000001: nio socket, client, /192.168.1.108:45297 => www.beonehome.com/119.90.39.6:6200)
I/Heartbeat( 1501): --485>version：10, cmd：2, contenLength：0session-----------(0x00000001: nio socket, client, /192.168.1.108:45297 => www.beonehome.com/119.90.39.6:6200)
D/Tag     ( 1501): , flag : ZG, version : 10, contentLen : 0, content : ---(0x00000002: nio socket, client, /192.168.1.108:45579 => www.beonehome.com/119.90.39.6:11367)
E/WifiStateMachine(  516): WifiStateMachine CMD_START_SCAN source -2 txSuccessRate=1.98 rxSuccessRate=1.16 targetRoamBSSID=80:89:17:ea:83:16 RSSI=-52
E/WifiStateMachine(  516): startDelayedScan send -> 23 milli 20000
E/WifiStateMachine(  516): WifiStateMachine CMD_START_SCAN with age=20003 interval=151875 maxinterval=300000
E/WifiStateMachine(  516): WifiStateMachine CMD_START_SCAN full=false
E/WifiStateMachine(  516): WifiStateMachine starting scan for "WF-TEST"WPA_PSK with 2437
E/WifiStateMachine(  516): [1,517,793,742,129 ms] noteScanstart no scan source uid -2
E/WifiStateMachine(  516): [1,517,793,742,346 ms] noteScanEnd no scan source onTime=0
E/WifiStateMachine(  516): wifi setScanResults statecom.android.server.wifi.WifiStateMachine$ConnectedState@3c75bfac sup_state=COMPLETED debouncing=false mConnectionRequests=1 selection=<none>
I/Heartbeat( 1501): --485>version：10, cmd：2, contenLength：nullsession-----------(0x00000001: nio socket, client, /192.168.1.108:45297 => www.beonehome.com/119.90.39.6:6200)
I/Heartbeat( 1501): --485>version：10, cmd：2, contenLength：0session-----------(0x00000001: nio socket, client, /192.168.1.108:45297 => www.beonehome.com/119.90.39.6:6200)
I/Heartbeat( 1501): <--485version：10, cmd：2, contenLength：0session-----------(0x00000001: nio socket, client, /192.168.1.108:45297 => www.beonehome.com/119.90.39.6:6200)
I/Heartbeat( 1501): --485>version：10, cmd：2, contenLength：0session-----------(0x00000001: nio socket, client, /192.168.1.108:45297 => www.beonehome.com/119.90.39.6:6200)
D/Tag     ( 1501): , flag : ZG, version : 10, contentLen : 0, content : ---(0x00000002: nio socket, client, /192.168.1.108:45579 => www.beonehome.com/119.90.39.6:11367)
I/ActivityStackSupervisor(  516): START u0 {act=android.intent.action.MAIN cat=[android.intent.category.LAUNCHER] flg=0x10200000 cmp=com.cn.cae/.MainActivity (has extras)} from uid 10036 on display 0
I/System.out(  516): com.cn.cae.MainActivityaddAppToken taskId:106
W/AppOps  (  516): Bad call: specified package media under uid 1000 but it is really 1013
D/AudioHardwareALSA(  176): AudioHardwareALSA::setVoiceVolume volume = 0.000000
D/AudioHardwareALSA(  176): ALSAMixer::setVolume left = 0.000000 , right = 0.000000
D/AudioHardwareALSA(  176): ALSAMixer::setVolume new *** left = 0.800000 , right = 0.800000
D/WindowManagerService(  516): null  ==========setInputFocusLw ==========  =======
D/DisplayManager(  516): getDisplayInfo: displayId=0, info=DisplayInfo{"内置屏幕", uniqueId "local:0", app 1280 x 672, real 1280 x 720, largest app 1280 x 1207, smallest app 720 x 647, 240.00005 fps, supportedRefreshRates [240.00005], rotation 0, density 160 (160.15764 x 160.42105) dpi, layerStack 0, appVsyncOff 0, presDeadline 5166666, type BUILT_IN, state ON, FLAG_SECURE, FLAG_SUPPORTS_PROTECTED_BUFFERS}
D/PhoneWindow(  516): DecorView - SCREEN_WEITH = 1280 - SCREE_HEIGHT = 672
I/AudioStreamOutALSA(  176): Audio exiting sandby will open audio device
E/AudioStreamOutALSA(  176): curDev =0x400,, curMode =0, mCurDev = 0x400
W/AppOps  (  516): Bad call: specified package media under uid 1000 but it is really 1013
D/DisplayManager(  516): getDisplayInfo: displayId=0, info=DisplayInfo{"内置屏幕", uniqueId "local:0", app 1280 x 672, real 1280 x 720, largest app 1280 x 1207, smallest app 720 x 647, 240.00005 fps, supportedRefreshRates [240.00005], rotation 0, density 160 (160.15764 x 160.42105) dpi, layerStack 0, appVsyncOff 0, presDeadline 5166666, type BUILT_IN, state ON, FLAG_SECURE, FLAG_SUPPORTS_PROTECTED_BUFFERS}
V/WindowManagerService(  516): Adding window Window{2a126439 u0 Starting com.cn.cae} at 2 of 4 (after Window{1516c45e u0 com.android.launcher3/com.android.launcher3.Launcher})
D/ViewRootImpl(  516): onAttachToWindow register content observer attrs=WM.LayoutParams{(0,0)(fillxfill)mPosX=0mPosY=0mHScale=1.0mVScale=1.0 align=UNDEFINE taskId=106 ty=3 fl=#1830118 pfl=0x11 fmt=-3 wanim=0x1030001 surfaceInsets=Rect(0, 0 - 0, 0) needsMenuKey=2packageName=com.cn.caetoken=Token{a1b50b ActivityRecord{3c682cda u0 com.cn.cae/.MainActivity t106}}}
D/ViewRootImpl(  516): 1280<<<<<< BACK FROM relayoutWM.LayoutParams{(0,0)(fillxfill)mPosX=0mPosY=0mHScale=1.0mVScale=1.0 align=UNDEFINE taskId=106 sim=#20 ty=3 fl=#1830118 pfl=0x11 fmt=-3 wanim=0x1030001 surfaceInsets=Rect(0, 0 - 0, 0) needsMenuKey=2packageName=com.cn.caetoken=Token{a1b50b ActivityRecord{3c682cda u0 com.cn.cae/.MainActivity t106}}}
I/art     ( 2064): Late-enabling -Xcheck:jni
I/ActivityManagerService(  516): Start proc 2064:com.cn.cae/u0a64 for activity com.cn.cae/.MainActivity
V/KeyEvent(  895): Reset: android.view.KeyEvent$DispatcherState@3267329e
V/ALSAModule(  176): SAMPLERATE:48000
E/ALSAModule(  176): buffersize: 1536, periodsize:512
V/ALSAModule(  176): Set PLAYBACK PCM format to S16_LE (Signed 16 bit Little Endian)
V/ALSAModule(  176): Using 2 channels for PLAYBACK.
V/ALSAModule(  176): Set PLAYBACK sample rate to 48000 HZ
V/ALSAModule(  176): SAMPLERATE:48000
E/ALSAModule(  176): buffersize: 1536, periodsize:512
V/ALSAModule(  176): Set PLAYBACK PCM format to S16_LE (Signed 16 bit Little Endian)
V/ALSAModule(  176): Using 2 channels for PLAYBACK.
V/ALSAModule(  176): Set PLAYBACK sample rate to 48000 HZ
D/DisplayManager( 2064): getDisplayInfo: displayId=0, info=DisplayInfo{"内置屏幕", uniqueId "local:0", app 1280 x 672, real 1280 x 720, largest app 1280 x 1207, smallest app 720 x 647, 240.00005 fps, supportedRefreshRates [240.00005], rotation 0, density 160 (160.15764 x 160.42105) dpi, layerStack 0, appVsyncOff 0, presDeadline 5166666, type BUILT_IN, state ON, FLAG_SECURE, FLAG_SUPPORTS_PROTECTED_BUFFERS}
D/ViewRootImpl(  895): 1280<<<<<< BACK FROM relayoutnull
D/DisplayManager( 2064): getDisplayInfo: displayId=0, info=DisplayInfo{"内置屏幕", uniqueId "local:0", app 1280 x 672, real 1280 x 720, largest app 1280 x 1207, smallest app 720 x 647, 240.00005 fps, supportedRefreshRates [240.00005], rotation 0, density 160 (160.15764 x 160.42105) dpi, layerStack 0, appVsyncOff 0, presDeadline 5166666, type BUILT_IN, state ON, FLAG_SECURE, FLAG_SUPPORTS_PROTECTED_BUFFERS}
D/ViewRootImpl(  895): 1280<<<<<< BACK FROM relayoutnull
D/DisplayManager( 2064): getDisplayInfo: displayId=0, info=DisplayInfo{"内置屏幕", uniqueId "local:0", app 1280 x 672, real 1280 x 720, largest app 1280 x 1207, smallest app 720 x 647, 240.00005 fps, supportedRefreshRates [240.00005], rotation 0, density 160 (160.15764 x 160.42105) dpi, layerStack 0, appVsyncOff 0, presDeadline 5166666, type BUILT_IN, state ON, FLAG_SECURE, FLAG_SUPPORTS_PROTECTED_BUFFERS}
D/DisplayManager( 2064): getDisplayInfo: displayId=0, info=DisplayInfo{"内置屏幕", uniqueId "local:0", app 1280 x 672, real 1280 x 720, largest app 1280 x 1207, smallest app 720 x 647, 240.00005 fps, supportedRefreshRates [240.00005], rotation 0, density 160 (160.15764 x 160.42105) dpi, layerStack 0, appVsyncOff 0, presDeadline 5166666, type BUILT_IN, state ON, FLAG_SECURE, FLAG_SUPPORTS_PROTECTED_BUFFERS}
D/DisplayManager( 2064): getDisplayInfo: displayId=0, info=DisplayInfo{"内置屏幕", uniqueId "local:0", app 1280 x 672, real 1280 x 720, largest app 1280 x 1207, smallest app 720 x 647, 240.00005 fps, supportedRefreshRates [240.00005], rotation 0, density 160 (160.15764 x 160.42105) dpi, layerStack 0, appVsyncOff 0, presDeadline 5166666, type BUILT_IN, state ON, FLAG_SECURE, FLAG_SUPPORTS_PROTECTED_BUFFERS}
D/DisplayManager( 2064): getDisplayInfo: displayId=0, info=DisplayInfo{"内置屏幕", uniqueId "local:0", app 1280 x 672, real 1280 x 720, largest app 1280 x 1207, smallest app 720 x 647, 240.00005 fps, supportedRefreshRates [240.00005], rotation 0, density 160 (160.15764 x 160.42105) dpi, layerStack 0, appVsyncOff 0, presDeadline 5166666, type BUILT_IN, state ON, FLAG_SECURE, FLAG_SUPPORTS_PROTECTED_BUFFERS}
D/DisplayManager( 2064): getDisplayInfo: displayId=0, info=DisplayInfo{"内置屏幕", uniqueId "local:0", app 1280 x 672, real 1280 x 720, largest app 1280 x 1207, smallest app 720 x 647, 240.00005 fps, supportedRefreshRates [240.00005], rotation 0, density 160 (160.15764 x 160.42105) dpi, layerStack 0, appVsyncOff 0, presDeadline 5166666, type BUILT_IN, state ON, FLAG_SECURE, FLAG_SUPPORTS_PROTECTED_BUFFERS}
D/PhoneWindow( 2064): DecorView - SCREEN_WEITH = 1280 - SCREE_HEIGHT = 672
I/CAEDemo ( 2064): onCreate...
D/DisplayManager(  661): getDisplayInfo: displayId=0, info=DisplayInfo{"内置屏幕", uniqueId "local:0", app 1280 x 672, real 1280 x 720, largest app 1280 x 1207, smallest app 720 x 647, 240.00005 fps, supportedRefreshRates [240.00005], rotation 0, density 160 (160.15764 x 160.42105) dpi, layerStack 0, appVsyncOff 0, presDeadline 5166666, type BUILT_IN, state ON, FLAG_SECURE, FLAG_SUPPORTS_PROTECTED_BUFFERS}
D/DisplayManager( 2064): getDisplayInfo: displayId=0, info=DisplayInfo{"内置屏幕", uniqueId "local:0", app 1280 x 672, real 1280 x 720, largest app 1280 x 1207, smallest app 720 x 647, 240.00005 fps, supportedRefreshRates [240.00005], rotation 0, density 160 (160.15764 x 160.42105) dpi, layerStack 0, appVsyncOff 0, presDeadline 5166666, type BUILT_IN, state ON, FLAG_SECURE, FLAG_SUPPORTS_PROTECTED_BUFFERS}
D/DisplayManager( 2064): getDisplayInfo: displayId=0, info=DisplayInfo{"内置屏幕", uniqueId "local:0", app 1280 x 672, real 1280 x 720, largest app 1280 x 1207, smallest app 720 x 647, 240.00005 fps, supportedRefreshRates [240.00005], rotation 0, density 160 (160.15764 x 160.42105) dpi, layerStack 0, appVsyncOff 0, presDeadline 5166666, type BUILT_IN, state ON, FLAG_SECURE, FLAG_SUPPORTS_PROTECTED_BUFFERS}
D/OpenGLRenderer( 2064): Use EGL_SWAP_BEHAVIOR_PRESERVED: false
I/[Gralloc]( 2064):  ion device open success! fd = 28
D/Atlas   ( 2064): Validating map...
W/Atlas   ( 2064): Pointer 0x0, not in getPreloadedDrawables?
W/Atlas   ( 2064): Pointer 0x0, not in getPreloadedDrawables?
W/Atlas   ( 2064): Pointer 0x0, not in getPreloadedDrawables?
W/Atlas   ( 2064): Pointer 0x0, not in getPreloadedDrawables?
W/Atlas   ( 2064): Pointer 0x0, not in getPreloadedDrawables?
W/Atlas   ( 2064): Pointer 0x0, not in getPreloadedDrawables?
W/Atlas   ( 2064): Pointer 0x0, not in getPreloadedDrawables?
W/Atlas   ( 2064): Pointer 0x0, not in getPreloadedDrawables?
W/Atlas   ( 2064): Pointer 0x0, not in getPreloadedDrawables?
W/Atlas   ( 2064): Pointer 0x0, not in getPreloadedDrawables?
W/Atlas   ( 2064): Pointer 0x0, not in getPreloadedDrawables?
W/Atlas   ( 2064): Pointer 0x0, not in getPreloadedDrawables?
W/Atlas   ( 2064): Pointer 0x0, not in getPreloadedDrawables?
W/Atlas   ( 2064): Pointer 0x0, not in getPreloadedDrawables?
W/Atlas   ( 2064): Pointer 0x0, not in getPreloadedDrawables?
W/Atlas   ( 2064): Pointer 0x0, not in getPreloadedDrawables?
W/Atlas   ( 2064): Pointer 0x0, not in getPreloadedDrawables?
W/Atlas   ( 2064): Pointer 0x0, not in getPreloadedDrawables?
W/Atlas   ( 2064): Pointer 0x0, not in getPreloadedDrawables?
W/Atlas   ( 2064): Pointer 0x0, not in getPreloadedDrawables?
W/Atlas   ( 2064): Pointer 0x0, not in getPreloadedDrawables?
W/Atlas   ( 2064): Pointer 0x0, not in getPreloadedDrawables?
W/Atlas   ( 2064): Pointer 0x0, not in getPreloadedDrawables?
W/Atlas   ( 2064): Pointer 0x0, not in getPreloadedDrawables?
W/Atlas   ( 2064): Pointer 0x0, not in getPreloadedDrawables?
W/Atlas   ( 2064): Pointer 0x0, not in getPreloadedDrawables?
W/Atlas   ( 2064): Pointer 0x0, not in getPreloadedDrawables?
W/Atlas   ( 2064): Pointer 0x0, not in getPreloadedDrawables?
W/Atlas   ( 2064): Pointer 0x0, not in getPreloadedDrawables?
W/Atlas   ( 2064): Pointer 0x0, not in getPreloadedDrawables?
W/Atlas   ( 2064): Pointer 0x0, not in getPreloadedDrawables?
W/Atlas   ( 2064): Pointer 0x0, not in getPreloadedDrawables?
W/Atlas   ( 2064): Pointer 0x0, not in getPreloadedDrawables?
W/Atlas   ( 2064): Pointer 0x0, not in getPreloadedDrawables?
W/Atlas   ( 2064): Pointer 0x0, not in getPreloadedDrawables?
W/Atlas   ( 2064): Pointer 0x0, not in getPreloadedDrawables?
W/Atlas   ( 2064): Pointer 0x0, not in getPreloadedDrawables?
W/Atlas   ( 2064): Pointer 0x0, not in getPreloadedDrawables?
W/Atlas   ( 2064): Pointer 0x0, not in getPreloadedDrawables?
W/Atlas   ( 2064): Pointer 0x0, not in getPreloadedDrawables?
W/Atlas   ( 2064): Pointer 0x0, not in getPreloadedDrawables?
W/Atlas   ( 2064): Pointer 0x0, not in getPreloadedDrawables?
W/Atlas   ( 2064): Pointer 0x0, not in getPreloadedDrawables?
W/Atlas   ( 2064): Pointer 0x0, not in getPreloadedDrawables?
W/Atlas   ( 2064): Pointer 0x0, not in getPreloadedDrawables?
W/Atlas   ( 2064): Pointer 0x0, not in getPreloadedDrawables?
W/Atlas   ( 2064): Pointer 0x0, not in getPreloadedDrawables?
W/Atlas   ( 2064): Pointer 0x0, not in getPreloadedDrawables?
W/Atlas   ( 2064): Pointer 0x0, not in getPreloadedDrawables?
W/Atlas   ( 2064): Pointer 0x0, not in getPreloadedDrawables?
W/Atlas   ( 2064): Pointer 0x0, not in getPreloadedDrawables?
W/Atlas   ( 2064): Pointer 0x0, not in getPreloadedDrawables?
W/Atlas   ( 2064): Pointer 0x0, not in getPreloadedDrawables?
W/Atlas   ( 2064): Pointer 0x0, not in getPreloadedDrawables?
W/Atlas   ( 2064): Pointer 0x0, not in getPreloadedDrawables?
W/Atlas   ( 2064): Pointer 0x0, not in getPreloadedDrawables?
W/Atlas   ( 2064): Pointer 0x0, not in getPreloadedDrawables?
W/Atlas   ( 2064): Pointer 0x0, not in getPreloadedDrawables?
W/Atlas   ( 2064): Pointer 0x0, not in getPreloadedDrawables?
W/Atlas   ( 2064): Pointer 0x0, not in getPreloadedDrawables?
W/Atlas   ( 2064): Pointer 0x0, not in getPreloadedDrawables?
W/Atlas   ( 2064): Pointer 0x0, not in getPreloadedDrawables?
W/Atlas   ( 2064): Pointer 0x0, not in getPreloadedDrawables?
W/Atlas   ( 2064): Pointer 0x0, not in getPreloadedDrawables?
W/Atlas   ( 2064): Pointer 0x0, not in getPreloadedDrawables?
W/Atlas   ( 2064): Pointer 0x0, not in getPreloadedDrawables?
W/Atlas   ( 2064): Pointer 0x0, not in getPreloadedDrawables?
W/Atlas   ( 2064): Pointer 0x0, not in getPreloadedDrawables?
W/Atlas   ( 2064): Pointer 0x0, not in getPreloadedDrawables?
W/Atlas   ( 2064): Pointer 0x0, not in getPreloadedDrawables?
W/Atlas   ( 2064): Pointer 0x0, not in getPreloadedDrawables?
W/Atlas   ( 2064): Pointer 0x0, not in getPreloadedDrawables?
W/Atlas   ( 2064): Pointer 0x0, not in getPreloadedDrawables?
W/Atlas   ( 2064): Pointer 0x0, not in getPreloadedDrawables?
W/Atlas   ( 2064): Pointer 0x0, not in getPreloadedDrawables?
W/Atlas   ( 2064): Pointer 0x0, not in getPreloadedDrawables?
W/Atlas   ( 2064): Pointer 0x0, not in getPreloadedDrawables?
W/Atlas   ( 2064): Pointer 0x0, not in getPreloadedDrawables?
W/Atlas   ( 2064): Pointer 0x0, not in getPreloadedDrawables?
W/Atlas   ( 2064): Pointer 0x0, not in getPreloadedDrawables?
W/Atlas   ( 2064): Pointer 0x0, not in getPreloadedDrawables?
W/Atlas   ( 2064): Pointer 0x0, not in getPreloadedDrawables?
W/Atlas   ( 2064): Pointer 0x0, not in getPreloadedDrawables?
W/Atlas   ( 2064): Pointer 0x0, not in getPreloadedDrawables?
W/Atlas   ( 2064): Pointer 0x0, not in getPreloadedDrawables?
W/Atlas   ( 2064): Pointer 0x0, not in getPreloadedDrawables?
W/Atlas   ( 2064): Pointer 0x0, not in getPreloadedDrawables?
W/Atlas   ( 2064): Pointer 0x0, not in getPreloadedDrawables?
W/Atlas   ( 2064): Pointer 0x0, not in getPreloadedDrawables?
W/Atlas   ( 2064): Pointer 0x0, not in getPreloadedDrawables?
W/Atlas   ( 2064): Pointer 0x0, not in getPreloadedDrawables?
W/Atlas   ( 2064): Pointer 0x0, not in getPreloadedDrawables?
W/Atlas   ( 2064): Pointer 0x0, not in getPreloadedDrawables?
W/Atlas   ( 2064): Pointer 0x0, not in getPreloadedDrawables?
W/Atlas   ( 2064): Pointer 0x0, not in getPreloadedDrawables?
W/Atlas   ( 2064): Pointer 0x0, not in getPreloadedDrawables?
W/Atlas   ( 2064): Pointer 0x0, not in getPreloadedDrawables?
W/Atlas   ( 2064): Pointer 0x0, not in getPreloadedDrawables?
W/Atlas   ( 2064): Pointer 0x0, not in getPreloadedDrawables?
W/Atlas   ( 2064): Pointer 0x0, not in getPreloadedDrawables?
W/Atlas   ( 2064): Pointer 0x0, not in getPreloadedDrawables?
W/Atlas   ( 2064): Pointer 0x0, not in getPreloadedDrawables?
W/Atlas   ( 2064): Pointer 0x0, not in getPreloadedDrawables?
W/Atlas   ( 2064): Pointer 0x0, not in getPreloadedDrawables?
W/Atlas   ( 2064): Pointer 0x0, not in getPreloadedDrawables?
W/Atlas   ( 2064): Pointer 0x0, not in getPreloadedDrawables?
W/Atlas   ( 2064): Pointer 0x0, not in getPreloadedDrawables?
W/Atlas   ( 2064): Pointer 0x0, not in getPreloadedDrawables?
W/Atlas   ( 2064): Pointer 0x0, not in getPreloadedDrawables?
W/Atlas   ( 2064): Pointer 0x0, not in getPreloadedDrawables?
W/Atlas   ( 2064): Pointer 0x0, not in getPreloadedDrawables?
W/Atlas   ( 2064): Pointer 0x0, not in getPreloadedDrawables?
W/Atlas   ( 2064): Pointer 0x0, not in getPreloadedDrawables?
W/Atlas   ( 2064): Pointer 0x0, not in getPreloadedDrawables?
W/Atlas   ( 2064): Pointer 0x0, not in getPreloadedDrawables?
W/Atlas   ( 2064): Pointer 0x0, not in getPreloadedDrawables?
W/Atlas   ( 2064): Pointer 0x0, not in getPreloadedDrawables?
W/Atlas   ( 2064): Pointer 0x0, not in getPreloadedDrawables?
W/Atlas   ( 2064): Pointer 0x0, not in getPreloadedDrawables?
W/Atlas   ( 2064): Pointer 0x0, not in getPreloadedDrawables?
W/Atlas   ( 2064): Pointer 0x0, not in getPreloadedDrawables?
W/Atlas   ( 2064): Pointer 0x0, not in getPreloadedDrawables?
W/Atlas   ( 2064): Pointer 0x0, not in getPreloadedDrawables?
