W/Atlas   ( 2064): Pointer 0x0, not in getPreloadedDrawables?
W/Atlas   ( 2064): Pointer 0x0, not in getPreloadedDrawables?
W/Atlas   ( 2064): Pointer 0x0, not in getPreloadedDrawables?
W/Atlas   ( 2064): Pointer 0x0, not in getPreloadedDrawables?
W/Atlas   ( 2064): Pointer 0x0, not in getPreloadedDrawables?
W/Atlas   ( 2064): Pointer 0x0, not in getPreloadedDrawables?
W/Atlas   ( 2064): Pointer 0x0, not in getPreloadedDrawables?
W/Atlas   ( 2064): Pointer 0x0, not in getPreloadedDrawables?
W/Atlas   ( 2064): Pointer 0x0, not in getPreloadedDrawables?
W/Atlas   ( 2064): Pointer 0x0, not in getPreloadedDrawables?
W/Atlas   ( 2064): Pointer 0x0, not in getPreloadedDrawables?
W/Atlas   ( 2064): Pointer 0x0, not in getPreloadedDrawables?
W/Atlas   ( 2064): Pointer 0x0, not in getPreloadedDrawables?
W/Atlas   ( 2064): Pointer 0x0, not in getPreloadedDrawables?
W/Atlas   ( 2064): Pointer 0x0, not in getPreloadedDrawables?
W/Atlas   ( 2064): Pointer 0x0, not in getPreloadedDrawables?
W/Atlas   ( 2064): Pointer 0x0, not in getPreloadedDrawables?
W/Atlas   ( 2064): Pointer 0x0, not in getPreloadedDrawables?
W/Atlas   ( 2064): Pointer 0x0, not in getPreloadedDrawables?
W/Atlas   ( 2064): Pointer 0x0, not in getPreloadedDrawables?
W/Atlas   ( 2064): Pointer 0x0, not in getPreloadedDrawables?
W/Atlas   ( 2064): Pointer 0x0, not in getPreloadedDrawables?
W/Atlas   ( 2064): Pointer 0x0, not in getPreloadedDrawables?
W/Atlas   ( 2064): Pointer 0x0, not in getPreloadedDrawables?
W/Atlas   ( 2064): Pointer 0x0, not in getPreloadedDrawables?
W/Atlas   ( 2064): Pointer 0x0, not in getPreloadedDrawables?
W/Atlas   ( 2064): Pointer 0x0, not in getPreloadedDrawables?
W/Atlas   ( 2064): Pointer 0x0, not in getPreloadedDrawables?
W/Atlas   ( 2064): Pointer 0x0, not in getPreloadedDrawables?
W/Atlas   ( 2064): Pointer 0x0, not in getPreloadedDrawables?
W/Atlas   ( 2064): Pointer 0x0, not in getPreloadedDrawables?
W/Atlas   ( 2064): Pointer 0x0, not in getPreloadedDrawables?
W/Atlas   ( 2064): Pointer 0x0, not in getPreloadedDrawables?
W/Atlas   ( 2064): Pointer 0x0, not in getPreloadedDrawables?
W/Atlas   ( 2064): Pointer 0x0, not in getPreloadedDrawables?
W/Atlas   ( 2064): Pointer 0x0, not in getPreloadedDrawables?
W/Atlas   ( 2064): Pointer 0x0, not in getPreloadedDrawables?
W/Atlas   ( 2064): Pointer 0x0, not in getPreloadedDrawables?
W/Atlas   ( 2064): Pointer 0x0, not in getPreloadedDrawables?
W/Atlas   ( 2064): Pointer 0x0, not in getPreloadedDrawables?
W/Atlas   ( 2064): Pointer 0x0, not in getPreloadedDrawables?
W/Atlas   ( 2064): Pointer 0x0, not in getPreloadedDrawables?
W/Atlas   ( 2064): Pointer 0x0, not in getPreloadedDrawables?
W/Atlas   ( 2064): Pointer 0x0, not in getPreloadedDrawables?
W/Atlas   ( 2064): Pointer 0x0, not in getPreloadedDrawables?
W/Atlas   ( 2064): Pointer 0x0, not in getPreloadedDrawables?
W/Atlas   ( 2064): Pointer 0x0, not in getPreloadedDrawables?
W/Atlas   ( 2064): Pointer 0x0, not in getPreloadedDrawables?
W/Atlas   ( 2064): Pointer 0x0, not in getPreloadedDrawables?
W/Atlas   ( 2064): Pointer 0x0, not in getPreloadedDrawables?
W/Atlas   ( 2064): Pointer 0x0, not in getPreloadedDrawables?
W/Atlas   ( 2064): Pointer 0x0, not in getPreloadedDrawables?
W/Atlas   ( 2064): Pointer 0x0, not in getPreloadedDrawables?
W/Atlas   ( 2064): Pointer 0x0, not in getPreloadedDrawables?
W/Atlas   ( 2064): Pointer 0x0, not in getPreloadedDrawables?
W/Atlas   ( 2064): Pointer 0x0, not in getPreloadedDrawables?
W/Atlas   ( 2064): Pointer 0x0, not in getPreloadedDrawables?
W/Atlas   ( 2064): Pointer 0x0, not in getPreloadedDrawables?
W/Atlas   ( 2064): Pointer 0x0, not in getPreloadedDrawables?
W/Atlas   ( 2064): Pointer 0x0, not in getPreloadedDrawables?
W/Atlas   ( 2064): Pointer 0x0, not in getPreloadedDrawables?
W/Atlas   ( 2064): Pointer 0x0, not in getPreloadedDrawables?
W/Atlas   ( 2064): Pointer 0x0, not in getPreloadedDrawables?
W/Atlas   ( 2064): Pointer 0x0, not in getPreloadedDrawables?
W/Atlas   ( 2064): Pointer 0x0, not in getPreloadedDrawables?
W/Atlas   ( 2064): Pointer 0x0, not in getPreloadedDrawables?
W/Atlas   ( 2064): Pointer 0x0, not in getPreloadedDrawables?
W/Atlas   ( 2064): Pointer 0x0, not in getPreloadedDrawables?
W/Atlas   ( 2064): Pointer 0x0, not in getPreloadedDrawables?
W/Atlas   ( 2064): Pointer 0x0, not in getPreloadedDrawables?
W/Atlas   ( 2064): Pointer 0x0, not in getPreloadedDrawables?
W/Atlas   ( 2064): Pointer 0x0, not in getPreloadedDrawables?
W/Atlas   ( 2064): Pointer 0x0, not in getPreloadedDrawables?
W/Atlas   ( 2064): Pointer 0x0, not in getPreloadedDrawables?
W/Atlas   ( 2064): Pointer 0x0, not in getPreloadedDrawables?
W/Atlas   ( 2064): Pointer 0x0, not in getPreloadedDrawables?
W/Atlas   ( 2064): Pointer 0x0, not in getPreloadedDrawables?
W/Atlas   ( 2064): Pointer 0x0, not in getPreloadedDrawables?
W/Atlas   ( 2064): Pointer 0x0, not in getPreloadedDrawables?
W/Atlas   ( 2064): Pointer 0x0, not in getPreloadedDrawables?
W/Atlas   ( 2064): Pointer 0x0, not in getPreloadedDrawables?
W/Atlas   ( 2064): Pointer 0x0, not in getPreloadedDrawables?
W/Atlas   ( 2064): Pointer 0x0, not in getPreloadedDrawables?
W/Atlas   ( 2064): Pointer 0x0, not in getPreloadedDrawables?
W/Atlas   ( 2064): Pointer 0x0, not in getPreloadedDrawables?
W/Atlas   ( 2064): Pointer 0x0, not in getPreloadedDrawables?
W/Atlas   ( 2064): Pointer 0x0, not in getPreloadedDrawables?
W/Atlas   ( 2064): Pointer 0x0, not in getPreloadedDrawables?
W/Atlas   ( 2064): Pointer 0x0, not in getPreloadedDrawables?
W/Atlas   ( 2064): Pointer 0x0, not in getPreloadedDrawables?
W/Atlas   ( 2064): Pointer 0x0, not in getPreloadedDrawables?
W/Atlas   ( 2064): Pointer 0x0, not in getPreloadedDrawables?
W/Atlas   ( 2064): Pointer 0x0, not in getPreloadedDrawables?
W/Atlas   ( 2064): Pointer 0x0, not in getPreloadedDrawables?
W/Atlas   ( 2064): Pointer 0x0, not in getPreloadedDrawables?
W/Atlas   ( 2064): Pointer 0x0, not in getPreloadedDrawables?
W/Atlas   ( 2064): Pointer 0x0, not in getPreloadedDrawables?
W/Atlas   ( 2064): Pointer 0x0, not in getPreloadedDrawables?
W/Atlas   ( 2064): Pointer 0x0, not in getPreloadedDrawables?
W/Atlas   ( 2064): Pointer 0x0, not in getPreloadedDrawables?
W/Atlas   ( 2064): Pointer 0x0, not in getPreloadedDrawables?
W/Atlas   ( 2064): Pointer 0x0, not in getPreloadedDrawables?
W/Atlas   ( 2064): Pointer 0x0, not in getPreloadedDrawables?
W/Atlas   ( 2064): Pointer 0x0, not in getPreloadedDrawables?
W/Atlas   ( 2064): Pointer 0x0, not in getPreloadedDrawables?
W/Atlas   ( 2064): Pointer 0x0, not in getPreloadedDrawables?
W/Atlas   ( 2064): Pointer 0x0, not in getPreloadedDrawables?
W/Atlas   ( 2064): Pointer 0x0, not in getPreloadedDrawables?
W/Atlas   ( 2064): Pointer 0x0, not in getPreloadedDrawables?
W/Atlas   ( 2064): Pointer 0x0, not in getPreloadedDrawables?
W/Atlas   ( 2064): Pointer 0x0, not in getPreloadedDrawables?
W/Atlas   ( 2064): Pointer 0x0, not in getPreloadedDrawables?
W/Atlas   ( 2064): Pointer 0x0, not in getPreloadedDrawables?
W/Atlas   ( 2064): Pointer 0x0, not in getPreloadedDrawables?
W/Atlas   ( 2064): Pointer 0x0, not in getPreloadedDrawables?
W/Atlas   ( 2064): Pointer 0x0, not in getPreloadedDrawables?
W/Atlas   ( 2064): Pointer 0x0, not in getPreloadedDrawables?
W/Atlas   ( 2064): Pointer 0x0, not in getPreloadedDrawables?
W/Atlas   ( 2064): Pointer 0x0, not in getPreloadedDrawables?
W/Atlas   ( 2064): Pointer 0x0, not in getPreloadedDrawables?
W/Atlas   ( 2064): Pointer 0x0, not in getPreloadedDrawables?
W/Atlas   ( 2064): Pointer 0x0, not in getPreloadedDrawables?
W/Atlas   ( 2064): Pointer 0x0, not in getPreloadedDrawables?
W/Atlas   ( 2064): Pointer 0x0, not in getPreloadedDrawables?
W/Atlas   ( 2064): Pointer 0x0, not in getPreloadedDrawables?
W/Atlas   ( 2064): Pointer 0x0, not in getPreloadedDrawables?
W/Atlas   ( 2064): Pointer 0x0, not in getPreloadedDrawables?
W/Atlas   ( 2064): Pointer 0x0, not in getPreloadedDrawables?
W/Atlas   ( 2064): Pointer 0x0, not in getPreloadedDrawables?
W/Atlas   ( 2064): Pointer 0x0, not in getPreloadedDrawables?
W/Atlas   ( 2064): Pointer 0x0, not in getPreloadedDrawables?
W/Atlas   ( 2064): Pointer 0x0, not in getPreloadedDrawables?
W/Atlas   ( 2064): Pointer 0x0, not in getPreloadedDrawables?
W/Atlas   ( 2064): Pointer 0x0, not in getPreloadedDrawables?
W/Atlas   ( 2064): Pointer 0x0, not in getPreloadedDrawables?
W/Atlas   ( 2064): Pointer 0x0, not in getPreloadedDrawables?
W/Atlas   ( 2064): Pointer 0x0, not in getPreloadedDrawables?
W/Atlas   ( 2064): Pointer 0x0, not in getPreloadedDrawables?
W/Atlas   ( 2064): Pointer 0x0, not in getPreloadedDrawables?
W/Atlas   ( 2064): Pointer 0x0, not in getPreloadedDrawables?
W/Atlas   ( 2064): Pointer 0x0, not in getPreloadedDrawables?
W/Atlas   ( 2064): Pointer 0x0, not in getPreloadedDrawables?
W/Atlas   ( 2064): Pointer 0x0, not in getPreloadedDrawables?
W/Atlas   ( 2064): Pointer 0x0, not in getPreloadedDrawables?
W/Atlas   ( 2064): Pointer 0x0, not in getPreloadedDrawables?
W/Atlas   ( 2064): Pointer 0x0, not in getPreloadedDrawables?
W/Atlas   ( 2064): Pointer 0x0, not in getPreloadedDrawables?
W/Atlas   ( 2064): Pointer 0x0, not in getPreloadedDrawables?
W/Atlas   ( 2064): Pointer 0x0, not in getPreloadedDrawables?
W/Atlas   ( 2064): Pointer 0x0, not in getPreloadedDrawables?
W/Atlas   ( 2064): Pointer 0x0, not in getPreloadedDrawables?
W/Atlas   ( 2064): Pointer 0x0, not in getPreloadedDrawables?
W/Atlas   ( 2064): Pointer 0x0, not in getPreloadedDrawables?
W/Atlas   ( 2064): Pointer 0x0, not in getPreloadedDrawables?
W/Atlas   ( 2064): Pointer 0x0, not in getPreloadedDrawables?
W/Atlas   ( 2064): Pointer 0x0, not in getPreloadedDrawables?
W/Atlas   ( 2064): Pointer 0x0, not in getPreloadedDrawables?
W/Atlas   ( 2064): Pointer 0x0, not in getPreloadedDrawables?
W/Atlas   ( 2064): Pointer 0x0, not in getPreloadedDrawables?
W/Atlas   ( 2064): Pointer 0x0, not in getPreloadedDrawables?
W/Atlas   ( 2064): Pointer 0x0, not in getPreloadedDrawables?
W/Atlas   ( 2064): Pointer 0x0, not in getPreloadedDrawables?
W/Atlas   ( 2064): Pointer 0x0, not in getPreloadedDrawables?
W/Atlas   ( 2064): Pointer 0x0, not in getPreloadedDrawables?
W/Atlas   ( 2064): Pointer 0x0, not in getPreloadedDrawables?
W/Atlas   ( 2064): Pointer 0x0, not in getPreloadedDrawables?
W/Atlas   ( 2064): Pointer 0x0, not in getPreloadedDrawables?
W/Atlas   ( 2064): Pointer 0x0, not in getPreloadedDrawables?
W/Atlas   ( 2064): Pointer 0x0, not in getPreloadedDrawables?
W/Atlas   ( 2064): Pointer 0x0, not in getPreloadedDrawables?
W/Atlas   ( 2064): Pointer 0x0, not in getPreloadedDrawables?
W/Atlas   ( 2064): Pointer 0x0, not in getPreloadedDrawables?
W/Atlas   ( 2064): Pointer 0x0, not in getPreloadedDrawables?
W/Atlas   ( 2064): Pointer 0x0, not in getPreloadedDrawables?
W/Atlas   ( 2064): Pointer 0x0, not in getPreloadedDrawables?
W/Atlas   ( 2064): Pointer 0x0, not in getPreloadedDrawables?
W/Atlas   ( 2064): Pointer 0x0, not in getPreloadedDrawables?
W/Atlas   ( 2064): Pointer 0x0, not in getPreloadedDrawables?
W/Atlas   ( 2064): Pointer 0x0, not in getPreloadedDrawables?
W/Atlas   ( 2064): Pointer 0x0, not in getPreloadedDrawables?
W/Atlas   ( 2064): Pointer 0x0, not in getPreloadedDrawables?
W/Atlas   ( 2064): Pointer 0x0, not in getPreloadedDrawables?
W/Atlas   ( 2064): Pointer 0x0, not in getPreloadedDrawables?
W/Atlas   ( 2064): Pointer 0x0, not in getPreloadedDrawables?
W/Atlas   ( 2064): Pointer 0x0, not in getPreloadedDrawables?
W/Atlas   ( 2064): Pointer 0x0, not in getPreloadedDrawables?
W/Atlas   ( 2064): Pointer 0x0, not in getPreloadedDrawables?
W/Atlas   ( 2064): Pointer 0x0, not in getPreloadedDrawables?
W/Atlas   ( 2064): Pointer 0x0, not in getPreloadedDrawables?
W/Atlas   ( 2064): Pointer 0x0, not in getPreloadedDrawables?
W/Atlas   ( 2064): Pointer 0x0, not in getPreloadedDrawables?
W/Atlas   ( 2064): Pointer 0x0, not in getPreloadedDrawables?
W/Atlas   ( 2064): Pointer 0x0, not in getPreloadedDrawables?
W/Atlas   ( 2064): Pointer 0x0, not in getPreloadedDrawables?
W/Atlas   ( 2064): Pointer 0x0, not in getPreloadedDrawables?
W/Atlas   ( 2064): Pointer 0x0, not in getPreloadedDrawables?
W/Atlas   ( 2064): Pointer 0x0, not in getPreloadedDrawables?
W/Atlas   ( 2064): Pointer 0x0, not in getPreloadedDrawables?
W/Atlas   ( 2064): Pointer 0x0, not in getPreloadedDrawables?
W/Atlas   ( 2064): Pointer 0x0, not in getPreloadedDrawables?
W/Atlas   ( 2064): Pointer 0x0, not in getPreloadedDrawables?
W/Atlas   ( 2064): Pointer 0x0, not in getPreloadedDrawables?
W/Atlas   ( 2064): Pointer 0x0, not in getPreloadedDrawables?
W/Atlas   ( 2064): Pointer 0x0, not in getPreloadedDrawables?
W/Atlas   ( 2064): Pointer 0x0, not in getPreloadedDrawables?
W/Atlas   ( 2064): Pointer 0x0, not in getPreloadedDrawables?
W/Atlas   ( 2064): Pointer 0x0, not in getPreloadedDrawables?
W/Atlas   ( 2064): Pointer 0x0, not in getPreloadedDrawables?
W/Atlas   ( 2064): Pointer 0x0, not in getPreloadedDrawables?
W/Atlas   ( 2064): Pointer 0x0, not in getPreloadedDrawables?
W/Atlas   ( 2064): Pointer 0x0, not in getPreloadedDrawables?
W/Atlas   ( 2064): Pointer 0x0, not in getPreloadedDrawables?
W/Atlas   ( 2064): Pointer 0x0, not in getPreloadedDrawables?
W/Atlas   ( 2064): Pointer 0x0, not in getPreloadedDrawables?
W/Atlas   ( 2064): Pointer 0x0, not in getPreloadedDrawables?
W/Atlas   ( 2064): Pointer 0x0, not in getPreloadedDrawables?
W/Atlas   ( 2064): Pointer 0x0, not in getPreloadedDrawables?
W/Atlas   ( 2064): Pointer 0x0, not in getPreloadedDrawables?
W/Atlas   ( 2064): Pointer 0x0, not in getPreloadedDrawables?
W/Atlas   ( 2064): Pointer 0x0, not in getPreloadedDrawables?
W/Atlas   ( 2064): Pointer 0x0, not in getPreloadedDrawables?
W/Atlas   ( 2064): Pointer 0x0, not in getPreloadedDrawables?
W/Atlas   ( 2064): Pointer 0x0, not in getPreloadedDrawables?
W/Atlas   ( 2064): Pointer 0x0, not in getPreloadedDrawables?
W/Atlas   ( 2064): Pointer 0x0, not in getPreloadedDrawables?
W/Atlas   ( 2064): Pointer 0x0, not in getPreloadedDrawables?
W/Atlas   ( 2064): Pointer 0x0, not in getPreloadedDrawables?
W/Atlas   ( 2064): Pointer 0x0, not in getPreloadedDrawables?
W/Atlas   ( 2064): Pointer 0x0, not in getPreloadedDrawables?
W/Atlas   ( 2064): Pointer 0x0, not in getPreloadedDrawables?
W/Atlas   ( 2064): Pointer 0x0, not in getPreloadedDrawables?
W/Atlas   ( 2064): Pointer 0x0, not in getPreloadedDrawables?
W/Atlas   ( 2064): Pointer 0x0, not in getPreloadedDrawables?
W/Atlas   ( 2064): Pointer 0x0, not in getPreloadedDrawables?
W/Atlas   ( 2064): Pointer 0x0, not in getPreloadedDrawables?
W/Atlas   ( 2064): Pointer 0x0, not in getPreloadedDrawables?
W/Atlas   ( 2064): Pointer 0x0, not in getPreloadedDrawables?
W/Atlas   ( 2064): Pointer 0x0, not in getPreloadedDrawables?
W/Atlas   ( 2064): Pointer 0x0, not in getPreloadedDrawables?
W/Atlas   ( 2064): Pointer 0x0, not in getPreloadedDrawables?
W/Atlas   ( 2064): Pointer 0x0, not in getPreloadedDrawables?
W/Atlas   ( 2064): Pointer 0x0, not in getPreloadedDrawables?
W/Atlas   ( 2064): Pointer 0x0, not in getPreloadedDrawables?
W/Atlas   ( 2064): Pointer 0x0, not in getPreloadedDrawables?
W/Atlas   ( 2064): Pointer 0x0, not in getPreloadedDrawables?
W/Atlas   ( 2064): Pointer 0x0, not in getPreloadedDrawables?
W/Atlas   ( 2064): Pointer 0x0, not in getPreloadedDrawables?
W/Atlas   ( 2064): Pointer 0x0, not in getPreloadedDrawables?
W/Atlas   ( 2064): Pointer 0x0, not in getPreloadedDrawables?
W/Atlas   ( 2064): Pointer 0x0, not in getPreloadedDrawables?
W/Atlas   ( 2064): Pointer 0x0, not in getPreloadedDrawables?
W/Atlas   ( 2064): Pointer 0x0, not in getPreloadedDrawables?
W/Atlas   ( 2064): Pointer 0x0, not in getPreloadedDrawables?
W/Atlas   ( 2064): Pointer 0x0, not in getPreloadedDrawables?
W/Atlas   ( 2064): Pointer 0x0, not in getPreloadedDrawables?
W/Atlas   ( 2064): Pointer 0x0, not in getPreloadedDrawables?
W/Atlas   ( 2064): Pointer 0x0, not in getPreloadedDrawables?
W/Atlas   ( 2064): Pointer 0x0, not in getPreloadedDrawables?
W/Atlas   ( 2064): Pointer 0x0, not in getPreloadedDrawables?
W/Atlas   ( 2064): Pointer 0x0, not in getPreloadedDrawables?
W/Atlas   ( 2064): Pointer 0x0, not in getPreloadedDrawables?
W/Atlas   ( 2064): Pointer 0x0, not in getPreloadedDrawables?
W/Atlas   ( 2064): Pointer 0x0, not in getPreloadedDrawables?
W/Atlas   ( 2064): Pointer 0x0, not in getPreloadedDrawables?
W/Atlas   ( 2064): Pointer 0x0, not in getPreloadedDrawables?
W/Atlas   ( 2064): Pointer 0x0, not in getPreloadedDrawables?
W/Atlas   ( 2064): Pointer 0x0, not in getPreloadedDrawables?
W/Atlas   ( 2064): Pointer 0x0, not in getPreloadedDrawables?
W/Atlas   ( 2064): Pointer 0x0, not in getPreloadedDrawables?
W/Atlas   ( 2064): Pointer 0x0, not in getPreloadedDrawables?
W/Atlas   ( 2064): Pointer 0x0, not in getPreloadedDrawables?
W/Atlas   ( 2064): Pointer 0x0, not in getPreloadedDrawables?
W/Atlas   ( 2064): Pointer 0x0, not in getPreloadedDrawables?
W/Atlas   ( 2064): Pointer 0x0, not in getPreloadedDrawables?
W/Atlas   ( 2064): Pointer 0x0, not in getPreloadedDrawables?
W/Atlas   ( 2064): Pointer 0x0, not in getPreloadedDrawables?
W/Atlas   ( 2064): Pointer 0x0, not in getPreloadedDrawables?
W/Atlas   ( 2064): Pointer 0x0, not in getPreloadedDrawables?
W/Atlas   ( 2064): Pointer 0x0, not in getPreloadedDrawables?
W/Atlas   ( 2064): Pointer 0x0, not in getPreloadedDrawables?
W/Atlas   ( 2064): Pointer 0x0, not in getPreloadedDrawables?
W/Atlas   ( 2064): Pointer 0x0, not in getPreloadedDrawables?
W/Atlas   ( 2064): Pointer 0x0, not in getPreloadedDrawables?
W/Atlas   ( 2064): Pointer 0x0, not in getPreloadedDrawables?
W/Atlas   ( 2064): Pointer 0x0, not in getPreloadedDrawables?
W/Atlas   ( 2064): Pointer 0x0, not in getPreloadedDrawables?
W/Atlas   ( 2064): Pointer 0x0, not in getPreloadedDrawables?
W/Atlas   ( 2064): Pointer 0x0, not in getPreloadedDrawables?
W/Atlas   ( 2064): Pointer 0x0, not in getPreloadedDrawables?
W/Atlas   ( 2064): Pointer 0x0, not in getPreloadedDrawables?
W/Atlas   ( 2064): Pointer 0x0, not in getPreloadedDrawables?
W/Atlas   ( 2064): Pointer 0x0, not in getPreloadedDrawables?
W/Atlas   ( 2064): Pointer 0x0, not in getPreloadedDrawables?
W/Atlas   ( 2064): Pointer 0x0, not in getPreloadedDrawables?
W/Atlas   ( 2064): Pointer 0x0, not in getPreloadedDrawables?
W/Atlas   ( 2064): Pointer 0x0, not in getPreloadedDrawables?
W/Atlas   ( 2064): Pointer 0x0, not in getPreloadedDrawables?
W/Atlas   ( 2064): Pointer 0x0, not in getPreloadedDrawables?
W/Atlas   ( 2064): Pointer 0x0, not in getPreloadedDrawables?
W/Atlas   ( 2064): Pointer 0x0, not in getPreloadedDrawables?
W/Atlas   ( 2064): Pointer 0x0, not in getPreloadedDrawables?
W/Atlas   ( 2064): Pointer 0x0, not in getPreloadedDrawables?
W/Atlas   ( 2064): Pointer 0x0, not in getPreloadedDrawables?
W/Atlas   ( 2064): Pointer 0x0, not in getPreloadedDrawables?
W/Atlas   ( 2064): Pointer 0x0, not in getPreloadedDrawables?
W/Atlas   ( 2064): Pointer 0x0, not in getPreloadedDrawables?
W/Atlas   ( 2064): Pointer 0x0, not in getPreloadedDrawables?
W/Atlas   ( 2064): Pointer 0x0, not in getPreloadedDrawables?
W/Atlas   ( 2064): Pointer 0x0, not in getPreloadedDrawables?
W/Atlas   ( 2064): Pointer 0x0, not in getPreloadedDrawables?
W/Atlas   ( 2064): Pointer 0x0, not in getPreloadedDrawables?
W/Atlas   ( 2064): Pointer 0x0, not in getPreloadedDrawables?
W/Atlas   ( 2064): Pointer 0x0, not in getPreloadedDrawables?
W/Atlas   ( 2064): Pointer 0x0, not in getPreloadedDrawables?
W/Atlas   ( 2064): Pointer 0x0, not in getPreloadedDrawables?
W/Atlas   ( 2064): Pointer 0x0, not in getPreloadedDrawables?
W/Atlas   ( 2064): Pointer 0x0, not in getPreloadedDrawables?
W/Atlas   ( 2064): Pointer 0x0, not in getPreloadedDrawables?
W/Atlas   ( 2064): Pointer 0x0, not in getPreloadedDrawables?
W/Atlas   ( 2064): Pointer 0x0, not in getPreloadedDrawables?
W/Atlas   ( 2064): Pointer 0x0, not in getPreloadedDrawables?
W/Atlas   ( 2064): Pointer 0x0, not in getPreloadedDrawables?
W/Atlas   ( 2064): Pointer 0x0, not in getPreloadedDrawables?
W/Atlas   ( 2064): Pointer 0x0, not in getPreloadedDrawables?
W/Atlas   ( 2064): Pointer 0x0, not in getPreloadedDrawables?
W/Atlas   ( 2064): Pointer 0x0, not in getPreloadedDrawables?
W/Atlas   ( 2064): Pointer 0x0, not in getPreloadedDrawables?
W/Atlas   ( 2064): Pointer 0x0, not in getPreloadedDrawables?
V/WindowManagerService(  516): Adding window Window{1b15808a u0 com.cn.cae/com.cn.cae.MainActivity} at 2 of 5 (before Window{2a126439 u0 Starting com.cn.cae})
D/ViewRootImpl( 2064): onAttachToWindow register content observer attrs=WM.LayoutParams{(0,0)(fillxfill)mPosX=0mPosY=0mHScale=1.0mVScale=1.0 align=UNDEFINE taskId=106 sim=#100 ty=1 fl=#1810100 wanim=0x1030001 surfaceInsets=Rect(0, 0 - 0, 0) needsMenuKey=2packageName=com.cn.caetoken=android.os.BinderProxy@33b49a48}
I/InputDispatcher(  516): Dropping event because there is no touchable window at (366, 606).
I/InputDispatcher(  516): Dropping event because there is no touchable window at (366, 604).
D/WindowManagerService(  516): Window{1b15808a u0 com.cn.cae/com.cn.cae.MainActivity}  ==========setInputFocusLw ==========  =======
I/InputDispatcher(  516): Dropping event because there is no touchable window at (366, 601).
I/InputDispatcher(  516): Dropping event because there is no touchable window at (366, 599).
D/ViewRootImpl( 2064): 1280<<<<<< BACK FROM relayoutWM.LayoutParams{(0,0)(fillxfill)mPosX=0mPosY=0mHScale=1.0mVScale=1.0 align=UNDEFINE taskId=106 sim=#120 ty=1 fl=#1810100 wanim=0x1030001 surfaceInsets=Rect(0, 0 - 0, 0) needsMenuKey=2packageName=com.cn.caetoken=android.os.BinderProxy@33b49a48}
I/mali_so ( 2064): [File] : hardware/arm_hal/mali/driver/./src/base/arch/arch_011_udd/base_arch_main.c; [Line] : 565; [Func] : deal_with_version_affairs_rk_ext;
I/mali_so ( 2064): arm_release_ver of this mali_so is 'r6p0-01rel1', rk_so_ver is '3@0', it's custom_release_9 for 3228_5.1_box. built at '18:11:12', on 'Mar 14 2016'.
I/mali_so ( 2064): [File] : hardware/arm_hal/mali/driver/./src/base/arch/arch_011_udd/base_arch_main.c; [Line] : 578; [Func] : deal_with_version_affairs_rk_ext;
I/mali_so ( 2064): mali_ver_property has been set to 'r6p0-01rel1-5-3@0', to return.
I/OpenGLRenderer( 2064): Initialized EGL, version 1.4
D/OpenGLRenderer( 2064): Enabling debug mode 0
V/KeyEvent( 2064): Reset: android.view.KeyEvent$DispatcherState@28b8efd5
W/AudioFlinger(  176): write blocked for 392 msecs, 13 delayed writes, thread 0xb4bb1008
E/RichInputConnection(  763): Unable to connect to the editor to retrieve text... will retry later
I/InputAttributes(  763): InputType.TYPE_NULL is specified
I/ActivityManagerService(  516): Displayed com.cn.cae/.MainActivity: +487ms
D/ViewRootImpl(  516): onDetachedFromWindow ungister contentObserver
D/DisplayManager(  763): getDisplayInfo: displayId=0, info=DisplayInfo{"内置屏幕", uniqueId "local:0", app 1280 x 672, real 1280 x 720, largest app 1280 x 1207, smallest app 720 x 647, 240.00005 fps, supportedRefreshRates [240.00005], rotation 0, density 160 (160.15764 x 160.42105) dpi, layerStack 0, appVsyncOff 0, presDeadline 5166666, type BUILT_IN, state ON, FLAG_SECURE, FLAG_SUPPORTS_PROTECTED_BUFFERS}
D/ViewRootImpl(  763): 1280<<<<<< BACK FROM relayoutnull
D/DisplayManager(  763): getDisplayInfo: displayId=0, info=DisplayInfo{"内置屏幕", uniqueId "local:0", app 1280 x 672, real 1280 x 720, largest app 1280 x 1207, smallest app 720 x 647, 240.00005 fps, supportedRefreshRates [240.00005], rotation 0, density 160 (160.15764 x 160.42105) dpi, layerStack 0, appVsyncOff 0, presDeadline 5166666, type BUILT_IN, state ON, FLAG_SECURE, FLAG_SUPPORTS_PROTECTED_BUFFERS}
W/AppOps  (  516): Bad call: specified package media under uid 1000 but it is really 1013
E/AudioTrack(  516): did not receive expected priority boost on time
D/AudioHardwareALSA(  176): AudioHardwareALSA::setVoiceVolume volume = 0.800000
D/AudioHardwareALSA(  176): ALSAMixer::setVolume left = 0.800000 , right = 0.800000
D/AudioHardwareALSA(  176): ALSAMixer::setVolume new *** left = 0.800000 , right = 0.800000
I/Heartbeat( 1501): --485>version：10, cmd：2, contenLength：nullsession-----------(0x00000001: nio socket, client, /192.168.1.108:45297 => www.beonehome.com/119.90.39.6:6200)
I/Heartbeat( 1501): --485>version：10, cmd：2, contenLength：0session-----------(0x00000001: nio socket, client, /192.168.1.108:45297 => www.beonehome.com/119.90.39.6:6200)
I/Heartbeat( 1501): <--485version：10, cmd：2, contenLength：0session-----------(0x00000001: nio socket, client, /192.168.1.108:45297 => www.beonehome.com/119.90.39.6:6200)
I/Heartbeat( 1501): --485>version：10, cmd：2, contenLength：0session-----------(0x00000001: nio socket, client, /192.168.1.108:45297 => www.beonehome.com/119.90.39.6:6200)
D/Tag     ( 1501): , flag : ZG, version : 10, contentLen : 0, content : ---(0x00000002: nio socket, client, /192.168.1.108:45579 => www.beonehome.com/119.90.39.6:11367)
D/TaskPersister(  516): removeObsoleteFile: deleting file=103_task.xml
E/WifiStateMachine(  516): WifiStateMachine CMD_START_SCAN source -2 txSuccessRate=1.69 rxSuccessRate=1.13 targetRoamBSSID=80:89:17:ea:83:16 RSSI=-51
E/WifiStateMachine(  516): startDelayedScan send -> 24 milli 20000
E/WifiStateMachine(  516): WifiStateMachine CMD_START_SCAN with age=40006 interval=151875 maxinterval=300000
E/WifiStateMachine(  516): WifiStateMachine CMD_START_SCAN full=false
E/WifiStateMachine(  516): WifiStateMachine starting scan for "WF-TEST"WPA_PSK with 2437
E/WifiStateMachine(  516): [1,517,793,762,131 ms] noteScanstart no scan source uid -2
D/AudioStreamOutALSA(  176): AudioStreamOutALSA::standby().....
V/KeyEvent(  763): Key down to android.inputmethodservice.InputMethodService$InputMethodSessionImpl@3c277c61 in android.view.KeyEvent$DispatcherState@6e0bb19: KeyEvent { action=ACTION_DOWN, keyCode=KEYCODE_BACK, scanCode=0, metaState=0, flags=0x0, repeatCount=0, eventTime=421444, downTime=421444, deviceId=2, source=0x2002 }
V/KeyEvent(  763):   Start tracking!
V/KeyEvent(  763): Start trackingt in android.inputmethodservice.InputMethodService$InputMethodSessionImpl@3c277c61: android.view.KeyEvent$DispatcherState@6e0bb19
E/WifiStateMachine(  516): [1,517,793,762,356 ms] noteScanEnd no scan source onTime=0
E/WifiStateMachine(  516): wifi setScanResults statecom.android.server.wifi.WifiStateMachine$ConnectedState@3c75bfac sup_state=COMPLETED debouncing=false mConnectionRequests=1 selection=<none>
W/AppOps  (  516): Bad call: specified package media under uid 1000 but it is really 1013
V/KeyEvent(  763): Key up to android.inputmethodservice.InputMethodService$InputMethodSessionImpl@3c277c61 in android.view.KeyEvent$DispatcherState@6e0bb19: KeyEvent { action=ACTION_UP, keyCode=KEYCODE_BACK, scanCode=0, metaState=0, flags=0x0, repeatCount=0, eventTime=421596, downTime=421596, deviceId=2, source=0x2002 }
V/KeyEvent(  763): Handle key up KeyEvent { action=ACTION_UP, keyCode=KEYCODE_BACK, scanCode=0, metaState=0, flags=0x0, repeatCount=0, eventTime=421596, downTime=421596, deviceId=2, source=0x2002 }: android.view.KeyEvent$DispatcherState@6e0bb19
V/KeyEvent(  763):   Tracking!
D/DisplayManager(  763): getDisplayInfo: displayId=0, info=DisplayInfo{"内置屏幕", uniqueId "local:0", app 1280 x 672, real 1280 x 720, largest app 1280 x 1207, smallest app 720 x 647, 240.00005 fps, supportedRefreshRates [240.00005], rotation 0, density 160 (160.15764 x 160.42105) dpi, layerStack 0, appVsyncOff 0, presDeadline 5166666, type BUILT_IN, state ON, FLAG_SECURE, FLAG_SUPPORTS_PROTECTED_BUFFERS}
D/ViewRootImpl(  763): 1280<<<<<< BACK FROM relayoutnull
I/CAEDemo ( 2064): Create CAE instance...
W/AppOps  (  516): Bad call: specified package media under uid 1000 but it is really 1013
D/AudioHardwareALSA(  176): AudioHardwareALSA::setVoiceVolume volume = 0.000000
D/AudioHardwareALSA(  176): ALSAMixer::setVolume left = 0.000000 , right = 0.000000
D/AudioHardwareALSA(  176): ALSAMixer::setVolume new *** left = 0.800000 , right = 0.800000
D/CAELog  ( 2064): CAENew | res path:/sdcard/AIUI/ivw60/ivw_resource-lingxi.jet
D/CAELog  ( 2064): CAENew | ivwCb:ivwCb
D/CAELog  ( 2064): CAENew | audioCb:audioCb
W/AppOps  (  516): Bad call: specified package media under uid 1000 but it is really 1013
I/AudioStreamOutALSA(  176): Audio exiting sandby will open audio device
E/AudioStreamOutALSA(  176): curDev =0x400,, curMode =0, mCurDev = 0x400
W/libc    ( 2064): pthread_create sched_setscheduler call failed: Operation not permitted
F/libc    ( 2064): Fatal signal 6 (SIGABRT), code -6 in tid 2064 (com.cn.cae)
V/ALSAModule(  176): SAMPLERATE:48000
E/ALSAModule(  176): buffersize: 1536, periodsize:512
V/ALSAModule(  176): Set PLAYBACK PCM format to S16_LE (Signed 16 bit Little Endian)
V/ALSAModule(  176): Using 2 channels for PLAYBACK.
V/ALSAModule(  176): Set PLAYBACK sample rate to 48000 HZ
V/ALSAModule(  176): SAMPLERATE:48000
E/ALSAModule(  176): buffersize: 1536, periodsize:512
V/ALSAModule(  176): Set PLAYBACK PCM format to S16_LE (Signed 16 bit Little Endian)
V/ALSAModule(  176): Using 2 channels for PLAYBACK.
V/ALSAModule(  176): Set PLAYBACK sample rate to 48000 HZ
E/DEBUG   (  167): Failed to find a valid tombstone, default to using tombstone 0.
E/DEBUG   (  167): failed to open tombstone file '/data/tombstones/tombstone_00': No such file or directory
I/DEBUG   (  167): Skipping tombstone write, nothing to do.
W/InputDispatcher(  516): channel '1b15808a com.cn.cae/com.cn.cae.MainActivity (server)' ~ Consumer closed input channel or an error occurred.  events=0x9
E/InputDispatcher(  516): channel '1b15808a com.cn.cae/com.cn.cae.MainActivity (server)' ~ Channel is unrecoverably broken and will be disposed!
I/Zygote  (  175): Process 2064 exited due to signal (6)
I/WindowState(  516): WIN DEATH: Window{1b15808a u0 com.cn.cae/com.cn.cae.MainActivity}
W/InputDispatcher(  516): Attempted to unregister already unregistered input channel '1b15808a com.cn.cae/com.cn.cae.MainActivity (server)'
I/ActivityManagerService(  516): Process com.cn.cae (pid 2064) has died
W/ActivityManagerService(  516): Force removing ActivityRecord{3c682cda u0 com.cn.cae/.MainActivity t106}: app died, no saved state
D/WindowManagerService(  516): null  ==========setInputFocusLw ==========  =======
D/ActivityManagerService(  516): moveHomeStackTaskToTop: moving TaskRecord{2b1c98bb #99 A=com.android.launcher3 U=0 sz=1}
D/ViewRootImpl(  895): 1280<<<<<< BACK FROM relayoutnull
D/WindowManagerService(  516): Window{1516c45e u0 com.android.launcher3/com.android.launcher3.Launcher}  ==========setInputFocusLw ==========  =======
D/ViewRootImpl(  895): 1280<<<<<< BACK FROM relayoutWM.LayoutParams{(0,0)(fillxfill)mPosX=0mPosY=0mHScale=1.0mVScale=1.0 align=UNDEFINE taskId=99 sim=#120 ty=1 fl=#81910100 fmt=-2 wanim=0x10303e5 vsysui=0x600 surfaceInsets=Rect(0, 0 - 0, 0) needsMenuKey=2packageName=com.android.launcher3token=android.os.BinderProxy@1b85b9f9}
V/KeyEvent(  895): Reset: android.view.KeyEvent$DispatcherState@3267329e
W/InputMethodManagerService(  516): Got RemoteException sending setActive(false) notification to pid 2064 uid 10064
D/DisplayManager(  661): getDisplayInfo: displayId=0, info=DisplayInfo{"内置屏幕", uniqueId "local:0", app 1280 x 672, real 1280 x 720, largest app 1280 x 1207, smallest app 720 x 647, 240.00005 fps, supportedRefreshRates [240.00005], rotation 0, density 160 (160.15764 x 160.42105) dpi, layerStack 0, appVsyncOff 0, presDeadline 5166666, type BUILT_IN, state ON, FLAG_SECURE, FLAG_SUPPORTS_PROTECTED_BUFFERS}
D/DisplayManager(  661): getDisplayInfo: displayId=0, info=DisplayInfo{"内置屏幕", uniqueId "local:0", app 1280 x 672, real 1280 x 720, largest app 1280 x 1207, smallest app 720 x 647, 240.00005 fps, supportedRefreshRates [240.00005], rotation 0, density 160 (160.15764 x 160.42105) dpi, layerStack 0, appVsyncOff 0, presDeadline 5166666, type BUILT_IN, state ON, FLAG_SECURE, FLAG_SUPPORTS_PROTECTED_BUFFERS}
W/AudioFlinger(  176): write blocked for 382 msecs, 14 delayed writes, thread 0xb4bb1008
E/AudioTrack(  516): did not receive expected priority boost on time
W/AppOps  (  516): Bad call: specified package media under uid 1000 but it is really 1013
D/AudioHardwareALSA(  176): AudioHardwareALSA::setVoiceVolume volume = 0.800000
D/AudioHardwareALSA(  176): ALSAMixer::setVolume left = 0.800000 , right = 0.800000
D/AudioHardwareALSA(  176): ALSAMixer::setVolume new *** left = 0.800000 , right = 0.800000
D/AudioStreamOutALSA(  176): AudioStreamOutALSA::standby().....
W/AppOps  (  516): Bad call: specified package media under uid 1000 but it is really 1013
I/Heartbeat( 1501): --485>version：10, cmd：2, contenLength：nullsession-----------(0x00000001: nio socket, client, /192.168.1.108:45297 => www.beonehome.com/119.90.39.6:6200)
I/Heartbeat( 1501): --485>version：10, cmd：2, contenLength：0session-----------(0x00000001: nio socket, client, /192.168.1.108:45297 => www.beonehome.com/119.90.39.6:6200)
I/Heartbeat( 1501): <--485version：10, cmd：2, contenLength：0session-----------(0x00000001: nio socket, client, /192.168.1.108:45297 => www.beonehome.com/119.90.39.6:6200)
I/Heartbeat( 1501): --485>version：10, cmd：2, contenLength：0session-----------(0x00000001: nio socket, client, /192.168.1.108:45297 => www.beonehome.com/119.90.39.6:6200)
D/Tag     ( 1501): , flag : ZG, version : 10, contentLen : 0, content : ---(0x00000002: nio socket, client, /192.168.1.108:45579 => www.beonehome.com/119.90.39.6:11367)
I/Heartbeat( 1501): --485>version：10, cmd：2, contenLength：nullsession-----------(0x00000001: nio socket, client, /192.168.1.108:45297 => www.beonehome.com/119.90.39.6:6200)
I/Heartbeat( 1501): --485>version：10, cmd：2, contenLength：0session-----------(0x00000001: nio socket, client, /192.168.1.108:45297 => www.beonehome.com/119.90.39.6:6200)
I/Heartbeat( 1501): <--485version：10, cmd：2, contenLength：0session-----------(0x00000001: nio socket, client, /192.168.1.108:45297 => www.beonehome.com/119.90.39.6:6200)
I/Heartbeat( 1501): --485>version：10, cmd：2, contenLength：0session-----------(0x00000001: nio socket, client, /192.168.1.108:45297 => www.beonehome.com/119.90.39.6:6200)
D/Tag     ( 1501): , flag : ZG, version : 10, contentLen : 0, content : ---(0x00000002: nio socket, client, /192.168.1.108:45579 => www.beonehome.com/119.90.39.6:11367)
I/JXservice( 1287):  action bettary_change  status= 4level= 40
I/JXservice( 1287):  40 
I/JXservice( 1287): AsyncTask onPreExecute() called
I/JXservice( 1287): mAudioManager.isMusicActive() status= false 
I/JXservice( 1287): AsyncTask doInBackground 0
I/JXservice( 1287): AsyncTask doInBackground 1
I/JXservice( 1287): AsyncTask onProgressUpdate 0
I/JXservice( 1287): AsyncTask onPostExecute 1
E/WifiStateMachine(  516): WifiStateMachine CMD_START_SCAN source -2 txSuccessRate=1.21 rxSuccessRate=0.63 targetRoamBSSID=80:89:17:ea:83:16 RSSI=-54
E/WifiStateMachine(  516): startDelayedScan send -> 25 milli 20000
E/WifiStateMachine(  516): WifiStateMachine CMD_START_SCAN with age=60010 interval=151875 maxinterval=300000
E/WifiStateMachine(  516): WifiStateMachine CMD_START_SCAN full=false
E/WifiStateMachine(  516): WifiStateMachine starting scan for "WF-TEST"WPA_PSK with 2437
E/WifiStateMachine(  516): [1,517,793,782,136 ms] noteScanstart no scan source uid -2
E/WifiStateMachine(  516): [1,517,793,782,353 ms] noteScanEnd no scan source onTime=0
E/WifiStateMachine(  516): wifi setScanResults statecom.android.server.wifi.WifiStateMachine$ConnectedState@3c75bfac sup_state=COMPLETED debouncing=false mConnectionRequests=1 selection=<none>
I/Heartbeat( 1501): --485>version：10, cmd：2, contenLength：nullsession-----------(0x00000001: nio socket, client, /192.168.1.108:45297 => www.beonehome.com/119.90.39.6:6200)
I/Heartbeat( 1501): --485>version：10, cmd：2, contenLength：0session-----------(0x00000001: nio socket, client, /192.168.1.108:45297 => www.beonehome.com/119.90.39.6:6200)
I/Heartbeat( 1501): <--485version：10, cmd：2, contenLength：0session-----------(0x00000001: nio socket, client, /192.168.1.108:45297 => www.beonehome.com/119.90.39.6:6200)
I/Heartbeat( 1501): --485>version：10, cmd：2, contenLength：0session-----------(0x00000001: nio socket, client, /192.168.1.108:45297 => www.beonehome.com/119.90.39.6:6200)
D/Tag     ( 1501): , flag : ZG, version : 10, contentLen : 0, content : ---(0x00000002: nio socket, client, /192.168.1.108:45579 => www.beonehome.com/119.90.39.6:11367)
I/Heartbeat( 1501): --485>version：10, cmd：2, contenLength：nullsession-----------(0x00000001: nio socket, client, /192.168.1.108:45297 => www.beonehome.com/119.90.39.6:6200)
I/Heartbeat( 1501): --485>version：10, cmd：2, contenLength：0session-----------(0x00000001: nio socket, client, /192.168.1.108:45297 => www.beonehome.com/119.90.39.6:6200)
I/Heartbeat( 1501): <--485version：10, cmd：2, contenLength：0session-----------(0x00000001: nio socket, client, /192.168.1.108:45297 => www.beonehome.com/119.90.39.6:6200)
I/Heartbeat( 1501): --485>version：10, cmd：2, contenLength：0session-----------(0x00000001: nio socket, client, /192.168.1.108:45297 => www.beonehome.com/119.90.39.6:6200)
D/Tag     ( 1501): , flag : ZG, version : 10, contentLen : 0, content : ---(0x00000002: nio socket, client, /192.168.1.108:45579 => www.beonehome.com/119.90.39.6:11367)
E/WifiStateMachine(  516): WifiStateMachine CMD_START_SCAN source -2 txSuccessRate=1.69 rxSuccessRate=1.13 targetRoamBSSID=80:89:17:ea:83:16 RSSI=-51
E/WifiStateMachine(  516): startDelayedScan send -> 26 milli 20000
E/WifiStateMachine(  516): WifiStateMachine CMD_START_SCAN with age=80013 interval=151875 maxinterval=300000
E/WifiStateMachine(  516): WifiStateMachine CMD_START_SCAN full=false
E/WifiStateMachine(  516): WifiStateMachine starting scan for "WF-TEST"WPA_PSK with 2437
E/WifiStateMachine(  516): [1,517,793,802,139 ms] noteScanstart no scan source uid -2
E/WifiStateMachine(  516): [1,517,793,802,357 ms] noteScanEnd no scan source onTime=0
E/WifiStateMachine(  516): wifi setScanResults statecom.android.server.wifi.WifiStateMachine$ConnectedState@3c75bfac sup_state=COMPLETED debouncing=false mConnectionRequests=1 selection=<none>
I/Heartbeat( 1501): --485>version：10, cmd：2, contenLength：nullsession-----------(0x00000001: nio socket, client, /192.168.1.108:45297 => www.beonehome.com/119.90.39.6:6200)
I/Heartbeat( 1501): --485>version：10, cmd：2, contenLength：0session-----------(0x00000001: nio socket, client, /192.168.1.108:45297 => www.beonehome.com/119.90.39.6:6200)
I/Heartbeat( 1501): <--485version：10, cmd：2, contenLength：0session-----------(0x00000001: nio socket, client, /192.168.1.108:45297 => www.beonehome.com/119.90.39.6:6200)
I/Heartbeat( 1501): --485>version：10, cmd：2, contenLength：0session-----------(0x00000001: nio socket, client, /192.168.1.108:45297 => www.beonehome.com/119.90.39.6:6200)
D/Tag     ( 1501): , flag : ZG, version : 10, contentLen : 0, content : ---(0x00000002: nio socket, client, /192.168.1.108:45579 => www.beonehome.com/119.90.39.6:11367)
I/Heartbeat( 1501): --485>version：10, cmd：2, contenLength：nullsession-----------(0x00000001: nio socket, client, /192.168.1.108:45297 => www.beonehome.com/119.90.39.6:6200)
I/Heartbeat( 1501): --485>version：10, cmd：2, contenLength：0session-----------(0x00000001: nio socket, client, /192.168.1.108:45297 => www.beonehome.com/119.90.39.6:6200)
I/Heartbeat( 1501): <--485version：10, cmd：2, contenLength：0session-----------(0x00000001: nio socket, client, /192.168.1.108:45297 => www.beonehome.com/119.90.39.6:6200)
I/Heartbeat( 1501): --485>version：10, cmd：2, contenLength：0session-----------(0x00000001: nio socket, client, /192.168.1.108:45297 => www.beonehome.com/119.90.39.6:6200)
D/Tag     ( 1501): , flag : ZG, version : 10, contentLen : 0, content : ---(0x00000002: nio socket, client, /192.168.1.108:45579 => www.beonehome.com/119.90.39.6:11367)
E/WifiStateMachine(  516): WifiStateMachine CMD_START_SCAN source -2 txSuccessRate=3.44 rxSuccessRate=5.00 targetRoamBSSID=80:89:17:ea:83:16 RSSI=-52
E/WifiStateMachine(  516): startDelayedScan send -> 27 milli 20000
E/WifiStateMachine(  516): WifiStateMachine CMD_START_SCAN with age=100015 interval=151875 maxinterval=300000
E/WifiStateMachine(  516): WifiStateMachine CMD_START_SCAN full=false
E/WifiStateMachine(  516): WifiStateMachine starting scan for "WF-TEST"WPA_PSK with 2437
E/WifiStateMachine(  516): [1,517,793,822,141 ms] noteScanstart no scan source uid -2
E/WifiStateMachine(  516): [1,517,793,822,349 ms] noteScanEnd no scan source onTime=0
E/WifiStateMachine(  516): wifi setScanResults statecom.android.server.wifi.WifiStateMachine$ConnectedState@3c75bfac sup_state=COMPLETED debouncing=false mConnectionRequests=1 selection=<none>
I/Heartbeat( 1501): --485>version：10, cmd：2, contenLength：nullsession-----------(0x00000001: nio socket, client, /192.168.1.108:45297 => www.beonehome.com/119.90.39.6:6200)
I/Heartbeat( 1501): --485>version：10, cmd：2, contenLength：0session-----------(0x00000001: nio socket, client, /192.168.1.108:45297 => www.beonehome.com/119.90.39.6:6200)
I/Heartbeat( 1501): <--485version：10, cmd：2, contenLength：0session-----------(0x00000001: nio socket, client, /192.168.1.108:45297 => www.beonehome.com/119.90.39.6:6200)
I/Heartbeat( 1501): --485>version：10, cmd：2, contenLength：0session-----------(0x00000001: nio socket, client, /192.168.1.108:45297 => www.beonehome.com/119.90.39.6:6200)
D/Tag     ( 1501): , flag : ZG, version : 10, contentLen : 0, content : ---(0x00000002: nio socket, client, /192.168.1.108:45579 => www.beonehome.com/119.90.39.6:11367)
I/Heartbeat( 1501): --485>version：10, cmd：2, contenLength：nullsession-----------(0x00000001: nio socket, client, /192.168.1.108:45297 => www.beonehome.com/119.90.39.6:6200)
I/Heartbeat( 1501): --485>version：10, cmd：2, contenLength：0session-----------(0x00000001: nio socket, client, /192.168.1.108:45297 => www.beonehome.com/119.90.39.6:6200)
I/Heartbeat( 1501): <--485version：10, cmd：2, contenLength：0session-----------(0x00000001: nio socket, client, /192.168.1.108:45297 => www.beonehome.com/119.90.39.6:6200)
I/Heartbeat( 1501): --485>version：10, cmd：2, contenLength：0session-----------(0x00000001: nio socket, client, /192.168.1.108:45297 => www.beonehome.com/119.90.39.6:6200)
D/Tag     ( 1501): , flag : ZG, version : 10, contentLen : 0, content : ---(0x00000002: nio socket, client, /192.168.1.108:45579 => www.beonehome.com/119.90.39.6:11367)
I/JXservice( 1287):  action bettary_change  status= 4level= 40
I/JXservice( 1287):  40 
I/JXservice( 1287): AsyncTask onPreExecute() called
I/JXservice( 1287): AsyncTask doInBackground 0
I/JXservice( 1287): AsyncTask doInBackground 1
I/JXservice( 1287): mAudioManager.isMusicActive() status= false 
I/JXservice( 1287): AsyncTask onProgressUpdate 0
I/JXservice( 1287): AsyncTask onPostExecute 1
E/WifiStateMachine(  516): WifiStateMachine CMD_START_SCAN source -2 txSuccessRate=1.20 rxSuccessRate=0.67 targetRoamBSSID=80:89:17:ea:83:16 RSSI=-53
E/WifiStateMachine(  516): startDelayedScan send -> 28 milli 20000
E/WifiStateMachine(  516): WifiStateMachine CMD_START_SCAN with age=120021 interval=151875 maxinterval=300000
E/WifiStateMachine(  516): WifiStateMachine CMD_START_SCAN full=false
E/WifiStateMachine(  516): WifiStateMachine starting scan for "WF-TEST"WPA_PSK with 2437
E/WifiStateMachine(  516): [1,517,793,842,147 ms] noteScanstart no scan source uid -2
E/WifiStateMachine(  516): [1,517,793,842,364 ms] noteScanEnd no scan source onTime=0
E/WifiStateMachine(  516): wifi setScanResults statecom.android.server.wifi.WifiStateMachine$ConnectedState@3c75bfac sup_state=COMPLETED debouncing=false mConnectionRequests=1 selection=<none>
I/Heartbeat( 1501): --485>version：10, cmd：2, contenLength：nullsession-----------(0x00000001: nio socket, client, /192.168.1.108:45297 => www.beonehome.com/119.90.39.6:6200)
I/Heartbeat( 1501): --485>version：10, cmd：2, contenLength：0session-----------(0x00000001: nio socket, client, /192.168.1.108:45297 => www.beonehome.com/119.90.39.6:6200)
I/Heartbeat( 1501): <--485version：10, cmd：2, contenLength：0session-----------(0x00000001: nio socket, client, /192.168.1.108:45297 => www.beonehome.com/119.90.39.6:6200)
I/Heartbeat( 1501): --485>version：10, cmd：2, contenLength：0session-----------(0x00000001: nio socket, client, /192.168.1.108:45297 => www.beonehome.com/119.90.39.6:6200)
D/Tag     ( 1501): , flag : ZG, version : 10, contentLen : 0, content : ---(0x00000002: nio socket, client, /192.168.1.108:45579 => www.beonehome.com/119.90.39.6:11367)
I/Heartbeat( 1501): --485>version：10, cmd：2, contenLength：nullsession-----------(0x00000001: nio socket, client, /192.168.1.108:45297 => www.beonehome.com/119.90.39.6:6200)
I/Heartbeat( 1501): --485>version：10, cmd：2, contenLength：0session-----------(0x00000001: nio socket, client, /192.168.1.108:45297 => www.beonehome.com/119.90.39.6:6200)
I/Heartbeat( 1501): <--485version：10, cmd：2, contenLength：0session-----------(0x00000001: nio socket, client, /192.168.1.108:45297 => www.beonehome.com/119.90.39.6:6200)
I/Heartbeat( 1501): --485>version：10, cmd：2, contenLength：0session-----------(0x00000001: nio socket, client, /192.168.1.108:45297 => www.beonehome.com/119.90.39.6:6200)
D/Tag     ( 1501): , flag : ZG, version : 10, contentLen : 0, content : ---(0x00000002: nio socket, client, /192.168.1.108:45579 => www.beonehome.com/119.90.39.6:11367)
E/WifiStateMachine(  516): WifiStateMachine CMD_START_SCAN source -2 txSuccessRate=3.44 rxSuccessRate=2.00 targetRoamBSSID=80:89:17:ea:83:16 RSSI=-52
E/WifiStateMachine(  516): startDelayedScan send -> 29 milli 20000
E/WifiStateMachine(  516): WifiStateMachine CMD_START_SCAN with age=140024 interval=151875 maxinterval=300000
E/WifiStateMachine(  516): WifiStateMachine CMD_START_SCAN full=false
E/WifiStateMachine(  516): WifiStateMachine starting scan for "WF-TEST"WPA_PSK with 2437
E/WifiStateMachine(  516): [1,517,793,862,150 ms] noteScanstart no scan source uid -2
E/WifiStateMachine(  516): [1,517,793,862,364 ms] noteScanEnd no scan source onTime=0
E/WifiStateMachine(  516): wifi setScanResults statecom.android.server.wifi.WifiStateMachine$ConnectedState@3c75bfac sup_state=COMPLETED debouncing=false mConnectionRequests=1 selection=<none>
I/Heartbeat( 1501): --485>version：10, cmd：2, contenLength：nullsession-----------(0x00000001: nio socket, client, /192.168.1.108:45297 => www.beonehome.com/119.90.39.6:6200)
I/Heartbeat( 1501): --485>version：10, cmd：2, contenLength：0session-----------(0x00000001: nio socket, client, /192.168.1.108:45297 => www.beonehome.com/119.90.39.6:6200)
I/Heartbeat( 1501): <--485version：10, cmd：2, contenLength：0session-----------(0x00000001: nio socket, client, /192.168.1.108:45297 => www.beonehome.com/119.90.39.6:6200)
I/Heartbeat( 1501): --485>version：10, cmd：2, contenLength：0session-----------(0x00000001: nio socket, client, /192.168.1.108:45297 => www.beonehome.com/119.90.39.6:6200)
D/Tag     ( 1501): , flag : ZG, version : 10, contentLen : 0, content : ---(0x00000002: nio socket, client, /192.168.1.108:45579 => www.beonehome.com/119.90.39.6:11367)
I/ActivityStackSupervisor(  516): START u0 {act=android.intent.action.MAIN cat=[android.intent.category.LAUNCHER] flg=0x10200000 cmp=com.cn.cae/.MainActivity (has extras)} from uid 10036 on display 0
I/System.out(  516): com.cn.cae.MainActivityaddAppToken taskId:107
W/AppOps  (  516): Bad call: specified package media under uid 1000 but it is really 1013
D/AudioHardwareALSA(  176): AudioHardwareALSA::setVoiceVolume volume = 0.000000
D/AudioHardwareALSA(  176): ALSAMixer::setVolume left = 0.000000 , right = 0.000000
D/AudioHardwareALSA(  176): ALSAMixer::setVolume new *** left = 0.800000 , right = 0.800000
D/WindowManagerService(  516): null  ==========setInputFocusLw ==========  =======
D/DisplayManager(  516): getDisplayInfo: displayId=0, info=DisplayInfo{"内置屏幕", uniqueId "local:0", app 1280 x 672, real 1280 x 720, largest app 1280 x 1207, smallest app 720 x 647, 240.00005 fps, supportedRefreshRates [240.00005], rotation 0, density 160 (160.15764 x 160.42105) dpi, layerStack 0, appVsyncOff 0, presDeadline 5166666, type BUILT_IN, state ON, FLAG_SECURE, FLAG_SUPPORTS_PROTECTED_BUFFERS}
D/PhoneWindow(  516): DecorView - SCREEN_WEITH = 1280 - SCREE_HEIGHT = 672
W/AppOps  (  516): Bad call: specified package media under uid 1000 but it is really 1013
I/AudioStreamOutALSA(  176): Audio exiting sandby will open audio device
E/AudioStreamOutALSA(  176): curDev =0x400,, curMode =0, mCurDev = 0x400
D/DisplayManager(  516): getDisplayInfo: displayId=0, info=DisplayInfo{"内置屏幕", uniqueId "local:0", app 1280 x 672, real 1280 x 720, largest app 1280 x 1207, smallest app 720 x 647, 240.00005 fps, supportedRefreshRates [240.00005], rotation 0, density 160 (160.15764 x 160.42105) dpi, layerStack 0, appVsyncOff 0, presDeadline 5166666, type BUILT_IN, state ON, FLAG_SECURE, FLAG_SUPPORTS_PROTECTED_BUFFERS}
V/WindowManagerService(  516): Adding window Window{e4eb663 u0 Starting com.cn.cae} at 2 of 4 (after Window{1516c45e u0 com.android.launcher3/com.android.launcher3.Launcher})
D/ViewRootImpl(  516): onAttachToWindow register content observer attrs=WM.LayoutParams{(0,0)(fillxfill)mPosX=0mPosY=0mHScale=1.0mVScale=1.0 align=UNDEFINE taskId=107 ty=3 fl=#1830118 pfl=0x11 fmt=-3 wanim=0x1030001 surfaceInsets=Rect(0, 0 - 0, 0) needsMenuKey=2packageName=com.cn.caetoken=Token{28569b65 ActivityRecord{1945ac5c u0 com.cn.cae/.MainActivity t107}}}
D/ViewRootImpl(  516): 1280<<<<<< BACK FROM relayoutWM.LayoutParams{(0,0)(fillxfill)mPosX=0mPosY=0mHScale=1.0mVScale=1.0 align=UNDEFINE taskId=107 sim=#20 ty=3 fl=#1830118 pfl=0x11 fmt=-3 wanim=0x1030001 surfaceInsets=Rect(0, 0 - 0, 0) needsMenuKey=2packageName=com.cn.caetoken=Token{28569b65 ActivityRecord{1945ac5c u0 com.cn.cae/.MainActivity t107}}}
I/art     ( 2097): Late-enabling -Xcheck:jni
I/ActivityManagerService(  516): Start proc 2097:com.cn.cae/u0a64 for activity com.cn.cae/.MainActivity
V/KeyEvent(  895): Reset: android.view.KeyEvent$DispatcherState@3267329e
V/ALSAModule(  176): SAMPLERATE:48000
E/ALSAModule(  176): buffersize: 1536, periodsize:512
