02-05 09:23:19.783 I/Heartbeat( 1501): --485>version：10, cmd：2, contenLength：0session-----------(0x00000001: nio socket, client, /192.168.1.108:45297 => www.beonehome.com/119.90.39.6:6200)
02-05 09:23:19.783 I/Heartbeat( 1501): <--485version：10, cmd：2, contenLength：0session-----------(0x00000001: nio socket, client, /192.168.1.108:45297 => www.beonehome.com/119.90.39.6:6200)
02-05 09:23:19.784 I/Heartbeat( 1501): --485>version：10, cmd：2, contenLength：0session-----------(0x00000001: nio socket, client, /192.168.1.108:45297 => www.beonehome.com/119.90.39.6:6200)
02-05 09:23:20.306 D/Tag     ( 1501): , flag : ZG, version : 10, contentLen : 0, content : ---(0x00000002: nio socket, client, /192.168.1.108:45579 => www.beonehome.com/119.90.39.6:11367)
02-05 09:23:22.138 E/WifiStateMachine(  516): WifiStateMachine CMD_START_SCAN source -2 txSuccessRate=1.69 rxSuccessRate=1.13 targetRoamBSSID=80:89:17:ea:83:16 RSSI=-51
02-05 09:23:22.138 E/WifiStateMachine(  516): startDelayedScan send -> 26 milli 20000
02-05 09:23:22.138 E/WifiStateMachine(  516): WifiStateMachine CMD_START_SCAN with age=80013 interval=151875 maxinterval=300000
02-05 09:23:22.138 E/WifiStateMachine(  516): WifiStateMachine CMD_START_SCAN full=false
02-05 09:23:22.138 E/WifiStateMachine(  516): WifiStateMachine starting scan for "WF-TEST"WPA_PSK with 2437
02-05 09:23:22.139 E/WifiStateMachine(  516): [1,517,793,802,139 ms] noteScanstart no scan source uid -2
02-05 09:23:22.357 E/WifiStateMachine(  516): [1,517,793,802,357 ms] noteScanEnd no scan source onTime=0
02-05 09:23:22.363 E/WifiStateMachine(  516): wifi setScanResults statecom.android.server.wifi.WifiStateMachine$ConnectedState@3c75bfac sup_state=COMPLETED debouncing=false mConnectionRequests=1 selection=<none>
02-05 09:23:30.170 I/Heartbeat( 1501): --485>version：10, cmd：2, contenLength：nullsession-----------(0x00000001: nio socket, client, /192.168.1.108:45297 => www.beonehome.com/119.90.39.6:6200)
02-05 09:23:30.233 I/Heartbeat( 1501): --485>version：10, cmd：2, contenLength：0session-----------(0x00000001: nio socket, client, /192.168.1.108:45297 => www.beonehome.com/119.90.39.6:6200)
02-05 09:23:30.233 I/Heartbeat( 1501): <--485version：10, cmd：2, contenLength：0session-----------(0x00000001: nio socket, client, /192.168.1.108:45297 => www.beonehome.com/119.90.39.6:6200)
02-05 09:23:30.234 I/Heartbeat( 1501): --485>version：10, cmd：2, contenLength：0session-----------(0x00000001: nio socket, client, /192.168.1.108:45297 => www.beonehome.com/119.90.39.6:6200)
02-05 09:23:30.347 D/Tag     ( 1501): , flag : ZG, version : 10, contentLen : 0, content : ---(0x00000002: nio socket, client, /192.168.1.108:45579 => www.beonehome.com/119.90.39.6:11367)
02-05 09:23:39.761 I/Heartbeat( 1501): --485>version：10, cmd：2, contenLength：nullsession-----------(0x00000001: nio socket, client, /192.168.1.108:45297 => www.beonehome.com/119.90.39.6:6200)
02-05 09:23:39.824 I/Heartbeat( 1501): --485>version：10, cmd：2, contenLength：0session-----------(0x00000001: nio socket, client, /192.168.1.108:45297 => www.beonehome.com/119.90.39.6:6200)
02-05 09:23:39.824 I/Heartbeat( 1501): <--485version：10, cmd：2, contenLength：0session-----------(0x00000001: nio socket, client, /192.168.1.108:45297 => www.beonehome.com/119.90.39.6:6200)
02-05 09:23:39.825 I/Heartbeat( 1501): --485>version：10, cmd：2, contenLength：0session-----------(0x00000001: nio socket, client, /192.168.1.108:45297 => www.beonehome.com/119.90.39.6:6200)
02-05 09:23:40.372 D/Tag     ( 1501): , flag : ZG, version : 10, contentLen : 0, content : ---(0x00000002: nio socket, client, /192.168.1.108:45579 => www.beonehome.com/119.90.39.6:11367)
02-05 09:23:42.140 E/WifiStateMachine(  516): WifiStateMachine CMD_START_SCAN source -2 txSuccessRate=3.44 rxSuccessRate=5.00 targetRoamBSSID=80:89:17:ea:83:16 RSSI=-52
02-05 09:23:42.140 E/WifiStateMachine(  516): startDelayedScan send -> 27 milli 20000
02-05 09:23:42.140 E/WifiStateMachine(  516): WifiStateMachine CMD_START_SCAN with age=100015 interval=151875 maxinterval=300000
02-05 09:23:42.140 E/WifiStateMachine(  516): WifiStateMachine CMD_START_SCAN full=false
02-05 09:23:42.140 E/WifiStateMachine(  516): WifiStateMachine starting scan for "WF-TEST"WPA_PSK with 2437
02-05 09:23:42.141 E/WifiStateMachine(  516): [1,517,793,822,141 ms] noteScanstart no scan source uid -2
02-05 09:23:42.349 E/WifiStateMachine(  516): [1,517,793,822,349 ms] noteScanEnd no scan source onTime=0
02-05 09:23:42.355 E/WifiStateMachine(  516): wifi setScanResults statecom.android.server.wifi.WifiStateMachine$ConnectedState@3c75bfac sup_state=COMPLETED debouncing=false mConnectionRequests=1 selection=<none>
02-05 09:23:50.166 I/Heartbeat( 1501): --485>version：10, cmd：2, contenLength：nullsession-----------(0x00000001: nio socket, client, /192.168.1.108:45297 => www.beonehome.com/119.90.39.6:6200)
02-05 09:23:50.233 I/Heartbeat( 1501): --485>version：10, cmd：2, contenLength：0session-----------(0x00000001: nio socket, client, /192.168.1.108:45297 => www.beonehome.com/119.90.39.6:6200)
02-05 09:23:50.234 I/Heartbeat( 1501): <--485version：10, cmd：2, contenLength：0session-----------(0x00000001: nio socket, client, /192.168.1.108:45297 => www.beonehome.com/119.90.39.6:6200)
02-05 09:23:50.234 I/Heartbeat( 1501): --485>version：10, cmd：2, contenLength：0session-----------(0x00000001: nio socket, client, /192.168.1.108:45297 => www.beonehome.com/119.90.39.6:6200)
02-05 09:23:50.413 D/Tag     ( 1501): , flag : ZG, version : 10, contentLen : 0, content : ---(0x00000002: nio socket, client, /192.168.1.108:45579 => www.beonehome.com/119.90.39.6:11367)
02-05 09:23:59.802 I/Heartbeat( 1501): --485>version：10, cmd：2, contenLength：nullsession-----------(0x00000001: nio socket, client, /192.168.1.108:45297 => www.beonehome.com/119.90.39.6:6200)
02-05 09:23:59.863 I/Heartbeat( 1501): --485>version：10, cmd：2, contenLength：0session-----------(0x00000001: nio socket, client, /192.168.1.108:45297 => www.beonehome.com/119.90.39.6:6200)
02-05 09:23:59.864 I/Heartbeat( 1501): <--485version：10, cmd：2, contenLength：0session-----------(0x00000001: nio socket, client, /192.168.1.108:45297 => www.beonehome.com/119.90.39.6:6200)
02-05 09:23:59.864 I/Heartbeat( 1501): --485>version：10, cmd：2, contenLength：0session-----------(0x00000001: nio socket, client, /192.168.1.108:45297 => www.beonehome.com/119.90.39.6:6200)
02-05 09:24:00.454 D/Tag     ( 1501): , flag : ZG, version : 10, contentLen : 0, content : ---(0x00000002: nio socket, client, /192.168.1.108:45579 => www.beonehome.com/119.90.39.6:11367)
02-05 09:24:01.000 I/JXservice( 1287):  action bettary_change  status= 4level= 40
02-05 09:24:01.000 I/JXservice( 1287):  40 
02-05 09:24:01.002 I/JXservice( 1287): AsyncTask onPreExecute() called
02-05 09:24:01.003 I/JXservice( 1287): AsyncTask doInBackground 0
02-05 09:24:01.003 I/JXservice( 1287): AsyncTask doInBackground 1
02-05 09:24:01.003 I/JXservice( 1287): mAudioManager.isMusicActive() status= false 
02-05 09:24:01.003 I/JXservice( 1287): AsyncTask onProgressUpdate 0
02-05 09:24:02.035 I/JXservice( 1287): AsyncTask onPostExecute 1
02-05 09:24:02.144 E/WifiStateMachine(  516): WifiStateMachine CMD_START_SCAN source -2 txSuccessRate=1.20 rxSuccessRate=0.67 targetRoamBSSID=80:89:17:ea:83:16 RSSI=-53
02-05 09:24:02.146 E/WifiStateMachine(  516): startDelayedScan send -> 28 milli 20000
02-05 09:24:02.146 E/WifiStateMachine(  516): WifiStateMachine CMD_START_SCAN with age=120021 interval=151875 maxinterval=300000
02-05 09:24:02.146 E/WifiStateMachine(  516): WifiStateMachine CMD_START_SCAN full=false
02-05 09:24:02.146 E/WifiStateMachine(  516): WifiStateMachine starting scan for "WF-TEST"WPA_PSK with 2437
02-05 09:24:02.147 E/WifiStateMachine(  516): [1,517,793,842,147 ms] noteScanstart no scan source uid -2
02-05 09:24:02.364 E/WifiStateMachine(  516): [1,517,793,842,364 ms] noteScanEnd no scan source onTime=0
02-05 09:24:02.369 E/WifiStateMachine(  516): wifi setScanResults statecom.android.server.wifi.WifiStateMachine$ConnectedState@3c75bfac sup_state=COMPLETED debouncing=false mConnectionRequests=1 selection=<none>
02-05 09:24:10.218 I/Heartbeat( 1501): --485>version：10, cmd：2, contenLength：nullsession-----------(0x00000001: nio socket, client, /192.168.1.108:45297 => www.beonehome.com/119.90.39.6:6200)
02-05 09:24:10.289 I/Heartbeat( 1501): --485>version：10, cmd：2, contenLength：0session-----------(0x00000001: nio socket, client, /192.168.1.108:45297 => www.beonehome.com/119.90.39.6:6200)
02-05 09:24:10.289 I/Heartbeat( 1501): <--485version：10, cmd：2, contenLength：0session-----------(0x00000001: nio socket, client, /192.168.1.108:45297 => www.beonehome.com/119.90.39.6:6200)
02-05 09:24:10.290 I/Heartbeat( 1501): --485>version：10, cmd：2, contenLength：0session-----------(0x00000001: nio socket, client, /192.168.1.108:45297 => www.beonehome.com/119.90.39.6:6200)
02-05 09:24:10.496 D/Tag     ( 1501): , flag : ZG, version : 10, contentLen : 0, content : ---(0x00000002: nio socket, client, /192.168.1.108:45579 => www.beonehome.com/119.90.39.6:11367)
02-05 09:24:19.844 I/Heartbeat( 1501): --485>version：10, cmd：2, contenLength：nullsession-----------(0x00000001: nio socket, client, /192.168.1.108:45297 => www.beonehome.com/119.90.39.6:6200)
02-05 09:24:19.920 I/Heartbeat( 1501): --485>version：10, cmd：2, contenLength：0session-----------(0x00000001: nio socket, client, /192.168.1.108:45297 => www.beonehome.com/119.90.39.6:6200)
02-05 09:24:19.920 I/Heartbeat( 1501): <--485version：10, cmd：2, contenLength：0session-----------(0x00000001: nio socket, client, /192.168.1.108:45297 => www.beonehome.com/119.90.39.6:6200)
02-05 09:24:19.921 I/Heartbeat( 1501): --485>version：10, cmd：2, contenLength：0session-----------(0x00000001: nio socket, client, /192.168.1.108:45297 => www.beonehome.com/119.90.39.6:6200)
02-05 09:24:20.507 D/Tag     ( 1501): , flag : ZG, version : 10, contentLen : 0, content : ---(0x00000002: nio socket, client, /192.168.1.108:45579 => www.beonehome.com/119.90.39.6:11367)
02-05 09:24:22.149 E/WifiStateMachine(  516): WifiStateMachine CMD_START_SCAN source -2 txSuccessRate=3.44 rxSuccessRate=2.00 targetRoamBSSID=80:89:17:ea:83:16 RSSI=-52
02-05 09:24:22.149 E/WifiStateMachine(  516): startDelayedScan send -> 29 milli 20000
02-05 09:24:22.149 E/WifiStateMachine(  516): WifiStateMachine CMD_START_SCAN with age=140024 interval=151875 maxinterval=300000
02-05 09:24:22.149 E/WifiStateMachine(  516): WifiStateMachine CMD_START_SCAN full=false
02-05 09:24:22.149 E/WifiStateMachine(  516): WifiStateMachine starting scan for "WF-TEST"WPA_PSK with 2437
02-05 09:24:22.150 E/WifiStateMachine(  516): [1,517,793,862,150 ms] noteScanstart no scan source uid -2
02-05 09:24:22.364 E/WifiStateMachine(  516): [1,517,793,862,364 ms] noteScanEnd no scan source onTime=0
02-05 09:24:22.368 E/WifiStateMachine(  516): wifi setScanResults statecom.android.server.wifi.WifiStateMachine$ConnectedState@3c75bfac sup_state=COMPLETED debouncing=false mConnectionRequests=1 selection=<none>
02-05 09:24:30.289 I/Heartbeat( 1501): --485>version：10, cmd：2, contenLength：nullsession-----------(0x00000001: nio socket, client, /192.168.1.108:45297 => www.beonehome.com/119.90.39.6:6200)
02-05 09:24:30.380 I/Heartbeat( 1501): --485>version：10, cmd：2, contenLength：0session-----------(0x00000001: nio socket, client, /192.168.1.108:45297 => www.beonehome.com/119.90.39.6:6200)
02-05 09:24:30.381 I/Heartbeat( 1501): <--485version：10, cmd：2, contenLength：0session-----------(0x00000001: nio socket, client, /192.168.1.108:45297 => www.beonehome.com/119.90.39.6:6200)
02-05 09:24:30.381 I/Heartbeat( 1501): --485>version：10, cmd：2, contenLength：0session-----------(0x00000001: nio socket, client, /192.168.1.108:45297 => www.beonehome.com/119.90.39.6:6200)
02-05 09:24:30.512 D/Tag     ( 1501): , flag : ZG, version : 10, contentLen : 0, content : ---(0x00000002: nio socket, client, /192.168.1.108:45579 => www.beonehome.com/119.90.39.6:11367)
02-05 09:24:32.102 I/ActivityStackSupervisor(  516): START u0 {act=android.intent.action.MAIN cat=[android.intent.category.LAUNCHER] flg=0x10200000 cmp=com.cn.cae/.MainActivity (has extras)} from uid 10036 on display 0
02-05 09:24:32.103 I/System.out(  516): com.cn.cae.MainActivityaddAppToken taskId:107
02-05 09:24:32.104 W/AppOps  (  516): Bad call: specified package media under uid 1000 but it is really 1013
02-05 09:24:32.107 D/AudioHardwareALSA(  176): AudioHardwareALSA::setVoiceVolume volume = 0.000000
02-05 09:24:32.107 D/AudioHardwareALSA(  176): ALSAMixer::setVolume left = 0.000000 , right = 0.000000
02-05 09:24:32.107 D/AudioHardwareALSA(  176): ALSAMixer::setVolume new *** left = 0.800000 , right = 0.800000
02-05 09:24:32.111 D/WindowManagerService(  516): null  ==========setInputFocusLw ==========  =======
02-05 09:24:32.112 D/DisplayManager(  516): getDisplayInfo: displayId=0, info=DisplayInfo{"内置屏幕", uniqueId "local:0", app 1280 x 672, real 1280 x 720, largest app 1280 x 1207, smallest app 720 x 647, 240.00005 fps, supportedRefreshRates [240.00005], rotation 0, density 160 (160.15764 x 160.42105) dpi, layerStack 0, appVsyncOff 0, presDeadline 5166666, type BUILT_IN, state ON, FLAG_SECURE, FLAG_SUPPORTS_PROTECTED_BUFFERS}
02-05 09:24:32.112 D/PhoneWindow(  516): DecorView - SCREEN_WEITH = 1280 - SCREE_HEIGHT = 672
02-05 09:24:32.115 W/AppOps  (  516): Bad call: specified package media under uid 1000 but it is really 1013
02-05 09:24:32.117 I/AudioStreamOutALSA(  176): Audio exiting sandby will open audio device
02-05 09:24:32.117 E/AudioStreamOutALSA(  176): curDev =0x400,, curMode =0, mCurDev = 0x400
02-05 09:24:32.121 D/DisplayManager(  516): getDisplayInfo: displayId=0, info=DisplayInfo{"内置屏幕", uniqueId "local:0", app 1280 x 672, real 1280 x 720, largest app 1280 x 1207, smallest app 720 x 647, 240.00005 fps, supportedRefreshRates [240.00005], rotation 0, density 160 (160.15764 x 160.42105) dpi, layerStack 0, appVsyncOff 0, presDeadline 5166666, type BUILT_IN, state ON, FLAG_SECURE, FLAG_SUPPORTS_PROTECTED_BUFFERS}
02-05 09:24:32.122 V/WindowManagerService(  516): Adding window Window{e4eb663 u0 Starting com.cn.cae} at 2 of 4 (after Window{1516c45e u0 com.android.launcher3/com.android.launcher3.Launcher})
02-05 09:24:32.126 D/ViewRootImpl(  516): onAttachToWindow register content observer attrs=WM.LayoutParams{(0,0)(fillxfill)mPosX=0mPosY=0mHScale=1.0mVScale=1.0 align=UNDEFINE taskId=107 ty=3 fl=#1830118 pfl=0x11 fmt=-3 wanim=0x1030001 surfaceInsets=Rect(0, 0 - 0, 0) needsMenuKey=2packageName=com.cn.caetoken=Token{28569b65 ActivityRecord{1945ac5c u0 com.cn.cae/.MainActivity t107}}}
02-05 09:24:32.146 D/ViewRootImpl(  516): 1280<<<<<< BACK FROM relayoutWM.LayoutParams{(0,0)(fillxfill)mPosX=0mPosY=0mHScale=1.0mVScale=1.0 align=UNDEFINE taskId=107 sim=#20 ty=3 fl=#1830118 pfl=0x11 fmt=-3 wanim=0x1030001 surfaceInsets=Rect(0, 0 - 0, 0) needsMenuKey=2packageName=com.cn.caetoken=Token{28569b65 ActivityRecord{1945ac5c u0 com.cn.cae/.MainActivity t107}}}
02-05 09:24:32.188 I/art     ( 2097): Late-enabling -Xcheck:jni
02-05 09:24:32.192 I/ActivityManagerService(  516): Start proc 2097:com.cn.cae/u0a64 for activity com.cn.cae/.MainActivity
02-05 09:24:32.197 V/KeyEvent(  895): Reset: android.view.KeyEvent$DispatcherState@3267329e
02-05 09:24:32.217 V/ALSAModule(  176): SAMPLERATE:48000
02-05 09:24:32.218 E/ALSAModule(  176): buffersize: 1536, periodsize:512
02-05 09:24:32.219 V/ALSAModule(  176): Set PLAYBACK PCM format to S16_LE (Signed 16 bit Little Endian)
02-05 09:24:32.219 V/ALSAModule(  176): Using 2 channels for PLAYBACK.
02-05 09:24:32.219 V/ALSAModule(  176): Set PLAYBACK sample rate to 48000 HZ
02-05 09:24:32.221 V/ALSAModule(  176): SAMPLERATE:48000
02-05 09:24:32.221 E/ALSAModule(  176): buffersize: 1536, periodsize:512
02-05 09:24:32.222 V/ALSAModule(  176): Set PLAYBACK PCM format to S16_LE (Signed 16 bit Little Endian)
02-05 09:24:32.222 V/ALSAModule(  176): Using 2 channels for PLAYBACK.
02-05 09:24:32.222 V/ALSAModule(  176): Set PLAYBACK sample rate to 48000 HZ
02-05 09:24:32.249 D/DisplayManager( 2097): getDisplayInfo: displayId=0, info=DisplayInfo{"内置屏幕", uniqueId "local:0", app 1280 x 672, real 1280 x 720, largest app 1280 x 1207, smallest app 720 x 647, 240.00005 fps, supportedRefreshRates [240.00005], rotation 0, density 160 (160.15764 x 160.42105) dpi, layerStack 0, appVsyncOff 0, presDeadline 5166666, type BUILT_IN, state ON, FLAG_SECURE, FLAG_SUPPORTS_PROTECTED_BUFFERS}
02-05 09:24:32.252 D/DisplayManager( 2097): getDisplayInfo: displayId=0, info=DisplayInfo{"内置屏幕", uniqueId "local:0", app 1280 x 672, real 1280 x 720, largest app 1280 x 1207, smallest app 720 x 647, 240.00005 fps, supportedRefreshRates [240.00005], rotation 0, density 160 (160.15764 x 160.42105) dpi, layerStack 0, appVsyncOff 0, presDeadline 5166666, type BUILT_IN, state ON, FLAG_SECURE, FLAG_SUPPORTS_PROTECTED_BUFFERS}
02-05 09:24:32.256 D/DisplayManager( 2097): getDisplayInfo: displayId=0, info=DisplayInfo{"内置屏幕", uniqueId "local:0", app 1280 x 672, real 1280 x 720, largest app 1280 x 1207, smallest app 720 x 647, 240.00005 fps, supportedRefreshRates [240.00005], rotation 0, density 160 (160.15764 x 160.42105) dpi, layerStack 0, appVsyncOff 0, presDeadline 5166666, type BUILT_IN, state ON, FLAG_SECURE, FLAG_SUPPORTS_PROTECTED_BUFFERS}
02-05 09:24:32.263 D/DisplayManager( 2097): getDisplayInfo: displayId=0, info=DisplayInfo{"内置屏幕", uniqueId "local:0", app 1280 x 672, real 1280 x 720, largest app 1280 x 1207, smallest app 720 x 647, 240.00005 fps, supportedRefreshRates [240.00005], rotation 0, density 160 (160.15764 x 160.42105) dpi, layerStack 0, appVsyncOff 0, presDeadline 5166666, type BUILT_IN, state ON, FLAG_SECURE, FLAG_SUPPORTS_PROTECTED_BUFFERS}
02-05 09:24:32.268 D/ViewRootImpl(  895): 1280<<<<<< BACK FROM relayoutnull
02-05 09:24:32.276 D/ViewRootImpl(  895): 1280<<<<<< BACK FROM relayoutnull
02-05 09:24:32.291 D/DisplayManager( 2097): getDisplayInfo: displayId=0, info=DisplayInfo{"内置屏幕", uniqueId "local:0", app 1280 x 672, real 1280 x 720, largest app 1280 x 1207, smallest app 720 x 647, 240.00005 fps, supportedRefreshRates [240.00005], rotation 0, density 160 (160.15764 x 160.42105) dpi, layerStack 0, appVsyncOff 0, presDeadline 5166666, type BUILT_IN, state ON, FLAG_SECURE, FLAG_SUPPORTS_PROTECTED_BUFFERS}
02-05 09:24:32.298 D/DisplayManager( 2097): getDisplayInfo: displayId=0, info=DisplayInfo{"内置屏幕", uniqueId "local:0", app 1280 x 672, real 1280 x 720, largest app 1280 x 1207, smallest app 720 x 647, 240.00005 fps, supportedRefreshRates [240.00005], rotation 0, density 160 (160.15764 x 160.42105) dpi, layerStack 0, appVsyncOff 0, presDeadline 5166666, type BUILT_IN, state ON, FLAG_SECURE, FLAG_SUPPORTS_PROTECTED_BUFFERS}
02-05 09:24:32.308 D/DisplayManager( 2097): getDisplayInfo: displayId=0, info=DisplayInfo{"内置屏幕", uniqueId "local:0", app 1280 x 672, real 1280 x 720, largest app 1280 x 1207, smallest app 720 x 647, 240.00005 fps, supportedRefreshRates [240.00005], rotation 0, density 160 (160.15764 x 160.42105) dpi, layerStack 0, appVsyncOff 0, presDeadline 5166666, type BUILT_IN, state ON, FLAG_SECURE, FLAG_SUPPORTS_PROTECTED_BUFFERS}
02-05 09:24:32.308 D/PhoneWindow( 2097): DecorView - SCREEN_WEITH = 1280 - SCREE_HEIGHT = 672
02-05 09:24:32.356 I/CAEDemo ( 2097): onCreate...
02-05 09:24:32.372 D/DisplayManager( 2097): getDisplayInfo: displayId=0, info=DisplayInfo{"内置屏幕", uniqueId "local:0", app 1280 x 672, real 1280 x 720, largest app 1280 x 1207, smallest app 720 x 647, 240.00005 fps, supportedRefreshRates [240.00005], rotation 0, density 160 (160.15764 x 160.42105) dpi, layerStack 0, appVsyncOff 0, presDeadline 5166666, type BUILT_IN, state ON, FLAG_SECURE, FLAG_SUPPORTS_PROTECTED_BUFFERS}
02-05 09:24:32.374 D/DisplayManager( 2097): getDisplayInfo: displayId=0, info=DisplayInfo{"内置屏幕", uniqueId "local:0", app 1280 x 672, real 1280 x 720, largest app 1280 x 1207, smallest app 720 x 647, 240.00005 fps, supportedRefreshRates [240.00005], rotation 0, density 160 (160.15764 x 160.42105) dpi, layerStack 0, appVsyncOff 0, presDeadline 5166666, type BUILT_IN, state ON, FLAG_SECURE, FLAG_SUPPORTS_PROTECTED_BUFFERS}
02-05 09:24:32.379 D/DisplayManager(  661): getDisplayInfo: displayId=0, info=DisplayInfo{"内置屏幕", uniqueId "local:0", app 1280 x 672, real 1280 x 720, largest app 1280 x 1207, smallest app 720 x 647, 240.00005 fps, supportedRefreshRates [240.00005], rotation 0, density 160 (160.15764 x 160.42105) dpi, layerStack 0, appVsyncOff 0, presDeadline 5166666, type BUILT_IN, state ON, FLAG_SECURE, FLAG_SUPPORTS_PROTECTED_BUFFERS}
02-05 09:24:32.384 D/OpenGLRenderer( 2097): Use EGL_SWAP_BEHAVIOR_PRESERVED: false
02-05 09:24:32.389 I/[Gralloc]( 2097):  ion device open success! fd = 28
02-05 09:24:32.392 D/Atlas   ( 2097): Validating map...
02-05 09:24:32.398 W/Atlas   ( 2097): Pointer 0x0, not in getPreloadedDrawables?
02-05 09:24:32.398 W/Atlas   ( 2097): Pointer 0x0, not in getPreloadedDrawables?
02-05 09:24:32.398 W/Atlas   ( 2097): Pointer 0x0, not in getPreloadedDrawables?
02-05 09:24:32.398 W/Atlas   ( 2097): Pointer 0x0, not in getPreloadedDrawables?
02-05 09:24:32.398 W/Atlas   ( 2097): Pointer 0x0, not in getPreloadedDrawables?
02-05 09:24:32.398 W/Atlas   ( 2097): Pointer 0x0, not in getPreloadedDrawables?
02-05 09:24:32.398 W/Atlas   ( 2097): Pointer 0x0, not in getPreloadedDrawables?
02-05 09:24:32.398 W/Atlas   ( 2097): Pointer 0x0, not in getPreloadedDrawables?
02-05 09:24:32.398 W/Atlas   ( 2097): Pointer 0x0, not in getPreloadedDrawables?
02-05 09:24:32.399 W/Atlas   ( 2097): Pointer 0x0, not in getPreloadedDrawables?
02-05 09:24:32.399 W/Atlas   ( 2097): Pointer 0x0, not in getPreloadedDrawables?
02-05 09:24:32.399 W/Atlas   ( 2097): Pointer 0x0, not in getPreloadedDrawables?
02-05 09:24:32.399 W/Atlas   ( 2097): Pointer 0x0, not in getPreloadedDrawables?
02-05 09:24:32.399 W/Atlas   ( 2097): Pointer 0x0, not in getPreloadedDrawables?
02-05 09:24:32.399 W/Atlas   ( 2097): Pointer 0x0, not in getPreloadedDrawables?
02-05 09:24:32.399 W/Atlas   ( 2097): Pointer 0x0, not in getPreloadedDrawables?
02-05 09:24:32.399 W/Atlas   ( 2097): Pointer 0x0, not in getPreloadedDrawables?
02-05 09:24:32.399 W/Atlas   ( 2097): Pointer 0x0, not in getPreloadedDrawables?
02-05 09:24:32.399 W/Atlas   ( 2097): Pointer 0x0, not in getPreloadedDrawables?
02-05 09:24:32.399 W/Atlas   ( 2097): Pointer 0x0, not in getPreloadedDrawables?
02-05 09:24:32.399 W/Atlas   ( 2097): Pointer 0x0, not in getPreloadedDrawables?
02-05 09:24:32.399 W/Atlas   ( 2097): Pointer 0x0, not in getPreloadedDrawables?
02-05 09:24:32.400 W/Atlas   ( 2097): Pointer 0x0, not in getPreloadedDrawables?
02-05 09:24:32.400 W/Atlas   ( 2097): Pointer 0x0, not in getPreloadedDrawables?
02-05 09:24:32.400 W/Atlas   ( 2097): Pointer 0x0, not in getPreloadedDrawables?
02-05 09:24:32.400 W/Atlas   ( 2097): Pointer 0x0, not in getPreloadedDrawables?
02-05 09:24:32.400 W/Atlas   ( 2097): Pointer 0x0, not in getPreloadedDrawables?
02-05 09:24:32.400 W/Atlas   ( 2097): Pointer 0x0, not in getPreloadedDrawables?
02-05 09:24:32.400 W/Atlas   ( 2097): Pointer 0x0, not in getPreloadedDrawables?
02-05 09:24:32.400 W/Atlas   ( 2097): Pointer 0x0, not in getPreloadedDrawables?
02-05 09:24:32.400 W/Atlas   ( 2097): Pointer 0x0, not in getPreloadedDrawables?
02-05 09:24:32.400 W/Atlas   ( 2097): Pointer 0x0, not in getPreloadedDrawables?
02-05 09:24:32.400 W/Atlas   ( 2097): Pointer 0x0, not in getPreloadedDrawables?
02-05 09:24:32.400 W/Atlas   ( 2097): Pointer 0x0, not in getPreloadedDrawables?
02-05 09:24:32.400 W/Atlas   ( 2097): Pointer 0x0, not in getPreloadedDrawables?
02-05 09:24:32.401 W/Atlas   ( 2097): Pointer 0x0, not in getPreloadedDrawables?
02-05 09:24:32.401 W/Atlas   ( 2097): Pointer 0x0, not in getPreloadedDrawables?
02-05 09:24:32.401 W/Atlas   ( 2097): Pointer 0x0, not in getPreloadedDrawables?
02-05 09:24:32.401 W/Atlas   ( 2097): Pointer 0x0, not in getPreloadedDrawables?
02-05 09:24:32.401 W/Atlas   ( 2097): Pointer 0x0, not in getPreloadedDrawables?
02-05 09:24:32.401 W/Atlas   ( 2097): Pointer 0x0, not in getPreloadedDrawables?
02-05 09:24:32.401 W/Atlas   ( 2097): Pointer 0x0, not in getPreloadedDrawables?
02-05 09:24:32.401 W/Atlas   ( 2097): Pointer 0x0, not in getPreloadedDrawables?
02-05 09:24:32.401 W/Atlas   ( 2097): Pointer 0x0, not in getPreloadedDrawables?
02-05 09:24:32.401 W/Atlas   ( 2097): Pointer 0x0, not in getPreloadedDrawables?
02-05 09:24:32.401 W/Atlas   ( 2097): Pointer 0x0, not in getPreloadedDrawables?
02-05 09:24:32.401 W/Atlas   ( 2097): Pointer 0x0, not in getPreloadedDrawables?
02-05 09:24:32.401 W/Atlas   ( 2097): Pointer 0x0, not in getPreloadedDrawables?
02-05 09:24:32.401 W/Atlas   ( 2097): Pointer 0x0, not in getPreloadedDrawables?
02-05 09:24:32.401 W/Atlas   ( 2097): Pointer 0x0, not in getPreloadedDrawables?
02-05 09:24:32.401 W/Atlas   ( 2097): Pointer 0x0, not in getPreloadedDrawables?
02-05 09:24:32.402 W/Atlas   ( 2097): Pointer 0x0, not in getPreloadedDrawables?
02-05 09:24:32.402 W/Atlas   ( 2097): Pointer 0x0, not in getPreloadedDrawables?
02-05 09:24:32.402 W/Atlas   ( 2097): Pointer 0x0, not in getPreloadedDrawables?
02-05 09:24:32.402 W/Atlas   ( 2097): Pointer 0x0, not in getPreloadedDrawables?
02-05 09:24:32.402 W/Atlas   ( 2097): Pointer 0x0, not in getPreloadedDrawables?
02-05 09:24:32.402 W/Atlas   ( 2097): Pointer 0x0, not in getPreloadedDrawables?
02-05 09:24:32.402 W/Atlas   ( 2097): Pointer 0x0, not in getPreloadedDrawables?
02-05 09:24:32.402 W/Atlas   ( 2097): Pointer 0x0, not in getPreloadedDrawables?
02-05 09:24:32.402 W/Atlas   ( 2097): Pointer 0x0, not in getPreloadedDrawables?
02-05 09:24:32.402 W/Atlas   ( 2097): Pointer 0x0, not in getPreloadedDrawables?
02-05 09:24:32.402 W/Atlas   ( 2097): Pointer 0x0, not in getPreloadedDrawables?
02-05 09:24:32.402 W/Atlas   ( 2097): Pointer 0x0, not in getPreloadedDrawables?
02-05 09:24:32.402 W/Atlas   ( 2097): Pointer 0x0, not in getPreloadedDrawables?
02-05 09:24:32.402 W/Atlas   ( 2097): Pointer 0x0, not in getPreloadedDrawables?
02-05 09:24:32.402 W/Atlas   ( 2097): Pointer 0x0, not in getPreloadedDrawables?
02-05 09:24:32.403 W/Atlas   ( 2097): Pointer 0x0, not in getPreloadedDrawables?
02-05 09:24:32.403 W/Atlas   ( 2097): Pointer 0x0, not in getPreloadedDrawables?
02-05 09:24:32.403 W/Atlas   ( 2097): Pointer 0x0, not in getPreloadedDrawables?
02-05 09:24:32.403 W/Atlas   ( 2097): Pointer 0x0, not in getPreloadedDrawables?
02-05 09:24:32.403 W/Atlas   ( 2097): Pointer 0x0, not in getPreloadedDrawables?
02-05 09:24:32.403 W/Atlas   ( 2097): Pointer 0x0, not in getPreloadedDrawables?
02-05 09:24:32.403 W/Atlas   ( 2097): Pointer 0x0, not in getPreloadedDrawables?
02-05 09:24:32.403 W/Atlas   ( 2097): Pointer 0x0, not in getPreloadedDrawables?
02-05 09:24:32.403 W/Atlas   ( 2097): Pointer 0x0, not in getPreloadedDrawables?
02-05 09:24:32.403 W/Atlas   ( 2097): Pointer 0x0, not in getPreloadedDrawables?
02-05 09:24:32.403 W/Atlas   ( 2097): Pointer 0x0, not in getPreloadedDrawables?
02-05 09:24:32.403 W/Atlas   ( 2097): Pointer 0x0, not in getPreloadedDrawables?
02-05 09:24:32.403 W/Atlas   ( 2097): Pointer 0x0, not in getPreloadedDrawables?
02-05 09:24:32.403 W/Atlas   ( 2097): Pointer 0x0, not in getPreloadedDrawables?
02-05 09:24:32.403 W/Atlas   ( 2097): Pointer 0x0, not in getPreloadedDrawables?
02-05 09:24:32.404 W/Atlas   ( 2097): Pointer 0x0, not in getPreloadedDrawables?
02-05 09:24:32.404 W/Atlas   ( 2097): Pointer 0x0, not in getPreloadedDrawables?
02-05 09:24:32.404 W/Atlas   ( 2097): Pointer 0x0, not in getPreloadedDrawables?
02-05 09:24:32.404 W/Atlas   ( 2097): Pointer 0x0, not in getPreloadedDrawables?
02-05 09:24:32.404 W/Atlas   ( 2097): Pointer 0x0, not in getPreloadedDrawables?
02-05 09:24:32.404 W/Atlas   ( 2097): Pointer 0x0, not in getPreloadedDrawables?
02-05 09:24:32.404 W/Atlas   ( 2097): Pointer 0x0, not in getPreloadedDrawables?
02-05 09:24:32.404 W/Atlas   ( 2097): Pointer 0x0, not in getPreloadedDrawables?
02-05 09:24:32.404 W/Atlas   ( 2097): Pointer 0x0, not in getPreloadedDrawables?
02-05 09:24:32.404 W/Atlas   ( 2097): Pointer 0x0, not in getPreloadedDrawables?
02-05 09:24:32.404 W/Atlas   ( 2097): Pointer 0x0, not in getPreloadedDrawables?
02-05 09:24:32.404 W/Atlas   ( 2097): Pointer 0x0, not in getPreloadedDrawables?
02-05 09:24:32.404 W/Atlas   ( 2097): Pointer 0x0, not in getPreloadedDrawables?
02-05 09:24:32.404 W/Atlas   ( 2097): Pointer 0x0, not in getPreloadedDrawables?
02-05 09:24:32.405 W/Atlas   ( 2097): Pointer 0x0, not in getPreloadedDrawables?
02-05 09:24:32.405 W/Atlas   ( 2097): Pointer 0x0, not in getPreloadedDrawables?
02-05 09:24:32.405 W/Atlas   ( 2097): Pointer 0x0, not in getPreloadedDrawables?
02-05 09:24:32.405 W/Atlas   ( 2097): Pointer 0x0, not in getPreloadedDrawables?
02-05 09:24:32.405 W/Atlas   ( 2097): Pointer 0x0, not in getPreloadedDrawables?
02-05 09:24:32.405 W/Atlas   ( 2097): Pointer 0x0, not in getPreloadedDrawables?
02-05 09:24:32.405 W/Atlas   ( 2097): Pointer 0x0, not in getPreloadedDrawables?
02-05 09:24:32.405 W/Atlas   ( 2097): Pointer 0x0, not in getPreloadedDrawables?
02-05 09:24:32.405 W/Atlas   ( 2097): Pointer 0x0, not in getPreloadedDrawables?
02-05 09:24:32.405 W/Atlas   ( 2097): Pointer 0x0, not in getPreloadedDrawables?
02-05 09:24:32.405 W/Atlas   ( 2097): Pointer 0x0, not in getPreloadedDrawables?
02-05 09:24:32.405 W/Atlas   ( 2097): Pointer 0x0, not in getPreloadedDrawables?
02-05 09:24:32.405 W/Atlas   ( 2097): Pointer 0x0, not in getPreloadedDrawables?
02-05 09:24:32.405 W/Atlas   ( 2097): Pointer 0x0, not in getPreloadedDrawables?
02-05 09:24:32.406 W/Atlas   ( 2097): Pointer 0x0, not in getPreloadedDrawables?
02-05 09:24:32.406 W/Atlas   ( 2097): Pointer 0x0, not in getPreloadedDrawables?
02-05 09:24:32.406 W/Atlas   ( 2097): Pointer 0x0, not in getPreloadedDrawables?
02-05 09:24:32.406 W/Atlas   ( 2097): Pointer 0x0, not in getPreloadedDrawables?
02-05 09:24:32.406 W/Atlas   ( 2097): Pointer 0x0, not in getPreloadedDrawables?
02-05 09:24:32.406 W/Atlas   ( 2097): Pointer 0x0, not in getPreloadedDrawables?
02-05 09:24:32.406 W/Atlas   ( 2097): Pointer 0x0, not in getPreloadedDrawables?
02-05 09:24:32.406 W/Atlas   ( 2097): Pointer 0x0, not in getPreloadedDrawables?
02-05 09:24:32.406 W/Atlas   ( 2097): Pointer 0x0, not in getPreloadedDrawables?
02-05 09:24:32.406 W/Atlas   ( 2097): Pointer 0x0, not in getPreloadedDrawables?
02-05 09:24:32.406 W/Atlas   ( 2097): Pointer 0x0, not in getPreloadedDrawables?
02-05 09:24:32.406 W/Atlas   ( 2097): Pointer 0x0, not in getPreloadedDrawables?
02-05 09:24:32.407 W/Atlas   ( 2097): Pointer 0x0, not in getPreloadedDrawables?
02-05 09:24:32.407 W/Atlas   ( 2097): Pointer 0x0, not in getPreloadedDrawables?
02-05 09:24:32.407 W/Atlas   ( 2097): Pointer 0x0, not in getPreloadedDrawables?
02-05 09:24:32.407 W/Atlas   ( 2097): Pointer 0x0, not in getPreloadedDrawables?
02-05 09:24:32.407 W/Atlas   ( 2097): Pointer 0x0, not in getPreloadedDrawables?
02-05 09:24:32.407 W/Atlas   ( 2097): Pointer 0x0, not in getPreloadedDrawables?
02-05 09:24:32.407 W/Atlas   ( 2097): Pointer 0x0, not in getPreloadedDrawables?
02-05 09:24:32.407 W/Atlas   ( 2097): Pointer 0x0, not in getPreloadedDrawables?
02-05 09:24:32.407 W/Atlas   ( 2097): Pointer 0x0, not in getPreloadedDrawables?
02-05 09:24:32.407 W/Atlas   ( 2097): Pointer 0x0, not in getPreloadedDrawables?
02-05 09:24:32.407 W/Atlas   ( 2097): Pointer 0x0, not in getPreloadedDrawables?
02-05 09:24:32.407 W/Atlas   ( 2097): Pointer 0x0, not in getPreloadedDrawables?
02-05 09:24:32.407 W/Atlas   ( 2097): Pointer 0x0, not in getPreloadedDrawables?
02-05 09:24:32.407 W/Atlas   ( 2097): Pointer 0x0, not in getPreloadedDrawables?
02-05 09:24:32.407 W/Atlas   ( 2097): Pointer 0x0, not in getPreloadedDrawables?
02-05 09:24:32.407 W/Atlas   ( 2097): Pointer 0x0, not in getPreloadedDrawables?
02-05 09:24:32.407 W/Atlas   ( 2097): Pointer 0x0, not in getPreloadedDrawables?
02-05 09:24:32.408 W/Atlas   ( 2097): Pointer 0x0, not in getPreloadedDrawables?
02-05 09:24:32.408 W/Atlas   ( 2097): Pointer 0x0, not in getPreloadedDrawables?
02-05 09:24:32.408 W/Atlas   ( 2097): Pointer 0x0, not in getPreloadedDrawables?
02-05 09:24:32.408 W/Atlas   ( 2097): Pointer 0x0, not in getPreloadedDrawables?
02-05 09:24:32.408 W/Atlas   ( 2097): Pointer 0x0, not in getPreloadedDrawables?
02-05 09:24:32.408 W/Atlas   ( 2097): Pointer 0x0, not in getPreloadedDrawables?
02-05 09:24:32.408 W/Atlas   ( 2097): Pointer 0x0, not in getPreloadedDrawables?
02-05 09:24:32.408 W/Atlas   ( 2097): Pointer 0x0, not in getPreloadedDrawables?
02-05 09:24:32.408 W/Atlas   ( 2097): Pointer 0x0, not in getPreloadedDrawables?
02-05 09:24:32.408 W/Atlas   ( 2097): Pointer 0x0, not in getPreloadedDrawables?
02-05 09:24:32.408 W/Atlas   ( 2097): Pointer 0x0, not in getPreloadedDrawables?
02-05 09:24:32.408 W/Atlas   ( 2097): Pointer 0x0, not in getPreloadedDrawables?
02-05 09:24:32.408 W/Atlas   ( 2097): Pointer 0x0, not in getPreloadedDrawables?
02-05 09:24:32.409 W/Atlas   ( 2097): Pointer 0x0, not in getPreloadedDrawables?
02-05 09:24:32.409 W/Atlas   ( 2097): Pointer 0x0, not in getPreloadedDrawables?
02-05 09:24:32.409 W/Atlas   ( 2097): Pointer 0x0, not in getPreloadedDrawables?
02-05 09:24:32.409 W/Atlas   ( 2097): Pointer 0x0, not in getPreloadedDrawables?
02-05 09:24:32.409 W/Atlas   ( 2097): Pointer 0x0, not in getPreloadedDrawables?
02-05 09:24:32.409 W/Atlas   ( 2097): Pointer 0x0, not in getPreloadedDrawables?
02-05 09:24:32.409 W/Atlas   ( 2097): Pointer 0x0, not in getPreloadedDrawables?
02-05 09:24:32.409 W/Atlas   ( 2097): Pointer 0x0, not in getPreloadedDrawables?
02-05 09:24:32.409 W/Atlas   ( 2097): Pointer 0x0, not in getPreloadedDrawables?
02-05 09:24:32.409 W/Atlas   ( 2097): Pointer 0x0, not in getPreloadedDrawables?
02-05 09:24:32.409 W/Atlas   ( 2097): Pointer 0x0, not in getPreloadedDrawables?
02-05 09:24:32.409 W/Atlas   ( 2097): Pointer 0x0, not in getPreloadedDrawables?
02-05 09:24:32.409 W/Atlas   ( 2097): Pointer 0x0, not in getPreloadedDrawables?
02-05 09:24:32.409 W/Atlas   ( 2097): Pointer 0x0, not in getPreloadedDrawables?
02-05 09:24:32.410 W/Atlas   ( 2097): Pointer 0x0, not in getPreloadedDrawables?
02-05 09:24:32.410 W/Atlas   ( 2097): Pointer 0x0, not in getPreloadedDrawables?
02-05 09:24:32.410 W/Atlas   ( 2097): Pointer 0x0, not in getPreloadedDrawables?
02-05 09:24:32.410 W/Atlas   ( 2097): Pointer 0x0, not in getPreloadedDrawables?
02-05 09:24:32.410 W/Atlas   ( 2097): Pointer 0x0, not in getPreloadedDrawables?
02-05 09:24:32.410 W/Atlas   ( 2097): Pointer 0x0, not in getPreloadedDrawables?
02-05 09:24:32.410 W/Atlas   ( 2097): Pointer 0x0, not in getPreloadedDrawables?
02-05 09:24:32.410 W/Atlas   ( 2097): Pointer 0x0, not in getPreloadedDrawables?
02-05 09:24:32.410 W/Atlas   ( 2097): Pointer 0x0, not in getPreloadedDrawables?
02-05 09:24:32.410 W/Atlas   ( 2097): Pointer 0x0, not in getPreloadedDrawables?
02-05 09:24:32.410 W/Atlas   ( 2097): Pointer 0x0, not in getPreloadedDrawables?
02-05 09:24:32.410 W/Atlas   ( 2097): Pointer 0x0, not in getPreloadedDrawables?
02-05 09:24:32.410 W/Atlas   ( 2097): Pointer 0x0, not in getPreloadedDrawables?
02-05 09:24:32.410 W/Atlas   ( 2097): Pointer 0x0, not in getPreloadedDrawables?
02-05 09:24:32.410 W/Atlas   ( 2097): Pointer 0x0, not in getPreloadedDrawables?
02-05 09:24:32.411 W/Atlas   ( 2097): Pointer 0x0, not in getPreloadedDrawables?
02-05 09:24:32.411 W/Atlas   ( 2097): Pointer 0x0, not in getPreloadedDrawables?
02-05 09:24:32.411 W/Atlas   ( 2097): Pointer 0x0, not in getPreloadedDrawables?
02-05 09:24:32.411 W/Atlas   ( 2097): Pointer 0x0, not in getPreloadedDrawables?
02-05 09:24:32.411 W/Atlas   ( 2097): Pointer 0x0, not in getPreloadedDrawables?
02-05 09:24:32.411 W/Atlas   ( 2097): Pointer 0x0, not in getPreloadedDrawables?
02-05 09:24:32.411 W/Atlas   ( 2097): Pointer 0x0, not in getPreloadedDrawables?
02-05 09:24:32.411 W/Atlas   ( 2097): Pointer 0x0, not in getPreloadedDrawables?
02-05 09:24:32.411 W/Atlas   ( 2097): Pointer 0x0, not in getPreloadedDrawables?
02-05 09:24:32.411 W/Atlas   ( 2097): Pointer 0x0, not in getPreloadedDrawables?
02-05 09:24:32.411 W/Atlas   ( 2097): Pointer 0x0, not in getPreloadedDrawables?
02-05 09:24:32.411 W/Atlas   ( 2097): Pointer 0x0, not in getPreloadedDrawables?
02-05 09:24:32.411 W/Atlas   ( 2097): Pointer 0x0, not in getPreloadedDrawables?
02-05 09:24:32.411 W/Atlas   ( 2097): Pointer 0x0, not in getPreloadedDrawables?
02-05 09:24:32.411 W/Atlas   ( 2097): Pointer 0x0, not in getPreloadedDrawables?
02-05 09:24:32.412 W/Atlas   ( 2097): Pointer 0x0, not in getPreloadedDrawables?
02-05 09:24:32.412 W/Atlas   ( 2097): Pointer 0x0, not in getPreloadedDrawables?
02-05 09:24:32.412 W/Atlas   ( 2097): Pointer 0x0, not in getPreloadedDrawables?
02-05 09:24:32.412 W/Atlas   ( 2097): Pointer 0x0, not in getPreloadedDrawables?
02-05 09:24:32.412 W/Atlas   ( 2097): Pointer 0x0, not in getPreloadedDrawables?
02-05 09:24:32.412 W/Atlas   ( 2097): Pointer 0x0, not in getPreloadedDrawables?
02-05 09:24:32.412 W/Atlas   ( 2097): Pointer 0x0, not in getPreloadedDrawables?
02-05 09:24:32.412 W/Atlas   ( 2097): Pointer 0x0, not in getPreloadedDrawables?
02-05 09:24:32.412 W/Atlas   ( 2097): Pointer 0x0, not in getPreloadedDrawables?
02-05 09:24:32.412 W/Atlas   ( 2097): Pointer 0x0, not in getPreloadedDrawables?
02-05 09:24:32.412 W/Atlas   ( 2097): Pointer 0x0, not in getPreloadedDrawables?
02-05 09:24:32.412 W/Atlas   ( 2097): Pointer 0x0, not in getPreloadedDrawables?
02-05 09:24:32.412 W/Atlas   ( 2097): Pointer 0x0, not in getPreloadedDrawables?
02-05 09:24:32.412 W/Atlas   ( 2097): Pointer 0x0, not in getPreloadedDrawables?
02-05 09:24:32.413 W/Atlas   ( 2097): Pointer 0x0, not in getPreloadedDrawables?
02-05 09:24:32.413 W/Atlas   ( 2097): Pointer 0x0, not in getPreloadedDrawables?
02-05 09:24:32.413 W/Atlas   ( 2097): Pointer 0x0, not in getPreloadedDrawables?
02-05 09:24:32.413 W/Atlas   ( 2097): Pointer 0x0, not in getPreloadedDrawables?
02-05 09:24:32.413 W/Atlas   ( 2097): Pointer 0x0, not in getPreloadedDrawables?
02-05 09:24:32.413 W/Atlas   ( 2097): Pointer 0x0, not in getPreloadedDrawables?
02-05 09:24:32.413 W/Atlas   ( 2097): Pointer 0x0, not in getPreloadedDrawables?
02-05 09:24:32.413 W/Atlas   ( 2097): Pointer 0x0, not in getPreloadedDrawables?
02-05 09:24:32.413 W/Atlas   ( 2097): Pointer 0x0, not in getPreloadedDrawables?
02-05 09:24:32.413 W/Atlas   ( 2097): Pointer 0x0, not in getPreloadedDrawables?
02-05 09:24:32.413 W/Atlas   ( 2097): Pointer 0x0, not in getPreloadedDrawables?
02-05 09:24:32.413 W/Atlas   ( 2097): Pointer 0x0, not in getPreloadedDrawables?
02-05 09:24:32.413 W/Atlas   ( 2097): Pointer 0x0, not in getPreloadedDrawables?
02-05 09:24:32.413 W/Atlas   ( 2097): Pointer 0x0, not in getPreloadedDrawables?
02-05 09:24:32.413 W/Atlas   ( 2097): Pointer 0x0, not in getPreloadedDrawables?
02-05 09:24:32.413 W/Atlas   ( 2097): Pointer 0x0, not in getPreloadedDrawables?
02-05 09:24:32.413 W/Atlas   ( 2097): Pointer 0x0, not in getPreloadedDrawables?
02-05 09:24:32.413 W/Atlas   ( 2097): Pointer 0x0, not in getPreloadedDrawables?
02-05 09:24:32.414 W/Atlas   ( 2097): Pointer 0x0, not in getPreloadedDrawables?
02-05 09:24:32.414 W/Atlas   ( 2097): Pointer 0x0, not in getPreloadedDrawables?
02-05 09:24:32.414 W/Atlas   ( 2097): Pointer 0x0, not in getPreloadedDrawables?
02-05 09:24:32.414 W/Atlas   ( 2097): Pointer 0x0, not in getPreloadedDrawables?
02-05 09:24:32.414 W/Atlas   ( 2097): Pointer 0x0, not in getPreloadedDrawables?
02-05 09:24:32.414 W/Atlas   ( 2097): Pointer 0x0, not in getPreloadedDrawables?
02-05 09:24:32.414 W/Atlas   ( 2097): Pointer 0x0, not in getPreloadedDrawables?
02-05 09:24:32.414 W/Atlas   ( 2097): Pointer 0x0, not in getPreloadedDrawables?
02-05 09:24:32.414 W/Atlas   ( 2097): Pointer 0x0, not in getPreloadedDrawables?
02-05 09:24:32.414 W/Atlas   ( 2097): Pointer 0x0, not in getPreloadedDrawables?
02-05 09:24:32.414 W/Atlas   ( 2097): Pointer 0x0, not in getPreloadedDrawables?
02-05 09:24:32.414 W/Atlas   ( 2097): Pointer 0x0, not in getPreloadedDrawables?
02-05 09:24:32.414 W/Atlas   ( 2097): Pointer 0x0, not in getPreloadedDrawables?
02-05 09:24:32.414 W/Atlas   ( 2097): Pointer 0x0, not in getPreloadedDrawables?
02-05 09:24:32.415 W/Atlas   ( 2097): Pointer 0x0, not in getPreloadedDrawables?
02-05 09:24:32.415 W/Atlas   ( 2097): Pointer 0x0, not in getPreloadedDrawables?
02-05 09:24:32.415 W/Atlas   ( 2097): Pointer 0x0, not in getPreloadedDrawables?
02-05 09:24:32.415 W/Atlas   ( 2097): Pointer 0x0, not in getPreloadedDrawables?
02-05 09:24:32.415 W/Atlas   ( 2097): Pointer 0x0, not in getPreloadedDrawables?
02-05 09:24:32.415 W/Atlas   ( 2097): Pointer 0x0, not in getPreloadedDrawables?
02-05 09:24:32.415 W/Atlas   ( 2097): Pointer 0x0, not in getPreloadedDrawables?
02-05 09:24:32.415 W/Atlas   ( 2097): Pointer 0x0, not in getPreloadedDrawables?
02-05 09:24:32.415 W/Atlas   ( 2097): Pointer 0x0, not in getPreloadedDrawables?
02-05 09:24:32.415 W/Atlas   ( 2097): Pointer 0x0, not in getPreloadedDrawables?
02-05 09:24:32.415 W/Atlas   ( 2097): Pointer 0x0, not in getPreloadedDrawables?
02-05 09:24:32.415 W/Atlas   ( 2097): Pointer 0x0, not in getPreloadedDrawables?
02-05 09:24:32.415 W/Atlas   ( 2097): Pointer 0x0, not in getPreloadedDrawables?
02-05 09:24:32.416 W/Atlas   ( 2097): Pointer 0x0, not in getPreloadedDrawables?
02-05 09:24:32.416 W/Atlas   ( 2097): Pointer 0x0, not in getPreloadedDrawables?
02-05 09:24:32.416 W/Atlas   ( 2097): Pointer 0x0, not in getPreloadedDrawables?
02-05 09:24:32.416 W/Atlas   ( 2097): Pointer 0x0, not in getPreloadedDrawables?
02-05 09:24:32.416 W/Atlas   ( 2097): Pointer 0x0, not in getPreloadedDrawables?
02-05 09:24:32.416 W/Atlas   ( 2097): Pointer 0x0, not in getPreloadedDrawables?
02-05 09:24:32.416 W/Atlas   ( 2097): Pointer 0x0, not in getPreloadedDrawables?
02-05 09:24:32.416 W/Atlas   ( 2097): Pointer 0x0, not in getPreloadedDrawables?
02-05 09:24:32.416 W/Atlas   ( 2097): Pointer 0x0, not in getPreloadedDrawables?
02-05 09:24:32.416 W/Atlas   ( 2097): Pointer 0x0, not in getPreloadedDrawables?
02-05 09:24:32.416 W/Atlas   ( 2097): Pointer 0x0, not in getPreloadedDrawables?
02-05 09:24:32.416 W/Atlas   ( 2097): Pointer 0x0, not in getPreloadedDrawables?
02-05 09:24:32.416 W/Atlas   ( 2097): Pointer 0x0, not in getPreloadedDrawables?
02-05 09:24:32.416 W/Atlas   ( 2097): Pointer 0x0, not in getPreloadedDrawables?
02-05 09:24:32.417 W/Atlas   ( 2097): Pointer 0x0, not in getPreloadedDrawables?
02-05 09:24:32.417 W/Atlas   ( 2097): Pointer 0x0, not in getPreloadedDrawables?
02-05 09:24:32.417 W/Atlas   ( 2097): Pointer 0x0, not in getPreloadedDrawables?
02-05 09:24:32.417 W/Atlas   ( 2097): Pointer 0x0, not in getPreloadedDrawables?
02-05 09:24:32.417 W/Atlas   ( 2097): Pointer 0x0, not in getPreloadedDrawables?
02-05 09:24:32.417 W/Atlas   ( 2097): Pointer 0x0, not in getPreloadedDrawables?
02-05 09:24:32.417 W/Atlas   ( 2097): Pointer 0x0, not in getPreloadedDrawables?
02-05 09:24:32.417 W/Atlas   ( 2097): Pointer 0x0, not in getPreloadedDrawables?
02-05 09:24:32.417 W/Atlas   ( 2097): Pointer 0x0, not in getPreloadedDrawables?
02-05 09:24:32.417 W/Atlas   ( 2097): Pointer 0x0, not in getPreloadedDrawables?
02-05 09:24:32.417 W/Atlas   ( 2097): Pointer 0x0, not in getPreloadedDrawables?
02-05 09:24:32.417 W/Atlas   ( 2097): Pointer 0x0, not in getPreloadedDrawables?
02-05 09:24:32.417 W/Atlas   ( 2097): Pointer 0x0, not in getPreloadedDrawables?
02-05 09:24:32.417 W/Atlas   ( 2097): Pointer 0x0, not in getPreloadedDrawables?
02-05 09:24:32.418 W/Atlas   ( 2097): Pointer 0x0, not in getPreloadedDrawables?
02-05 09:24:32.418 W/Atlas   ( 2097): Pointer 0x0, not in getPreloadedDrawables?
02-05 09:24:32.418 W/Atlas   ( 2097): Pointer 0x0, not in getPreloadedDrawables?
02-05 09:24:32.418 W/Atlas   ( 2097): Pointer 0x0, not in getPreloadedDrawables?
02-05 09:24:32.418 W/Atlas   ( 2097): Pointer 0x0, not in getPreloadedDrawables?
02-05 09:24:32.418 W/Atlas   ( 2097): Pointer 0x0, not in getPreloadedDrawables?
02-05 09:24:32.418 W/Atlas   ( 2097): Pointer 0x0, not in getPreloadedDrawables?
02-05 09:24:32.418 W/Atlas   ( 2097): Pointer 0x0, not in getPreloadedDrawables?
02-05 09:24:32.418 W/Atlas   ( 2097): Pointer 0x0, not in getPreloadedDrawables?
02-05 09:24:32.418 W/Atlas   ( 2097): Pointer 0x0, not in getPreloadedDrawables?
02-05 09:24:32.418 W/Atlas   ( 2097): Pointer 0x0, not in getPreloadedDrawables?
02-05 09:24:32.418 W/Atlas   ( 2097): Pointer 0x0, not in getPreloadedDrawables?
02-05 09:24:32.418 W/Atlas   ( 2097): Pointer 0x0, not in getPreloadedDrawables?
02-05 09:24:32.418 W/Atlas   ( 2097): Pointer 0x0, not in getPreloadedDrawables?
02-05 09:24:32.418 W/Atlas   ( 2097): Pointer 0x0, not in getPreloadedDrawables?
02-05 09:24:32.418 W/Atlas   ( 2097): Pointer 0x0, not in getPreloadedDrawables?
02-05 09:24:32.419 W/Atlas   ( 2097): Pointer 0x0, not in getPreloadedDrawables?
02-05 09:24:32.419 W/Atlas   ( 2097): Pointer 0x0, not in getPreloadedDrawables?
02-05 09:24:32.419 W/Atlas   ( 2097): Pointer 0x0, not in getPreloadedDrawables?
02-05 09:24:32.419 W/Atlas   ( 2097): Pointer 0x0, not in getPreloadedDrawables?
02-05 09:24:32.419 W/Atlas   ( 2097): Pointer 0x0, not in getPreloadedDrawables?
02-05 09:24:32.419 W/Atlas   ( 2097): Pointer 0x0, not in getPreloadedDrawables?
02-05 09:24:32.419 W/Atlas   ( 2097): Pointer 0x0, not in getPreloadedDrawables?
02-05 09:24:32.419 W/Atlas   ( 2097): Pointer 0x0, not in getPreloadedDrawables?
02-05 09:24:32.419 W/Atlas   ( 2097): Pointer 0x0, not in getPreloadedDrawables?
02-05 09:24:32.419 W/Atlas   ( 2097): Pointer 0x0, not in getPreloadedDrawables?
02-05 09:24:32.419 W/Atlas   ( 2097): Pointer 0x0, not in getPreloadedDrawables?
02-05 09:24:32.419 W/Atlas   ( 2097): Pointer 0x0, not in getPreloadedDrawables?
02-05 09:24:32.419 W/Atlas   ( 2097): Pointer 0x0, not in getPreloadedDrawables?
02-05 09:24:32.420 W/Atlas   ( 2097): Pointer 0x0, not in getPreloadedDrawables?
02-05 09:24:32.420 W/Atlas   ( 2097): Pointer 0x0, not in getPreloadedDrawables?
02-05 09:24:32.420 W/Atlas   ( 2097): Pointer 0x0, not in getPreloadedDrawables?
02-05 09:24:32.420 W/Atlas   ( 2097): Pointer 0x0, not in getPreloadedDrawables?
02-05 09:24:32.420 W/Atlas   ( 2097): Pointer 0x0, not in getPreloadedDrawables?
02-05 09:24:32.420 W/Atlas   ( 2097): Pointer 0x0, not in getPreloadedDrawables?
02-05 09:24:32.420 W/Atlas   ( 2097): Pointer 0x0, not in getPreloadedDrawables?
02-05 09:24:32.420 W/Atlas   ( 2097): Pointer 0x0, not in getPreloadedDrawables?
02-05 09:24:32.420 W/Atlas   ( 2097): Pointer 0x0, not in getPreloadedDrawables?
02-05 09:24:32.420 W/Atlas   ( 2097): Pointer 0x0, not in getPreloadedDrawables?
02-05 09:24:32.420 W/Atlas   ( 2097): Pointer 0x0, not in getPreloadedDrawables?
02-05 09:24:32.420 W/Atlas   ( 2097): Pointer 0x0, not in getPreloadedDrawables?
02-05 09:24:32.420 W/Atlas   ( 2097): Pointer 0x0, not in getPreloadedDrawables?
02-05 09:24:32.420 W/Atlas   ( 2097): Pointer 0x0, not in getPreloadedDrawables?
02-05 09:24:32.421 W/Atlas   ( 2097): Pointer 0x0, not in getPreloadedDrawables?
02-05 09:24:32.421 W/Atlas   ( 2097): Pointer 0x0, not in getPreloadedDrawables?
02-05 09:24:32.423 W/Atlas   ( 2097): Pointer 0x0, not in getPreloadedDrawables?
02-05 09:24:32.423 W/Atlas   ( 2097): Pointer 0x0, not in getPreloadedDrawables?
02-05 09:24:32.425 W/Atlas   ( 2097): Pointer 0x0, not in getPreloadedDrawables?
02-05 09:24:32.425 W/Atlas   ( 2097): Pointer 0x0, not in getPreloadedDrawables?
02-05 09:24:32.425 W/Atlas   ( 2097): Pointer 0x0, not in getPreloadedDrawables?
02-05 09:24:32.427 W/Atlas   ( 2097): Pointer 0x0, not in getPreloadedDrawables?
02-05 09:24:32.429 W/Atlas   ( 2097): Pointer 0x0, not in getPreloadedDrawables?
02-05 09:24:32.429 W/Atlas   ( 2097): Pointer 0x0, not in getPreloadedDrawables?
02-05 09:24:32.433 V/WindowManagerService(  516): Adding window Window{2efae48c u0 com.cn.cae/com.cn.cae.MainActivity} at 2 of 5 (before Window{e4eb663 u0 Starting com.cn.cae})
02-05 09:24:32.443 D/ViewRootImpl( 2097): onAttachToWindow register content observer attrs=WM.LayoutParams{(0,0)(fillxfill)mPosX=0mPosY=0mHScale=1.0mVScale=1.0 align=UNDEFINE taskId=107 sim=#100 ty=1 fl=#1810100 wanim=0x1030001 surfaceInsets=Rect(0, 0 - 0, 0) needsMenuKey=2packageName=com.cn.caetoken=android.os.BinderProxy@33b49a48}
02-05 09:24:32.492 D/WindowManagerService(  516): Window{2efae48c u0 com.cn.cae/com.cn.cae.MainActivity}  ==========setInputFocusLw ==========  =======
02-05 09:24:32.512 D/ViewRootImpl( 2097): 1280<<<<<< BACK FROM relayoutWM.LayoutParams{(0,0)(fillxfill)mPosX=0mPosY=0mHScale=1.0mVScale=1.0 align=UNDEFINE taskId=107 sim=#120 ty=1 fl=#1810100 wanim=0x1030001 surfaceInsets=Rect(0, 0 - 0, 0) needsMenuKey=2packageName=com.cn.caetoken=android.os.BinderProxy@33b49a48}
02-05 09:24:32.513 I/mali_so ( 2097): [File] : hardware/arm_hal/mali/driver/./src/base/arch/arch_011_udd/base_arch_main.c; [Line] : 565; [Func] : deal_with_version_affairs_rk_ext;
02-05 09:24:32.513 I/mali_so ( 2097): arm_release_ver of this mali_so is 'r6p0-01rel1', rk_so_ver is '3@0', it's custom_release_9 for 3228_5.1_box. built at '18:11:12', on 'Mar 14 2016'.
02-05 09:24:32.513 I/mali_so ( 2097): [File] : hardware/arm_hal/mali/driver/./src/base/arch/arch_011_udd/base_arch_main.c; [Line] : 578; [Func] : deal_with_version_affairs_rk_ext;
02-05 09:24:32.513 I/mali_so ( 2097): mali_ver_property has been set to 'r6p0-01rel1-5-3@0', to return.
02-05 09:24:32.514 I/OpenGLRenderer( 2097): Initialized EGL, version 1.4
02-05 09:24:32.517 D/OpenGLRenderer( 2097): Enabling debug mode 0
02-05 09:24:32.545 V/KeyEvent( 2097): Reset: android.view.KeyEvent$DispatcherState@28b8efd5
02-05 09:24:32.555 E/RichInputConnection(  763): Unable to connect to the editor to retrieve text... will retry later
02-05 09:24:32.557 I/InputAttributes(  763): InputType.TYPE_NULL is specified
