E/ConnectivityService(  516): Ignoring protectedNetwork 14
E/ConnectivityService(  516): Ignoring protectedNetwork 15
I/SystemServer(  516): Network Service Discovery Service
D/NsdService(  516): Network service discovery enabled true
I/SystemServer(  516): UpdateLock Service
I/SystemServiceManager(  516): Starting com.android.server.notification.NotificationManagerService
D/ZenLog  (  516): set_zen_mode: off,setting
I/SystemServiceManager(  516): Starting com.android.server.storage.DeviceStorageMonitorService
I/SystemServer(  516): Location Manager
I/SystemServer(  516): Country Detector
I/SystemServer(  516): Search Service
I/SystemServer(  516): DropBox Service
I/SystemServer(  516): Wallpaper Service
I/SystemServer(  516): Audio Service
I/SystemServiceManager(  516): Starting com.android.server.DockObserver
W/DockObserver(  516): This kernel does not have dock station support
I/SystemServer(  516): Wired Accessory Manager
W/WiredAccessoryManager(  516): This kernel does not have wired headset support
I/SystemServiceManager(  516): Starting com.android.server.usb.UsbService$Lifecycle
I/SystemServer(  516): Serial Service
I/SystemServiceManager(  516): Starting com.android.server.twilight.TwilightService
I/SystemServiceManager(  516): Starting com.android.server.UiModeManagerService
I/SystemServiceManager(  516): Starting com.android.server.job.JobSchedulerService
I/SystemServiceManager(  516): Starting com.android.server.backup.BackupManagerService$Lifecycle
I/SystemServiceManager(  516): Starting com.android.server.appwidget.AppWidgetService
I/SystemServiceManager(  516): Starting com.android.server.voiceinteraction.VoiceInteractionManagerService
W/SoundTriggerHelper(  516): listModules status=0, # of modules=0
I/SystemServer(  516): DiskStats Service
I/SystemServer(  516): SamplingProfiler Service
I/SystemServer(  516): NetworkTimeUpdateService
I/SystemServer(  516): CommonTimeManagementService
I/SystemServer(  516): CertBlacklister
I/SystemServiceManager(  516): Starting com.android.server.dreams.DreamManagerService
I/SystemServer(  516): Assets Atlas Service
I/SystemServiceManager(  516): Starting com.android.server.print.PrintManagerService
I/SystemServiceManager(  516): Starting com.android.server.restrictions.RestrictionsManagerService
I/SystemServiceManager(  516): Starting com.android.server.media.MediaSessionService
I/SystemServiceManager(  516): Starting com.android.server.hdmi.HdmiControlService
I/HdmiControlService(  516): Device does not support MHL-control.
I/SystemServer(  516): Media Router Service
I/SystemServer(  516): DisplayDeviceManagementService Service
D/DisplayDeviceManagementService(  516): DisplayDeviceManagementService start
I/SystemServiceManager(  516): Starting com.android.server.trust.TrustManagerService
I/SystemServiceManager(  516): Starting com.android.server.fingerprint.FingerprintService
I/SystemServer(  516): BackgroundDexOptService
I/SystemServiceManager(  516): Starting com.android.server.pm.LauncherAppsService
I/SystemServiceManager(  516): Starting com.android.server.media.projection.MediaProjectionManagerService
I/SystemServiceManager(  516): Starting com.android.server.MmsServiceBroker
E/LockSettingsStorage(  516): Cannot read file java.io.FileNotFoundException: /data/system/password.key: open failed: ENOENT (No such file or directory)
E/LockSettingsStorage(  516): Cannot read file java.io.FileNotFoundException: /data/system/gesture.key: open failed: ENOENT (No such file or directory)
I/SystemServiceManager(  516): Starting phase 480
I/SystemServiceManager(  516): Starting phase 500
I/WifiService(  516): WifiService starting up with Wi-Fi enabled
D/WifiService(  516): setWifiEnabled: true pid=516, uid=1000
E/WifiService(  516): Invoking mWifiStateMachine.setWifiEnabled
D/WifiService(  516): New client listening to asynchronous messages
D/WifiScanningService(  516): New client, channel: null messenger: null
D/ConnectivityService(  516): Got NetworkFactory Messenger for Ethernet
D/ConnectivityService(  516): Got NetworkFactory Messenger for PPPOE
I/ActivityManagerService(  516): Config changes=200 {1.0 multiwindowflag=DISABLE dualscreenflag=DISABLE ?mcc?mnc zh_CN ?layoutDir sw720dp w1280dp h647dp 160dpi lrg long land -touch -keyb/v/h dpad/v s.4}
V/BackupManagerService(  516): No ancestral data
D/BackupManagerService(  516): Now staging backup of com.android.browser
D/BackupManagerService(  516): Now staging backup of android
D/BackupManagerService(  516): Now staging backup of com.android.calendar
D/BackupManagerService(  516): Now staging backup of com.android.providers.settings
D/BackupManagerService(  516): Now staging backup of com.android.sharedstoragebackup
D/BackupManagerService(  516): Now staging backup of com.android.providers.userdictionary
V/BackupManagerService(  516): Starting with transport android/com.android.internal.backup.LocalTransport
V/BackupManagerService(  516): Found transports: 1
I/BackupManagerService(  516): Binding to transport host ComponentInfo{android/com.android.internal.backup.LocalTransportService}
I/BackupManagerService(  516): Found stale backup journal, scheduling
D/DisplayPowerController(  516): button lights toggle
D/DisplayPowerController(  516): send timeout msg after 1500
D/DisplayPowerController(  516): button lights toggle
D/DisplayPowerController(  516): send timeout msg after 1500
D/DisplayPowerController(  516): button lights toggle
D/DisplayPowerController(  516): send timeout msg after 1500
D/DisplayPowerController(  516): send timeout msg after 1500
D/ActivityManagerService(  516): OK, system ready!
I/ActivityManagerService(  516): System now ready
I/DisplayManagerService(  516): Display device changed: DisplayDeviceInfo{"内置屏幕": uniqueId="local:0", 1280 x 720, 240.00005 fps, supportedRefreshRates [240.00005], density 160, 160.15764 x 160.42105 dpi, appVsyncOff 0, presDeadline 5166666, touch INTERNAL, rotation 0, type BUILT_IN, state ON, FLAG_DEFAULT_DISPLAY, FLAG_ROTATES_WITH_CONTENT, FLAG_SECURE, FLAG_SUPPORTS_PROTECTED_BUFFERS}
I/SystemServer(  516): Making services ready
I/SystemServiceManager(  516): Starting phase 550
D/WifiDisplayAdapter(  516): getWifiDisplayStatusLocked: result=WifiDisplayStatus{featureState=1, scanState=0, activeDisplayState=0, activeDisplay=null, displays=[], sessionInfo=WifiDisplaySessionInfo:
D/WifiDisplayAdapter(  516):     Client/Owner: Client
D/WifiDisplayAdapter(  516):     GroupId: 
D/WifiDisplayAdapter(  516):     Passphrase: 
D/WifiDisplayAdapter(  516):     SessionId: 0
D/WifiDisplayAdapter(  516):     IP Address: }
D/UsbDeviceManager(  516): Usb state is false false true
I/SystemServer(  516): WebViewFactory preparation
D/MountService(  516): sharedvolumeNum: 0 ;avail: false
D/UsbHostManager(  516): Added device UsbDevice[mName=/dev/bus/usb/004/002,mVendorId=6127,mProductId=24590,mClass=0,mSubclass=0,mProtocol=0,mManufacturerName=null,mProductName=Lenovo Optical Mouse,mSerialNumber=null,mConfigurations=[
D/UsbHostManager(  516): UsbConfiguration[mId=1,mName=HID-compliant MOUSE,mAttributes=160,mMaxPower=50,mInterfaces=[
D/UsbHostManager(  516): UsbInterface[mId=0,mAlternateSetting=0,mName=null,mClass=3,mSubclass=1,mProtocol=2,mEndpoints=[
D/UsbHostManager(  516): UsbEndpoint[mAddress=129,mAttributes=3,mMaxPacketSize=4,mInterval=10]]]]
W/ContextImpl(  516): Calling a method in the system process without a qualified user: android.app.ContextImpl.sendBroadcast:1344 com.android.server.usb.UsbSettingsManager.deviceAttached:741 com.android.server.usb.UsbHostManager.endUsbDeviceAdded:224 com.android.server.usb.UsbHostManager.monitorUsbHostBus:-2 com.android.server.usb.UsbHostManager.access$000:42 
I/ActivityManagerService(  516): Start proc 625:android.process.media/u0a4 for broadcast com.android.providers.media/.MtpReceiver
D/ConnectivityService(  516): Got NetworkFactory Messenger for WIFI
D/ConnectivityService(  516): Got NetworkFactory Messenger for WIFI_UT
I/ActivityManagerService(  516): Start proc 643:WebViewLoader-armeabi-v7a/1037 [android.webkit.WebViewFactory$RelroFileCreator] for 
D/UsbHostManager(  516): Added device UsbDevice[mName=/dev/bus/usb/005/002,mVendorId=4292,mProductId=60000,mClass=0,mSubclass=0,mProtocol=0,mManufacturerName=Silicon Labs,mProductName=CP2104 USB to UART Bridge Controller,mSerialNumber=015A7D3E,mConfigurations=[
D/UsbHostManager(  516): UsbConfiguration[mId=1,mName=null,mAttributes=128,mMaxPower=50,mInterfaces=[
D/UsbHostManager(  516): UsbInterface[mId=0,mAlternateSetting=0,mName=CP2104 USB to UART Bridge Controller,mClass=255,mSubclass=0,mProtocol=0,mEndpoints=[
D/UsbHostManager(  516): UsbEndpoint[mAddress=1,mAttributes=2,mMaxPacketSize=64,mInterval=0]
D/UsbHostManager(  516): UsbEndpoint[mAddress=130,mAttributes=2,mMaxPacketSize=64,mInterval=0]]]]
W/ContextImpl(  516): Calling a method in the system process without a qualified user: android.app.ContextImpl.sendBroadcast:1344 com.android.server.usb.UsbSettingsManager.deviceAttached:741 com.android.server.usb.UsbHostManager.endUsbDeviceAdded:224 com.android.server.usb.UsbHostManager.monitorUsbHostBus:-2 com.android.server.usb.UsbHostManager.access$000:42 
I/ActivityManagerService(  516): Start proc 661:com.android.systemui/u0a11 for service com.android.systemui/.SystemUIService
I/MountService(  516): doMountVolume: Mouting /mnt/internal_sd
D/VoldCmdListener(  162): volume mount /mnt/internal_sd
D/Vold    (  162):  volume status = 1----------------------
D/NetworkManagementService(  516): enabling bandwidth control
D/DirectVolume(  162): getDeviceNodes mPartIdx = 15, mDiskNumParts = 15.
E/Vold    (  162): deviceNodes[0]= 0x0000b30f,[1]= 0x00000000,[2]= 0x00000000,[3]= 0x00000000
I/Vold    (  162): /dev/block/vold/179:15 being considered for volume internal_sd,1
I/Vold    (  162):  
D/Vold    (  162): Volume internal_sd state changing 1 (Idle-Unmounted) -> 3 (Checking)
I/MountService(  516): onEvent:: raw= 605 Volume internal_sd /mnt/internal_sd state changed from 1 (Idle-Unmounted) to 3 (Checking) cooked =  605 Volume internal_sd /mnt/internal_sd state changed from 1 (Idle-Unmounted) to 3 (Checking)
I/MountService(  516): notifyVolumeStateChange::unmounted
I/MountService(  516): updating volume state checking
D/MountService(  516): volume state changed for /mnt/internal_sd (unmounted -> checking)
D/MountService(  516): sendStorageIntent Intent { act=android.intent.action.MEDIA_CHECKING dat=file:///mnt/internal_sd flg=0x4000000 (has extras) } to UserHandle{-1}
I/Vold    (  162): Filesystem check completed OK
E/Vold    (  162): ---------set mSkipAsec to enable app2sd because mount Vfat succeed for internal_sd, mountpoint =/mnt/internal_sd
D/Vold    (  162): Volume internal_sd state changing 3 (Checking) -> 4 (Mounted)
I/MountService(  516): onEvent:: raw= 613 internal_sd /mnt/internal_sd "FC5C-09E4" cooked =  613 internal_sd /mnt/internal_sd FC5C-09E4
I/MountService(  516): onEvent:: raw= 614 internal_sd /mnt/internal_sd "ROCKCHIP" cooked =  614 internal_sd /mnt/internal_sd ROCKCHIP
I/MountService(  516): doMountVolume: Mouting /mnt/usb_storage/USB_DISK4
I/MountService(  516): onEvent:: raw= 605 Volume internal_sd /mnt/internal_sd state changed from 3 (Checking) to 4 (Mounted) cooked =  605 Volume internal_sd /mnt/internal_sd state changed from 3 (Checking) to 4 (Mounted)
I/MountService(  516): notifyVolumeStateChange::checking
I/MountService(  516): updating volume state mounted
D/MountService(  516): volume state changed for /mnt/internal_sd (checking -> mounted)
D/VoldCmdListener(  162): volume mount /mnt/usb_storage/USB_DISK4
D/MountService(  516): sendStorageIntent Intent { act=android.intent.action.MEDIA_MOUNTED dat=file:///mnt/internal_sd flg=0x4000000 (has extras) } to UserHandle{-1}
D/VoldCmdListener(  162): asec list
E/MountService(  516): Boot-time mount failed (-1)
I/MountService(  516): doMountVolume: Mouting /mnt/usb_storage/USB_DISK5
D/WifiDisplayAdapter(  516): getWifiDisplayStatusLocked: result=WifiDisplayStatus{featureState=1, scanState=0, activeDisplayState=0, activeDisplay=null, displays=[], sessionInfo=WifiDisplaySessionInfo:
D/WifiDisplayAdapter(  516):     Client/Owner: Client
D/WifiDisplayAdapter(  516):     GroupId: 
D/WifiDisplayAdapter(  516):     Passphrase: 
D/WifiDisplayAdapter(  516):     SessionId: 0
D/WifiDisplayAdapter(  516):     IP Address: }
D/WifiDisplayAdapter(  516): getWifiDisplayStatusLocked: result=WifiDisplayStatus{featureState=1, scanState=0, activeDisplayState=0, activeDisplay=null, displays=[], sessionInfo=WifiDisplaySessionInfo:
D/WifiDisplayAdapter(  516):     Client/Owner: Client
D/WifiDisplayAdapter(  516):     GroupId: 
D/WifiDisplayAdapter(  516):     Passphrase: 
D/WifiDisplayAdapter(  516):     SessionId: 0
D/WifiDisplayAdapter(  516):     IP Address: }
D/VoldCmdListener(  162): volume mount /mnt/usb_storage/USB_DISK5
W/PackageManager(  516): Unknown permission com.google.android.googleapps.permission.GOOGLE_AUTH in package com.android.providers.calendar
W/PackageManager(  516): Unknown permission com.google.android.googleapps.permission.GOOGLE_AUTH.cl in package com.android.providers.calendar
W/PackageManager(  516): Unknown permission android.permission.RECEIVE_USER_PRESENT in package com.jinxin.jxlocalsocketserver
E/MountService(  516): Boot-time mount failed (-1)
W/PackageManager(  516): Unknown permission android.permission.SYSTEM_OVERLAY_WINDOW in package com.jinxin.jxlocalsocketserver
W/PackageManager(  516): Not granting permission android.permission.GLOBAL_SEARCH to package com.android.quicksearchbox (protectionLevel=18 flags=0x88be45)
W/PackageManager(  516): Not granting permission android.permission.READ_LOGS to package com.jinxin.beoneaid (protectionLevel=50 flags=0x8be47)
W/PackageManager(  516): Not granting permission android.permission.ACCESS_DOWNLOAD_MANAGER to package com.android.browser (protectionLevel=18 flags=0x89be45)
W/PackageManager(  516): Not granting permission android.permission.SEND_DOWNLOAD_COMPLETED_INTENTS to package com.android.browser (protectionLevel=2 flags=0x89be45)
W/PackageManager(  516): Not granting permission android.permission.BIND_WALLPAPER to package com.android.camera2 (protectionLevel=18 flags=0xd8bc45)
W/PackageManager(  516): Not granting permission android.permission.READ_LOGS to package com.jinxin.beonemoviesearcher (protectionLevel=50 flags=0xc8bec5)
W/PackageManager(  516): Not granting permission android.permission.BIND_APPWIDGET to package com.android.launcher3 (protectionLevel=18 flags=0xd83e45)
W/PackageManager(  516): Unknown permission android.permission.READ_SETTINGS in package com.android.launcher3
W/PackageManager(  516): Unknown permission com.android.launcher.permission.READ_SETTINGS in package com.android.launcher3
W/PackageManager(  516): Unknown permission com.android.launcher.permission.WRITE_SETTINGS in package com.android.launcher3
W/PackageManager(  516): Not granting permission android.permission.READ_LOGS to package com.jinxin.voicehelp (protectionLevel=50 flags=0xc8be45)
W/PackageManager(  516): Unknown permission com.google.android.googleapps.permission.GOOGLE_AUTH.mail in package com.android.calendar
W/PackageManager(  516): Unknown permission android.permission.RECEIVE_USER_PRESENT in package com.jinxin.jxsmarthome
W/PackageManager(  516): Not granting permission android.permission.MOUNT_UNMOUNT_FILESYSTEMS to package com.jinxin.jxsmarthome (protectionLevel=18 flags=0x8be46)
W/PackageManager(  516): Unknown permission android.permission.SYSTEM_OVERLAY_WINDOW in package com.jinxin.jxsmarthome
W/PackageManager(  516): Unknown permission android.permission.ACCESS_COARSE_UPDATES in package com.jinxin.jxsmarthome
W/PackageManager(  516): Unknown permission com.jinxin.jxsmarthome.permission.GET_LOGIN_ACCOUNT in package com.jinxin.jxsmarthome
W/PackageManager(  516): Unknown permission com.jinxin.jxsmarthome.permission.EXIT in package com.jinxin.jxsmarthome
W/PackageManager(  516): Unknown permission com.jinxin.jxsmarthome.permission.GET_MESSAGE in package com.jinxin.jxsmarthome
W/PackageManager(  516): Not granting permission android.permission.READ_LOGS to package com.jinxin.jxsmarthome (protectionLevel=50 flags=0x8be46)
W/PackageManager(  516): Not granting permission android.permission.INSTALL_PACKAGES to package com.android.apkinstaller (protectionLevel=18 flags=0x88be45)
W/PackageManager(  516): Not granting permission android.permission.DELETE_PACKAGES to package com.android.apkinstaller (protectionLevel=18 flags=0x88be45)
W/PackageManager(  516): Unknown permission com.android.launcher.permission.READ_SETTINGS in package com.android.onetimeinitializer
W/PackageManager(  516): Unknown permission com.android.launcher.permission.WRITE_SETTINGS in package com.android.onetimeinitializer
W/PackageManager(  516): Not granting permission android.permission.READ_LOGS to package com.jinxin.superbeone (protectionLevel=50 flags=0xc8bf46)
W/PackageManager(  516): Unknown permission android.permission.READ_MEDIA_STORAGE in package com.android.packageinstaller
W/PackageManager(  516): Not granting permission android.permission.DELETE_PACKAGES to package com.svox.pico (protectionLevel=18 flags=0x88be45)
W/PackageManager(  516): Not granting permission android.permission.WRITE_MEDIA_STORAGE to package com.android.dreams.phototable (protectionLevel=18 flags=0x98be45)
W/PackageManager(  516): Unknown permission com.google.android.gallery3d.permission.PICASA_STORE in package com.android.dreams.phototable
W/PackageManager(  516): Unknown permission com.google.android.googleapps.permission.GOOGLE_AUTH in package com.android.settings
W/PackageManager(  516): Unknown permission com.android.launcher.permission.READ_SETTINGS in package com.android.settings
W/PackageManager(  516): Unknown permission com.android.launcher.permission.WRITE_SETTINGS in package com.android.settings
W/PackageManager(  516): Unknown permission android.intent.action.BOOT_COMPLETED in package com.jx.audio
W/PackageManager(  516): Unknown permission android.Manifest.permission.BLUETOOTH in package com.jx.audio
W/PackageManager(  516): Unknown permission android.permission.RECEIVE_USER_PRESENT in package com.jinxin.jxregisterserver
W/PackageManager(  516): Not granting permission android.permission.MOUNT_UNMOUNT_FILESYSTEMS to package com.jinxin.jxregisterserver (protectionLevel=18 flags=0xc8be45)
W/PackageManager(  516): Unknown permission android.permission.SYSTEM_OVERLAY_WINDOW in package com.jinxin.jxregisterserver
W/PackageManager(  516): Not granting permission android.permission.MOUNT_UNMOUNT_FILESYSTEMS to package com.rockchip.mediacenter (protectionLevel=18 flags=0x88be45)
W/PackageManager(  516): Not granting permission android.permission.DEVICE_POWER to package com.rockchip.mediacenter (protectionLevel=2 flags=0x88be45)
W/PackageManager(  516): Unknown permission com.android.email.permission.READ_ATTACHMENT in package com.rockchip.mediacenter
W/PackageManager(  516): Not granting permission android.permission.WRITE_MEDIA_STORAGE to package com.android.music (protectionLevel=18 flags=0x88be65)
W/PackageManager(  516): Not granting permission android.permission.DEVICE_POWER to package com.android.music (protectionLevel=2 flags=0x88be65)
W/PackageManager(  516): Not granting permission android.permission.DEVICE_POWER to package com.android.deskclock (protectionLevel=2 flags=0xc8be45)
W/PackageManager(  516): Unknown permission com.android.launcher.permission.READ_SETTINGS in package com.android.systemui
W/PackageManager(  516): Unknown permission com.android.email.permission.READ_ATTACHMENT in package com.android.exchange
W/PackageManager(  516): Unknown permission com.android.email.permission.ACCESS_PROVIDER in package com.android.exchange
W/PackageManager(  516): Not granting permission android.permission.WRITE_SECURE_SETTINGS to package com.jinxin.cloudmusic (protectionLevel=50 flags=0xc8be45)
W/PackageManager(  516): Unknown permission com.google.android.gallery3d.permission.GALLERY_PROVIDER in package com.android.bluetooth
W/PackageManager(  516): Unknown permission android.permission.MMS_SEND_OUTBOX_MSG in package com.android.bluetooth
W/PackageManager(  516): Unknown permission rockchip.permission.FULL_SCREEN in package android.rk.RockVideoPlayer
W/PackageManager(  516): Unknown permission android.permission.RAISED_THREAD_PRIORITY in package android.rk.RockVideoPlayer
W/PackageManager(  516): Unknown permission android.permission.FULL_SCREEN in package android.rk.RockVideoPlayer
W/PackageManager(  516): Unknown permission archos.permission.FULL_SCREEN in package android.rk.RockVideoPlayer
D/VoldCmdListener(  162): asec list
I/SystemServiceManager(  516): Starting phase 600
I/ActivityManagerService(  516): Start proc 730:android.rockchip.update.service/1000 for broadcast android.rockchip.update.service/.RKUpdateReceiver
V/FingerprintService(  516): startListening(android.service.fingerprint.IFingerprintServiceReceiver$Stub$Proxy@4d02487)
I/BackupManagerService(  516): Backup enabled => false
I/BackupManagerService(  516): Opting out of backup
E/InputMethodManagerService(  516): Ignoring setImeWindowStatus due to an invalid token. uid:1000 token:null
I/ActivityManagerService(  516): Start proc 763:com.android.inputmethod.latin/u0a35 for service com.android.inputmethod.latin/.LatinIME
V/InputMethodManagerService(  516): Adding window token: android.os.Binder@2929475f
I/ActivityManagerService(  516): Start proc 804:com.cghs.stresstest/1000 for broadcast com.cghs.stresstest/.test.receiver.RecoveryReceiver
W/LocationManagerService(  516): no network location provider found
E/LocationManagerService(  516): no geocoder provider found
E/LocationManagerService(  516): FLP HAL not supported
E/LocationManagerService(  516): Unable to bind FLP Geofence proxy.
E/LocationManagerService(  516): Hardware Activity-Recognition not supported.
I/MmsServiceBroker(  516): Delay connecting to MmsService until an API is called
W/VoiceInteractionManagerService(  516): no available voice interaction services found for user 0
W/VoiceInteractionManagerService(  516): no available voice recognition services found for user 0
I/ActivityManagerService(  516): Start proc 867:com.android.phone/1001 for added application com.android.phone
I/ActivityStackSupervisor(  516): START u0 {act=android.intent.action.MAIN cat=[android.intent.category.HOME] flg=0x10000000 cmp=com.android.launcher3/.Launcher} from uid 0 on display 0
D/DisplayPowerController(  516): MSG_BUTTON_LIGHTS_TIME_OUT
I/ActivityManagerService(  516): Start proc 895:com.android.launcher3/u0a36 for activity com.android.launcher3/.Launcher
I/SystemServer(  516): Enabled StrictMode for system server main thread.
V/ActivityStackSupervisor(  516): Display changed displayId=0
V/ActivityStackSupervisor(  516): Display changed displayId=0
V/ActivityStackSupervisor(  516): Display changed displayId=0
W/HdmiCecController(  516): Failed to send <Report Physical Address> src: 4, dst: 15, params: FF FF 04
W/HdmiCecController(  516): Failed to send <Device Vendor Id> src: 4, dst: 15, params: 00 00 01
V/ActivityStackSupervisor(  516): Display changed displayId=0
I/ActivityManagerService(  516): Start proc 930:com.android.printspooler/u0a47 for service com.android.printspooler/.model.PrintSpoolerService
I/Telecom (  516): TelecomGlobals: TelecomGlobals initializing
I/ActivityManagerService(  516): Start proc 964:android.process.acore/u0a2 for content provider com.android.providers.contacts/.CallLogProvider
E/WifiP2pService(  516): Unable to change interface settings: java.lang.IllegalStateException: command '26 interface setcfg p2p0 0.0.0.0 0 up' failed with '400 26 Failed to set address (No such device)'
D/WifiDisplayController(  516): Received WIFI_P2P_STATE_CHANGED_ACTION: enabled=true
D/WifiDisplayAdapter(  516): getWifiDisplayStatusLocked: result=WifiDisplayStatus{featureState=2, scanState=0, activeDisplayState=0, activeDisplay=null, displays=[], sessionInfo=WifiDisplaySessionInfo:
D/WifiDisplayAdapter(  516):     Client/Owner: Client
D/WifiDisplayAdapter(  516):     GroupId: 
D/WifiDisplayAdapter(  516):     Passphrase: 
D/WifiDisplayAdapter(  516):     SessionId: 0
D/WifiDisplayAdapter(  516):     IP Address: }
D/WifiDisplayController(  516): Received WIFI_P2P_CONNECTION_CHANGED_ACTION: networkInfo=[type: WIFI_P2P[], state: UNKNOWN/IDLE, reason: (unspecified), extra: (none), roaming: false, failover: false, isAvailable: true, isConnectedToProvisioningNetwork: false]
D/WifiDisplayController(  516): mDesiredDevice == NULL, So it is a sink device
D/WifiDisplayController(  516): ####onConnectionInfoAvailable(), mWfdEnabled networkInfo.isConnected() false, networkInfo.isConnected() false
D/WifiDisplayController(  516): ######mWifiWFDServicerOn =mWfdEnabled networkInfo.isConnected()falsefalsefalse
D/WifiDisplayController(  516): Received WIFI_P2P_THIS_DEVICE_CHANGED_ACTION: mThisDevice= Device: Android_9dc3
D/WifiDisplayController(  516):  deviceAddress: ae:83:f3:32:2a:18
D/WifiDisplayController(  516):  primary type: 10-0050F204-5
D/WifiDisplayController(  516):  secondary type: null
D/WifiDisplayController(  516):  wps: 0
D/WifiDisplayController(  516):  grpcapab: 0
D/WifiDisplayController(  516):  devcapab: 0
D/WifiDisplayController(  516):  status: 3
D/WifiDisplayController(  516):  wfdInfo: WFD enabled: falseWFD DeviceInfo: 0
D/WifiDisplayController(  516):  WFD CtrlPort: 0
D/WifiDisplayController(  516):  WFD MaxThroughput: 0
I/Telecom (  516): TelecomGlobals: CallsManager initialized
W/ContextImpl(  516): Calling a method in the system process without a qualified user: android.app.ContextImpl.startService:1709 android.content.ContextWrapper.startService:516 com.android.server.telecom.BluetoothPhoneService.start:440 com.android.server.telecom.TelecomGlobals.initialize:93 com.android.server.telecom.TelecomService.onCreate:164 
D/ZenLog  (  516): downtime: Autotrigger skipped: not in downtime
W/ResourcesManager(  516): Asset path '/system/framework/com.android.location.provider.jar' does not exist or contains no resources.
V/WiredAccessoryManager(  516): init()
W/AppOps  (  516): Bad call: specified package media under uid 1000 but it is really 1013
V/BackupManagerService(  516): Connected to transport ComponentInfo{android/com.android.internal.backup.LocalTransportService}
V/BackupManagerService(  516): Registering transport android/com.android.internal.backup.LocalTransportService::android/com.android.internal.backup.LocalTransport = android.app.backup.BackupTransport$TransportImpl@2d5e153
V/ActivityStackSupervisor(  516): Display changed displayId=0
I/ActivityManagerService(  516): Start proc 1041:com.android.smspush/u0a56 for service com.android.smspush/.WapPushManager
E/ConnectivityService(  516): Failed to find Messenger in unregisterNetworkFactory
D/ConnectivityService(  516): Got NetworkFactory Messenger for Telephony
I/ActivityManagerService(  516): Start proc 1081:com.android.externalstorage/u0a5 for broadcast com.android.externalstorage/.MountReceiver
I/StatusBarManagerService(  516): registerStatusBar bar=com.android.internal.statusbar.IStatusBar$Stub$Proxy@17161ab9
I/ActivityManagerService(  516): Start proc 1106:com.android.music/u0a52 for broadcast com.android.music/.MediaButtonIntentReceiver
V/WindowManagerService(  516): Based on layer: Adding window Window{1516c45e u0 com.android.launcher3/com.android.launcher3.Launcher} at 1 of 2
D/ConnectivityService(  516): registerNetworkAgent NetworkAgentInfo{ ni{[type: WIFI[], state: CONNECTING/CONNECTING, reason: (unspecified), extra: "WF-TEST", roaming: false, failover: false, isAvailable: true, isConnectedToProvisioningNetwork: false]}  network{null}  lp{{LinkAddresses: []  Routes: [] DnsAddresses: [] Domains: null MTU: 0 TcpBufferSizes: 524288,1048576,2097152,262144,524288,1048576}}  nc{[ Transports: WIFI Capabilities: INTERNET&NOT_RESTRICTED&TRUSTED&NOT_VPN LinkUpBandwidth>=1048576Kbps LinkDnBandwidth>=1048576Kbps]}  Score{20}  everValidated{false}  lastValidated{false}  created{false}  explicitlySelected{false} }
D/ConnectivityService(  516): NetworkAgentInfo [WIFI () - 100] EVENT_NETWORK_INFO_CHANGED, going from null to CONNECTING
D/ConnectivityService(  516): updateNetworkScore for NetworkAgentInfo [WIFI () - 100] to 60
W/KeyguardServiceDelegate(  516): onScreenTurnedOn(): no keyguard service!
I/DisplayManagerService(  516): Display device added: DisplayDeviceInfo{"HDMI 屏幕": uniqueId="local:1", 1280 x 720, 60002.4 fps, supportedRefreshRates [60002.4], density 213, 213.0 x 213.0 dpi, appVsyncOff 0, presDeadline 1016666, touch EXTERNAL, rotation 0, type HDMI, state UNKNOWN, FLAG_SECURE, FLAG_SUPPORTS_PROTECTED_BUFFERS, FLAG_PRESENTATION}
V/ActivityStackSupervisor(  516): Display added displayId=1
I/DisplayManagerService(  516): Display device changed: DisplayDeviceInfo{"HDMI 屏幕": uniqueId="local:1", 1280 x 720, 60002.4 fps, supportedRefreshRates [60002.4], density 213, 213.0 x 213.0 dpi, appVsyncOff 0, presDeadline 1016666, touch EXTERNAL, rotation 0, type HDMI, state ON, FLAG_SECURE, FLAG_SUPPORTS_PROTECTED_BUFFERS, FLAG_PRESENTATION}
V/ActivityStackSupervisor(  516): Display changed displayId=1
V/ActivityStackSupervisor(  516): Display changed displayId=1
E/ActivityManagerService(  516): Unable to mark boot complete for abi: armeabi-v7a
I/SystemServiceManager(  516): Starting phase 1000
I/ActivityManagerService(  516): Start proc 1152:com.android.keychain/1000 for service com.android.keychain/.KeyChainService
I/BootReceiver(  516): Copying /proc/last_kmsg to DropBox (SYSTEM_LAST_KMSG)
I/ActivityManagerService(  516): Start proc 1173:com.android.settings/1000 for broadcast com.android.settings/.HdmiReceiver
I/BootReceiver(  516): Copying audit failures to DropBox
I/BootReceiver(  516): Copied 0 worth of audits to DropBox
I/BootReceiver(  516): Checking for fsck errors
I/ActivityManagerService(  516): Start proc 1199:com.rockchip.mediacenter/u0a58 for broadcast com.rockchip.mediacenter/.BootReceiver
W/PhoneWindowManager(  516): Keyguard drawn timeout. Setting mKeyguardDrawComplete
I/ActivityManagerService(  516): Start proc 1233:com.rockchip.mediacenter:service/u0a58 for service com.rockchip.mediacenter/.SystemDeviceService
I/ActivityManagerService(  516): Start proc 1255:com.android.providers.calendar/u0a1 for broadcast com.android.providers.calendar/.CalendarReceiver
D/ConnectivityService(  516): NetworkAgentInfo [WIFI () - 100] EVENT_NETWORK_INFO_CHANGED, going from CONNECTING to CONNECTED
D/ConnectivityService(  516): Adding iface wlan0 to network 100
W/ResourcesManager( 1255): Asset path '/system/framework/android.test.runner.jar' does not exist or contains no resources.
E/ConnectivityService(  516): Unexpected mtu value: 0, wlan0
D/ConnectivityService(  516): Adding Route [fe80::/64 -> :: wlan0] to network 100
D/ConnectivityService(  516): Adding Route [192.168.1.0/24 -> 0.0.0.0 wlan0] to network 100
D/ConnectivityService(  516): Adding Route [0.0.0.0/0 -> 192.168.1.1 wlan0] to network 100
D/ConnectivityService(  516): Setting Dns servers for network 100 to [/192.168.60.6, /114.114.114.114]
D/ConnectivityService(  516): notifyType IP_CHANGED for NetworkAgentInfo [WIFI () - 100]
D/ConnectivityService(  516): notifyType PRECHECK for NetworkAgentInfo [WIFI () - 100]
D/ConnectivityService(  516): rematching NetworkAgentInfo [WIFI () - 100]
D/ConnectivityService(  516): currentScore = 0, newScore = 20
D/ConnectivityService(  516):    accepting network in place of null
D/ConnectivityService(  516): Switching to new default network: NetworkAgentInfo{ ni{[type: WIFI[], state: CONNECTED/CONNECTED, reason: (unspecified), extra: "WF-TEST", roaming: false, failover: false, isAvailable: true, isConnectedToProvisioningNetwork: false]}  network{100}  lp{{InterfaceName: wlan0 LinkAddresses: [fe80::ae83:f3ff:fe32:2a18/64,192.168.1.108/24,]  Routes: [fe80::/64 -> :: wlan0,192.168.1.0/24 -> 0.0.0.0 wlan0,0.0.0.0/0 -> 192.168.1.1 wlan0,] DnsAddresses: [192.168.60.6,114.114.114.114,] Domains:  MTU: 0 TcpBufferSizes: 524288,1048576,2097152,262144,524288,1048576}}  nc{[ Transports: WIFI Capabilities: INTERNET&NOT_RESTRICTED&TRUSTED&NOT_VPN LinkUpBandwidth>=1048576Kbps LinkDnBandwidth>=1048576Kbps]}  Score{20}  everValidated{false}  lastValidated{false}  created{true}  explicitlySelected{false} }
D/ConnectivityService(  516): Setting tx/rx TCP buffers to 524288,1048576,2097152,262144,524288,1048576
D/ConnectivityService(  516): notifyType AVAILABLE for NetworkAgentInfo [WIFI () - 100]
D/CSLegacyTypeTracker(  516): Sending connected broadcast for type 1 NetworkAgentInfo [WIFI () - 100] isDefaultNetwork=true
D/ConnectivityService(  516): sendStickyBroadcast: action=android.net.conn.CONNECTIVITY_CHANGE_IMMEDIATE
D/ConnectivityService(  516): sendStickyBroadcast: action=android.net.conn.CONNECTIVITY_CHANGE
D/ConnectivityService(  516): setProvNotificationVisibleIntent: E visible=false networkType=0 extraInfo=null
D/ConnectivityService(  516): Validated NetworkAgentInfo [WIFI () - 100]
D/ConnectivityService(  516): rematching NetworkAgentInfo [WIFI () - 100]
D/ConnectivityService(  516): Network NetworkAgentInfo [WIFI () - 100] was already satisfying request 1. No change.
D/ConnectivityService(  516): notifyType AVAILABLE for NetworkAgentInfo [WIFI () - 100]
D/ConnectivityService(  516): sendStickyBroadcast: action=android.net.conn.INET_CONDITION_ACTION
W/AppOps  (  516): Bad call: specified package media under uid 1000 but it is really 1013
I/ActivityManagerService(  516): Start proc 1287:com.jx.audio/1000 for broadcast com.jx.audio/.BootCompletedReceiver
W/ContextImpl( 1287): Calling a method in the system process without a qualified user: android.app.ContextImpl.startService:1709 android.content.ContextWrapper.startService:516 android.content.ContextWrapper.startService:516 com.jx.audio.BootCompletedReceiver.onReceive:13 android.app.ActivityThread.handleReceiver:2629 
I/ActivityManagerService(  516): Start proc 1305:com.android.managedprovisioning/u0a6 for broadcast com.android.managedprovisioning/.BootReminder
W/AppOps  (  516): Bad call: specified package media under uid 1000 but it is really 1013
D/WifiService(  516): New client listening to asynchronous messages
I/ActivityManagerService(  516): Start proc 1330:com.android.onetimeinitializer/u0a8 for broadcast com.android.onetimeinitializer/.OneTimeInitializerReceiver
I/ActivityManagerService(  516): Start proc 1350:com.rk_itvui.allapp/u0a14 for broadcast com.rk_itvui.allapp/.StbBootReceiver
I/ActivityManagerService(  516): Start proc 1369:com.jinxin.beoneaid/u0a16 for broadcast com.jinxin.beoneaid/com.beoneaid.broad.BeoneAidReceiver
W/ActivityManagerService(  516): Unable to start service Intent { cmp=com.jinxin.beoneaid/com.iflytek.common.LaunchService } U=0: not found
D/WifiService(  516): New client listening to asynchronous messages
I/ActivityManagerService(  516): Start proc 1415:com.android.calendar/u0a20 for broadcast com.android.calendar/.alerts.AlertReceiver
W/AppOps  (  516): Bad call: specified package media under uid 1000 but it is really 1013
W/AppOps  (  516): Bad call: specified package media under uid 1000 but it is really 1013
I/ActivityManagerService(  516): Start proc 1459:com.android.deskclock/u0a24 for broadcast com.android.deskclock/.AlarmInitReceiver
I/ActivityManagerService(  516): Start proc 1501:com.jinxin.jxlocalsocketserver/u0a33 for broadcast com.jinxin.jxlocalsocketserver/.receiver.BootReceiver
W/AppOps  (  516): Bad call: specified package media under uid 1000 but it is really 1013
I/ActivityManagerService(  516): Start proc 1524:com.jinxin.jxregisterserver/u0a34 for broadcast com.jinxin.jxregisterserver/.receiver.BootReceiver
I/ActivityManagerService(  516): Delay finish: com.jinxin.jxregisterserver/.receiver.BootReceiver
W/AppOps  (  516): Bad call: specified package media under uid 1000 but it is really 1013
W/AppOps  (  516): Bad call: specified package media under uid 1000 but it is really 1013
W/AppOps  (  516): Bad call: specified package media under uid 1000 but it is really 1013
D/UsbDeviceManager(  516): Usb state is true false true
I/ValidateNoPeople(  516): skipping global notification
D/MountService(  516): sharedvolumeNum: 0 ;avail: true
D/UsbDeviceManager(  516): Usb state is true true true
D/MountService(  516): sharedvolumeNum: 0 ;avail: true
I/ValidateNoPeople(  516): skipping global notification
I/ValidateNoPeople(  516): skipping global notification
W/AppOps  (  516): Bad call: specified package media under uid 1000 but it is really 1013
D/MountService(  516): sharedvolumeNum: 0 ;avail: true
D/UsbDeviceManager(  516): Usb state is true true true
D/MountService(  516): sharedvolumeNum: 0 ;avail: true
I/ValidateNoPeople(  516): skipping global notification
D/UsbDeviceManager(  516): Usb state is true true true
D/MountService(  516): sharedvolumeNum: 0 ;avail: true
I/ValidateNoPeople(  516): skipping global notification
D/UsbDeviceManager(  516): Usb state is true true true
D/MountService(  516): sharedvolumeNum: 0 ;avail: true
I/ActivityManagerService(  516): Waited long enough for: ServiceRecord{60c1788 u0 com.rockchip.mediacenter/.SystemDeviceService}
I/ActivityManagerService(  516): Resuming delayed broadcast
I/ValidateNoPeople(  516): skipping global notification
W/ContextImpl(  730): Calling a method in the system process without a qualified user: android.app.ContextImpl.startService:1709 android.content.ContextWrapper.startService:516 android.content.ContextWrapper.startService:516 android.rockchip.update.service.RKUpdateReceiver.onReceive:59 android.app.ActivityThread.handleReceiver:2629 
W/ContextImpl(  730): Calling a method in the system process without a qualified user: android.app.ContextImpl.startService:1709 android.content.ContextWrapper.startService:516 android.content.ContextWrapper.startService:516 android.rockchip.update.service.RKUpdateReceiver.onReceive:65 android.app.ActivityThread.handleReceiver:2629 
I/ActivityManagerService(  516): Delay finish: android.rockchip.update.service/.RKUpdateReceiver
I/ActivityManagerService(  516): Start proc 1592:com.jinxin.beonemoviesearcher/u0a17 for broadcast com.jinxin.beonemoviesearcher/com.beonemoviesearcher.broad.BeoneMovieSearcherReciver
I/ActivityStackSupervisor(  516): START u0 {flg=0x10000000 cmp=com.jinxin.beonemoviesearcher/com.beonemoviesearcher.activity.MainActivity} from uid 10017 on display 0
I/UsageStatsDatabase(  516): Moving file /data/system/usagestats/0/daily/1517616000000 to /data/system/usagestats/0/daily/1517616005552
I/UsageStatsDatabase(  516): Moving file /data/system/usagestats/0/daily/1517788800000 to /data/system/usagestats/0/daily/1517788805552
I/UsageStatsDatabase(  516): Moving file /data/system/usagestats/0/weekly/1517443200000 to /data/system/usagestats/0/weekly/1517443205552
I/UsageStatsDatabase(  516): Moving file /data/system/usagestats/0/monthly/1516320014474 to /data/system/usagestats/0/monthly/1516320020026
I/UsageStatsDatabase(  516): Moving file /data/system/usagestats/0/yearly/1513728014474 to /data/system/usagestats/0/yearly/1513728020026
I/UsageStatsService(  516): User[0] Rollover scheduled @ 2018-02-06 08:00:00(1517875200000)
W/ActivityManagerService(  516): Unable to start service Intent { act=com.jinxin.superbeone.ACTION.NETWORK.CONNECTED cmp=com.jinxin.superbeone/.service.SuperBeoneService } U=0: not found
I/ActivityManagerService(  516): Waited long enough for: ServiceRecord{366d7c83 u0 com.android.calendar/.alerts.InitAlarmsService}
W/AppOps  (  516): Bad call: specified package media under uid 1000 but it is really 1013
W/AppOps  (  516): Bad call: specified package media under uid 1000 but it is really 1013
D/TaskPersister(  516): removeObsoleteFile: deleting file=92_task.xml
D/TaskPersister(  516): removeObsoleteFile: deleting file=92_task_thumbnail.png
I/ActivityManagerService(  516): Waited long enough for: ServiceRecord{3ce8556 u0 com.jinxin.jxregisterserver/.jpush.BroadPushServerService}
W/AppOps  (  516): Bad call: specified package media under uid 1000 but it is really 1013
W/AppOps  (  516): Bad call: specified package media under uid 1000 but it is really 1013
V/WindowManagerService(  516): Adding window Window{1f31c023 u0 Starting com.android.settings} at 2 of 5 (after Window{1516c45e u0 com.android.launcher3/com.android.launcher3.Launcher})
W/AppOps  (  516): Bad call: specified package media under uid 1000 but it is really 1013
I/ActivityManagerService(  516): Waited long enough for: ServiceRecord{1f9b7863 u0 android.rockchip.update.service/.RKUpdateService}
W/AppOps  (  516): Bad call: specified package media under uid 1000 but it is really 1013
I/ValidateNoPeople(  516): skipping global notification
D/WifiService(  516): New client listening to asynchronous messages
I/ValidateNoPeople(  516): skipping global notification
I/ActivityManagerService(  516): Waited long enough for: ServiceRecord{12bc3381 u0 com.jinxin.jxlocalsocketserver/.net.zigbee.BeoneChannel}
I/ActivityManagerService(  516): Waited long enough for: ServiceRecord{28996c26 u0 com.jinxin.jxlocalsocketserver/.net.fnf.SmartChannel}
I/ActivityStackSupervisor(  516): START u0 {act=android.intent.action.MAIN cmp=com.android.settings/.SubSettings (has extras)} from uid 1000 on display 0
W/AppOps  (  516): Bad call: specified package media under uid 1000 but it is really 1013
W/AppOps  (  516): Bad call: specified package media under uid 1000 but it is really 1013
W/ContextImpl( 1173): Calling a method in the system process without a qualified user: android.app.ContextImpl.bindService:1773 android.content.ContextWrapper.bindService:539 com.android.settings.applications.ManageApplications.onCreate:881 android.app.Fragment.performCreate:2031 android.app.FragmentManagerImpl.moveToState:863 
I/ActivityManagerService(  516): Start proc 1748:com.android.defcontainer/u0a3 for service com.android.defcontainer/.DefaultContainerService
V/WindowManagerService(  516): Adding window Window{709b5c8 u0 com.android.settings/com.android.settings.SubSettings} at 3 of 5 (after Window{3db80b7c u0 com.android.settings/com.android.settings.Settings})
W/AppOps  (  516): Bad call: specified package media under uid 1000 but it is really 1013
W/AppOps  (  516): Bad call: specified package media under uid 1000 but it is really 1013
W/AppOps  (  516): Bad call: specified package media under uid 1000 but it is really 1013
W/AppOps  (  516): Bad call: specified package media under uid 1000 but it is really 1013
I/ActivityManagerService(  516): Start proc 1773:com.android.musicfx/u0a7 for broadcast com.android.musicfx/.ControlPanelReceiver
I/ActivityStackSupervisor(  516): START u0 {act=android.intent.action.MAIN cmp=com.android.settings/.SubSettings (has extras)} from uid 1000 on display 0
W/AppOps  (  516): Bad call: specified package media under uid 1000 but it is really 1013
W/AppOps  (  516): Bad call: specified package media under uid 1000 but it is really 1013
V/WindowManagerService(  516): Adding window Window{1e3895c5 u0 com.android.settings/com.android.settings.SubSettings} at 4 of 6 (after Window{709b5c8 u0 com.android.settings/com.android.settings.SubSettings})
W/AppOps  (  516): Bad call: specified package media under uid 1000 but it is really 1013
W/AppOps  (  516): Bad call: specified package media under uid 1000 but it is really 1013
V/WindowManagerService(  516): not Base app: Adding window Window{37202ed4 u0 com.android.settings/com.android.settings.SubSettings} at 5 of 7
W/AppOps  (  516): Bad call: specified package media under uid 1000 but it is really 1013
I/ActivityManagerService(  516): Force stopping com.jinxin.beoneaid appid=10016 user=0: from pid 1173
I/ActivityManagerService(  516): Killing 1369:com.jinxin.beoneaid/u0a16 (adj 5): stop com.jinxin.beoneaid
W/AppOps  (  516): Bad call: specified package media under uid 1000 but it is really 1013
W/ActivityManagerService(  516): Spurious death for ProcessRecord{150a9384 1369:com.jinxin.beoneaid/u0a16}, curProc for 1369: null
W/InputMethodManagerService(  516): Window already focused, ignoring focus gain of: com.android.internal.view.IInputMethodClient$Stub$Proxy@27bb6440 attribute=null, token = android.os.BinderProxy@3ba3943c
W/AppOps  (  516): Bad call: specified package media under uid 1000 but it is really 1013
D/ActivityManagerService(  516): moveHomeStackTaskToTop: moving TaskRecord{2b1c98bb #99 A=com.android.launcher3 U=0 sz=1}
I/ActivityManagerService(  516): Killing 964:android.process.acore/u0a2 (adj 15): empty #17
W/AppOps  (  516): Bad call: specified package media under uid 1000 but it is really 1013
W/AppOps  (  516): Bad call: specified package media under uid 1000 but it is really 1013
W/AppOps  (  516): Bad call: specified package media under uid 1000 but it is really 1013
W/AppOps  (  516): Bad call: specified package media under uid 1000 but it is really 1013
I/ActivityStackSupervisor(  516): START u0 {act=android.intent.action.MAIN cat=[android.intent.category.LAUNCHER] flg=0x10200000 cmp=com.cn.cae/.MainActivity (has extras)} from uid 10036 on display 0
W/AppOps  (  516): Bad call: specified package media under uid 1000 but it is really 1013
V/WindowManagerService(  516): Adding window Window{1f5753d0 u0 Starting com.cn.cae} at 2 of 3 (after Window{1516c45e u0 com.android.launcher3/com.android.launcher3.Launcher})
I/ActivityManagerService(  516): Start proc 1800:com.cn.cae/u0a64 for activity com.cn.cae/.MainActivity
W/AppOps  (  516): Bad call: specified package media under uid 1000 but it is really 1013
V/WindowManagerService(  516): Adding window Window{3adc0f85 u0 com.cn.cae/com.cn.cae.MainActivity} at 2 of 4 (before Window{1f5753d0 u0 Starting com.cn.cae})
W/AppOps  (  516): Bad call: specified package media under uid 1000 but it is really 1013
D/TaskPersister(  516): removeObsoleteFile: deleting file=98_task.xml
I/ActivityManagerService(  516): Killing 1081:com.android.externalstorage/u0a5 (adj 15): empty #17
D/UsbDeviceManager(  516): Usb state is false false true
D/MountService(  516): sharedvolumeNum: 0 ;avail: false
D/UsbDeviceManager(  516): Usb state is true false true
I/ValidateNoPeople(  516): skipping global notification
D/MountService(  516): sharedvolumeNum: 0 ;avail: true
D/UsbDeviceManager(  516): Usb state is true true true
D/MountService(  516): sharedvolumeNum: 0 ;avail: true
I/ValidateNoPeople(  516): skipping global notification
I/ValidateNoPeople(  516): skipping global notification
D/UsbDeviceManager(  516): Usb state is true true true
D/MountService(  516): sharedvolumeNum: 0 ;avail: true
I/ValidateNoPeople(  516): skipping global notification
D/UsbDeviceManager(  516): Usb state is true true true
D/MountService(  516): sharedvolumeNum: 0 ;avail: true
I/ValidateNoPeople(  516): skipping global notification
D/UsbDeviceManager(  516): Usb state is true true true
D/MountService(  516): sharedvolumeNum: 0 ;avail: true
I/ValidateNoPeople(  516): skipping global notification
D/UsbDeviceManager(  516): Usb state is true true true
D/MountService(  516): sharedvolumeNum: 0 ;avail: true
I/ValidateNoPeople(  516): skipping global notification
D/UsbDeviceManager(  516): Usb state is true true true
D/MountService(  516): sharedvolumeNum: 0 ;avail: true
I/ValidateNoPeople(  516): skipping global notification
D/UsbDeviceManager(  516): Usb state is true true true
D/MountService(  516): sharedvolumeNum: 0 ;avail: true
I/ValidateNoPeople(  516): skipping global notification
D/UsbDeviceManager(  516): Usb state is true true true
D/MountService(  516): sharedvolumeNum: 0 ;avail: true
I/ValidateNoPeople(  516): skipping global notification
D/UsbDeviceManager(  516): Usb state is true true true
D/MountService(  516): sharedvolumeNum: 0 ;avail: true
I/ValidateNoPeople(  516): skipping global notification
D/UsbDeviceManager(  516): Usb state is true true true
D/MountService(  516): sharedvolumeNum: 0 ;avail: true
I/ValidateNoPeople(  516): skipping global notification
D/UsbDeviceManager(  516): Usb state is true true true
D/MountService(  516): sharedvolumeNum: 0 ;avail: true
I/ValidateNoPeople(  516): skipping global notification
D/UsbDeviceManager(  516): Usb state is true true true
D/MountService(  516): sharedvolumeNum: 0 ;avail: true
I/ValidateNoPeople(  516): skipping global notification
D/UsbDeviceManager(  516): Usb state is false false true
D/MountService(  516): sharedvolumeNum: 0 ;avail: false
D/UsbDeviceManager(  516): Usb state is true false true
I/ValidateNoPeople(  516): skipping global notification
D/MountService(  516): sharedvolumeNum: 0 ;avail: true
D/UsbDeviceManager(  516): Usb state is true true true
D/MountService(  516): sharedvolumeNum: 0 ;avail: true
I/ValidateNoPeople(  516): skipping global notification
I/ValidateNoPeople(  516): skipping global notification
W/AppOps  (  516): Bad call: specified package media under uid 1000 but it is really 1013
W/AppOps  (  516): Bad call: specified package media under uid 1000 but it is really 1013
--------- beginning of crash
F/libc    ( 1800): Fatal signal 6 (SIGABRT), code -6 in tid 1800 (com.cn.cae)
I/DEBUG   (  167): Skipping tombstone write, nothing to do.
I/WindowState(  516): WIN DEATH: Window{3adc0f85 u0 com.cn.cae/com.cn.cae.MainActivity}
I/ActivityManagerService(  516): Process com.cn.cae (pid 1800) has died
W/ActivityManagerService(  516): Force removing ActivityRecord{dbe3715 u0 com.cn.cae/.MainActivity t102}: app died, no saved state
D/ActivityManagerService(  516): moveHomeStackTaskToTop: moving TaskRecord{2b1c98bb #99 A=com.android.launcher3 U=0 sz=1}
W/InputMethodManagerService(  516): Got RemoteException sending setActive(false) notification to pid 1800 uid 10064
W/AppOps  (  516): Bad call: specified package media under uid 1000 but it is really 1013
W/AppOps  (  516): Bad call: specified package media under uid 1000 but it is really 1013
I/ActivityStackSupervisor(  516): START u0 {act=android.intent.action.MAIN cat=[android.intent.category.LAUNCHER] flg=0x10200000 cmp=com.cn.cae/.MainActivity (has extras)} from uid 10036 on display 0
