02-05 09:26:03.784 W/Atlas   ( 2129): Pointer 0x0, not in getPreloadedDrawables?
02-05 09:26:03.784 W/Atlas   ( 2129): Pointer 0x0, not in getPreloadedDrawables?
02-05 09:26:03.784 W/Atlas   ( 2129): Pointer 0x0, not in getPreloadedDrawables?
02-05 09:26:03.784 W/Atlas   ( 2129): Pointer 0x0, not in getPreloadedDrawables?
02-05 09:26:03.784 W/Atlas   ( 2129): Pointer 0x0, not in getPreloadedDrawables?
02-05 09:26:03.784 W/Atlas   ( 2129): Pointer 0x0, not in getPreloadedDrawables?
02-05 09:26:03.784 W/Atlas   ( 2129): Pointer 0x0, not in getPreloadedDrawables?
02-05 09:26:03.784 W/Atlas   ( 2129): Pointer 0x0, not in getPreloadedDrawables?
02-05 09:26:03.784 W/Atlas   ( 2129): Pointer 0x0, not in getPreloadedDrawables?
02-05 09:26:03.785 W/Atlas   ( 2129): Pointer 0x0, not in getPreloadedDrawables?
02-05 09:26:03.785 W/Atlas   ( 2129): Pointer 0x0, not in getPreloadedDrawables?
02-05 09:26:03.785 W/Atlas   ( 2129): Pointer 0x0, not in getPreloadedDrawables?
02-05 09:26:03.785 W/Atlas   ( 2129): Pointer 0x0, not in getPreloadedDrawables?
02-05 09:26:03.785 W/Atlas   ( 2129): Pointer 0x0, not in getPreloadedDrawables?
02-05 09:26:03.785 W/Atlas   ( 2129): Pointer 0x0, not in getPreloadedDrawables?
02-05 09:26:03.785 W/Atlas   ( 2129): Pointer 0x0, not in getPreloadedDrawables?
02-05 09:26:03.785 W/Atlas   ( 2129): Pointer 0x0, not in getPreloadedDrawables?
02-05 09:26:03.785 W/Atlas   ( 2129): Pointer 0x0, not in getPreloadedDrawables?
02-05 09:26:03.786 W/Atlas   ( 2129): Pointer 0x0, not in getPreloadedDrawables?
02-05 09:26:03.786 W/Atlas   ( 2129): Pointer 0x0, not in getPreloadedDrawables?
02-05 09:26:03.786 W/Atlas   ( 2129): Pointer 0x0, not in getPreloadedDrawables?
02-05 09:26:03.786 W/Atlas   ( 2129): Pointer 0x0, not in getPreloadedDrawables?
02-05 09:26:03.786 W/Atlas   ( 2129): Pointer 0x0, not in getPreloadedDrawables?
02-05 09:26:03.786 W/Atlas   ( 2129): Pointer 0x0, not in getPreloadedDrawables?
02-05 09:26:03.786 W/Atlas   ( 2129): Pointer 0x0, not in getPreloadedDrawables?
02-05 09:26:03.787 W/Atlas   ( 2129): Pointer 0x0, not in getPreloadedDrawables?
02-05 09:26:03.787 W/Atlas   ( 2129): Pointer 0x0, not in getPreloadedDrawables?
02-05 09:26:03.787 W/Atlas   ( 2129): Pointer 0x0, not in getPreloadedDrawables?
02-05 09:26:03.787 W/Atlas   ( 2129): Pointer 0x0, not in getPreloadedDrawables?
02-05 09:26:03.787 W/Atlas   ( 2129): Pointer 0x0, not in getPreloadedDrawables?
02-05 09:26:03.787 W/Atlas   ( 2129): Pointer 0x0, not in getPreloadedDrawables?
02-05 09:26:03.787 W/Atlas   ( 2129): Pointer 0x0, not in getPreloadedDrawables?
02-05 09:26:03.787 W/Atlas   ( 2129): Pointer 0x0, not in getPreloadedDrawables?
02-05 09:26:03.787 W/Atlas   ( 2129): Pointer 0x0, not in getPreloadedDrawables?
02-05 09:26:03.787 W/Atlas   ( 2129): Pointer 0x0, not in getPreloadedDrawables?
02-05 09:26:03.787 W/Atlas   ( 2129): Pointer 0x0, not in getPreloadedDrawables?
02-05 09:26:03.787 W/Atlas   ( 2129): Pointer 0x0, not in getPreloadedDrawables?
02-05 09:26:03.788 W/Atlas   ( 2129): Pointer 0x0, not in getPreloadedDrawables?
02-05 09:26:03.788 W/Atlas   ( 2129): Pointer 0x0, not in getPreloadedDrawables?
02-05 09:26:03.788 W/Atlas   ( 2129): Pointer 0x0, not in getPreloadedDrawables?
02-05 09:26:03.788 W/Atlas   ( 2129): Pointer 0x0, not in getPreloadedDrawables?
02-05 09:26:03.788 W/Atlas   ( 2129): Pointer 0x0, not in getPreloadedDrawables?
02-05 09:26:03.788 W/Atlas   ( 2129): Pointer 0x0, not in getPreloadedDrawables?
02-05 09:26:03.788 W/Atlas   ( 2129): Pointer 0x0, not in getPreloadedDrawables?
02-05 09:26:03.788 W/Atlas   ( 2129): Pointer 0x0, not in getPreloadedDrawables?
02-05 09:26:03.788 W/Atlas   ( 2129): Pointer 0x0, not in getPreloadedDrawables?
02-05 09:26:03.788 W/Atlas   ( 2129): Pointer 0x0, not in getPreloadedDrawables?
02-05 09:26:03.788 W/Atlas   ( 2129): Pointer 0x0, not in getPreloadedDrawables?
02-05 09:26:03.788 W/Atlas   ( 2129): Pointer 0x0, not in getPreloadedDrawables?
02-05 09:26:03.788 W/Atlas   ( 2129): Pointer 0x0, not in getPreloadedDrawables?
02-05 09:26:03.788 W/Atlas   ( 2129): Pointer 0x0, not in getPreloadedDrawables?
02-05 09:26:03.789 W/Atlas   ( 2129): Pointer 0x0, not in getPreloadedDrawables?
02-05 09:26:03.789 W/Atlas   ( 2129): Pointer 0x0, not in getPreloadedDrawables?
02-05 09:26:03.789 W/Atlas   ( 2129): Pointer 0x0, not in getPreloadedDrawables?
02-05 09:26:03.789 W/Atlas   ( 2129): Pointer 0x0, not in getPreloadedDrawables?
02-05 09:26:03.789 W/Atlas   ( 2129): Pointer 0x0, not in getPreloadedDrawables?
02-05 09:26:03.789 W/Atlas   ( 2129): Pointer 0x0, not in getPreloadedDrawables?
02-05 09:26:03.789 W/Atlas   ( 2129): Pointer 0x0, not in getPreloadedDrawables?
02-05 09:26:03.789 W/Atlas   ( 2129): Pointer 0x0, not in getPreloadedDrawables?
02-05 09:26:03.789 W/Atlas   ( 2129): Pointer 0x0, not in getPreloadedDrawables?
02-05 09:26:03.789 W/Atlas   ( 2129): Pointer 0x0, not in getPreloadedDrawables?
02-05 09:26:03.790 W/Atlas   ( 2129): Pointer 0x0, not in getPreloadedDrawables?
02-05 09:26:03.790 W/Atlas   ( 2129): Pointer 0x0, not in getPreloadedDrawables?
02-05 09:26:03.790 W/Atlas   ( 2129): Pointer 0x0, not in getPreloadedDrawables?
02-05 09:26:03.790 W/Atlas   ( 2129): Pointer 0x0, not in getPreloadedDrawables?
02-05 09:26:03.790 W/Atlas   ( 2129): Pointer 0x0, not in getPreloadedDrawables?
02-05 09:26:03.790 W/Atlas   ( 2129): Pointer 0x0, not in getPreloadedDrawables?
02-05 09:26:03.790 W/Atlas   ( 2129): Pointer 0x0, not in getPreloadedDrawables?
02-05 09:26:03.790 W/Atlas   ( 2129): Pointer 0x0, not in getPreloadedDrawables?
02-05 09:26:03.790 W/Atlas   ( 2129): Pointer 0x0, not in getPreloadedDrawables?
02-05 09:26:03.790 W/Atlas   ( 2129): Pointer 0x0, not in getPreloadedDrawables?
02-05 09:26:03.790 W/Atlas   ( 2129): Pointer 0x0, not in getPreloadedDrawables?
02-05 09:26:03.790 W/Atlas   ( 2129): Pointer 0x0, not in getPreloadedDrawables?
02-05 09:26:03.790 W/Atlas   ( 2129): Pointer 0x0, not in getPreloadedDrawables?
02-05 09:26:03.790 W/Atlas   ( 2129): Pointer 0x0, not in getPreloadedDrawables?
02-05 09:26:03.791 W/Atlas   ( 2129): Pointer 0x0, not in getPreloadedDrawables?
02-05 09:26:03.791 W/Atlas   ( 2129): Pointer 0x0, not in getPreloadedDrawables?
02-05 09:26:03.791 W/Atlas   ( 2129): Pointer 0x0, not in getPreloadedDrawables?
02-05 09:26:03.791 W/Atlas   ( 2129): Pointer 0x0, not in getPreloadedDrawables?
02-05 09:26:03.791 W/Atlas   ( 2129): Pointer 0x0, not in getPreloadedDrawables?
02-05 09:26:03.791 W/Atlas   ( 2129): Pointer 0x0, not in getPreloadedDrawables?
02-05 09:26:03.791 W/Atlas   ( 2129): Pointer 0x0, not in getPreloadedDrawables?
02-05 09:26:03.791 W/Atlas   ( 2129): Pointer 0x0, not in getPreloadedDrawables?
02-05 09:26:03.791 W/Atlas   ( 2129): Pointer 0x0, not in getPreloadedDrawables?
02-05 09:26:03.791 W/Atlas   ( 2129): Pointer 0x0, not in getPreloadedDrawables?
02-05 09:26:03.791 W/Atlas   ( 2129): Pointer 0x0, not in getPreloadedDrawables?
02-05 09:26:03.791 W/Atlas   ( 2129): Pointer 0x0, not in getPreloadedDrawables?
02-05 09:26:03.791 W/Atlas   ( 2129): Pointer 0x0, not in getPreloadedDrawables?
02-05 09:26:03.791 W/Atlas   ( 2129): Pointer 0x0, not in getPreloadedDrawables?
02-05 09:26:03.791 W/Atlas   ( 2129): Pointer 0x0, not in getPreloadedDrawables?
02-05 09:26:03.791 W/Atlas   ( 2129): Pointer 0x0, not in getPreloadedDrawables?
02-05 09:26:03.791 W/Atlas   ( 2129): Pointer 0x0, not in getPreloadedDrawables?
02-05 09:26:03.792 W/Atlas   ( 2129): Pointer 0x0, not in getPreloadedDrawables?
02-05 09:26:03.792 W/Atlas   ( 2129): Pointer 0x0, not in getPreloadedDrawables?
02-05 09:26:03.792 W/Atlas   ( 2129): Pointer 0x0, not in getPreloadedDrawables?
02-05 09:26:03.792 W/Atlas   ( 2129): Pointer 0x0, not in getPreloadedDrawables?
02-05 09:26:03.792 W/Atlas   ( 2129): Pointer 0x0, not in getPreloadedDrawables?
02-05 09:26:03.792 W/Atlas   ( 2129): Pointer 0x0, not in getPreloadedDrawables?
02-05 09:26:03.792 W/Atlas   ( 2129): Pointer 0x0, not in getPreloadedDrawables?
02-05 09:26:03.792 W/Atlas   ( 2129): Pointer 0x0, not in getPreloadedDrawables?
02-05 09:26:03.792 W/Atlas   ( 2129): Pointer 0x0, not in getPreloadedDrawables?
02-05 09:26:03.792 W/Atlas   ( 2129): Pointer 0x0, not in getPreloadedDrawables?
02-05 09:26:03.792 W/Atlas   ( 2129): Pointer 0x0, not in getPreloadedDrawables?
02-05 09:26:03.792 W/Atlas   ( 2129): Pointer 0x0, not in getPreloadedDrawables?
02-05 09:26:03.792 W/Atlas   ( 2129): Pointer 0x0, not in getPreloadedDrawables?
02-05 09:26:03.792 W/Atlas   ( 2129): Pointer 0x0, not in getPreloadedDrawables?
02-05 09:26:03.792 W/Atlas   ( 2129): Pointer 0x0, not in getPreloadedDrawables?
02-05 09:26:03.793 W/Atlas   ( 2129): Pointer 0x0, not in getPreloadedDrawables?
02-05 09:26:03.793 W/Atlas   ( 2129): Pointer 0x0, not in getPreloadedDrawables?
02-05 09:26:03.793 W/Atlas   ( 2129): Pointer 0x0, not in getPreloadedDrawables?
02-05 09:26:03.793 W/Atlas   ( 2129): Pointer 0x0, not in getPreloadedDrawables?
02-05 09:26:03.793 W/Atlas   ( 2129): Pointer 0x0, not in getPreloadedDrawables?
02-05 09:26:03.793 W/Atlas   ( 2129): Pointer 0x0, not in getPreloadedDrawables?
02-05 09:26:03.793 W/Atlas   ( 2129): Pointer 0x0, not in getPreloadedDrawables?
02-05 09:26:03.793 W/Atlas   ( 2129): Pointer 0x0, not in getPreloadedDrawables?
02-05 09:26:03.793 W/Atlas   ( 2129): Pointer 0x0, not in getPreloadedDrawables?
02-05 09:26:03.793 W/Atlas   ( 2129): Pointer 0x0, not in getPreloadedDrawables?
02-05 09:26:03.793 W/Atlas   ( 2129): Pointer 0x0, not in getPreloadedDrawables?
02-05 09:26:03.793 W/Atlas   ( 2129): Pointer 0x0, not in getPreloadedDrawables?
02-05 09:26:03.793 W/Atlas   ( 2129): Pointer 0x0, not in getPreloadedDrawables?
02-05 09:26:03.793 W/Atlas   ( 2129): Pointer 0x0, not in getPreloadedDrawables?
02-05 09:26:03.793 W/Atlas   ( 2129): Pointer 0x0, not in getPreloadedDrawables?
02-05 09:26:03.793 W/Atlas   ( 2129): Pointer 0x0, not in getPreloadedDrawables?
02-05 09:26:03.794 W/Atlas   ( 2129): Pointer 0x0, not in getPreloadedDrawables?
02-05 09:26:03.794 W/Atlas   ( 2129): Pointer 0x0, not in getPreloadedDrawables?
02-05 09:26:03.794 W/Atlas   ( 2129): Pointer 0x0, not in getPreloadedDrawables?
02-05 09:26:03.794 W/Atlas   ( 2129): Pointer 0x0, not in getPreloadedDrawables?
02-05 09:26:03.794 W/Atlas   ( 2129): Pointer 0x0, not in getPreloadedDrawables?
02-05 09:26:03.794 W/Atlas   ( 2129): Pointer 0x0, not in getPreloadedDrawables?
02-05 09:26:03.794 W/Atlas   ( 2129): Pointer 0x0, not in getPreloadedDrawables?
02-05 09:26:03.794 W/Atlas   ( 2129): Pointer 0x0, not in getPreloadedDrawables?
02-05 09:26:03.794 W/Atlas   ( 2129): Pointer 0x0, not in getPreloadedDrawables?
02-05 09:26:03.794 W/Atlas   ( 2129): Pointer 0x0, not in getPreloadedDrawables?
02-05 09:26:03.794 W/Atlas   ( 2129): Pointer 0x0, not in getPreloadedDrawables?
02-05 09:26:03.794 W/Atlas   ( 2129): Pointer 0x0, not in getPreloadedDrawables?
02-05 09:26:03.794 W/Atlas   ( 2129): Pointer 0x0, not in getPreloadedDrawables?
02-05 09:26:03.795 W/Atlas   ( 2129): Pointer 0x0, not in getPreloadedDrawables?
02-05 09:26:03.795 W/Atlas   ( 2129): Pointer 0x0, not in getPreloadedDrawables?
02-05 09:26:03.795 W/Atlas   ( 2129): Pointer 0x0, not in getPreloadedDrawables?
02-05 09:26:03.795 W/Atlas   ( 2129): Pointer 0x0, not in getPreloadedDrawables?
02-05 09:26:03.795 W/Atlas   ( 2129): Pointer 0x0, not in getPreloadedDrawables?
02-05 09:26:03.795 W/Atlas   ( 2129): Pointer 0x0, not in getPreloadedDrawables?
02-05 09:26:03.795 W/Atlas   ( 2129): Pointer 0x0, not in getPreloadedDrawables?
02-05 09:26:03.795 W/Atlas   ( 2129): Pointer 0x0, not in getPreloadedDrawables?
02-05 09:26:03.795 W/Atlas   ( 2129): Pointer 0x0, not in getPreloadedDrawables?
02-05 09:26:03.795 W/Atlas   ( 2129): Pointer 0x0, not in getPreloadedDrawables?
02-05 09:26:03.795 W/Atlas   ( 2129): Pointer 0x0, not in getPreloadedDrawables?
02-05 09:26:03.795 W/Atlas   ( 2129): Pointer 0x0, not in getPreloadedDrawables?
02-05 09:26:03.796 W/Atlas   ( 2129): Pointer 0x0, not in getPreloadedDrawables?
02-05 09:26:03.796 W/Atlas   ( 2129): Pointer 0x0, not in getPreloadedDrawables?
02-05 09:26:03.796 W/Atlas   ( 2129): Pointer 0x0, not in getPreloadedDrawables?
02-05 09:26:03.796 W/Atlas   ( 2129): Pointer 0x0, not in getPreloadedDrawables?
02-05 09:26:03.796 W/Atlas   ( 2129): Pointer 0x0, not in getPreloadedDrawables?
02-05 09:26:03.796 W/Atlas   ( 2129): Pointer 0x0, not in getPreloadedDrawables?
02-05 09:26:03.796 W/Atlas   ( 2129): Pointer 0x0, not in getPreloadedDrawables?
02-05 09:26:03.796 W/Atlas   ( 2129): Pointer 0x0, not in getPreloadedDrawables?
02-05 09:26:03.796 W/Atlas   ( 2129): Pointer 0x0, not in getPreloadedDrawables?
02-05 09:26:03.796 W/Atlas   ( 2129): Pointer 0x0, not in getPreloadedDrawables?
02-05 09:26:03.796 W/Atlas   ( 2129): Pointer 0x0, not in getPreloadedDrawables?
02-05 09:26:03.796 W/Atlas   ( 2129): Pointer 0x0, not in getPreloadedDrawables?
02-05 09:26:03.796 W/Atlas   ( 2129): Pointer 0x0, not in getPreloadedDrawables?
02-05 09:26:03.796 W/Atlas   ( 2129): Pointer 0x0, not in getPreloadedDrawables?
02-05 09:26:03.796 W/Atlas   ( 2129): Pointer 0x0, not in getPreloadedDrawables?
02-05 09:26:03.797 W/Atlas   ( 2129): Pointer 0x0, not in getPreloadedDrawables?
02-05 09:26:03.797 W/Atlas   ( 2129): Pointer 0x0, not in getPreloadedDrawables?
02-05 09:26:03.797 W/Atlas   ( 2129): Pointer 0x0, not in getPreloadedDrawables?
02-05 09:26:03.797 W/Atlas   ( 2129): Pointer 0x0, not in getPreloadedDrawables?
02-05 09:26:03.797 W/Atlas   ( 2129): Pointer 0x0, not in getPreloadedDrawables?
02-05 09:26:03.797 W/Atlas   ( 2129): Pointer 0x0, not in getPreloadedDrawables?
02-05 09:26:03.797 W/Atlas   ( 2129): Pointer 0x0, not in getPreloadedDrawables?
02-05 09:26:03.797 W/Atlas   ( 2129): Pointer 0x0, not in getPreloadedDrawables?
02-05 09:26:03.797 W/Atlas   ( 2129): Pointer 0x0, not in getPreloadedDrawables?
02-05 09:26:03.797 W/Atlas   ( 2129): Pointer 0x0, not in getPreloadedDrawables?
02-05 09:26:03.797 W/Atlas   ( 2129): Pointer 0x0, not in getPreloadedDrawables?
02-05 09:26:03.797 W/Atlas   ( 2129): Pointer 0x0, not in getPreloadedDrawables?
02-05 09:26:03.797 W/Atlas   ( 2129): Pointer 0x0, not in getPreloadedDrawables?
02-05 09:26:03.797 W/Atlas   ( 2129): Pointer 0x0, not in getPreloadedDrawables?
02-05 09:26:03.798 W/Atlas   ( 2129): Pointer 0x0, not in getPreloadedDrawables?
02-05 09:26:03.798 W/Atlas   ( 2129): Pointer 0x0, not in getPreloadedDrawables?
02-05 09:26:03.798 W/Atlas   ( 2129): Pointer 0x0, not in getPreloadedDrawables?
02-05 09:26:03.798 W/Atlas   ( 2129): Pointer 0x0, not in getPreloadedDrawables?
02-05 09:26:03.798 W/Atlas   ( 2129): Pointer 0x0, not in getPreloadedDrawables?
02-05 09:26:03.798 W/Atlas   ( 2129): Pointer 0x0, not in getPreloadedDrawables?
02-05 09:26:03.798 W/Atlas   ( 2129): Pointer 0x0, not in getPreloadedDrawables?
02-05 09:26:03.798 W/Atlas   ( 2129): Pointer 0x0, not in getPreloadedDrawables?
02-05 09:26:03.798 W/Atlas   ( 2129): Pointer 0x0, not in getPreloadedDrawables?
02-05 09:26:03.798 W/Atlas   ( 2129): Pointer 0x0, not in getPreloadedDrawables?
02-05 09:26:03.798 W/Atlas   ( 2129): Pointer 0x0, not in getPreloadedDrawables?
02-05 09:26:03.798 W/Atlas   ( 2129): Pointer 0x0, not in getPreloadedDrawables?
02-05 09:26:03.798 W/Atlas   ( 2129): Pointer 0x0, not in getPreloadedDrawables?
02-05 09:26:03.798 W/Atlas   ( 2129): Pointer 0x0, not in getPreloadedDrawables?
02-05 09:26:03.798 W/Atlas   ( 2129): Pointer 0x0, not in getPreloadedDrawables?
02-05 09:26:03.798 W/Atlas   ( 2129): Pointer 0x0, not in getPreloadedDrawables?
02-05 09:26:03.798 W/Atlas   ( 2129): Pointer 0x0, not in getPreloadedDrawables?
02-05 09:26:03.799 W/Atlas   ( 2129): Pointer 0x0, not in getPreloadedDrawables?
02-05 09:26:03.799 W/Atlas   ( 2129): Pointer 0x0, not in getPreloadedDrawables?
02-05 09:26:03.799 W/Atlas   ( 2129): Pointer 0x0, not in getPreloadedDrawables?
02-05 09:26:03.799 W/Atlas   ( 2129): Pointer 0x0, not in getPreloadedDrawables?
02-05 09:26:03.799 W/Atlas   ( 2129): Pointer 0x0, not in getPreloadedDrawables?
02-05 09:26:03.799 W/Atlas   ( 2129): Pointer 0x0, not in getPreloadedDrawables?
02-05 09:26:03.799 W/Atlas   ( 2129): Pointer 0x0, not in getPreloadedDrawables?
02-05 09:26:03.799 W/Atlas   ( 2129): Pointer 0x0, not in getPreloadedDrawables?
02-05 09:26:03.799 W/Atlas   ( 2129): Pointer 0x0, not in getPreloadedDrawables?
02-05 09:26:03.799 W/Atlas   ( 2129): Pointer 0x0, not in getPreloadedDrawables?
02-05 09:26:03.799 W/Atlas   ( 2129): Pointer 0x0, not in getPreloadedDrawables?
02-05 09:26:03.799 W/Atlas   ( 2129): Pointer 0x0, not in getPreloadedDrawables?
02-05 09:26:03.799 W/Atlas   ( 2129): Pointer 0x0, not in getPreloadedDrawables?
02-05 09:26:03.799 W/Atlas   ( 2129): Pointer 0x0, not in getPreloadedDrawables?
02-05 09:26:03.799 W/Atlas   ( 2129): Pointer 0x0, not in getPreloadedDrawables?
02-05 09:26:03.799 W/Atlas   ( 2129): Pointer 0x0, not in getPreloadedDrawables?
02-05 09:26:03.800 W/Atlas   ( 2129): Pointer 0x0, not in getPreloadedDrawables?
02-05 09:26:03.800 W/Atlas   ( 2129): Pointer 0x0, not in getPreloadedDrawables?
02-05 09:26:03.800 W/Atlas   ( 2129): Pointer 0x0, not in getPreloadedDrawables?
02-05 09:26:03.800 W/Atlas   ( 2129): Pointer 0x0, not in getPreloadedDrawables?
02-05 09:26:03.800 W/Atlas   ( 2129): Pointer 0x0, not in getPreloadedDrawables?
02-05 09:26:03.800 W/Atlas   ( 2129): Pointer 0x0, not in getPreloadedDrawables?
02-05 09:26:03.800 W/Atlas   ( 2129): Pointer 0x0, not in getPreloadedDrawables?
02-05 09:26:03.800 W/Atlas   ( 2129): Pointer 0x0, not in getPreloadedDrawables?
02-05 09:26:03.800 W/Atlas   ( 2129): Pointer 0x0, not in getPreloadedDrawables?
02-05 09:26:03.800 W/Atlas   ( 2129): Pointer 0x0, not in getPreloadedDrawables?
02-05 09:26:03.800 W/Atlas   ( 2129): Pointer 0x0, not in getPreloadedDrawables?
02-05 09:26:03.800 W/Atlas   ( 2129): Pointer 0x0, not in getPreloadedDrawables?
02-05 09:26:03.803 V/WindowManagerService(  516): Adding window Window{135eabf2 u0 com.cn.cae/com.cn.cae.MainActivity} at 2 of 5 (before Window{d2a0bc1 u0 Starting com.cn.cae})
02-05 09:26:03.810 D/ViewRootImpl( 2129): onAttachToWindow register content observer attrs=WM.LayoutParams{(0,0)(fillxfill)mPosX=0mPosY=0mHScale=1.0mVScale=1.0 align=UNDEFINE taskId=108 sim=#100 ty=1 fl=#1810100 wanim=0x1030001 surfaceInsets=Rect(0, 0 - 0, 0) needsMenuKey=2packageName=com.cn.caetoken=android.os.BinderProxy@33b49a48}
02-05 09:26:03.841 I/InputDispatcher(  516): Dropping event because there is no touchable window at (361, 624).
02-05 09:26:03.858 I/InputDispatcher(  516): Dropping event because there is no touchable window at (362, 625).
02-05 09:26:03.860 D/WindowManagerService(  516): Window{135eabf2 u0 com.cn.cae/com.cn.cae.MainActivity}  ==========setInputFocusLw ==========  =======
02-05 09:26:03.865 I/InputDispatcher(  516): Dropping event because there is no touchable window at (363, 626).
02-05 09:26:03.879 D/ViewRootImpl( 2129): 1280<<<<<< BACK FROM relayoutWM.LayoutParams{(0,0)(fillxfill)mPosX=0mPosY=0mHScale=1.0mVScale=1.0 align=UNDEFINE taskId=108 sim=#120 ty=1 fl=#1810100 wanim=0x1030001 surfaceInsets=Rect(0, 0 - 0, 0) needsMenuKey=2packageName=com.cn.caetoken=android.os.BinderProxy@33b49a48}
02-05 09:26:03.880 I/mali_so ( 2129): [File] : hardware/arm_hal/mali/driver/./src/base/arch/arch_011_udd/base_arch_main.c; [Line] : 565; [Func] : deal_with_version_affairs_rk_ext;
02-05 09:26:03.880 I/mali_so ( 2129): arm_release_ver of this mali_so is 'r6p0-01rel1', rk_so_ver is '3@0', it's custom_release_9 for 3228_5.1_box. built at '18:11:12', on 'Mar 14 2016'.
02-05 09:26:03.880 I/mali_so ( 2129): [File] : hardware/arm_hal/mali/driver/./src/base/arch/arch_011_udd/base_arch_main.c; [Line] : 578; [Func] : deal_with_version_affairs_rk_ext;
02-05 09:26:03.880 I/mali_so ( 2129): mali_ver_property has been set to 'r6p0-01rel1-5-3@0', to return.
02-05 09:26:03.881 I/OpenGLRenderer( 2129): Initialized EGL, version 1.4
02-05 09:26:03.883 D/OpenGLRenderer( 2129): Enabling debug mode 0
02-05 09:26:03.913 V/KeyEvent( 2129): Reset: android.view.KeyEvent$DispatcherState@28b8efd5
02-05 09:26:03.923 E/RichInputConnection(  763): Unable to connect to the editor to retrieve text... will retry later
02-05 09:26:03.924 I/InputAttributes(  763): InputType.TYPE_NULL is specified
02-05 09:26:03.940 W/AudioFlinger(  176): write blocked for 397 msecs, 16 delayed writes, thread 0xb4bb1008
02-05 09:26:03.983 I/ActivityManagerService(  516): Displayed com.cn.cae/.MainActivity: +467ms
02-05 09:26:03.983 D/ViewRootImpl(  516): onDetachedFromWindow ungister contentObserver
02-05 09:26:03.993 D/DisplayManager(  763): getDisplayInfo: displayId=0, info=DisplayInfo{"内置屏幕", uniqueId "local:0", app 1280 x 672, real 1280 x 720, largest app 1280 x 1207, smallest app 720 x 647, 240.00005 fps, supportedRefreshRates [240.00005], rotation 0, density 160 (160.15764 x 160.42105) dpi, layerStack 0, appVsyncOff 0, presDeadline 5166666, type BUILT_IN, state ON, FLAG_SECURE, FLAG_SUPPORTS_PROTECTED_BUFFERS}
02-05 09:26:04.003 D/ViewRootImpl(  763): 1280<<<<<< BACK FROM relayoutnull
02-05 09:26:04.062 D/DisplayManager(  763): getDisplayInfo: displayId=0, info=DisplayInfo{"内置屏幕", uniqueId "local:0", app 1280 x 672, real 1280 x 720, largest app 1280 x 1207, smallest app 720 x 647, 240.00005 fps, supportedRefreshRates [240.00005], rotation 0, density 160 (160.15764 x 160.42105) dpi, layerStack 0, appVsyncOff 0, presDeadline 5166666, type BUILT_IN, state ON, FLAG_SECURE, FLAG_SUPPORTS_PROTECTED_BUFFERS}
02-05 09:26:04.108 W/AppOps  (  516): Bad call: specified package media under uid 1000 but it is really 1013
02-05 09:26:04.122 E/AudioTrack(  516): did not receive expected priority boost on time
02-05 09:26:04.266 D/AudioHardwareALSA(  176): AudioHardwareALSA::setVoiceVolume volume = 0.800000
02-05 09:26:04.267 D/AudioHardwareALSA(  176): ALSAMixer::setVolume left = 0.800000 , right = 0.800000
02-05 09:26:04.267 D/AudioHardwareALSA(  176): ALSAMixer::setVolume new *** left = 0.800000 , right = 0.800000
02-05 09:26:04.714 V/KeyEvent(  763): Key down to android.inputmethodservice.InputMethodService$InputMethodSessionImpl@6280de3 in android.view.KeyEvent$DispatcherState@6e0bb19: KeyEvent { action=ACTION_DOWN, keyCode=KEYCODE_BACK, scanCode=0, metaState=0, flags=0x0, repeatCount=0, eventTime=623868, downTime=623868, deviceId=2, source=0x2002 }
02-05 09:26:04.714 V/KeyEvent(  763):   Start tracking!
02-05 09:26:04.714 V/KeyEvent(  763): Start trackingt in android.inputmethodservice.InputMethodService$InputMethodSessionImpl@6280de3: android.view.KeyEvent$DispatcherState@6e0bb19
02-05 09:26:04.843 V/KeyEvent(  763): Key up to android.inputmethodservice.InputMethodService$InputMethodSessionImpl@6280de3 in android.view.KeyEvent$DispatcherState@6e0bb19: KeyEvent { action=ACTION_UP, keyCode=KEYCODE_BACK, scanCode=0, metaState=0, flags=0x0, repeatCount=0, eventTime=623980, downTime=623980, deviceId=2, source=0x2002 }
02-05 09:26:04.843 V/KeyEvent(  763): Handle key up KeyEvent { action=ACTION_UP, keyCode=KEYCODE_BACK, scanCode=0, metaState=0, flags=0x0, repeatCount=0, eventTime=623980, downTime=623980, deviceId=2, source=0x2002 }: android.view.KeyEvent$DispatcherState@6e0bb19
02-05 09:26:04.843 V/KeyEvent(  763):   Tracking!
02-05 09:26:04.865 D/DisplayManager(  763): getDisplayInfo: displayId=0, info=DisplayInfo{"内置屏幕", uniqueId "local:0", app 1280 x 672, real 1280 x 720, largest app 1280 x 1207, smallest app 720 x 647, 240.00005 fps, supportedRefreshRates [240.00005], rotation 0, density 160 (160.15764 x 160.42105) dpi, layerStack 0, appVsyncOff 0, presDeadline 5166666, type BUILT_IN, state ON, FLAG_SECURE, FLAG_SUPPORTS_PROTECTED_BUFFERS}
02-05 09:26:04.872 D/ViewRootImpl(  763): 1280<<<<<< BACK FROM relayoutnull
02-05 09:26:05.781 I/CAEDemo ( 2129): Create CAE instance...
02-05 09:26:05.785 D/AudioHardwareALSA(  176): AudioHardwareALSA::setVoiceVolume volume = 0.000000
02-05 09:26:05.785 D/AudioHardwareALSA(  176): ALSAMixer::setVolume left = 0.000000 , right = 0.000000
02-05 09:26:05.785 D/AudioHardwareALSA(  176): ALSAMixer::setVolume new *** left = 0.800000 , right = 0.800000
02-05 09:26:05.788 D/CAELog  ( 2129): CAENew | res path:/sdcard/AIUI/ivw60/ivw_resource-lingxi.jet
02-05 09:26:05.788 D/CAELog  ( 2129): CAENew | ivwCb:ivwCb
02-05 09:26:05.789 D/CAELog  ( 2129): CAENew | audioCb:audioCb
02-05 09:26:05.794 W/AppOps  (  516): Bad call: specified package media under uid 1000 but it is really 1013
02-05 09:26:05.799 W/libc    ( 2129): pthread_create sched_setscheduler call failed: Operation not permitted
02-05 09:26:05.862 F/libc    ( 2129): Fatal signal 6 (SIGABRT), code -6 in tid 2129 (com.cn.cae)
02-05 09:26:05.913 E/DEBUG   (  167): Failed to find a valid tombstone, default to using tombstone 0.
02-05 09:26:05.913 E/DEBUG   (  167): failed to open tombstone file '/data/tombstones/tombstone_00': No such file or directory
02-05 09:26:05.913 I/DEBUG   (  167): Skipping tombstone write, nothing to do.
02-05 09:26:05.931 W/InputDispatcher(  516): channel '135eabf2 com.cn.cae/com.cn.cae.MainActivity (server)' ~ Consumer closed input channel or an error occurred.  events=0x9
02-05 09:26:05.932 E/InputDispatcher(  516): channel '135eabf2 com.cn.cae/com.cn.cae.MainActivity (server)' ~ Channel is unrecoverably broken and will be disposed!
02-05 09:26:05.932 I/Zygote  (  175): Process 2129 exited due to signal (6)
02-05 09:26:05.932 I/ActivityManagerService(  516): Process com.cn.cae (pid 2129) has died
02-05 09:26:05.933 I/WindowState(  516): WIN DEATH: Window{135eabf2 u0 com.cn.cae/com.cn.cae.MainActivity}
02-05 09:26:05.933 W/InputDispatcher(  516): Attempted to unregister already unregistered input channel '135eabf2 com.cn.cae/com.cn.cae.MainActivity (server)'
02-05 09:26:05.934 W/ActivityManagerService(  516): Force removing ActivityRecord{22e0ec8e u0 com.cn.cae/.MainActivity t108}: app died, no saved state
02-05 09:26:05.942 D/WindowManagerService(  516): null  ==========setInputFocusLw ==========  =======
02-05 09:26:05.943 D/ActivityManagerService(  516): moveHomeStackTaskToTop: moving TaskRecord{2b1c98bb #99 A=com.android.launcher3 U=0 sz=1}
02-05 09:26:05.963 D/ViewRootImpl(  895): 1280<<<<<< BACK FROM relayoutnull
02-05 09:26:05.978 D/WindowManagerService(  516): Window{1516c45e u0 com.android.launcher3/com.android.launcher3.Launcher}  ==========setInputFocusLw ==========  =======
02-05 09:26:05.981 D/ViewRootImpl(  895): 1280<<<<<< BACK FROM relayoutWM.LayoutParams{(0,0)(fillxfill)mPosX=0mPosY=0mHScale=1.0mVScale=1.0 align=UNDEFINE taskId=99 sim=#120 ty=1 fl=#81910100 fmt=-2 wanim=0x10303e5 vsysui=0x600 surfaceInsets=Rect(0, 0 - 0, 0) needsMenuKey=2packageName=com.android.launcher3token=android.os.BinderProxy@1b85b9f9}
02-05 09:26:05.986 V/KeyEvent(  895): Reset: android.view.KeyEvent$DispatcherState@3267329e
02-05 09:26:05.987 W/InputMethodManagerService(  516): Got RemoteException sending setActive(false) notification to pid 2129 uid 10064
02-05 09:26:06.009 W/AppOps  (  516): Bad call: specified package media under uid 1000 but it is really 1013
02-05 09:26:06.014 D/DisplayManager(  661): getDisplayInfo: displayId=0, info=DisplayInfo{"内置屏幕", uniqueId "local:0", app 1280 x 672, real 1280 x 720, largest app 1280 x 1207, smallest app 720 x 647, 240.00005 fps, supportedRefreshRates [240.00005], rotation 0, density 160 (160.15764 x 160.42105) dpi, layerStack 0, appVsyncOff 0, presDeadline 5166666, type BUILT_IN, state ON, FLAG_SECURE, FLAG_SUPPORTS_PROTECTED_BUFFERS}
02-05 09:26:06.017 D/DisplayManager(  661): getDisplayInfo: displayId=0, info=DisplayInfo{"内置屏幕", uniqueId "local:0", app 1280 x 672, real 1280 x 720, largest app 1280 x 1207, smallest app 720 x 647, 240.00005 fps, supportedRefreshRates [240.00005], rotation 0, density 160 (160.15764 x 160.42105) dpi, layerStack 0, appVsyncOff 0, presDeadline 5166666, type BUILT_IN, state ON, FLAG_SECURE, FLAG_SUPPORTS_PROTECTED_BUFFERS}
02-05 09:26:06.167 D/AudioHardwareALSA(  176): AudioHardwareALSA::setVoiceVolume volume = 0.800000
02-05 09:26:06.167 D/AudioHardwareALSA(  176): ALSAMixer::setVolume left = 0.800000 , right = 0.800000
02-05 09:26:06.167 D/AudioHardwareALSA(  176): ALSAMixer::setVolume new *** left = 0.800000 , right = 0.800000
02-05 09:26:06.417 E/AudioTrack(  516): did not receive expected priority boost on time
02-05 09:26:07.490 D/TaskPersister(  516): removeObsoleteFile: deleting file=107_task.xml
02-05 09:26:08.994 D/AudioStreamOutALSA(  176): AudioStreamOutALSA::standby().....
02-05 09:26:09.196 W/AppOps  (  516): Bad call: specified package media under uid 1000 but it is really 1013
02-05 09:26:10.354 I/Heartbeat( 1501): --485>version：10, cmd：2, contenLength：nullsession-----------(0x00000001: nio socket, client, /192.168.1.108:45297 => www.beonehome.com/119.90.39.6:6200)
02-05 09:26:10.423 I/Heartbeat( 1501): --485>version：10, cmd：2, contenLength：0session-----------(0x00000001: nio socket, client, /192.168.1.108:45297 => www.beonehome.com/119.90.39.6:6200)
02-05 09:26:10.424 I/Heartbeat( 1501): <--485version：10, cmd：2, contenLength：0session-----------(0x00000001: nio socket, client, /192.168.1.108:45297 => www.beonehome.com/119.90.39.6:6200)
02-05 09:26:10.425 I/Heartbeat( 1501): --485>version：10, cmd：2, contenLength：0session-----------(0x00000001: nio socket, client, /192.168.1.108:45297 => www.beonehome.com/119.90.39.6:6200)
02-05 09:26:10.796 D/Tag     ( 1501): , flag : ZG, version : 10, contentLen : 0, content : ---(0x00000002: nio socket, client, /192.168.1.108:45579 => www.beonehome.com/119.90.39.6:11367)
02-05 09:26:20.017 I/Heartbeat( 1501): --485>version：10, cmd：2, contenLength：nullsession-----------(0x00000001: nio socket, client, /192.168.1.108:45297 => www.beonehome.com/119.90.39.6:6200)
02-05 09:26:20.090 I/Heartbeat( 1501): --485>version：10, cmd：2, contenLength：0session-----------(0x00000001: nio socket, client, /192.168.1.108:45297 => www.beonehome.com/119.90.39.6:6200)
02-05 09:26:20.090 I/Heartbeat( 1501): <--485version：10, cmd：2, contenLength：0session-----------(0x00000001: nio socket, client, /192.168.1.108:45297 => www.beonehome.com/119.90.39.6:6200)
02-05 09:26:20.091 I/Heartbeat( 1501): --485>version：10, cmd：2, contenLength：0session-----------(0x00000001: nio socket, client, /192.168.1.108:45297 => www.beonehome.com/119.90.39.6:6200)
02-05 09:26:20.802 D/Tag     ( 1501): , flag : ZG, version : 10, contentLen : 0, content : ---(0x00000002: nio socket, client, /192.168.1.108:45579 => www.beonehome.com/119.90.39.6:11367)
02-05 09:26:22.165 E/WifiStateMachine(  516): WifiStateMachine CMD_START_SCAN source -2 txSuccessRate=1.69 rxSuccessRate=1.25 targetRoamBSSID=80:89:17:ea:83:16 RSSI=-56
02-05 09:26:22.166 E/WifiStateMachine(  516): startDelayedScan send -> 35 milli 20000
02-05 09:26:22.166 E/WifiStateMachine(  516): WifiStateMachine CMD_START_SCAN with age=100013 interval=227812 maxinterval=300000
02-05 09:26:22.166 E/WifiStateMachine(  516): WifiStateMachine CMD_START_SCAN full=false
02-05 09:26:22.166 E/WifiStateMachine(  516): WifiStateMachine starting scan for "WF-TEST"WPA_PSK with 2437
02-05 09:26:22.166 E/WifiStateMachine(  516): [1,517,793,982,166 ms] noteScanstart no scan source uid -2
02-05 09:26:22.386 E/WifiStateMachine(  516): [1,517,793,982,386 ms] noteScanEnd no scan source onTime=0
02-05 09:26:22.391 E/WifiStateMachine(  516): wifi setScanResults statecom.android.server.wifi.WifiStateMachine$ConnectedState@3c75bfac sup_state=COMPLETED debouncing=false mConnectionRequests=1 selection=<none>
02-05 09:26:30.445 I/Heartbeat( 1501): --485>version：10, cmd：2, contenLength：nullsession-----------(0x00000001: nio socket, client, /192.168.1.108:45297 => www.beonehome.com/119.90.39.6:6200)
02-05 09:26:30.522 I/Heartbeat( 1501): --485>version：10, cmd：2, contenLength：0session-----------(0x00000001: nio socket, client, /192.168.1.108:45297 => www.beonehome.com/119.90.39.6:6200)
02-05 09:26:30.522 I/Heartbeat( 1501): <--485version：10, cmd：2, contenLength：0session-----------(0x00000001: nio socket, client, /192.168.1.108:45297 => www.beonehome.com/119.90.39.6:6200)
02-05 09:26:30.523 I/Heartbeat( 1501): --485>version：10, cmd：2, contenLength：0session-----------(0x00000001: nio socket, client, /192.168.1.108:45297 => www.beonehome.com/119.90.39.6:6200)
02-05 09:26:30.837 D/Tag     ( 1501): , flag : ZG, version : 10, contentLen : 0, content : ---(0x00000002: nio socket, client, /192.168.1.108:45579 => www.beonehome.com/119.90.39.6:11367)
02-05 09:26:40.027 I/Heartbeat( 1501): --485>version：10, cmd：2, contenLength：nullsession-----------(0x00000001: nio socket, client, /192.168.1.108:45297 => www.beonehome.com/119.90.39.6:6200)
02-05 09:26:40.088 I/Heartbeat( 1501): --485>version：10, cmd：2, contenLength：0session-----------(0x00000001: nio socket, client, /192.168.1.108:45297 => www.beonehome.com/119.90.39.6:6200)
02-05 09:26:40.088 I/Heartbeat( 1501): <--485version：10, cmd：2, contenLength：0session-----------(0x00000001: nio socket, client, /192.168.1.108:45297 => www.beonehome.com/119.90.39.6:6200)
02-05 09:26:40.089 I/Heartbeat( 1501): --485>version：10, cmd：2, contenLength：0session-----------(0x00000001: nio socket, client, /192.168.1.108:45297 => www.beonehome.com/119.90.39.6:6200)
02-05 09:26:40.847 D/Tag     ( 1501): , flag : ZG, version : 10, contentLen : 0, content : ---(0x00000002: nio socket, client, /192.168.1.108:45579 => www.beonehome.com/119.90.39.6:11367)
02-05 09:26:42.170 E/WifiStateMachine(  516): WifiStateMachine CMD_START_SCAN source -2 txSuccessRate=0.19 rxSuccessRate=0.13 targetRoamBSSID=80:89:17:ea:83:16 RSSI=-61
02-05 09:26:42.170 E/WifiStateMachine(  516): startDelayedScan send -> 36 milli 20000
02-05 09:26:42.170 E/WifiStateMachine(  516): WifiStateMachine CMD_START_SCAN with age=120017 interval=227812 maxinterval=300000
02-05 09:26:42.170 E/WifiStateMachine(  516): WifiStateMachine CMD_START_SCAN full=false
02-05 09:26:42.170 E/WifiStateMachine(  516): WifiStateMachine starting scan for "WF-TEST"WPA_PSK with 2437
02-05 09:26:42.171 E/WifiStateMachine(  516): [1,517,794,002,171 ms] noteScanstart no scan source uid -2
02-05 09:26:42.384 E/WifiStateMachine(  516): [1,517,794,002,384 ms] noteScanEnd no scan source onTime=0
02-05 09:26:42.389 E/WifiStateMachine(  516): wifi setScanResults statecom.android.server.wifi.WifiStateMachine$ConnectedState@3c75bfac sup_state=COMPLETED debouncing=false mConnectionRequests=1 selection=<none>
02-05 09:26:50.438 I/Heartbeat( 1501): --485>version：10, cmd：2, contenLength：nullsession-----------(0x00000001: nio socket, client, /192.168.1.108:45297 => www.beonehome.com/119.90.39.6:6200)
02-05 09:26:50.506 I/Heartbeat( 1501): --485>version：10, cmd：2, contenLength：0session-----------(0x00000001: nio socket, client, /192.168.1.108:45297 => www.beonehome.com/119.90.39.6:6200)
02-05 09:26:50.506 I/Heartbeat( 1501): <--485version：10, cmd：2, contenLength：0session-----------(0x00000001: nio socket, client, /192.168.1.108:45297 => www.beonehome.com/119.90.39.6:6200)
02-05 09:26:50.507 I/Heartbeat( 1501): --485>version：10, cmd：2, contenLength：0session-----------(0x00000001: nio socket, client, /192.168.1.108:45297 => www.beonehome.com/119.90.39.6:6200)
02-05 09:26:50.770 I/JXservice( 1287):  action bettary_change  status= 4level= 40
02-05 09:26:50.770 I/JXservice( 1287):  40 
02-05 09:26:50.771 I/JXservice( 1287): AsyncTask onPreExecute() called
02-05 09:26:50.772 I/JXservice( 1287): AsyncTask doInBackground 0
02-05 09:26:50.772 I/JXservice( 1287): mAudioManager.isMusicActive() status= false 
02-05 09:26:50.772 I/JXservice( 1287): AsyncTask doInBackground 1
02-05 09:26:50.772 I/JXservice( 1287): AsyncTask onProgressUpdate 0
02-05 09:26:50.887 D/Tag     ( 1501): , flag : ZG, version : 10, contentLen : 0, content : ---(0x00000002: nio socket, client, /192.168.1.108:45579 => www.beonehome.com/119.90.39.6:11367)
02-05 09:26:51.812 I/JXservice( 1287): AsyncTask onPostExecute 1
02-05 09:27:00.036 I/Heartbeat( 1501): --485>version：10, cmd：2, contenLength：nullsession-----------(0x00000001: nio socket, client, /192.168.1.108:45297 => www.beonehome.com/119.90.39.6:6200)
02-05 09:27:00.142 I/Heartbeat( 1501): --485>version：10, cmd：2, contenLength：0session-----------(0x00000001: nio socket, client, /192.168.1.108:45297 => www.beonehome.com/119.90.39.6:6200)
02-05 09:27:00.142 I/Heartbeat( 1501): <--485version：10, cmd：2, contenLength：0session-----------(0x00000001: nio socket, client, /192.168.1.108:45297 => www.beonehome.com/119.90.39.6:6200)
02-05 09:27:00.143 I/Heartbeat( 1501): --485>version：10, cmd：2, contenLength：0session-----------(0x00000001: nio socket, client, /192.168.1.108:45297 => www.beonehome.com/119.90.39.6:6200)
02-05 09:27:00.927 D/Tag     ( 1501): , flag : ZG, version : 10, contentLen : 0, content : ---(0x00000002: nio socket, client, /192.168.1.108:45579 => www.beonehome.com/119.90.39.6:11367)
02-05 09:27:02.172 E/WifiStateMachine(  516): WifiStateMachine CMD_START_SCAN source -2 txSuccessRate=1.70 rxSuccessRate=1.13 targetRoamBSSID=80:89:17:ea:83:16 RSSI=-60
02-05 09:27:02.173 E/WifiStateMachine(  516): startDelayedScan send -> 37 milli 20000
02-05 09:27:02.173 E/WifiStateMachine(  516): WifiStateMachine CMD_START_SCAN with age=140020 interval=227812 maxinterval=300000
02-05 09:27:02.173 E/WifiStateMachine(  516): WifiStateMachine CMD_START_SCAN full=false
02-05 09:27:02.173 E/WifiStateMachine(  516): WifiStateMachine starting scan for "WF-TEST"WPA_PSK with 2437
02-05 09:27:02.174 E/WifiStateMachine(  516): [1,517,794,022,174 ms] noteScanstart no scan source uid -2
02-05 09:27:02.384 E/WifiStateMachine(  516): [1,517,794,022,384 ms] noteScanEnd no scan source onTime=0
02-05 09:27:02.388 E/WifiStateMachine(  516): wifi setScanResults statecom.android.server.wifi.WifiStateMachine$ConnectedState@3c75bfac sup_state=COMPLETED debouncing=false mConnectionRequests=1 selection=<none>
02-05 09:27:10.428 I/Heartbeat( 1501): --485>version：10, cmd：2, contenLength：nullsession-----------(0x00000001: nio socket, client, /192.168.1.108:45297 => www.beonehome.com/119.90.39.6:6200)
02-05 09:27:10.544 I/Heartbeat( 1501): --485>version：10, cmd：2, contenLength：0session-----------(0x00000001: nio socket, client, /192.168.1.108:45297 => www.beonehome.com/119.90.39.6:6200)
02-05 09:27:10.544 I/Heartbeat( 1501): <--485version：10, cmd：2, contenLength：0session-----------(0x00000001: nio socket, client, /192.168.1.108:45297 => www.beonehome.com/119.90.39.6:6200)
02-05 09:27:10.545 I/Heartbeat( 1501): --485>version：10, cmd：2, contenLength：0session-----------(0x00000001: nio socket, client, /192.168.1.108:45297 => www.beonehome.com/119.90.39.6:6200)
02-05 09:27:10.966 D/Tag     ( 1501): , flag : ZG, version : 10, contentLen : 0, content : ---(0x00000002: nio socket, client, /192.168.1.108:45579 => www.beonehome.com/119.90.39.6:11367)
02-05 09:27:20.046 I/Heartbeat( 1501): --485>version：10, cmd：2, contenLength：nullsession-----------(0x00000001: nio socket, client, /192.168.1.108:45297 => www.beonehome.com/119.90.39.6:6200)
02-05 09:27:20.120 I/Heartbeat( 1501): --485>version：10, cmd：2, contenLength：0session-----------(0x00000001: nio socket, client, /192.168.1.108:45297 => www.beonehome.com/119.90.39.6:6200)
02-05 09:27:20.120 I/Heartbeat( 1501): <--485version：10, cmd：2, contenLength：0session-----------(0x00000001: nio socket, client, /192.168.1.108:45297 => www.beonehome.com/119.90.39.6:6200)
02-05 09:27:20.121 I/Heartbeat( 1501): --485>version：10, cmd：2, contenLength：0session-----------(0x00000001: nio socket, client, /192.168.1.108:45297 => www.beonehome.com/119.90.39.6:6200)
02-05 09:27:21.007 D/Tag     ( 1501): , flag : ZG, version : 10, contentLen : 0, content : ---(0x00000002: nio socket, client, /192.168.1.108:45579 => www.beonehome.com/119.90.39.6:11367)
02-05 09:27:22.178 E/WifiStateMachine(  516): WifiStateMachine CMD_START_SCAN source -2 txSuccessRate=0.38 rxSuccessRate=0.30 targetRoamBSSID=80:89:17:ea:83:16 RSSI=-64
02-05 09:27:22.178 E/WifiStateMachine(  516): startDelayedScan send -> 38 milli 20000
02-05 09:27:22.178 E/WifiStateMachine(  516): WifiStateMachine CMD_START_SCAN with age=160025 interval=227812 maxinterval=300000
02-05 09:27:22.178 E/WifiStateMachine(  516): WifiStateMachine CMD_START_SCAN full=false
02-05 09:27:22.178 E/WifiStateMachine(  516): WifiStateMachine starting scan for "WF-TEST"WPA_PSK with 2437
02-05 09:27:22.179 E/WifiStateMachine(  516): [1,517,794,042,179 ms] noteScanstart no scan source uid -2
02-05 09:27:22.396 E/WifiStateMachine(  516): [1,517,794,042,396 ms] noteScanEnd no scan source onTime=0
02-05 09:27:22.400 E/WifiStateMachine(  516): wifi setScanResults statecom.android.server.wifi.WifiStateMachine$ConnectedState@3c75bfac sup_state=COMPLETED debouncing=false mConnectionRequests=1 selection=<none>
02-05 09:27:30.354 I/Heartbeat( 1501): --485>version：10, cmd：2, contenLength：nullsession-----------(0x00000001: nio socket, client, /192.168.1.108:45297 => www.beonehome.com/119.90.39.6:6200)
02-05 09:27:30.432 I/Heartbeat( 1501): --485>version：10, cmd：2, contenLength：0session-----------(0x00000001: nio socket, client, /192.168.1.108:45297 => www.beonehome.com/119.90.39.6:6200)
02-05 09:27:30.432 I/Heartbeat( 1501): <--485version：10, cmd：2, contenLength：0session-----------(0x00000001: nio socket, client, /192.168.1.108:45297 => www.beonehome.com/119.90.39.6:6200)
02-05 09:27:30.433 I/Heartbeat( 1501): --485>version：10, cmd：2, contenLength：0session-----------(0x00000001: nio socket, client, /192.168.1.108:45297 => www.beonehome.com/119.90.39.6:6200)
02-05 09:27:31.049 D/Tag     ( 1501): , flag : ZG, version : 10, contentLen : 0, content : ---(0x00000002: nio socket, client, /192.168.1.108:45579 => www.beonehome.com/119.90.39.6:11367)
02-05 09:27:40.087 I/Heartbeat( 1501): --485>version：10, cmd：2, contenLength：nullsession-----------(0x00000001: nio socket, client, /192.168.1.108:45297 => www.beonehome.com/119.90.39.6:6200)
02-05 09:27:40.156 I/Heartbeat( 1501): --485>version：10, cmd：2, contenLength：0session-----------(0x00000001: nio socket, client, /192.168.1.108:45297 => www.beonehome.com/119.90.39.6:6200)
02-05 09:27:40.156 I/Heartbeat( 1501): <--485version：10, cmd：2, contenLength：0session-----------(0x00000001: nio socket, client, /192.168.1.108:45297 => www.beonehome.com/119.90.39.6:6200)
02-05 09:27:40.157 I/Heartbeat( 1501): --485>version：10, cmd：2, contenLength：0session-----------(0x00000001: nio socket, client, /192.168.1.108:45297 => www.beonehome.com/119.90.39.6:6200)
02-05 09:27:41.090 D/Tag     ( 1501): , flag : ZG, version : 10, contentLen : 0, content : ---(0x00000002: nio socket, client, /192.168.1.108:45579 => www.beonehome.com/119.90.39.6:11367)
02-05 09:27:42.182 E/WifiStateMachine(  516): WifiStateMachine CMD_START_SCAN source -2 txSuccessRate=1.19 rxSuccessRate=0.88 targetRoamBSSID=80:89:17:ea:83:16 RSSI=-62
02-05 09:27:42.182 E/WifiStateMachine(  516): startDelayedScan send -> 39 milli 20000
02-05 09:27:42.182 E/WifiStateMachine(  516): WifiStateMachine CMD_START_SCAN with age=180029 interval=227812 maxinterval=300000
02-05 09:27:42.182 E/WifiStateMachine(  516): WifiStateMachine CMD_START_SCAN full=false
02-05 09:27:42.182 E/WifiStateMachine(  516): WifiStateMachine starting scan for "WF-TEST"WPA_PSK with 2437
02-05 09:27:42.183 E/WifiStateMachine(  516): [1,517,794,062,183 ms] noteScanstart no scan source uid -2
02-05 09:27:42.405 E/WifiStateMachine(  516): [1,517,794,062,405 ms] noteScanEnd no scan source onTime=0
02-05 09:27:42.410 E/WifiStateMachine(  516): wifi setScanResults statecom.android.server.wifi.WifiStateMachine$ConnectedState@3c75bfac sup_state=COMPLETED debouncing=false mConnectionRequests=1 selection=<none>
02-05 09:27:50.402 I/Heartbeat( 1501): --485>version：10, cmd：2, contenLength：nullsession-----------(0x00000001: nio socket, client, /192.168.1.108:45297 => www.beonehome.com/119.90.39.6:6200)
02-05 09:27:50.462 I/Heartbeat( 1501): --485>version：10, cmd：2, contenLength：0session-----------(0x00000001: nio socket, client, /192.168.1.108:45297 => www.beonehome.com/119.90.39.6:6200)
02-05 09:27:50.463 I/Heartbeat( 1501): <--485version：10, cmd：2, contenLength：0session-----------(0x00000001: nio socket, client, /192.168.1.108:45297 => www.beonehome.com/119.90.39.6:6200)
02-05 09:27:50.463 I/Heartbeat( 1501): --485>version：10, cmd：2, contenLength：0session-----------(0x00000001: nio socket, client, /192.168.1.108:45297 => www.beonehome.com/119.90.39.6:6200)
02-05 09:27:50.940 I/JXservice( 1287):  action bettary_change  status= 4level= 40
02-05 09:27:50.940 I/JXservice( 1287):  40 
02-05 09:27:50.942 I/JXservice( 1287): AsyncTask onPreExecute() called
02-05 09:27:50.942 I/JXservice( 1287): AsyncTask doInBackground 0
02-05 09:27:50.942 I/JXservice( 1287): mAudioManager.isMusicActive() status= false 
02-05 09:27:50.942 I/JXservice( 1287): AsyncTask doInBackground 1
02-05 09:27:50.943 I/JXservice( 1287): AsyncTask onProgressUpdate 0
02-05 09:27:51.105 D/Tag     ( 1501): , flag : ZG, version : 10, contentLen : 0, content : ---(0x00000002: nio socket, client, /192.168.1.108:45579 => www.beonehome.com/119.90.39.6:11367)
02-05 09:27:51.966 I/JXservice( 1287): AsyncTask onPostExecute 1
02-05 09:28:00.128 I/Heartbeat( 1501): --485>version：10, cmd：2, contenLength：nullsession-----------(0x00000001: nio socket, client, /192.168.1.108:45297 => www.beonehome.com/119.90.39.6:6200)
02-05 09:28:00.194 I/Heartbeat( 1501): --485>version：10, cmd：2, contenLength：0session-----------(0x00000001: nio socket, client, /192.168.1.108:45297 => www.beonehome.com/119.90.39.6:6200)
02-05 09:28:00.194 I/Heartbeat( 1501): <--485version：10, cmd：2, contenLength：0session-----------(0x00000001: nio socket, client, /192.168.1.108:45297 => www.beonehome.com/119.90.39.6:6200)
02-05 09:28:00.194 I/Heartbeat( 1501): --485>version：10, cmd：2, contenLength：0session-----------(0x00000001: nio socket, client, /192.168.1.108:45297 => www.beonehome.com/119.90.39.6:6200)
02-05 09:28:01.146 D/Tag     ( 1501): , flag : ZG, version : 10, contentLen : 0, content : ---(0x00000002: nio socket, client, /192.168.1.108:45579 => www.beonehome.com/119.90.39.6:11367)
02-05 09:28:02.184 E/WifiStateMachine(  516): WifiStateMachine CMD_START_SCAN source -2 txSuccessRate=1.69 rxSuccessRate=1.13 targetRoamBSSID=80:89:17:ea:83:16 RSSI=-60
02-05 09:28:02.185 E/WifiStateMachine(  516): startDelayedScan send -> 40 milli 20000
02-05 09:28:02.185 E/WifiStateMachine(  516): WifiStateMachine CMD_START_SCAN with age=200032 interval=227812 maxinterval=300000
02-05 09:28:02.185 E/WifiStateMachine(  516): WifiStateMachine CMD_START_SCAN full=false
02-05 09:28:02.185 E/WifiStateMachine(  516): WifiStateMachine starting scan for "WF-TEST"WPA_PSK with 2437
02-05 09:28:02.186 E/WifiStateMachine(  516): [1,517,794,082,185 ms] noteScanstart no scan source uid -2
02-05 09:28:02.394 E/WifiStateMachine(  516): [1,517,794,082,394 ms] noteScanEnd no scan source onTime=0
02-05 09:28:02.396 E/WifiStateMachine(  516): wifi setScanResults statecom.android.server.wifi.WifiStateMachine$ConnectedState@3c75bfac sup_state=COMPLETED debouncing=false mConnectionRequests=1 selection=<none>
02-05 09:28:10.510 I/Heartbeat( 1501): --485>version：10, cmd：2, contenLength：nullsession-----------(0x00000001: nio socket, client, /192.168.1.108:45297 => www.beonehome.com/119.90.39.6:6200)
02-05 09:28:10.575 I/Heartbeat( 1501): --485>version：10, cmd：2, contenLength：0session-----------(0x00000001: nio socket, client, /192.168.1.108:45297 => www.beonehome.com/119.90.39.6:6200)
02-05 09:28:10.575 I/Heartbeat( 1501): <--485version：10, cmd：2, contenLength：0session-----------(0x00000001: nio socket, client, /192.168.1.108:45297 => www.beonehome.com/119.90.39.6:6200)
02-05 09:28:10.576 I/Heartbeat( 1501): --485>version：10, cmd：2, contenLength：0session-----------(0x00000001: nio socket, client, /192.168.1.108:45297 => www.beonehome.com/119.90.39.6:6200)
02-05 09:28:11.164 D/Tag     ( 1501): , flag : ZG, version : 10, contentLen : 0, content : ---(0x00000002: nio socket, client, /192.168.1.108:45579 => www.beonehome.com/119.90.39.6:11367)
02-05 09:28:20.170 I/Heartbeat( 1501): --485>version：10, cmd：2, contenLength：nullsession-----------(0x00000001: nio socket, client, /192.168.1.108:45297 => www.beonehome.com/119.90.39.6:6200)
02-05 09:28:20.284 I/Heartbeat( 1501): --485>version：10, cmd：2, contenLength：0session-----------(0x00000001: nio socket, client, /192.168.1.108:45297 => www.beonehome.com/119.90.39.6:6200)
02-05 09:28:20.285 I/Heartbeat( 1501): <--485version：10, cmd：2, contenLength：0session-----------(0x00000001: nio socket, client, /192.168.1.108:45297 => www.beonehome.com/119.90.39.6:6200)
02-05 09:28:20.285 I/Heartbeat( 1501): --485>version：10, cmd：2, contenLength：0session-----------(0x00000001: nio socket, client, /192.168.1.108:45297 => www.beonehome.com/119.90.39.6:6200)
02-05 09:28:21.205 D/Tag     ( 1501): , flag : ZG, version : 10, contentLen : 0, content : ---(0x00000002: nio socket, client, /192.168.1.108:45579 => www.beonehome.com/119.90.39.6:11367)
02-05 09:28:22.189 E/WifiStateMachine(  516): WifiStateMachine CMD_START_SCAN source -2 txSuccessRate=0.38 rxSuccessRate=0.25 targetRoamBSSID=80:89:17:ea:83:16 RSSI=-63
02-05 09:28:22.189 E/WifiStateMachine(  516): startDelayedScan send -> 41 milli 20000
02-05 09:28:22.189 E/WifiStateMachine(  516): WifiStateMachine CMD_START_SCAN with age=220036 interval=227812 maxinterval=300000
02-05 09:28:22.190 E/WifiStateMachine(  516): WifiStateMachine CMD_START_SCAN full=false
02-05 09:28:22.190 E/WifiStateMachine(  516): WifiStateMachine starting scan for "WF-TEST"WPA_PSK with 2437
02-05 09:28:22.190 E/WifiStateMachine(  516): [1,517,794,102,190 ms] noteScanstart no scan source uid -2
02-05 09:28:22.405 E/WifiStateMachine(  516): [1,517,794,102,405 ms] noteScanEnd no scan source onTime=0
