02-05 09:21:32.026 V/KeyEvent( 1173): Handle key up KeyEvent { action=ACTION_UP, keyCode=KEYCODE_BACK, scanCode=0, metaState=0, flags=0x0, repeatCount=0, eventTime=351164, downTime=351164, deviceId=2, source=0x2002 }: android.view.KeyEvent$DispatcherState@cad87d0
02-05 09:21:32.026 V/KeyEvent( 1173):   Tracking!
02-05 09:21:32.098 D/WindowManagerService(  516): Window{4c76a80 u0 com.android.settings/com.android.settings.SubSettings}  ==========setInputFocusLw ==========  =======
02-05 09:21:32.105 D/ViewRootImpl( 1173): 1280<<<<<< BACK FROM relayoutWM.LayoutParams{(0,0)(fillxfill)mPosX=0mPosY=0mHScale=1.0mVScale=1.0 align=UNDEFINE taskId=105 sim=#10 ty=1 fl=#81810100 wanim=0x1030469 surfaceInsets=Rect(0, 0 - 0, 0) needsMenuKey=2packageName=com.android.settingstoken=android.os.BinderProxy@d294c42}
02-05 09:21:32.136 V/KeyEvent( 1173): Reset: android.view.KeyEvent$DispatcherState@21d9e5d8
02-05 09:21:32.188 D/ViewRootImpl( 1173): 1280<<<<<< BACK FROM relayoutnull
02-05 09:21:32.188 V/KeyEvent( 1173): Reset: android.view.KeyEvent$DispatcherState@cad87d0
02-05 09:21:32.313 D/ViewRootImpl( 1173): onDetachedFromWindow ungister contentObserver
02-05 09:21:33.643 I/ActivityStackSupervisor(  516): START u0 {act=android.intent.action.MAIN cmp=com.android.settings/.SubSettings (has extras)} from uid 1000 on display 0
02-05 09:21:33.647 W/AppOps  (  516): Bad call: specified package media under uid 1000 but it is really 1013
02-05 09:21:33.649 I/System.out(  516): com.android.settings.SubSettingsaddAppToken taskId:105
02-05 09:21:33.650 D/AudioHardwareALSA(  176): AudioHardwareALSA::setVoiceVolume volume = 0.000000
02-05 09:21:33.650 D/AudioHardwareALSA(  176): ALSAMixer::setVolume left = 0.000000 , right = 0.000000
02-05 09:21:33.650 D/AudioHardwareALSA(  176): ALSAMixer::setVolume new *** left = 0.800000 , right = 0.800000
02-05 09:21:33.651 D/WindowManagerService(  516): null  ==========setInputFocusLw ==========  =======
02-05 09:21:33.657 W/AppOps  (  516): Bad call: specified package media under uid 1000 but it is really 1013
02-05 09:21:33.660 I/AudioStreamOutALSA(  176): Audio exiting sandby will open audio device
02-05 09:21:33.660 E/AudioStreamOutALSA(  176): curDev =0x400,, curMode =0, mCurDev = 0x400
02-05 09:21:33.668 V/KeyEvent( 1173): Reset: android.view.KeyEvent$DispatcherState@21d9e5d8
02-05 09:21:33.679 D/DisplayManager( 1173): getDisplayInfo: displayId=0, info=DisplayInfo{"内置屏幕", uniqueId "local:0", app 1280 x 672, real 1280 x 720, largest app 1280 x 1207, smallest app 720 x 647, 240.00005 fps, supportedRefreshRates [240.00005], rotation 0, density 160 (160.15764 x 160.42105) dpi, layerStack 0, appVsyncOff 0, presDeadline 5166666, type BUILT_IN, state ON, FLAG_SECURE, FLAG_SUPPORTS_PROTECTED_BUFFERS}
02-05 09:21:33.679 D/PhoneWindow( 1173): DecorView - SCREEN_WEITH = 1280 - SCREE_HEIGHT = 672
02-05 09:21:33.679 I/System.out( 1173): action Title!
02-05 09:21:33.700 D/SubSettings( 1173): Launching fragment com.android.settings.applications.InstalledAppDetails
02-05 09:21:33.760 V/ALSAModule(  176): SAMPLERATE:48000
02-05 09:21:33.761 E/ALSAModule(  176): buffersize: 1536, periodsize:512
02-05 09:21:33.762 V/ALSAModule(  176): Set PLAYBACK PCM format to S16_LE (Signed 16 bit Little Endian)
02-05 09:21:33.762 V/ALSAModule(  176): Using 2 channels for PLAYBACK.
02-05 09:21:33.762 V/ALSAModule(  176): Set PLAYBACK sample rate to 48000 HZ
02-05 09:21:33.763 V/ALSAModule(  176): SAMPLERATE:48000
02-05 09:21:33.764 E/ALSAModule(  176): buffersize: 1536, periodsize:512
02-05 09:21:33.764 V/ALSAModule(  176): Set PLAYBACK PCM format to S16_LE (Signed 16 bit Little Endian)
02-05 09:21:33.765 V/ALSAModule(  176): Using 2 channels for PLAYBACK.
02-05 09:21:33.765 V/ALSAModule(  176): Set PLAYBACK sample rate to 48000 HZ
02-05 09:21:33.889 I/InputDispatcher(  516): Dropping event because there is no touchable window at (303, 278).
02-05 09:21:33.892 D/DisplayManager( 1173): getDisplayInfo: displayId=0, info=DisplayInfo{"内置屏幕", uniqueId "local:0", app 1280 x 672, real 1280 x 720, largest app 1280 x 1207, smallest app 720 x 647, 240.00005 fps, supportedRefreshRates [240.00005], rotation 0, density 160 (160.15764 x 160.42105) dpi, layerStack 0, appVsyncOff 0, presDeadline 5166666, type BUILT_IN, state ON, FLAG_SECURE, FLAG_SUPPORTS_PROTECTED_BUFFERS}
02-05 09:21:33.897 I/InputDispatcher(  516): Dropping event because there is no touchable window at (304, 277).
02-05 09:21:33.898 V/WindowManagerService(  516): Adding window Window{1c6bf9ca u0 com.android.settings/com.android.settings.SubSettings} at 4 of 6 (after Window{4c76a80 u0 com.android.settings/com.android.settings.SubSettings})
02-05 09:21:33.900 I/Choreographer( 1173): Skipped 54 frames!  The application may be doing too much work on its main thread.
02-05 09:21:33.905 I/InputDispatcher(  516): Dropping event because there is no touchable window at (308, 273).
02-05 09:21:33.913 I/InputDispatcher(  516): Dropping event because there is no touchable window at (311, 270).
02-05 09:21:33.920 D/ViewRootImpl( 1173): onAttachToWindow register content observer attrs=WM.LayoutParams{(0,0)(fillxfill)mPosX=0mPosY=0mHScale=1.0mVScale=1.0 align=UNDEFINE taskId=105 sim=#100 ty=1 fl=#81810100 wanim=0x1030469 surfaceInsets=Rect(0, 0 - 0, 0) needsMenuKey=2packageName=com.android.settingstoken=android.os.BinderProxy@19a9ee95}
02-05 09:21:33.921 I/InputDispatcher(  516): Dropping event because there is no touchable window at (314, 267).
02-05 09:21:33.929 I/InputDispatcher(  516): Dropping event because there is no touchable window at (321, 262).
02-05 09:21:33.937 I/InputDispatcher(  516): Dropping event because there is no touchable window at (324, 258).
02-05 09:21:33.945 I/InputDispatcher(  516): Dropping event because there is no touchable window at (328, 253).
02-05 09:21:33.953 I/InputDispatcher(  516): Dropping event because there is no touchable window at (333, 247).
02-05 09:21:33.961 I/InputDispatcher(  516): Dropping event because there is no touchable window at (334, 244).
02-05 09:21:33.969 I/InputDispatcher(  516): Dropping event because there is no touchable window at (336, 241).
02-05 09:21:33.971 D/WindowManagerService(  516): Window{1c6bf9ca u0 com.android.settings/com.android.settings.SubSettings}  ==========setInputFocusLw ==========  =======
02-05 09:21:33.981 D/ViewRootImpl( 1173): 1280<<<<<< BACK FROM relayoutWM.LayoutParams{(0,0)(fillxfill)mPosX=0mPosY=0mHScale=1.0mVScale=1.0 align=UNDEFINE taskId=105 sim=#110 ty=1 fl=#81810100 wanim=0x1030469 surfaceInsets=Rect(0, 0 - 0, 0) needsMenuKey=2packageName=com.android.settingstoken=android.os.BinderProxy@19a9ee95}
02-05 09:21:34.038 I/Choreographer( 1173): Skipped 31 frames!  The application may be doing too much work on its main thread.
02-05 09:21:34.088 V/KeyEvent( 1173): Reset: android.view.KeyEvent$DispatcherState@18a273b2
02-05 09:21:34.095 I/ActivityManagerService(  516): Displayed com.android.settings/.SubSettings: +435ms
02-05 09:21:34.103 W/AudioFlinger(  176): write blocked for 393 msecs, 12 delayed writes, thread 0xb4bb1008
02-05 09:21:34.203 D/ViewRootImpl( 1173): 1280<<<<<< BACK FROM relayoutnull
02-05 09:21:34.262 D/ViewRootImpl( 1173): 1280<<<<<< BACK FROM relayoutWM.LayoutParams{(0,0)(fillxfill)mPosX=0mPosY=0mHScale=1.0mVScale=1.0 align=UNDEFINE taskId=105 sim=#20 ty=1 fl=#81810100 wanim=0x1030469 surfaceInsets=Rect(0, 0 - 0, 0) needsMenuKey=2packageName=com.android.settingstoken=android.os.BinderProxy@d294c42}
02-05 09:21:34.270 W/AppOps  (  516): Bad call: specified package media under uid 1000 but it is really 1013
02-05 09:21:34.282 E/AudioTrack(  516): did not receive expected priority boost on time
02-05 09:21:34.428 D/AudioHardwareALSA(  176): AudioHardwareALSA::setVoiceVolume volume = 0.800000
02-05 09:21:34.428 D/AudioHardwareALSA(  176): ALSAMixer::setVolume left = 0.800000 , right = 0.800000
02-05 09:21:34.428 D/AudioHardwareALSA(  176): ALSAMixer::setVolume new *** left = 0.800000 , right = 0.800000
02-05 09:21:34.640 D/AudioHardwareALSA(  176): AudioHardwareALSA::setVoiceVolume volume = 0.000000
02-05 09:21:34.640 D/AudioHardwareALSA(  176): ALSAMixer::setVolume left = 0.000000 , right = 0.000000
02-05 09:21:34.640 D/AudioHardwareALSA(  176): ALSAMixer::setVolume new *** left = 0.800000 , right = 0.800000
02-05 09:21:34.644 W/AppOps  (  516): Bad call: specified package media under uid 1000 but it is really 1013
02-05 09:21:34.656 D/DisplayManager( 1173): getDisplayInfo: displayId=0, info=DisplayInfo{"内置屏幕", uniqueId "local:0", app 1280 x 672, real 1280 x 720, largest app 1280 x 1207, smallest app 720 x 647, 240.00005 fps, supportedRefreshRates [240.00005], rotation 0, density 160 (160.15764 x 160.42105) dpi, layerStack 0, appVsyncOff 0, presDeadline 5166666, type BUILT_IN, state ON, FLAG_SECURE, FLAG_SUPPORTS_PROTECTED_BUFFERS}
02-05 09:21:34.656 D/PhoneWindow( 1173): DecorView - SCREEN_WEITH = 1280 - SCREE_HEIGHT = 672
02-05 09:21:34.683 D/DisplayManager( 1173): getDisplayInfo: displayId=0, info=DisplayInfo{"内置屏幕", uniqueId "local:0", app 1280 x 672, real 1280 x 720, largest app 1280 x 1207, smallest app 720 x 647, 240.00005 fps, supportedRefreshRates [240.00005], rotation 0, density 160 (160.15764 x 160.42105) dpi, layerStack 0, appVsyncOff 0, presDeadline 5166666, type BUILT_IN, state ON, FLAG_SECURE, FLAG_SUPPORTS_PROTECTED_BUFFERS}
02-05 09:21:34.689 V/WindowManagerService(  516): not Base app: Adding window Window{1397c1ed u0 com.android.settings/com.android.settings.SubSettings} at 5 of 7
02-05 09:21:34.689 D/WindowManagerService(  516): Window{1397c1ed u0 com.android.settings/com.android.settings.SubSettings}  ==========setInputFocusLw ==========  =======
02-05 09:21:34.693 D/ViewRootImpl( 1173): onAttachToWindow register content observer attrs=WM.LayoutParams{(0,0)(wrapxwrap)mPosX=0mPosY=0mHScale=1.0mVScale=1.0 align=UNDEFINE taskId=-1 gr=#ffffffff sim=#110 ty=2 fl=#1860002 fmt=-3 wanim=0x103046a surfaceInsets=Rect(32, 32 - 32, 32) needsMenuKey=2packageName=com.android.settingstoken=android.os.BinderProxy@19a9ee95}
02-05 09:21:34.716 D/ViewRootImpl( 1173): 832<<<<<< BACK FROM relayoutWM.LayoutParams{(0,0)(wrapxwrap)mPosX=0mPosY=0mHScale=1.0mVScale=1.0 align=UNDEFINE taskId=-1 gr=#ffffffff sim=#110 ty=2 fl=#1860002 fmt=-3 wanim=0x103046a surfaceInsets=Rect(32, 32 - 32, 32) needsMenuKey=2packageName=com.android.settingstoken=android.os.BinderProxy@19a9ee95}
02-05 09:21:34.733 V/KeyEvent( 1173): Reset: android.view.KeyEvent$DispatcherState@1e9ed457
02-05 09:21:34.762 V/KeyEvent( 1173): Reset: android.view.KeyEvent$DispatcherState@18a273b2
02-05 09:21:34.845 W/AppOps  (  516): Bad call: specified package media under uid 1000 but it is really 1013
02-05 09:21:35.003 D/AudioHardwareALSA(  176): AudioHardwareALSA::setVoiceVolume volume = 0.800000
02-05 09:21:35.003 D/AudioHardwareALSA(  176): ALSAMixer::setVolume left = 0.800000 , right = 0.800000
02-05 09:21:35.003 D/AudioHardwareALSA(  176): ALSAMixer::setVolume new *** left = 0.800000 , right = 0.800000
02-05 09:21:35.271 E/AudioTrack(  516): did not receive expected priority boost on time
02-05 09:21:35.932 D/AudioHardwareALSA(  176): AudioHardwareALSA::setVoiceVolume volume = 0.000000
02-05 09:21:35.932 D/AudioHardwareALSA(  176): ALSAMixer::setVolume left = 0.000000 , right = 0.000000
02-05 09:21:35.932 D/AudioHardwareALSA(  176): ALSAMixer::setVolume new *** left = 0.800000 , right = 0.800000
02-05 09:21:35.944 W/AppOps  (  516): Bad call: specified package media under uid 1000 but it is really 1013
02-05 09:21:35.948 I/ActivityManagerService(  516): Force stopping com.jinxin.beonemoviesearcher appid=10017 user=0: from pid 1173
02-05 09:21:35.948 I/ActivityManagerService(  516): Killing 1592:com.jinxin.beonemoviesearcher/u0a17 (adj 9): stop com.jinxin.beonemoviesearcher
02-05 09:21:35.978 W/ActivityManagerService(  516): Spurious death for ProcessRecord{14316689 1592:com.jinxin.beonemoviesearcher/u0a17}, curProc for 1592: null
02-05 09:21:35.988 D/ViewRootImpl( 1173): onDetachedFromWindow ungister contentObserver
02-05 09:21:35.995 D/OpenGLRenderer( 1173): endAllStagingAnimators on 0xb9359c50 (RippleDrawable) with handle 0xb9252f78
02-05 09:21:35.998 D/WindowManagerService(  516): Window{1c6bf9ca u0 com.android.settings/com.android.settings.SubSettings}  ==========setInputFocusLw ==========  =======
02-05 09:21:36.069 V/KeyEvent( 1173): Reset: android.view.KeyEvent$DispatcherState@18a273b2
02-05 09:21:36.071 W/InputMethodManagerService(  516): Window already focused, ignoring focus gain of: com.android.internal.view.IInputMethodClient$Stub$Proxy@e3b8fe9 attribute=null, token = android.os.BinderProxy@2057a135
02-05 09:21:36.145 W/AppOps  (  516): Bad call: specified package media under uid 1000 but it is really 1013
02-05 09:21:36.303 D/AudioHardwareALSA(  176): AudioHardwareALSA::setVoiceVolume volume = 0.800000
02-05 09:21:36.303 D/AudioHardwareALSA(  176): ALSAMixer::setVolume left = 0.800000 , right = 0.800000
02-05 09:21:36.303 D/AudioHardwareALSA(  176): ALSAMixer::setVolume new *** left = 0.800000 , right = 0.800000
02-05 09:21:36.568 E/AudioTrack(  516): did not receive expected priority boost on time
02-05 09:21:36.770 V/KeyEvent(  763): Key down to android.inputmethodservice.InputMethodService$InputMethodSessionImpl@2e67ddbf in android.view.KeyEvent$DispatcherState@6e0bb19: KeyEvent { action=ACTION_DOWN, keyCode=KEYCODE_BACK, scanCode=0, metaState=0, flags=0x0, repeatCount=0, eventTime=355924, downTime=355924, deviceId=2, source=0x2002 }
02-05 09:21:36.771 V/KeyEvent( 1173): Key down to com.android.settings.SubSettings@385e939b in android.view.KeyEvent$DispatcherState@18a273b2: KeyEvent { action=ACTION_DOWN, keyCode=KEYCODE_BACK, scanCode=0, metaState=0, flags=0x0, repeatCount=0, eventTime=355924, downTime=355924, deviceId=2, source=0x2002 }
02-05 09:21:36.771 V/KeyEvent( 1173):   Start tracking!
02-05 09:21:36.771 V/KeyEvent( 1173): Start trackingt in com.android.settings.SubSettings@385e939b: android.view.KeyEvent$DispatcherState@18a273b2
02-05 09:21:36.909 V/KeyEvent(  763): Key up to android.inputmethodservice.InputMethodService$InputMethodSessionImpl@2e67ddbf in android.view.KeyEvent$DispatcherState@6e0bb19: KeyEvent { action=ACTION_UP, keyCode=KEYCODE_BACK, scanCode=0, metaState=0, flags=0x0, repeatCount=0, eventTime=356044, downTime=356044, deviceId=2, source=0x2002 }
02-05 09:21:36.909 V/KeyEvent(  763): Handle key up KeyEvent { action=ACTION_UP, keyCode=KEYCODE_BACK, scanCode=0, metaState=0, flags=0x0, repeatCount=0, eventTime=356044, downTime=356044, deviceId=2, source=0x2002 }: android.view.KeyEvent$DispatcherState@6e0bb19
02-05 09:21:36.910 V/KeyEvent( 1173): Key up to com.android.settings.SubSettings@385e939b in android.view.KeyEvent$DispatcherState@18a273b2: KeyEvent { action=ACTION_UP, keyCode=KEYCODE_BACK, scanCode=0, metaState=0, flags=0x0, repeatCount=0, eventTime=356044, downTime=356044, deviceId=2, source=0x2002 }
02-05 09:21:36.910 V/KeyEvent( 1173): Handle key up KeyEvent { action=ACTION_UP, keyCode=KEYCODE_BACK, scanCode=0, metaState=0, flags=0x0, repeatCount=0, eventTime=356044, downTime=356044, deviceId=2, source=0x2002 }: android.view.KeyEvent$DispatcherState@18a273b2
02-05 09:21:36.910 V/KeyEvent( 1173):   Tracking!
02-05 09:21:36.977 D/WindowManagerService(  516): Window{4c76a80 u0 com.android.settings/com.android.settings.SubSettings}  ==========setInputFocusLw ==========  =======
02-05 09:21:36.982 D/ViewRootImpl( 1173): 1280<<<<<< BACK FROM relayoutWM.LayoutParams{(0,0)(fillxfill)mPosX=0mPosY=0mHScale=1.0mVScale=1.0 align=UNDEFINE taskId=105 sim=#10 ty=1 fl=#81810100 wanim=0x1030469 surfaceInsets=Rect(0, 0 - 0, 0) needsMenuKey=2packageName=com.android.settingstoken=android.os.BinderProxy@d294c42}
02-05 09:21:37.022 V/KeyEvent( 1173): Reset: android.view.KeyEvent$DispatcherState@21d9e5d8
02-05 09:21:37.034 V/KeyEvent( 1173): Reset: android.view.KeyEvent$DispatcherState@18a273b2
02-05 09:21:37.056 D/ViewRootImpl( 1173): 1280<<<<<< BACK FROM relayoutnull
02-05 09:21:37.222 I/art     ( 1173): Explicit concurrent mark sweep GC freed 20350(1353KB) AllocSpace objects, 0(0B) LOS objects, 39% free, 9MB/16MB, paused 870us total 51.675ms
02-05 09:21:37.298 I/art     ( 1173): Explicit concurrent mark sweep GC freed 11949(823KB) AllocSpace objects, 1(20KB) LOS objects, 39% free, 8MB/14MB, paused 664us total 34.595ms
02-05 09:21:37.324 I/art     ( 1173): Explicit concurrent mark sweep GC freed 16(784B) AllocSpace objects, 0(0B) LOS objects, 40% free, 8MB/14MB, paused 634us total 25.998ms
02-05 09:21:37.343 D/ViewRootImpl( 1173): onDetachedFromWindow ungister contentObserver
02-05 09:21:37.348 I/Choreographer( 1173): Skipped 41 frames!  The application may be doing too much work on its main thread.
02-05 09:21:39.133 D/AudioStreamOutALSA(  176): AudioStreamOutALSA::standby().....
02-05 09:21:39.336 W/AppOps  (  516): Bad call: specified package media under uid 1000 but it is really 1013
02-05 09:21:39.518 I/Heartbeat( 1501): --485>version：10, cmd：2, contenLength：nullsession-----------(0x00000001: nio socket, client, /192.168.1.108:45297 => www.beonehome.com/119.90.39.6:6200)
02-05 09:21:39.583 I/Heartbeat( 1501): --485>version：10, cmd：2, contenLength：0session-----------(0x00000001: nio socket, client, /192.168.1.108:45297 => www.beonehome.com/119.90.39.6:6200)
02-05 09:21:39.583 I/Heartbeat( 1501): <--485version：10, cmd：2, contenLength：0session-----------(0x00000001: nio socket, client, /192.168.1.108:45297 => www.beonehome.com/119.90.39.6:6200)
02-05 09:21:39.584 I/Heartbeat( 1501): --485>version：10, cmd：2, contenLength：0session-----------(0x00000001: nio socket, client, /192.168.1.108:45297 => www.beonehome.com/119.90.39.6:6200)
02-05 09:21:39.967 D/Tag     ( 1501): , flag : ZG, version : 10, contentLen : 0, content : ---(0x00000002: nio socket, client, /192.168.1.108:45579 => www.beonehome.com/119.90.39.6:11367)
02-05 09:21:42.120 E/WifiStateMachine(  516): WifiStateMachine CMD_START_SCAN source -2 txSuccessRate=11.32 rxSuccessRate=4.63 targetRoamBSSID=80:89:17:ea:83:16 RSSI=-58
02-05 09:21:42.120 E/WifiStateMachine(  516): startDelayedScan send -> 21 milli 20000
02-05 09:21:42.120 E/WifiStateMachine(  516): WifiStateMachine CMD_START_SCAN with age=120017 interval=101250 maxinterval=300000
02-05 09:21:42.120 E/WifiStateMachine(  516): WifiStateMachine CMD_START_SCAN try full band scan age=120017 interval=101250 maxinterval=300000
02-05 09:21:42.120 E/WifiStateMachine(  516): WifiStateMachine CMD_START_SCAN prevent full band scan due to pkt rate
02-05 09:21:42.120 E/WifiStateMachine(  516): WifiStateMachine CMD_START_SCAN full=false
02-05 09:21:42.120 E/WifiStateMachine(  516): WifiStateMachine starting scan for "WF-TEST"WPA_PSK with 2437
02-05 09:21:42.121 E/WifiStateMachine(  516): [1,517,793,702,121 ms] noteScanstart no scan source uid -2
02-05 09:21:42.336 E/WifiStateMachine(  516): [1,517,793,702,336 ms] noteScanEnd no scan source onTime=0
02-05 09:21:42.341 E/WifiStateMachine(  516): wifi setScanResults statecom.android.server.wifi.WifiStateMachine$ConnectedState@3c75bfac sup_state=COMPLETED debouncing=false mConnectionRequests=1 selection=<none>
02-05 09:21:49.935 I/Heartbeat( 1501): --485>version：10, cmd：2, contenLength：nullsession-----------(0x00000001: nio socket, client, /192.168.1.108:45297 => www.beonehome.com/119.90.39.6:6200)
02-05 09:21:50.003 I/Heartbeat( 1501): --485>version：10, cmd：2, contenLength：0session-----------(0x00000001: nio socket, client, /192.168.1.108:45297 => www.beonehome.com/119.90.39.6:6200)
02-05 09:21:50.003 I/Heartbeat( 1501): <--485version：10, cmd：2, contenLength：0session-----------(0x00000001: nio socket, client, /192.168.1.108:45297 => www.beonehome.com/119.90.39.6:6200)
02-05 09:21:50.004 I/Heartbeat( 1501): --485>version：10, cmd：2, contenLength：0session-----------(0x00000001: nio socket, client, /192.168.1.108:45297 => www.beonehome.com/119.90.39.6:6200)
02-05 09:21:50.007 D/Tag     ( 1501): , flag : ZG, version : 10, contentLen : 0, content : ---(0x00000002: nio socket, client, /192.168.1.108:45579 => www.beonehome.com/119.90.39.6:11367)
02-05 09:21:50.610 V/KeyEvent(  763): Key down to android.inputmethodservice.InputMethodService$InputMethodSessionImpl@2e67ddbf in android.view.KeyEvent$DispatcherState@6e0bb19: KeyEvent { action=ACTION_DOWN, keyCode=KEYCODE_BACK, scanCode=0, metaState=0, flags=0x0, repeatCount=0, eventTime=369764, downTime=369764, deviceId=2, source=0x2002 }
02-05 09:21:50.611 V/KeyEvent( 1173): Key down to android.widget.ListView{13975ce0 VFED.VC. .F..H... 0,0-1280,624 #102000a android:id/list} in android.view.KeyEvent$DispatcherState@21d9e5d8: KeyEvent { action=ACTION_DOWN, keyCode=KEYCODE_BACK, scanCode=0, metaState=0, flags=0x0, repeatCount=0, eventTime=369764, downTime=369764, deviceId=2, source=0x2002 }
02-05 09:21:50.612 V/KeyEvent( 1173): Key down to com.android.settings.SubSettings@279c3ab6 in android.view.KeyEvent$DispatcherState@21d9e5d8: KeyEvent { action=ACTION_DOWN, keyCode=KEYCODE_BACK, scanCode=0, metaState=0, flags=0x0, repeatCount=0, eventTime=369764, downTime=369764, deviceId=2, source=0x2002 }
02-05 09:21:50.612 V/KeyEvent( 1173):   Start tracking!
02-05 09:21:50.612 V/KeyEvent( 1173): Start trackingt in com.android.settings.SubSettings@279c3ab6: android.view.KeyEvent$DispatcherState@21d9e5d8
02-05 09:21:50.776 V/KeyEvent(  763): Key up to android.inputmethodservice.InputMethodService$InputMethodSessionImpl@2e67ddbf in android.view.KeyEvent$DispatcherState@6e0bb19: KeyEvent { action=ACTION_UP, keyCode=KEYCODE_BACK, scanCode=0, metaState=0, flags=0x0, repeatCount=0, eventTime=369916, downTime=369916, deviceId=2, source=0x2002 }
02-05 09:21:50.776 V/KeyEvent(  763): Handle key up KeyEvent { action=ACTION_UP, keyCode=KEYCODE_BACK, scanCode=0, metaState=0, flags=0x0, repeatCount=0, eventTime=369916, downTime=369916, deviceId=2, source=0x2002 }: android.view.KeyEvent$DispatcherState@6e0bb19
02-05 09:21:50.776 V/KeyEvent( 1173): Key up to android.widget.ListView{13975ce0 VFED.VC. .F..H... 0,0-1280,624 #102000a android:id/list} in android.view.KeyEvent$DispatcherState@21d9e5d8: KeyEvent { action=ACTION_UP, keyCode=KEYCODE_BACK, scanCode=0, metaState=0, flags=0x0, repeatCount=0, eventTime=369916, downTime=369916, deviceId=2, source=0x2002 }
02-05 09:21:50.777 V/KeyEvent( 1173): Handle key up KeyEvent { action=ACTION_UP, keyCode=KEYCODE_BACK, scanCode=0, metaState=0, flags=0x0, repeatCount=0, eventTime=369916, downTime=369916, deviceId=2, source=0x2002 }: android.view.KeyEvent$DispatcherState@21d9e5d8
02-05 09:21:50.777 V/KeyEvent( 1173):   Tracking!
02-05 09:21:50.777 V/KeyEvent( 1173): Key up to com.android.settings.SubSettings@279c3ab6 in android.view.KeyEvent$DispatcherState@21d9e5d8: KeyEvent { action=ACTION_UP, keyCode=KEYCODE_BACK, scanCode=0, metaState=0, flags=0x200, repeatCount=0, eventTime=369916, downTime=369916, deviceId=2, source=0x2002 }
02-05 09:21:50.777 V/KeyEvent( 1173): Handle key up KeyEvent { action=ACTION_UP, keyCode=KEYCODE_BACK, scanCode=0, metaState=0, flags=0x200, repeatCount=0, eventTime=369916, downTime=369916, deviceId=2, source=0x2002 }: android.view.KeyEvent$DispatcherState@21d9e5d8
02-05 09:21:50.803 D/WindowManagerService(  516): Window{3b648f38 u0 com.android.settings/com.android.settings.Settings}  ==========setInputFocusLw ==========  =======
02-05 09:21:50.807 D/ViewRootImpl( 1173): 1280<<<<<< BACK FROM relayoutWM.LayoutParams{(0,0)(fillxfill)mPosX=0mPosY=0mHScale=1.0mVScale=1.0 align=UNDEFINE taskId=105 sim=#10 ty=1 fl=#81810100 wanim=0x1030469 surfaceInsets=Rect(0, 0 - 0, 0) needsMenuKey=2packageName=com.android.settingstoken=android.os.BinderProxy@163a2604}
02-05 09:21:50.823 D/UserManager( 1173): ---getMaxSupportedUsers,we has UMS,force disabled M-user---
02-05 09:21:50.922 D/DashboardSummary( 1173): rebuildUI took: 109 ms
02-05 09:21:50.923 V/KeyEvent( 1173): Reset: android.view.KeyEvent$DispatcherState@3afd20f5
02-05 09:21:51.002 D/ViewRootImpl( 1173): 1280<<<<<< BACK FROM relayoutnull
02-05 09:21:51.003 V/KeyEvent( 1173): Reset: android.view.KeyEvent$DispatcherState@21d9e5d8
02-05 09:21:51.170 I/art     ( 1173): Explicit concurrent mark sweep GC freed 4743(256KB) AllocSpace objects, 0(0B) LOS objects, 39% free, 9MB/15MB, paused 784us total 37.121ms
02-05 09:21:51.253 I/art     ( 1173): Explicit concurrent mark sweep GC freed 12092(923KB) AllocSpace objects, 1(20KB) LOS objects, 40% free, 8MB/13MB, paused 788us total 32.883ms
02-05 09:21:51.282 I/art     ( 1173): Explicit concurrent mark sweep GC freed 3(96B) AllocSpace objects, 0(0B) LOS objects, 40% free, 8MB/13MB, paused 626us total 28.295ms
02-05 09:21:51.303 D/ViewRootImpl( 1173): onDetachedFromWindow ungister contentObserver
02-05 09:21:51.309 I/Choreographer( 1173): Skipped 44 frames!  The application may be doing too much work on its main thread.
02-05 09:21:51.554 V/KeyEvent(  763): Key down to android.inputmethodservice.InputMethodService$InputMethodSessionImpl@2e67ddbf in android.view.KeyEvent$DispatcherState@6e0bb19: KeyEvent { action=ACTION_DOWN, keyCode=KEYCODE_BACK, scanCode=0, metaState=0, flags=0x0, repeatCount=0, eventTime=370708, downTime=370708, deviceId=2, source=0x2002 }
02-05 09:21:51.556 V/KeyEvent( 1173): Key down to com.android.settings.Settings@31c1622 in android.view.KeyEvent$DispatcherState@3afd20f5: KeyEvent { action=ACTION_DOWN, keyCode=KEYCODE_BACK, scanCode=0, metaState=0, flags=0x0, repeatCount=0, eventTime=370708, downTime=370708, deviceId=2, source=0x2002 }
02-05 09:21:51.556 V/KeyEvent( 1173):   Start tracking!
02-05 09:21:51.556 V/KeyEvent( 1173): Start trackingt in com.android.settings.Settings@31c1622: android.view.KeyEvent$DispatcherState@3afd20f5
02-05 09:21:51.709 V/KeyEvent(  763): Key up to android.inputmethodservice.InputMethodService$InputMethodSessionImpl@2e67ddbf in android.view.KeyEvent$DispatcherState@6e0bb19: KeyEvent { action=ACTION_UP, keyCode=KEYCODE_BACK, scanCode=0, metaState=0, flags=0x0, repeatCount=0, eventTime=370844, downTime=370844, deviceId=2, source=0x2002 }
02-05 09:21:51.709 V/KeyEvent(  763): Handle key up KeyEvent { action=ACTION_UP, keyCode=KEYCODE_BACK, scanCode=0, metaState=0, flags=0x0, repeatCount=0, eventTime=370844, downTime=370844, deviceId=2, source=0x2002 }: android.view.KeyEvent$DispatcherState@6e0bb19
02-05 09:21:51.710 V/KeyEvent( 1173): Key up to com.android.settings.Settings@31c1622 in android.view.KeyEvent$DispatcherState@3afd20f5: KeyEvent { action=ACTION_UP, keyCode=KEYCODE_BACK, scanCode=0, metaState=0, flags=0x0, repeatCount=0, eventTime=370844, downTime=370844, deviceId=2, source=0x2002 }
02-05 09:21:51.710 V/KeyEvent( 1173): Handle key up KeyEvent { action=ACTION_UP, keyCode=KEYCODE_BACK, scanCode=0, metaState=0, flags=0x0, repeatCount=0, eventTime=370844, downTime=370844, deviceId=2, source=0x2002 }: android.view.KeyEvent$DispatcherState@3afd20f5
02-05 09:21:51.710 V/KeyEvent( 1173):   Tracking!
02-05 09:21:51.711 D/ActivityManagerService(  516): moveHomeStackTaskToTop: moving TaskRecord{2b1c98bb #99 A=com.android.launcher3 U=0 sz=1}
02-05 09:21:51.717 D/WindowManagerService(  516): null  ==========setInputFocusLw ==========  =======
02-05 09:21:51.718 D/DisplayManager(  516): getDisplayInfo: displayId=0, info=DisplayInfo{"内置屏幕", uniqueId "local:0", app 1280 x 672, real 1280 x 720, largest app 1280 x 1207, smallest app 720 x 647, 240.00005 fps, supportedRefreshRates [240.00005], rotation 0, density 160 (160.15764 x 160.42105) dpi, layerStack 0, appVsyncOff 0, presDeadline 5166666, type BUILT_IN, state ON, FLAG_SECURE, FLAG_SUPPORTS_PROTECTED_BUFFERS}
02-05 09:21:51.745 V/KeyEvent( 1173): Reset: android.view.KeyEvent$DispatcherState@3afd20f5
02-05 09:21:51.778 D/ViewRootImpl(  895): 1280<<<<<< BACK FROM relayoutnull
02-05 09:21:51.795 D/WindowManagerService(  516): Window{1516c45e u0 com.android.launcher3/com.android.launcher3.Launcher}  ==========setInputFocusLw ==========  =======
02-05 09:21:51.798 D/ViewRootImpl(  895): 1280<<<<<< BACK FROM relayoutnull
02-05 09:21:51.802 V/KeyEvent(  895): Reset: android.view.KeyEvent$DispatcherState@3267329e
02-05 09:21:51.829 D/DisplayManager(  661): getDisplayInfo: displayId=0, info=DisplayInfo{"内置屏幕", uniqueId "local:0", app 1280 x 672, real 1280 x 720, largest app 1280 x 1207, smallest app 720 x 647, 240.00005 fps, supportedRefreshRates [240.00005], rotation 0, density 160 (160.15764 x 160.42105) dpi, layerStack 0, appVsyncOff 0, presDeadline 5166666, type BUILT_IN, state ON, FLAG_SECURE, FLAG_SUPPORTS_PROTECTED_BUFFERS}
02-05 09:21:51.832 D/DisplayManager(  661): getDisplayInfo: displayId=0, info=DisplayInfo{"内置屏幕", uniqueId "local:0", app 1280 x 672, real 1280 x 720, largest app 1280 x 1207, smallest app 720 x 647, 240.00005 fps, supportedRefreshRates [240.00005], rotation 0, density 160 (160.15764 x 160.42105) dpi, layerStack 0, appVsyncOff 0, presDeadline 5166666, type BUILT_IN, state ON, FLAG_SECURE, FLAG_SUPPORTS_PROTECTED_BUFFERS}
02-05 09:21:51.854 D/ViewRootImpl( 1173): 1280<<<<<< BACK FROM relayoutnull
02-05 09:21:51.972 D/ViewRootImpl( 1173): onDetachedFromWindow ungister contentObserver
02-05 09:21:52.777 W/ResourceType(  661): No package identifier when getting value for resource number 0x00000000
02-05 09:21:52.777 W/PackageManager(  661): Failure retrieving resources for com.android.settings: Resource ID #0x0
02-05 09:21:59.559 I/Heartbeat( 1501): --485>version：10, cmd：2, contenLength：nullsession-----------(0x00000001: nio socket, client, /192.168.1.108:45297 => www.beonehome.com/119.90.39.6:6200)
02-05 09:21:59.626 I/Heartbeat( 1501): --485>version：10, cmd：2, contenLength：0session-----------(0x00000001: nio socket, client, /192.168.1.108:45297 => www.beonehome.com/119.90.39.6:6200)
02-05 09:21:59.626 I/Heartbeat( 1501): <--485version：10, cmd：2, contenLength：0session-----------(0x00000001: nio socket, client, /192.168.1.108:45297 => www.beonehome.com/119.90.39.6:6200)
02-05 09:21:59.627 I/Heartbeat( 1501): --485>version：10, cmd：2, contenLength：0session-----------(0x00000001: nio socket, client, /192.168.1.108:45297 => www.beonehome.com/119.90.39.6:6200)
02-05 09:22:00.048 D/Tag     ( 1501): , flag : ZG, version : 10, contentLen : 0, content : ---(0x00000002: nio socket, client, /192.168.1.108:45579 => www.beonehome.com/119.90.39.6:11367)
02-05 09:22:00.560 I/JXservice( 1287):  action bettary_change  status= 4level= 40
02-05 09:22:00.560 I/JXservice( 1287):  40 
02-05 09:22:00.563 I/JXservice( 1287): AsyncTask onPreExecute() called
02-05 09:22:00.563 I/JXservice( 1287): AsyncTask doInBackground 0
02-05 09:22:00.563 I/JXservice( 1287): mAudioManager.isMusicActive() status= false 
02-05 09:22:00.563 I/JXservice( 1287): AsyncTask doInBackground 1
02-05 09:22:00.563 I/JXservice( 1287): AsyncTask onProgressUpdate 0
02-05 09:22:01.595 I/JXservice( 1287): AsyncTask onPostExecute 1
02-05 09:22:02.124 E/WifiStateMachine(  516): WifiStateMachine CMD_START_SCAN source -2 txSuccessRate=0.37 rxSuccessRate=1.13 targetRoamBSSID=80:89:17:ea:83:16 RSSI=-54
02-05 09:22:02.125 E/WifiStateMachine(  516): startDelayedScan send -> 22 milli 20000
02-05 09:22:02.125 E/WifiStateMachine(  516): WifiStateMachine CMD_START_SCAN with age=140022 interval=101250 maxinterval=300000
02-05 09:22:02.125 E/WifiStateMachine(  516): WifiStateMachine CMD_START_SCAN try full band scan age=140022 interval=101250 maxinterval=300000
02-05 09:22:02.125 E/WifiStateMachine(  516): WifiStateMachine CMD_START_SCAN full=true
02-05 09:22:02.125 E/WifiStateMachine(  516): WifiStateMachine CMD_START_SCAN bump interval =151875
02-05 09:22:02.126 E/WifiStateMachine(  516): [1,517,793,722,126 ms] noteScanstart no scan source uid -2
02-05 09:22:02.997 E/WifiStateMachine(  516): [1,517,793,722,997 ms] noteScanEnd no scan source onTime=0
02-05 09:22:03.003 E/WifiStateMachine(  516): wifi setScanResults statecom.android.server.wifi.WifiStateMachine$ConnectedState@3c75bfac sup_state=COMPLETED debouncing=false mConnectionRequests=1 selection=<none>
02-05 09:22:09.938 I/Heartbeat( 1501): --485>version：10, cmd：2, contenLength：nullsession-----------(0x00000001: nio socket, client, /192.168.1.108:45297 => www.beonehome.com/119.90.39.6:6200)
02-05 09:22:10.003 I/Heartbeat( 1501): --485>version：10, cmd：2, contenLength：0session-----------(0x00000001: nio socket, client, /192.168.1.108:45297 => www.beonehome.com/119.90.39.6:6200)
02-05 09:22:10.003 I/Heartbeat( 1501): <--485version：10, cmd：2, contenLength：0session-----------(0x00000001: nio socket, client, /192.168.1.108:45297 => www.beonehome.com/119.90.39.6:6200)
02-05 09:22:10.004 I/Heartbeat( 1501): --485>version：10, cmd：2, contenLength：0session-----------(0x00000001: nio socket, client, /192.168.1.108:45297 => www.beonehome.com/119.90.39.6:6200)
02-05 09:22:10.090 D/Tag     ( 1501): , flag : ZG, version : 10, contentLen : 0, content : ---(0x00000002: nio socket, client, /192.168.1.108:45579 => www.beonehome.com/119.90.39.6:11367)
02-05 09:22:19.598 I/Heartbeat( 1501): --485>version：10, cmd：2, contenLength：nullsession-----------(0x00000001: nio socket, client, /192.168.1.108:45297 => www.beonehome.com/119.90.39.6:6200)
02-05 09:22:19.663 I/Heartbeat( 1501): --485>version：10, cmd：2, contenLength：0session-----------(0x00000001: nio socket, client, /192.168.1.108:45297 => www.beonehome.com/119.90.39.6:6200)
02-05 09:22:19.663 I/Heartbeat( 1501): <--485version：10, cmd：2, contenLength：0session-----------(0x00000001: nio socket, client, /192.168.1.108:45297 => www.beonehome.com/119.90.39.6:6200)
02-05 09:22:19.664 I/Heartbeat( 1501): --485>version：10, cmd：2, contenLength：0session-----------(0x00000001: nio socket, client, /192.168.1.108:45297 => www.beonehome.com/119.90.39.6:6200)
02-05 09:22:20.131 D/Tag     ( 1501): , flag : ZG, version : 10, contentLen : 0, content : ---(0x00000002: nio socket, client, /192.168.1.108:45579 => www.beonehome.com/119.90.39.6:11367)
02-05 09:22:22.128 E/WifiStateMachine(  516): WifiStateMachine CMD_START_SCAN source -2 txSuccessRate=1.98 rxSuccessRate=1.16 targetRoamBSSID=80:89:17:ea:83:16 RSSI=-52
02-05 09:22:22.128 E/WifiStateMachine(  516): startDelayedScan send -> 23 milli 20000
02-05 09:22:22.128 E/WifiStateMachine(  516): WifiStateMachine CMD_START_SCAN with age=20003 interval=151875 maxinterval=300000
02-05 09:22:22.128 E/WifiStateMachine(  516): WifiStateMachine CMD_START_SCAN full=false
02-05 09:22:22.129 E/WifiStateMachine(  516): WifiStateMachine starting scan for "WF-TEST"WPA_PSK with 2437
02-05 09:22:22.129 E/WifiStateMachine(  516): [1,517,793,742,129 ms] noteScanstart no scan source uid -2
02-05 09:22:22.346 E/WifiStateMachine(  516): [1,517,793,742,346 ms] noteScanEnd no scan source onTime=0
02-05 09:22:22.353 E/WifiStateMachine(  516): wifi setScanResults statecom.android.server.wifi.WifiStateMachine$ConnectedState@3c75bfac sup_state=COMPLETED debouncing=false mConnectionRequests=1 selection=<none>
02-05 09:22:29.974 I/Heartbeat( 1501): --485>version：10, cmd：2, contenLength：nullsession-----------(0x00000001: nio socket, client, /192.168.1.108:45297 => www.beonehome.com/119.90.39.6:6200)
02-05 09:22:30.043 I/Heartbeat( 1501): --485>version：10, cmd：2, contenLength：0session-----------(0x00000001: nio socket, client, /192.168.1.108:45297 => www.beonehome.com/119.90.39.6:6200)
02-05 09:22:30.043 I/Heartbeat( 1501): <--485version：10, cmd：2, contenLength：0session-----------(0x00000001: nio socket, client, /192.168.1.108:45297 => www.beonehome.com/119.90.39.6:6200)
02-05 09:22:30.044 I/Heartbeat( 1501): --485>version：10, cmd：2, contenLength：0session-----------(0x00000001: nio socket, client, /192.168.1.108:45297 => www.beonehome.com/119.90.39.6:6200)
02-05 09:22:30.147 D/Tag     ( 1501): , flag : ZG, version : 10, contentLen : 0, content : ---(0x00000002: nio socket, client, /192.168.1.108:45579 => www.beonehome.com/119.90.39.6:11367)
02-05 09:22:38.613 I/ActivityStackSupervisor(  516): START u0 {act=android.intent.action.MAIN cat=[android.intent.category.LAUNCHER] flg=0x10200000 cmp=com.cn.cae/.MainActivity (has extras)} from uid 10036 on display 0
02-05 09:22:38.614 I/System.out(  516): com.cn.cae.MainActivityaddAppToken taskId:106
02-05 09:22:38.619 W/AppOps  (  516): Bad call: specified package media under uid 1000 but it is really 1013
02-05 09:22:38.621 D/AudioHardwareALSA(  176): AudioHardwareALSA::setVoiceVolume volume = 0.000000
02-05 09:22:38.621 D/AudioHardwareALSA(  176): ALSAMixer::setVolume left = 0.000000 , right = 0.000000
02-05 09:22:38.621 D/AudioHardwareALSA(  176): ALSAMixer::setVolume new *** left = 0.800000 , right = 0.800000
02-05 09:22:38.622 D/WindowManagerService(  516): null  ==========setInputFocusLw ==========  =======
02-05 09:22:38.623 D/DisplayManager(  516): getDisplayInfo: displayId=0, info=DisplayInfo{"内置屏幕", uniqueId "local:0", app 1280 x 672, real 1280 x 720, largest app 1280 x 1207, smallest app 720 x 647, 240.00005 fps, supportedRefreshRates [240.00005], rotation 0, density 160 (160.15764 x 160.42105) dpi, layerStack 0, appVsyncOff 0, presDeadline 5166666, type BUILT_IN, state ON, FLAG_SECURE, FLAG_SUPPORTS_PROTECTED_BUFFERS}
02-05 09:22:38.623 D/PhoneWindow(  516): DecorView - SCREEN_WEITH = 1280 - SCREE_HEIGHT = 672
02-05 09:22:38.630 I/AudioStreamOutALSA(  176): Audio exiting sandby will open audio device
02-05 09:22:38.630 E/AudioStreamOutALSA(  176): curDev =0x400,, curMode =0, mCurDev = 0x400
02-05 09:22:38.632 W/AppOps  (  516): Bad call: specified package media under uid 1000 but it is really 1013
02-05 09:22:38.635 D/DisplayManager(  516): getDisplayInfo: displayId=0, info=DisplayInfo{"内置屏幕", uniqueId "local:0", app 1280 x 672, real 1280 x 720, largest app 1280 x 1207, smallest app 720 x 647, 240.00005 fps, supportedRefreshRates [240.00005], rotation 0, density 160 (160.15764 x 160.42105) dpi, layerStack 0, appVsyncOff 0, presDeadline 5166666, type BUILT_IN, state ON, FLAG_SECURE, FLAG_SUPPORTS_PROTECTED_BUFFERS}
02-05 09:22:38.636 V/WindowManagerService(  516): Adding window Window{2a126439 u0 Starting com.cn.cae} at 2 of 4 (after Window{1516c45e u0 com.android.launcher3/com.android.launcher3.Launcher})
02-05 09:22:38.642 D/ViewRootImpl(  516): onAttachToWindow register content observer attrs=WM.LayoutParams{(0,0)(fillxfill)mPosX=0mPosY=0mHScale=1.0mVScale=1.0 align=UNDEFINE taskId=106 ty=3 fl=#1830118 pfl=0x11 fmt=-3 wanim=0x1030001 surfaceInsets=Rect(0, 0 - 0, 0) needsMenuKey=2packageName=com.cn.caetoken=Token{a1b50b ActivityRecord{3c682cda u0 com.cn.cae/.MainActivity t106}}}
02-05 09:22:38.662 D/ViewRootImpl(  516): 1280<<<<<< BACK FROM relayoutWM.LayoutParams{(0,0)(fillxfill)mPosX=0mPosY=0mHScale=1.0mVScale=1.0 align=UNDEFINE taskId=106 sim=#20 ty=3 fl=#1830118 pfl=0x11 fmt=-3 wanim=0x1030001 surfaceInsets=Rect(0, 0 - 0, 0) needsMenuKey=2packageName=com.cn.caetoken=Token{a1b50b ActivityRecord{3c682cda u0 com.cn.cae/.MainActivity t106}}}
02-05 09:22:38.702 I/art     ( 2064): Late-enabling -Xcheck:jni
02-05 09:22:38.707 I/ActivityManagerService(  516): Start proc 2064:com.cn.cae/u0a64 for activity com.cn.cae/.MainActivity
02-05 09:22:38.713 V/KeyEvent(  895): Reset: android.view.KeyEvent$DispatcherState@3267329e
02-05 09:22:38.730 V/ALSAModule(  176): SAMPLERATE:48000
02-05 09:22:38.731 E/ALSAModule(  176): buffersize: 1536, periodsize:512
02-05 09:22:38.732 V/ALSAModule(  176): Set PLAYBACK PCM format to S16_LE (Signed 16 bit Little Endian)
02-05 09:22:38.732 V/ALSAModule(  176): Using 2 channels for PLAYBACK.
02-05 09:22:38.733 V/ALSAModule(  176): Set PLAYBACK sample rate to 48000 HZ
02-05 09:22:38.734 V/ALSAModule(  176): SAMPLERATE:48000
02-05 09:22:38.735 E/ALSAModule(  176): buffersize: 1536, periodsize:512
02-05 09:22:38.735 V/ALSAModule(  176): Set PLAYBACK PCM format to S16_LE (Signed 16 bit Little Endian)
02-05 09:22:38.735 V/ALSAModule(  176): Using 2 channels for PLAYBACK.
02-05 09:22:38.736 V/ALSAModule(  176): Set PLAYBACK sample rate to 48000 HZ
02-05 09:22:38.772 D/DisplayManager( 2064): getDisplayInfo: displayId=0, info=DisplayInfo{"内置屏幕", uniqueId "local:0", app 1280 x 672, real 1280 x 720, largest app 1280 x 1207, smallest app 720 x 647, 240.00005 fps, supportedRefreshRates [240.00005], rotation 0, density 160 (160.15764 x 160.42105) dpi, layerStack 0, appVsyncOff 0, presDeadline 5166666, type BUILT_IN, state ON, FLAG_SECURE, FLAG_SUPPORTS_PROTECTED_BUFFERS}
02-05 09:22:38.772 D/ViewRootImpl(  895): 1280<<<<<< BACK FROM relayoutnull
02-05 09:22:38.780 D/DisplayManager( 2064): getDisplayInfo: displayId=0, info=DisplayInfo{"内置屏幕", uniqueId "local:0", app 1280 x 672, real 1280 x 720, largest app 1280 x 1207, smallest app 720 x 647, 240.00005 fps, supportedRefreshRates [240.00005], rotation 0, density 160 (160.15764 x 160.42105) dpi, layerStack 0, appVsyncOff 0, presDeadline 5166666, type BUILT_IN, state ON, FLAG_SECURE, FLAG_SUPPORTS_PROTECTED_BUFFERS}
02-05 09:22:38.783 D/ViewRootImpl(  895): 1280<<<<<< BACK FROM relayoutnull
02-05 09:22:38.786 D/DisplayManager( 2064): getDisplayInfo: displayId=0, info=DisplayInfo{"内置屏幕", uniqueId "local:0", app 1280 x 672, real 1280 x 720, largest app 1280 x 1207, smallest app 720 x 647, 240.00005 fps, supportedRefreshRates [240.00005], rotation 0, density 160 (160.15764 x 160.42105) dpi, layerStack 0, appVsyncOff 0, presDeadline 5166666, type BUILT_IN, state ON, FLAG_SECURE, FLAG_SUPPORTS_PROTECTED_BUFFERS}
02-05 09:22:38.789 D/DisplayManager( 2064): getDisplayInfo: displayId=0, info=DisplayInfo{"内置屏幕", uniqueId "local:0", app 1280 x 672, real 1280 x 720, largest app 1280 x 1207, smallest app 720 x 647, 240.00005 fps, supportedRefreshRates [240.00005], rotation 0, density 160 (160.15764 x 160.42105) dpi, layerStack 0, appVsyncOff 0, presDeadline 5166666, type BUILT_IN, state ON, FLAG_SECURE, FLAG_SUPPORTS_PROTECTED_BUFFERS}
02-05 09:22:38.818 D/DisplayManager( 2064): getDisplayInfo: displayId=0, info=DisplayInfo{"内置屏幕", uniqueId "local:0", app 1280 x 672, real 1280 x 720, largest app 1280 x 1207, smallest app 720 x 647, 240.00005 fps, supportedRefreshRates [240.00005], rotation 0, density 160 (160.15764 x 160.42105) dpi, layerStack 0, appVsyncOff 0, presDeadline 5166666, type BUILT_IN, state ON, FLAG_SECURE, FLAG_SUPPORTS_PROTECTED_BUFFERS}
02-05 09:22:38.823 D/DisplayManager( 2064): getDisplayInfo: displayId=0, info=DisplayInfo{"内置屏幕", uniqueId "local:0", app 1280 x 672, real 1280 x 720, largest app 1280 x 1207, smallest app 720 x 647, 240.00005 fps, supportedRefreshRates [240.00005], rotation 0, density 160 (160.15764 x 160.42105) dpi, layerStack 0, appVsyncOff 0, presDeadline 5166666, type BUILT_IN, state ON, FLAG_SECURE, FLAG_SUPPORTS_PROTECTED_BUFFERS}
02-05 09:22:38.836 D/DisplayManager( 2064): getDisplayInfo: displayId=0, info=DisplayInfo{"内置屏幕", uniqueId "local:0", app 1280 x 672, real 1280 x 720, largest app 1280 x 1207, smallest app 720 x 647, 240.00005 fps, supportedRefreshRates [240.00005], rotation 0, density 160 (160.15764 x 160.42105) dpi, layerStack 0, appVsyncOff 0, presDeadline 5166666, type BUILT_IN, state ON, FLAG_SECURE, FLAG_SUPPORTS_PROTECTED_BUFFERS}
02-05 09:22:38.836 D/PhoneWindow( 2064): DecorView - SCREEN_WEITH = 1280 - SCREE_HEIGHT = 672
02-05 09:22:38.884 I/CAEDemo ( 2064): onCreate...
02-05 09:22:38.896 D/DisplayManager(  661): getDisplayInfo: displayId=0, info=DisplayInfo{"内置屏幕", uniqueId "local:0", app 1280 x 672, real 1280 x 720, largest app 1280 x 1207, smallest app 720 x 647, 240.00005 fps, supportedRefreshRates [240.00005], rotation 0, density 160 (160.15764 x 160.42105) dpi, layerStack 0, appVsyncOff 0, presDeadline 5166666, type BUILT_IN, state ON, FLAG_SECURE, FLAG_SUPPORTS_PROTECTED_BUFFERS}
02-05 09:22:38.905 D/DisplayManager( 2064): getDisplayInfo: displayId=0, info=DisplayInfo{"内置屏幕", uniqueId "local:0", app 1280 x 672, real 1280 x 720, largest app 1280 x 1207, smallest app 720 x 647, 240.00005 fps, supportedRefreshRates [240.00005], rotation 0, density 160 (160.15764 x 160.42105) dpi, layerStack 0, appVsyncOff 0, presDeadline 5166666, type BUILT_IN, state ON, FLAG_SECURE, FLAG_SUPPORTS_PROTECTED_BUFFERS}
02-05 09:22:38.907 D/DisplayManager( 2064): getDisplayInfo: displayId=0, info=DisplayInfo{"内置屏幕", uniqueId "local:0", app 1280 x 672, real 1280 x 720, largest app 1280 x 1207, smallest app 720 x 647, 240.00005 fps, supportedRefreshRates [240.00005], rotation 0, density 160 (160.15764 x 160.42105) dpi, layerStack 0, appVsyncOff 0, presDeadline 5166666, type BUILT_IN, state ON, FLAG_SECURE, FLAG_SUPPORTS_PROTECTED_BUFFERS}
02-05 09:22:38.916 D/OpenGLRenderer( 2064): Use EGL_SWAP_BEHAVIOR_PRESERVED: false
02-05 09:22:38.919 I/[Gralloc]( 2064):  ion device open success! fd = 28
02-05 09:22:38.922 D/Atlas   ( 2064): Validating map...
02-05 09:22:38.926 W/Atlas   ( 2064): Pointer 0x0, not in getPreloadedDrawables?
02-05 09:22:38.926 W/Atlas   ( 2064): Pointer 0x0, not in getPreloadedDrawables?
02-05 09:22:38.926 W/Atlas   ( 2064): Pointer 0x0, not in getPreloadedDrawables?
02-05 09:22:38.926 W/Atlas   ( 2064): Pointer 0x0, not in getPreloadedDrawables?
02-05 09:22:38.926 W/Atlas   ( 2064): Pointer 0x0, not in getPreloadedDrawables?
02-05 09:22:38.926 W/Atlas   ( 2064): Pointer 0x0, not in getPreloadedDrawables?
02-05 09:22:38.926 W/Atlas   ( 2064): Pointer 0x0, not in getPreloadedDrawables?
02-05 09:22:38.926 W/Atlas   ( 2064): Pointer 0x0, not in getPreloadedDrawables?
02-05 09:22:38.926 W/Atlas   ( 2064): Pointer 0x0, not in getPreloadedDrawables?
02-05 09:22:38.926 W/Atlas   ( 2064): Pointer 0x0, not in getPreloadedDrawables?
02-05 09:22:38.926 W/Atlas   ( 2064): Pointer 0x0, not in getPreloadedDrawables?
02-05 09:22:38.926 W/Atlas   ( 2064): Pointer 0x0, not in getPreloadedDrawables?
02-05 09:22:38.927 W/Atlas   ( 2064): Pointer 0x0, not in getPreloadedDrawables?
02-05 09:22:38.927 W/Atlas   ( 2064): Pointer 0x0, not in getPreloadedDrawables?
02-05 09:22:38.927 W/Atlas   ( 2064): Pointer 0x0, not in getPreloadedDrawables?
02-05 09:22:38.927 W/Atlas   ( 2064): Pointer 0x0, not in getPreloadedDrawables?
02-05 09:22:38.927 W/Atlas   ( 2064): Pointer 0x0, not in getPreloadedDrawables?
02-05 09:22:38.927 W/Atlas   ( 2064): Pointer 0x0, not in getPreloadedDrawables?
02-05 09:22:38.927 W/Atlas   ( 2064): Pointer 0x0, not in getPreloadedDrawables?
02-05 09:22:38.927 W/Atlas   ( 2064): Pointer 0x0, not in getPreloadedDrawables?
02-05 09:22:38.927 W/Atlas   ( 2064): Pointer 0x0, not in getPreloadedDrawables?
02-05 09:22:38.927 W/Atlas   ( 2064): Pointer 0x0, not in getPreloadedDrawables?
02-05 09:22:38.927 W/Atlas   ( 2064): Pointer 0x0, not in getPreloadedDrawables?
02-05 09:22:38.927 W/Atlas   ( 2064): Pointer 0x0, not in getPreloadedDrawables?
02-05 09:22:38.927 W/Atlas   ( 2064): Pointer 0x0, not in getPreloadedDrawables?
02-05 09:22:38.927 W/Atlas   ( 2064): Pointer 0x0, not in getPreloadedDrawables?
02-05 09:22:38.927 W/Atlas   ( 2064): Pointer 0x0, not in getPreloadedDrawables?
02-05 09:22:38.927 W/Atlas   ( 2064): Pointer 0x0, not in getPreloadedDrawables?
02-05 09:22:38.927 W/Atlas   ( 2064): Pointer 0x0, not in getPreloadedDrawables?
02-05 09:22:38.927 W/Atlas   ( 2064): Pointer 0x0, not in getPreloadedDrawables?
02-05 09:22:38.928 W/Atlas   ( 2064): Pointer 0x0, not in getPreloadedDrawables?
02-05 09:22:38.928 W/Atlas   ( 2064): Pointer 0x0, not in getPreloadedDrawables?
02-05 09:22:38.928 W/Atlas   ( 2064): Pointer 0x0, not in getPreloadedDrawables?
02-05 09:22:38.928 W/Atlas   ( 2064): Pointer 0x0, not in getPreloadedDrawables?
02-05 09:22:38.928 W/Atlas   ( 2064): Pointer 0x0, not in getPreloadedDrawables?
02-05 09:22:38.928 W/Atlas   ( 2064): Pointer 0x0, not in getPreloadedDrawables?
02-05 09:22:38.928 W/Atlas   ( 2064): Pointer 0x0, not in getPreloadedDrawables?
02-05 09:22:38.928 W/Atlas   ( 2064): Pointer 0x0, not in getPreloadedDrawables?
02-05 09:22:38.928 W/Atlas   ( 2064): Pointer 0x0, not in getPreloadedDrawables?
02-05 09:22:38.928 W/Atlas   ( 2064): Pointer 0x0, not in getPreloadedDrawables?
02-05 09:22:38.928 W/Atlas   ( 2064): Pointer 0x0, not in getPreloadedDrawables?
02-05 09:22:38.928 W/Atlas   ( 2064): Pointer 0x0, not in getPreloadedDrawables?
02-05 09:22:38.928 W/Atlas   ( 2064): Pointer 0x0, not in getPreloadedDrawables?
02-05 09:22:38.928 W/Atlas   ( 2064): Pointer 0x0, not in getPreloadedDrawables?
02-05 09:22:38.928 W/Atlas   ( 2064): Pointer 0x0, not in getPreloadedDrawables?
02-05 09:22:38.928 W/Atlas   ( 2064): Pointer 0x0, not in getPreloadedDrawables?
02-05 09:22:38.928 W/Atlas   ( 2064): Pointer 0x0, not in getPreloadedDrawables?
02-05 09:22:38.928 W/Atlas   ( 2064): Pointer 0x0, not in getPreloadedDrawables?
02-05 09:22:38.928 W/Atlas   ( 2064): Pointer 0x0, not in getPreloadedDrawables?
02-05 09:22:38.929 W/Atlas   ( 2064): Pointer 0x0, not in getPreloadedDrawables?
02-05 09:22:38.929 W/Atlas   ( 2064): Pointer 0x0, not in getPreloadedDrawables?
02-05 09:22:38.929 W/Atlas   ( 2064): Pointer 0x0, not in getPreloadedDrawables?
02-05 09:22:38.929 W/Atlas   ( 2064): Pointer 0x0, not in getPreloadedDrawables?
02-05 09:22:38.929 W/Atlas   ( 2064): Pointer 0x0, not in getPreloadedDrawables?
02-05 09:22:38.929 W/Atlas   ( 2064): Pointer 0x0, not in getPreloadedDrawables?
02-05 09:22:38.929 W/Atlas   ( 2064): Pointer 0x0, not in getPreloadedDrawables?
02-05 09:22:38.929 W/Atlas   ( 2064): Pointer 0x0, not in getPreloadedDrawables?
02-05 09:22:38.929 W/Atlas   ( 2064): Pointer 0x0, not in getPreloadedDrawables?
02-05 09:22:38.929 W/Atlas   ( 2064): Pointer 0x0, not in getPreloadedDrawables?
02-05 09:22:38.929 W/Atlas   ( 2064): Pointer 0x0, not in getPreloadedDrawables?
02-05 09:22:38.929 W/Atlas   ( 2064): Pointer 0x0, not in getPreloadedDrawables?
02-05 09:22:38.929 W/Atlas   ( 2064): Pointer 0x0, not in getPreloadedDrawables?
02-05 09:22:38.929 W/Atlas   ( 2064): Pointer 0x0, not in getPreloadedDrawables?
02-05 09:22:38.929 W/Atlas   ( 2064): Pointer 0x0, not in getPreloadedDrawables?
02-05 09:22:38.929 W/Atlas   ( 2064): Pointer 0x0, not in getPreloadedDrawables?
02-05 09:22:38.929 W/Atlas   ( 2064): Pointer 0x0, not in getPreloadedDrawables?
