02-05 09:24:32.560 W/AudioFlinger(  176): write blocked for 393 msecs, 15 delayed writes, thread 0xb4bb1008
02-05 09:24:32.627 I/ActivityManagerService(  516): Displayed com.cn.cae/.MainActivity: +481ms
02-05 09:24:32.629 D/ViewRootImpl(  516): onDetachedFromWindow ungister contentObserver
02-05 09:24:32.638 D/DisplayManager(  763): getDisplayInfo: displayId=0, info=DisplayInfo{"内置屏幕", uniqueId "local:0", app 1280 x 672, real 1280 x 720, largest app 1280 x 1207, smallest app 720 x 647, 240.00005 fps, supportedRefreshRates [240.00005], rotation 0, density 160 (160.15764 x 160.42105) dpi, layerStack 0, appVsyncOff 0, presDeadline 5166666, type BUILT_IN, state ON, FLAG_SECURE, FLAG_SUPPORTS_PROTECTED_BUFFERS}
02-05 09:24:32.653 D/ViewRootImpl(  763): 1280<<<<<< BACK FROM relayoutnull
02-05 09:24:32.712 D/DisplayManager(  763): getDisplayInfo: displayId=0, info=DisplayInfo{"内置屏幕", uniqueId "local:0", app 1280 x 672, real 1280 x 720, largest app 1280 x 1207, smallest app 720 x 647, 240.00005 fps, supportedRefreshRates [240.00005], rotation 0, density 160 (160.15764 x 160.42105) dpi, layerStack 0, appVsyncOff 0, presDeadline 5166666, type BUILT_IN, state ON, FLAG_SECURE, FLAG_SUPPORTS_PROTECTED_BUFFERS}
02-05 09:24:32.729 W/AppOps  (  516): Bad call: specified package media under uid 1000 but it is really 1013
02-05 09:24:32.743 E/AudioTrack(  516): did not receive expected priority boost on time
02-05 09:24:32.886 D/AudioHardwareALSA(  176): AudioHardwareALSA::setVoiceVolume volume = 0.800000
02-05 09:24:32.887 D/AudioHardwareALSA(  176): ALSAMixer::setVolume left = 0.800000 , right = 0.800000
02-05 09:24:32.887 D/AudioHardwareALSA(  176): ALSAMixer::setVolume new *** left = 0.800000 , right = 0.800000
02-05 09:24:33.490 V/KeyEvent(  763): Key down to android.inputmethodservice.InputMethodService$InputMethodSessionImpl@29a35474 in android.view.KeyEvent$DispatcherState@6e0bb19: KeyEvent { action=ACTION_DOWN, keyCode=KEYCODE_BACK, scanCode=0, metaState=0, flags=0x0, repeatCount=0, eventTime=532644, downTime=532644, deviceId=2, source=0x2002 }
02-05 09:24:33.491 V/KeyEvent(  763):   Start tracking!
02-05 09:24:33.491 V/KeyEvent(  763): Start trackingt in android.inputmethodservice.InputMethodService$InputMethodSessionImpl@29a35474: android.view.KeyEvent$DispatcherState@6e0bb19
02-05 09:24:33.609 V/KeyEvent(  763): Key up to android.inputmethodservice.InputMethodService$InputMethodSessionImpl@29a35474 in android.view.KeyEvent$DispatcherState@6e0bb19: KeyEvent { action=ACTION_UP, keyCode=KEYCODE_BACK, scanCode=0, metaState=0, flags=0x0, repeatCount=0, eventTime=532756, downTime=532756, deviceId=2, source=0x2002 }
02-05 09:24:33.610 V/KeyEvent(  763): Handle key up KeyEvent { action=ACTION_UP, keyCode=KEYCODE_BACK, scanCode=0, metaState=0, flags=0x0, repeatCount=0, eventTime=532756, downTime=532756, deviceId=2, source=0x2002 }: android.view.KeyEvent$DispatcherState@6e0bb19
02-05 09:24:33.610 V/KeyEvent(  763):   Tracking!
02-05 09:24:33.632 D/DisplayManager(  763): getDisplayInfo: displayId=0, info=DisplayInfo{"内置屏幕", uniqueId "local:0", app 1280 x 672, real 1280 x 720, largest app 1280 x 1207, smallest app 720 x 647, 240.00005 fps, supportedRefreshRates [240.00005], rotation 0, density 160 (160.15764 x 160.42105) dpi, layerStack 0, appVsyncOff 0, presDeadline 5166666, type BUILT_IN, state ON, FLAG_SECURE, FLAG_SUPPORTS_PROTECTED_BUFFERS}
02-05 09:24:33.638 D/ViewRootImpl(  763): 1280<<<<<< BACK FROM relayoutnull
02-05 09:24:34.462 I/CAEDemo ( 2097): Create CAE instance...
02-05 09:24:34.465 D/AudioHardwareALSA(  176): AudioHardwareALSA::setVoiceVolume volume = 0.000000
02-05 09:24:34.465 D/AudioHardwareALSA(  176): ALSAMixer::setVolume left = 0.000000 , right = 0.000000
02-05 09:24:34.465 D/AudioHardwareALSA(  176): ALSAMixer::setVolume new *** left = 0.800000 , right = 0.800000
02-05 09:24:34.467 W/AppOps  (  516): Bad call: specified package media under uid 1000 but it is really 1013
02-05 09:24:34.470 D/CAELog  ( 2097): CAENew | res path:/sdcard/AIUI/ivw60/ivw_resource-lingxi.jet
02-05 09:24:34.470 D/CAELog  ( 2097): CAENew | ivwCb:ivwCb
02-05 09:24:34.470 D/CAELog  ( 2097): CAENew | audioCb:audioCb
02-05 09:24:34.482 W/libc    ( 2097): pthread_create sched_setscheduler call failed: Operation not permitted
02-05 09:24:34.552 F/libc    ( 2097): Fatal signal 6 (SIGABRT), code -6 in tid 2097 (com.cn.cae)
02-05 09:24:34.653 E/DEBUG   (  167): Failed to find a valid tombstone, default to using tombstone 0.
02-05 09:24:34.653 E/DEBUG   (  167): failed to open tombstone file '/data/tombstones/tombstone_00': No such file or directory
02-05 09:24:34.653 I/DEBUG   (  167): Skipping tombstone write, nothing to do.
02-05 09:24:34.669 I/WindowState(  516): WIN DEATH: Window{2efae48c u0 com.cn.cae/com.cn.cae.MainActivity}
02-05 09:24:34.671 W/AppOps  (  516): Bad call: specified package media under uid 1000 but it is really 1013
02-05 09:24:34.674 I/Zygote  (  175): Process 2097 exited due to signal (6)
02-05 09:24:34.675 I/ActivityManagerService(  516): Process com.cn.cae (pid 2097) has died
02-05 09:24:34.675 W/ActivityManagerService(  516): Force removing ActivityRecord{1945ac5c u0 com.cn.cae/.MainActivity t107}: app died, no saved state
02-05 09:24:34.676 D/WindowManagerService(  516): null  ==========setInputFocusLw ==========  =======
02-05 09:24:34.680 D/ActivityManagerService(  516): moveHomeStackTaskToTop: moving TaskRecord{2b1c98bb #99 A=com.android.launcher3 U=0 sz=1}
02-05 09:24:34.698 D/ViewRootImpl(  895): 1280<<<<<< BACK FROM relayoutnull
02-05 09:24:34.711 D/WindowManagerService(  516): Window{1516c45e u0 com.android.launcher3/com.android.launcher3.Launcher}  ==========setInputFocusLw ==========  =======
02-05 09:24:34.715 D/ViewRootImpl(  895): 1280<<<<<< BACK FROM relayoutWM.LayoutParams{(0,0)(fillxfill)mPosX=0mPosY=0mHScale=1.0mVScale=1.0 align=UNDEFINE taskId=99 sim=#120 ty=1 fl=#81910100 fmt=-2 wanim=0x10303e5 vsysui=0x600 surfaceInsets=Rect(0, 0 - 0, 0) needsMenuKey=2packageName=com.android.launcher3token=android.os.BinderProxy@1b85b9f9}
02-05 09:24:34.719 V/KeyEvent(  895): Reset: android.view.KeyEvent$DispatcherState@3267329e
02-05 09:24:34.721 W/InputMethodManagerService(  516): Got RemoteException sending setActive(false) notification to pid 2097 uid 10064
02-05 09:24:34.745 D/DisplayManager(  661): getDisplayInfo: displayId=0, info=DisplayInfo{"内置屏幕", uniqueId "local:0", app 1280 x 672, real 1280 x 720, largest app 1280 x 1207, smallest app 720 x 647, 240.00005 fps, supportedRefreshRates [240.00005], rotation 0, density 160 (160.15764 x 160.42105) dpi, layerStack 0, appVsyncOff 0, presDeadline 5166666, type BUILT_IN, state ON, FLAG_SECURE, FLAG_SUPPORTS_PROTECTED_BUFFERS}
02-05 09:24:34.747 D/DisplayManager(  661): getDisplayInfo: displayId=0, info=DisplayInfo{"内置屏幕", uniqueId "local:0", app 1280 x 672, real 1280 x 720, largest app 1280 x 1207, smallest app 720 x 647, 240.00005 fps, supportedRefreshRates [240.00005], rotation 0, density 160 (160.15764 x 160.42105) dpi, layerStack 0, appVsyncOff 0, presDeadline 5166666, type BUILT_IN, state ON, FLAG_SECURE, FLAG_SUPPORTS_PROTECTED_BUFFERS}
02-05 09:24:34.831 D/AudioHardwareALSA(  176): AudioHardwareALSA::setVoiceVolume volume = 0.800000
02-05 09:24:34.831 D/AudioHardwareALSA(  176): ALSAMixer::setVolume left = 0.800000 , right = 0.800000
02-05 09:24:34.831 D/AudioHardwareALSA(  176): ALSAMixer::setVolume new *** left = 0.800000 , right = 0.800000
02-05 09:24:35.097 E/AudioTrack(  516): did not receive expected priority boost on time
02-05 09:24:36.120 D/TaskPersister(  516): removeObsoleteFile: deleting file=106_task.xml
02-05 09:24:37.657 D/AudioStreamOutALSA(  176): AudioStreamOutALSA::standby().....
02-05 09:24:37.866 W/AppOps  (  516): Bad call: specified package media under uid 1000 but it is really 1013
02-05 09:24:39.881 I/Heartbeat( 1501): --485>version：10, cmd：2, contenLength：nullsession-----------(0x00000001: nio socket, client, /192.168.1.108:45297 => www.beonehome.com/119.90.39.6:6200)
02-05 09:24:39.943 I/Heartbeat( 1501): --485>version：10, cmd：2, contenLength：0session-----------(0x00000001: nio socket, client, /192.168.1.108:45297 => www.beonehome.com/119.90.39.6:6200)
02-05 09:24:39.943 I/Heartbeat( 1501): <--485version：10, cmd：2, contenLength：0session-----------(0x00000001: nio socket, client, /192.168.1.108:45297 => www.beonehome.com/119.90.39.6:6200)
02-05 09:24:39.944 I/Heartbeat( 1501): --485>version：10, cmd：2, contenLength：0session-----------(0x00000001: nio socket, client, /192.168.1.108:45297 => www.beonehome.com/119.90.39.6:6200)
02-05 09:24:40.553 D/Tag     ( 1501): , flag : ZG, version : 10, contentLen : 0, content : ---(0x00000002: nio socket, client, /192.168.1.108:45579 => www.beonehome.com/119.90.39.6:11367)
02-05 09:24:42.153 E/WifiStateMachine(  516): WifiStateMachine CMD_START_SCAN source -2 txSuccessRate=0.39 rxSuccessRate=0.26 targetRoamBSSID=80:89:17:ea:83:16 RSSI=-53
02-05 09:24:42.153 E/WifiStateMachine(  516): startDelayedScan send -> 30 milli 20000
02-05 09:24:42.154 E/WifiStateMachine(  516): WifiStateMachine CMD_START_SCAN with age=160028 interval=151875 maxinterval=300000
02-05 09:24:42.154 E/WifiStateMachine(  516): WifiStateMachine CMD_START_SCAN try full band scan age=160028 interval=151875 maxinterval=300000
02-05 09:24:42.154 E/WifiStateMachine(  516): WifiStateMachine CMD_START_SCAN full=true
02-05 09:24:42.154 E/WifiStateMachine(  516): WifiStateMachine CMD_START_SCAN bump interval =227812
02-05 09:24:42.154 E/WifiStateMachine(  516): [1,517,793,882,154 ms] noteScanstart no scan source uid -2
02-05 09:24:43.035 E/WifiStateMachine(  516): [1,517,793,883,035 ms] noteScanEnd no scan source onTime=0
02-05 09:24:43.041 E/WifiStateMachine(  516): wifi setScanResults statecom.android.server.wifi.WifiStateMachine$ConnectedState@3c75bfac sup_state=COMPLETED debouncing=false mConnectionRequests=1 selection=<none>
02-05 09:24:50.277 I/Heartbeat( 1501): --485>version：10, cmd：2, contenLength：nullsession-----------(0x00000001: nio socket, client, /192.168.1.108:45297 => www.beonehome.com/119.90.39.6:6200)
02-05 09:24:50.342 I/Heartbeat( 1501): --485>version：10, cmd：2, contenLength：0session-----------(0x00000001: nio socket, client, /192.168.1.108:45297 => www.beonehome.com/119.90.39.6:6200)
02-05 09:24:50.343 I/Heartbeat( 1501): <--485version：10, cmd：2, contenLength：0session-----------(0x00000001: nio socket, client, /192.168.1.108:45297 => www.beonehome.com/119.90.39.6:6200)
02-05 09:24:50.343 I/Heartbeat( 1501): --485>version：10, cmd：2, contenLength：0session-----------(0x00000001: nio socket, client, /192.168.1.108:45297 => www.beonehome.com/119.90.39.6:6200)
02-05 09:24:50.595 D/Tag     ( 1501): , flag : ZG, version : 10, contentLen : 0, content : ---(0x00000002: nio socket, client, /192.168.1.108:45579 => www.beonehome.com/119.90.39.6:11367)
02-05 09:24:59.892 I/Heartbeat( 1501): --485>version：10, cmd：2, contenLength：nullsession-----------(0x00000001: nio socket, client, /192.168.1.108:45297 => www.beonehome.com/119.90.39.6:6200)
02-05 09:24:59.953 I/Heartbeat( 1501): --485>version：10, cmd：2, contenLength：0session-----------(0x00000001: nio socket, client, /192.168.1.108:45297 => www.beonehome.com/119.90.39.6:6200)
02-05 09:24:59.953 I/Heartbeat( 1501): <--485version：10, cmd：2, contenLength：0session-----------(0x00000001: nio socket, client, /192.168.1.108:45297 => www.beonehome.com/119.90.39.6:6200)
02-05 09:24:59.954 I/Heartbeat( 1501): --485>version：10, cmd：2, contenLength：0session-----------(0x00000001: nio socket, client, /192.168.1.108:45297 => www.beonehome.com/119.90.39.6:6200)
02-05 09:25:00.635 D/Tag     ( 1501): , flag : ZG, version : 10, contentLen : 0, content : ---(0x00000002: nio socket, client, /192.168.1.108:45579 => www.beonehome.com/119.90.39.6:11367)
02-05 09:25:01.180 I/JXservice( 1287):  action bettary_change  status= 4level= 40
02-05 09:25:01.180 I/JXservice( 1287):  40 
02-05 09:25:01.181 I/JXservice( 1287): AsyncTask onPreExecute() called
02-05 09:25:01.181 I/JXservice( 1287): AsyncTask doInBackground 0
02-05 09:25:01.182 I/JXservice( 1287): mAudioManager.isMusicActive() status= false 
02-05 09:25:01.182 I/JXservice( 1287): AsyncTask doInBackground 1
02-05 09:25:01.182 I/JXservice( 1287): AsyncTask onProgressUpdate 0
02-05 09:25:02.156 E/WifiStateMachine(  516): WifiStateMachine CMD_START_SCAN source -2 txSuccessRate=1.19 rxSuccessRate=0.63 targetRoamBSSID=80:89:17:ea:83:16 RSSI=-50
02-05 09:25:02.156 E/WifiStateMachine(  516): startDelayedScan send -> 31 milli 20000
02-05 09:25:02.156 E/WifiStateMachine(  516): WifiStateMachine CMD_START_SCAN with age=20003 interval=227812 maxinterval=300000
02-05 09:25:02.156 E/WifiStateMachine(  516): WifiStateMachine CMD_START_SCAN full=false
02-05 09:25:02.157 E/WifiStateMachine(  516): WifiStateMachine starting scan for "WF-TEST"WPA_PSK with 2437
02-05 09:25:02.157 E/WifiStateMachine(  516): [1,517,793,902,157 ms] noteScanstart no scan source uid -2
02-05 09:25:02.215 I/JXservice( 1287): AsyncTask onPostExecute 1
02-05 09:25:02.374 E/WifiStateMachine(  516): [1,517,793,902,374 ms] noteScanEnd no scan source onTime=0
02-05 09:25:02.381 E/WifiStateMachine(  516): wifi setScanResults statecom.android.server.wifi.WifiStateMachine$ConnectedState@3c75bfac sup_state=COMPLETED debouncing=false mConnectionRequests=1 selection=<none>
02-05 09:25:10.314 I/Heartbeat( 1501): --485>version：10, cmd：2, contenLength：nullsession-----------(0x00000001: nio socket, client, /192.168.1.108:45297 => www.beonehome.com/119.90.39.6:6200)
02-05 09:25:10.383 I/Heartbeat( 1501): --485>version：10, cmd：2, contenLength：0session-----------(0x00000001: nio socket, client, /192.168.1.108:45297 => www.beonehome.com/119.90.39.6:6200)
02-05 09:25:10.384 I/Heartbeat( 1501): <--485version：10, cmd：2, contenLength：0session-----------(0x00000001: nio socket, client, /192.168.1.108:45297 => www.beonehome.com/119.90.39.6:6200)
02-05 09:25:10.384 I/Heartbeat( 1501): --485>version：10, cmd：2, contenLength：0session-----------(0x00000001: nio socket, client, /192.168.1.108:45297 => www.beonehome.com/119.90.39.6:6200)
02-05 09:25:10.640 D/Tag     ( 1501): , flag : ZG, version : 10, contentLen : 0, content : ---(0x00000002: nio socket, client, /192.168.1.108:45579 => www.beonehome.com/119.90.39.6:11367)
02-05 09:25:19.933 I/Heartbeat( 1501): --485>version：10, cmd：2, contenLength：nullsession-----------(0x00000001: nio socket, client, /192.168.1.108:45297 => www.beonehome.com/119.90.39.6:6200)
02-05 09:25:20.009 I/Heartbeat( 1501): --485>version：10, cmd：2, contenLength：0session-----------(0x00000001: nio socket, client, /192.168.1.108:45297 => www.beonehome.com/119.90.39.6:6200)
02-05 09:25:20.010 I/Heartbeat( 1501): <--485version：10, cmd：2, contenLength：0session-----------(0x00000001: nio socket, client, /192.168.1.108:45297 => www.beonehome.com/119.90.39.6:6200)
02-05 09:25:20.010 I/Heartbeat( 1501): --485>version：10, cmd：2, contenLength：0session-----------(0x00000001: nio socket, client, /192.168.1.108:45297 => www.beonehome.com/119.90.39.6:6200)
02-05 09:25:20.681 D/Tag     ( 1501): , flag : ZG, version : 10, contentLen : 0, content : ---(0x00000002: nio socket, client, /192.168.1.108:45579 => www.beonehome.com/119.90.39.6:11367)
02-05 09:25:22.158 E/WifiStateMachine(  516): WifiStateMachine CMD_START_SCAN source -2 txSuccessRate=1.69 rxSuccessRate=2.13 targetRoamBSSID=80:89:17:ea:83:16 RSSI=-49
02-05 09:25:22.158 E/WifiStateMachine(  516): startDelayedScan send -> 32 milli 20000
02-05 09:25:22.158 E/WifiStateMachine(  516): WifiStateMachine CMD_START_SCAN with age=40005 interval=227812 maxinterval=300000
02-05 09:25:22.158 E/WifiStateMachine(  516): WifiStateMachine CMD_START_SCAN full=false
02-05 09:25:22.158 E/WifiStateMachine(  516): WifiStateMachine starting scan for "WF-TEST"WPA_PSK with 2437
02-05 09:25:22.159 E/WifiStateMachine(  516): [1,517,793,922,159 ms] noteScanstart no scan source uid -2
02-05 09:25:22.369 E/WifiStateMachine(  516): [1,517,793,922,369 ms] noteScanEnd no scan source onTime=0
02-05 09:25:22.377 E/WifiStateMachine(  516): wifi setScanResults statecom.android.server.wifi.WifiStateMachine$ConnectedState@3c75bfac sup_state=COMPLETED debouncing=false mConnectionRequests=1 selection=<none>
02-05 09:25:30.379 I/Heartbeat( 1501): --485>version：10, cmd：2, contenLength：nullsession-----------(0x00000001: nio socket, client, /192.168.1.108:45297 => www.beonehome.com/119.90.39.6:6200)
02-05 09:25:30.446 I/Heartbeat( 1501): --485>version：10, cmd：2, contenLength：0session-----------(0x00000001: nio socket, client, /192.168.1.108:45297 => www.beonehome.com/119.90.39.6:6200)
02-05 09:25:30.447 I/Heartbeat( 1501): <--485version：10, cmd：2, contenLength：0session-----------(0x00000001: nio socket, client, /192.168.1.108:45297 => www.beonehome.com/119.90.39.6:6200)
02-05 09:25:30.447 I/Heartbeat( 1501): --485>version：10, cmd：2, contenLength：0session-----------(0x00000001: nio socket, client, /192.168.1.108:45297 => www.beonehome.com/119.90.39.6:6200)
02-05 09:25:30.722 D/Tag     ( 1501): , flag : ZG, version : 10, contentLen : 0, content : ---(0x00000002: nio socket, client, /192.168.1.108:45579 => www.beonehome.com/119.90.39.6:11367)
02-05 09:25:39.974 I/Heartbeat( 1501): --485>version：10, cmd：2, contenLength：nullsession-----------(0x00000001: nio socket, client, /192.168.1.108:45297 => www.beonehome.com/119.90.39.6:6200)
02-05 09:25:40.045 I/Heartbeat( 1501): --485>version：10, cmd：2, contenLength：0session-----------(0x00000001: nio socket, client, /192.168.1.108:45297 => www.beonehome.com/119.90.39.6:6200)
02-05 09:25:40.046 I/Heartbeat( 1501): <--485version：10, cmd：2, contenLength：0session-----------(0x00000001: nio socket, client, /192.168.1.108:45297 => www.beonehome.com/119.90.39.6:6200)
02-05 09:25:40.046 I/Heartbeat( 1501): --485>version：10, cmd：2, contenLength：0session-----------(0x00000001: nio socket, client, /192.168.1.108:45297 => www.beonehome.com/119.90.39.6:6200)
02-05 09:25:40.733 D/Tag     ( 1501): , flag : ZG, version : 10, contentLen : 0, content : ---(0x00000002: nio socket, client, /192.168.1.108:45579 => www.beonehome.com/119.90.39.6:11367)
02-05 09:25:42.161 E/WifiStateMachine(  516): WifiStateMachine CMD_START_SCAN source -2 txSuccessRate=0.26 rxSuccessRate=0.25 targetRoamBSSID=80:89:17:ea:83:16 RSSI=-50
02-05 09:25:42.161 E/WifiStateMachine(  516): startDelayedScan send -> 33 milli 20000
02-05 09:25:42.161 E/WifiStateMachine(  516): WifiStateMachine CMD_START_SCAN with age=60008 interval=227812 maxinterval=300000
02-05 09:25:42.162 E/WifiStateMachine(  516): WifiStateMachine CMD_START_SCAN full=false
02-05 09:25:42.162 E/WifiStateMachine(  516): WifiStateMachine starting scan for "WF-TEST"WPA_PSK with 2437
02-05 09:25:42.162 E/WifiStateMachine(  516): [1,517,793,942,162 ms] noteScanstart no scan source uid -2
02-05 09:25:42.385 E/WifiStateMachine(  516): [1,517,793,942,385 ms] noteScanEnd no scan source onTime=0
02-05 09:25:42.390 E/WifiStateMachine(  516): wifi setScanResults statecom.android.server.wifi.WifiStateMachine$ConnectedState@3c75bfac sup_state=COMPLETED debouncing=false mConnectionRequests=1 selection=<none>
02-05 09:25:50.397 I/Heartbeat( 1501): --485>version：10, cmd：2, contenLength：nullsession-----------(0x00000001: nio socket, client, /192.168.1.108:45297 => www.beonehome.com/119.90.39.6:6200)
02-05 09:25:50.457 I/Heartbeat( 1501): --485>version：10, cmd：2, contenLength：0session-----------(0x00000001: nio socket, client, /192.168.1.108:45297 => www.beonehome.com/119.90.39.6:6200)
02-05 09:25:50.457 I/Heartbeat( 1501): <--485version：10, cmd：2, contenLength：0session-----------(0x00000001: nio socket, client, /192.168.1.108:45297 => www.beonehome.com/119.90.39.6:6200)
02-05 09:25:50.458 I/Heartbeat( 1501): --485>version：10, cmd：2, contenLength：0session-----------(0x00000001: nio socket, client, /192.168.1.108:45297 => www.beonehome.com/119.90.39.6:6200)
02-05 09:25:50.550 I/JXservice( 1287):  action bettary_change  status= 4level= 40
02-05 09:25:50.550 I/JXservice( 1287):  40 
02-05 09:25:50.551 I/JXservice( 1287): AsyncTask onPreExecute() called
02-05 09:25:50.552 I/JXservice( 1287): mAudioManager.isMusicActive() status= false 
02-05 09:25:50.552 I/JXservice( 1287): AsyncTask doInBackground 0
02-05 09:25:50.552 I/JXservice( 1287): AsyncTask doInBackground 1
02-05 09:25:50.552 I/JXservice( 1287): AsyncTask onProgressUpdate 0
02-05 09:25:50.750 D/Tag     ( 1501): , flag : ZG, version : 10, contentLen : 0, content : ---(0x00000002: nio socket, client, /192.168.1.108:45579 => www.beonehome.com/119.90.39.6:11367)
02-05 09:25:51.592 I/JXservice( 1287): AsyncTask onPostExecute 1
02-05 09:25:59.980 I/Heartbeat( 1501): --485>version：10, cmd：2, contenLength：nullsession-----------(0x00000001: nio socket, client, /192.168.1.108:45297 => www.beonehome.com/119.90.39.6:6200)
02-05 09:26:00.047 I/Heartbeat( 1501): --485>version：10, cmd：2, contenLength：0session-----------(0x00000001: nio socket, client, /192.168.1.108:45297 => www.beonehome.com/119.90.39.6:6200)
02-05 09:26:00.048 I/Heartbeat( 1501): <--485version：10, cmd：2, contenLength：0session-----------(0x00000001: nio socket, client, /192.168.1.108:45297 => www.beonehome.com/119.90.39.6:6200)
02-05 09:26:00.048 I/Heartbeat( 1501): --485>version：10, cmd：2, contenLength：0session-----------(0x00000001: nio socket, client, /192.168.1.108:45297 => www.beonehome.com/119.90.39.6:6200)
02-05 09:26:00.783 D/Tag     ( 1501): , flag : ZG, version : 10, contentLen : 0, content : ---(0x00000002: nio socket, client, /192.168.1.108:45579 => www.beonehome.com/119.90.39.6:11367)
02-05 09:26:02.164 E/WifiStateMachine(  516): WifiStateMachine CMD_START_SCAN source -2 txSuccessRate=1.19 rxSuccessRate=0.63 targetRoamBSSID=80:89:17:ea:83:16 RSSI=-52
02-05 09:26:02.164 E/WifiStateMachine(  516): startDelayedScan send -> 34 milli 20000
02-05 09:26:02.164 E/WifiStateMachine(  516): WifiStateMachine CMD_START_SCAN with age=80011 interval=227812 maxinterval=300000
02-05 09:26:02.164 E/WifiStateMachine(  516): WifiStateMachine CMD_START_SCAN full=false
02-05 09:26:02.164 E/WifiStateMachine(  516): WifiStateMachine starting scan for "WF-TEST"WPA_PSK with 2437
02-05 09:26:02.165 E/WifiStateMachine(  516): [1,517,793,962,165 ms] noteScanstart no scan source uid -2
02-05 09:26:02.384 E/WifiStateMachine(  516): [1,517,793,962,384 ms] noteScanEnd no scan source onTime=0
02-05 09:26:02.389 E/WifiStateMachine(  516): wifi setScanResults statecom.android.server.wifi.WifiStateMachine$ConnectedState@3c75bfac sup_state=COMPLETED debouncing=false mConnectionRequests=1 selection=<none>
02-05 09:26:03.477 I/ActivityStackSupervisor(  516): START u0 {act=android.intent.action.MAIN cat=[android.intent.category.LAUNCHER] flg=0x10200000 cmp=com.cn.cae/.MainActivity (has extras)} from uid 10036 on display 0
02-05 09:26:03.479 I/System.out(  516): com.cn.cae.MainActivityaddAppToken taskId:108
02-05 09:26:03.480 W/AppOps  (  516): Bad call: specified package media under uid 1000 but it is really 1013
02-05 09:26:03.484 D/AudioHardwareALSA(  176): AudioHardwareALSA::setVoiceVolume volume = 0.000000
02-05 09:26:03.484 D/AudioHardwareALSA(  176): ALSAMixer::setVolume left = 0.000000 , right = 0.000000
02-05 09:26:03.484 D/AudioHardwareALSA(  176): ALSAMixer::setVolume new *** left = 0.800000 , right = 0.800000
02-05 09:26:03.484 D/WindowManagerService(  516): null  ==========setInputFocusLw ==========  =======
02-05 09:26:03.485 D/DisplayManager(  516): getDisplayInfo: displayId=0, info=DisplayInfo{"内置屏幕", uniqueId "local:0", app 1280 x 672, real 1280 x 720, largest app 1280 x 1207, smallest app 720 x 647, 240.00005 fps, supportedRefreshRates [240.00005], rotation 0, density 160 (160.15764 x 160.42105) dpi, layerStack 0, appVsyncOff 0, presDeadline 5166666, type BUILT_IN, state ON, FLAG_SECURE, FLAG_SUPPORTS_PROTECTED_BUFFERS}
02-05 09:26:03.485 D/PhoneWindow(  516): DecorView - SCREEN_WEITH = 1280 - SCREE_HEIGHT = 672
02-05 09:26:03.490 D/DisplayManager(  516): getDisplayInfo: displayId=0, info=DisplayInfo{"内置屏幕", uniqueId "local:0", app 1280 x 672, real 1280 x 720, largest app 1280 x 1207, smallest app 720 x 647, 240.00005 fps, supportedRefreshRates [240.00005], rotation 0, density 160 (160.15764 x 160.42105) dpi, layerStack 0, appVsyncOff 0, presDeadline 5166666, type BUILT_IN, state ON, FLAG_SECURE, FLAG_SUPPORTS_PROTECTED_BUFFERS}
02-05 09:26:03.490 W/AppOps  (  516): Bad call: specified package media under uid 1000 but it is really 1013
02-05 09:26:03.491 V/WindowManagerService(  516): Adding window Window{d2a0bc1 u0 Starting com.cn.cae} at 2 of 4 (after Window{1516c45e u0 com.android.launcher3/com.android.launcher3.Launcher})
02-05 09:26:03.493 I/AudioStreamOutALSA(  176): Audio exiting sandby will open audio device
02-05 09:26:03.493 E/AudioStreamOutALSA(  176): curDev =0x400,, curMode =0, mCurDev = 0x400
02-05 09:26:03.493 D/ViewRootImpl(  516): onAttachToWindow register content observer attrs=WM.LayoutParams{(0,0)(fillxfill)mPosX=0mPosY=0mHScale=1.0mVScale=1.0 align=UNDEFINE taskId=108 ty=3 fl=#1830118 pfl=0x11 fmt=-3 wanim=0x1030001 surfaceInsets=Rect(0, 0 - 0, 0) needsMenuKey=2packageName=com.cn.caetoken=Token{25ac2caf ActivityRecord{22e0ec8e u0 com.cn.cae/.MainActivity t108}}}
02-05 09:26:03.515 D/ViewRootImpl(  516): 1280<<<<<< BACK FROM relayoutWM.LayoutParams{(0,0)(fillxfill)mPosX=0mPosY=0mHScale=1.0mVScale=1.0 align=UNDEFINE taskId=108 sim=#20 ty=3 fl=#1830118 pfl=0x11 fmt=-3 wanim=0x1030001 surfaceInsets=Rect(0, 0 - 0, 0) needsMenuKey=2packageName=com.cn.caetoken=Token{25ac2caf ActivityRecord{22e0ec8e u0 com.cn.cae/.MainActivity t108}}}
02-05 09:26:03.556 I/art     ( 2129): Late-enabling -Xcheck:jni
02-05 09:26:03.558 I/ActivityManagerService(  516): Start proc 2129:com.cn.cae/u0a64 for activity com.cn.cae/.MainActivity
02-05 09:26:03.559 V/KeyEvent(  895): Reset: android.view.KeyEvent$DispatcherState@3267329e
02-05 09:26:03.593 V/ALSAModule(  176): SAMPLERATE:48000
02-05 09:26:03.594 E/ALSAModule(  176): buffersize: 1536, periodsize:512
02-05 09:26:03.595 V/ALSAModule(  176): Set PLAYBACK PCM format to S16_LE (Signed 16 bit Little Endian)
02-05 09:26:03.595 V/ALSAModule(  176): Using 2 channels for PLAYBACK.
02-05 09:26:03.595 V/ALSAModule(  176): Set PLAYBACK sample rate to 48000 HZ
02-05 09:26:03.596 V/ALSAModule(  176): SAMPLERATE:48000
02-05 09:26:03.597 E/ALSAModule(  176): buffersize: 1536, periodsize:512
02-05 09:26:03.598 V/ALSAModule(  176): Set PLAYBACK PCM format to S16_LE (Signed 16 bit Little Endian)
02-05 09:26:03.598 V/ALSAModule(  176): Using 2 channels for PLAYBACK.
02-05 09:26:03.598 V/ALSAModule(  176): Set PLAYBACK sample rate to 48000 HZ
02-05 09:26:03.619 D/ViewRootImpl(  895): 1280<<<<<< BACK FROM relayoutnull
02-05 09:26:03.621 D/DisplayManager( 2129): getDisplayInfo: displayId=0, info=DisplayInfo{"内置屏幕", uniqueId "local:0", app 1280 x 672, real 1280 x 720, largest app 1280 x 1207, smallest app 720 x 647, 240.00005 fps, supportedRefreshRates [240.00005], rotation 0, density 160 (160.15764 x 160.42105) dpi, layerStack 0, appVsyncOff 0, presDeadline 5166666, type BUILT_IN, state ON, FLAG_SECURE, FLAG_SUPPORTS_PROTECTED_BUFFERS}
02-05 09:26:03.623 D/DisplayManager( 2129): getDisplayInfo: displayId=0, info=DisplayInfo{"内置屏幕", uniqueId "local:0", app 1280 x 672, real 1280 x 720, largest app 1280 x 1207, smallest app 720 x 647, 240.00005 fps, supportedRefreshRates [240.00005], rotation 0, density 160 (160.15764 x 160.42105) dpi, layerStack 0, appVsyncOff 0, presDeadline 5166666, type BUILT_IN, state ON, FLAG_SECURE, FLAG_SUPPORTS_PROTECTED_BUFFERS}
02-05 09:26:03.628 D/DisplayManager( 2129): getDisplayInfo: displayId=0, info=DisplayInfo{"内置屏幕", uniqueId "local:0", app 1280 x 672, real 1280 x 720, largest app 1280 x 1207, smallest app 720 x 647, 240.00005 fps, supportedRefreshRates [240.00005], rotation 0, density 160 (160.15764 x 160.42105) dpi, layerStack 0, appVsyncOff 0, presDeadline 5166666, type BUILT_IN, state ON, FLAG_SECURE, FLAG_SUPPORTS_PROTECTED_BUFFERS}
02-05 09:26:03.631 D/DisplayManager( 2129): getDisplayInfo: displayId=0, info=DisplayInfo{"内置屏幕", uniqueId "local:0", app 1280 x 672, real 1280 x 720, largest app 1280 x 1207, smallest app 720 x 647, 240.00005 fps, supportedRefreshRates [240.00005], rotation 0, density 160 (160.15764 x 160.42105) dpi, layerStack 0, appVsyncOff 0, presDeadline 5166666, type BUILT_IN, state ON, FLAG_SECURE, FLAG_SUPPORTS_PROTECTED_BUFFERS}
02-05 09:26:03.632 D/ViewRootImpl(  895): 1280<<<<<< BACK FROM relayoutnull
02-05 09:26:03.655 D/DisplayManager( 2129): getDisplayInfo: displayId=0, info=DisplayInfo{"内置屏幕", uniqueId "local:0", app 1280 x 672, real 1280 x 720, largest app 1280 x 1207, smallest app 720 x 647, 240.00005 fps, supportedRefreshRates [240.00005], rotation 0, density 160 (160.15764 x 160.42105) dpi, layerStack 0, appVsyncOff 0, presDeadline 5166666, type BUILT_IN, state ON, FLAG_SECURE, FLAG_SUPPORTS_PROTECTED_BUFFERS}
02-05 09:26:03.661 D/DisplayManager( 2129): getDisplayInfo: displayId=0, info=DisplayInfo{"内置屏幕", uniqueId "local:0", app 1280 x 672, real 1280 x 720, largest app 1280 x 1207, smallest app 720 x 647, 240.00005 fps, supportedRefreshRates [240.00005], rotation 0, density 160 (160.15764 x 160.42105) dpi, layerStack 0, appVsyncOff 0, presDeadline 5166666, type BUILT_IN, state ON, FLAG_SECURE, FLAG_SUPPORTS_PROTECTED_BUFFERS}
02-05 09:26:03.672 D/DisplayManager( 2129): getDisplayInfo: displayId=0, info=DisplayInfo{"内置屏幕", uniqueId "local:0", app 1280 x 672, real 1280 x 720, largest app 1280 x 1207, smallest app 720 x 647, 240.00005 fps, supportedRefreshRates [240.00005], rotation 0, density 160 (160.15764 x 160.42105) dpi, layerStack 0, appVsyncOff 0, presDeadline 5166666, type BUILT_IN, state ON, FLAG_SECURE, FLAG_SUPPORTS_PROTECTED_BUFFERS}
02-05 09:26:03.672 D/PhoneWindow( 2129): DecorView - SCREEN_WEITH = 1280 - SCREE_HEIGHT = 672
02-05 09:26:03.724 I/CAEDemo ( 2129): onCreate...
02-05 09:26:03.741 D/DisplayManager( 2129): getDisplayInfo: displayId=0, info=DisplayInfo{"内置屏幕", uniqueId "local:0", app 1280 x 672, real 1280 x 720, largest app 1280 x 1207, smallest app 720 x 647, 240.00005 fps, supportedRefreshRates [240.00005], rotation 0, density 160 (160.15764 x 160.42105) dpi, layerStack 0, appVsyncOff 0, presDeadline 5166666, type BUILT_IN, state ON, FLAG_SECURE, FLAG_SUPPORTS_PROTECTED_BUFFERS}
02-05 09:26:03.745 D/DisplayManager(  661): getDisplayInfo: displayId=0, info=DisplayInfo{"内置屏幕", uniqueId "local:0", app 1280 x 672, real 1280 x 720, largest app 1280 x 1207, smallest app 720 x 647, 240.00005 fps, supportedRefreshRates [240.00005], rotation 0, density 160 (160.15764 x 160.42105) dpi, layerStack 0, appVsyncOff 0, presDeadline 5166666, type BUILT_IN, state ON, FLAG_SECURE, FLAG_SUPPORTS_PROTECTED_BUFFERS}
02-05 09:26:03.748 D/DisplayManager( 2129): getDisplayInfo: displayId=0, info=DisplayInfo{"内置屏幕", uniqueId "local:0", app 1280 x 672, real 1280 x 720, largest app 1280 x 1207, smallest app 720 x 647, 240.00005 fps, supportedRefreshRates [240.00005], rotation 0, density 160 (160.15764 x 160.42105) dpi, layerStack 0, appVsyncOff 0, presDeadline 5166666, type BUILT_IN, state ON, FLAG_SECURE, FLAG_SUPPORTS_PROTECTED_BUFFERS}
02-05 09:26:03.755 D/OpenGLRenderer( 2129): Use EGL_SWAP_BEHAVIOR_PRESERVED: false
02-05 09:26:03.758 I/[Gralloc]( 2129):  ion device open success! fd = 28
02-05 09:26:03.764 D/Atlas   ( 2129): Validating map...
02-05 09:26:03.768 W/Atlas   ( 2129): Pointer 0x0, not in getPreloadedDrawables?
02-05 09:26:03.768 W/Atlas   ( 2129): Pointer 0x0, not in getPreloadedDrawables?
02-05 09:26:03.768 W/Atlas   ( 2129): Pointer 0x0, not in getPreloadedDrawables?
02-05 09:26:03.768 W/Atlas   ( 2129): Pointer 0x0, not in getPreloadedDrawables?
02-05 09:26:03.768 W/Atlas   ( 2129): Pointer 0x0, not in getPreloadedDrawables?
02-05 09:26:03.768 W/Atlas   ( 2129): Pointer 0x0, not in getPreloadedDrawables?
02-05 09:26:03.768 W/Atlas   ( 2129): Pointer 0x0, not in getPreloadedDrawables?
02-05 09:26:03.768 W/Atlas   ( 2129): Pointer 0x0, not in getPreloadedDrawables?
02-05 09:26:03.768 W/Atlas   ( 2129): Pointer 0x0, not in getPreloadedDrawables?
02-05 09:26:03.768 W/Atlas   ( 2129): Pointer 0x0, not in getPreloadedDrawables?
02-05 09:26:03.768 W/Atlas   ( 2129): Pointer 0x0, not in getPreloadedDrawables?
02-05 09:26:03.768 W/Atlas   ( 2129): Pointer 0x0, not in getPreloadedDrawables?
02-05 09:26:03.769 W/Atlas   ( 2129): Pointer 0x0, not in getPreloadedDrawables?
02-05 09:26:03.769 W/Atlas   ( 2129): Pointer 0x0, not in getPreloadedDrawables?
02-05 09:26:03.769 W/Atlas   ( 2129): Pointer 0x0, not in getPreloadedDrawables?
02-05 09:26:03.769 W/Atlas   ( 2129): Pointer 0x0, not in getPreloadedDrawables?
02-05 09:26:03.769 W/Atlas   ( 2129): Pointer 0x0, not in getPreloadedDrawables?
02-05 09:26:03.769 W/Atlas   ( 2129): Pointer 0x0, not in getPreloadedDrawables?
02-05 09:26:03.769 W/Atlas   ( 2129): Pointer 0x0, not in getPreloadedDrawables?
02-05 09:26:03.769 W/Atlas   ( 2129): Pointer 0x0, not in getPreloadedDrawables?
02-05 09:26:03.769 W/Atlas   ( 2129): Pointer 0x0, not in getPreloadedDrawables?
02-05 09:26:03.769 W/Atlas   ( 2129): Pointer 0x0, not in getPreloadedDrawables?
02-05 09:26:03.769 W/Atlas   ( 2129): Pointer 0x0, not in getPreloadedDrawables?
02-05 09:26:03.769 W/Atlas   ( 2129): Pointer 0x0, not in getPreloadedDrawables?
02-05 09:26:03.769 W/Atlas   ( 2129): Pointer 0x0, not in getPreloadedDrawables?
02-05 09:26:03.769 W/Atlas   ( 2129): Pointer 0x0, not in getPreloadedDrawables?
02-05 09:26:03.769 W/Atlas   ( 2129): Pointer 0x0, not in getPreloadedDrawables?
02-05 09:26:03.770 W/Atlas   ( 2129): Pointer 0x0, not in getPreloadedDrawables?
02-05 09:26:03.770 W/Atlas   ( 2129): Pointer 0x0, not in getPreloadedDrawables?
02-05 09:26:03.770 W/Atlas   ( 2129): Pointer 0x0, not in getPreloadedDrawables?
02-05 09:26:03.770 W/Atlas   ( 2129): Pointer 0x0, not in getPreloadedDrawables?
02-05 09:26:03.770 W/Atlas   ( 2129): Pointer 0x0, not in getPreloadedDrawables?
02-05 09:26:03.770 W/Atlas   ( 2129): Pointer 0x0, not in getPreloadedDrawables?
02-05 09:26:03.770 W/Atlas   ( 2129): Pointer 0x0, not in getPreloadedDrawables?
02-05 09:26:03.770 W/Atlas   ( 2129): Pointer 0x0, not in getPreloadedDrawables?
02-05 09:26:03.770 W/Atlas   ( 2129): Pointer 0x0, not in getPreloadedDrawables?
02-05 09:26:03.770 W/Atlas   ( 2129): Pointer 0x0, not in getPreloadedDrawables?
02-05 09:26:03.770 W/Atlas   ( 2129): Pointer 0x0, not in getPreloadedDrawables?
02-05 09:26:03.770 W/Atlas   ( 2129): Pointer 0x0, not in getPreloadedDrawables?
02-05 09:26:03.770 W/Atlas   ( 2129): Pointer 0x0, not in getPreloadedDrawables?
02-05 09:26:03.770 W/Atlas   ( 2129): Pointer 0x0, not in getPreloadedDrawables?
02-05 09:26:03.770 W/Atlas   ( 2129): Pointer 0x0, not in getPreloadedDrawables?
02-05 09:26:03.771 W/Atlas   ( 2129): Pointer 0x0, not in getPreloadedDrawables?
02-05 09:26:03.771 W/Atlas   ( 2129): Pointer 0x0, not in getPreloadedDrawables?
02-05 09:26:03.771 W/Atlas   ( 2129): Pointer 0x0, not in getPreloadedDrawables?
02-05 09:26:03.771 W/Atlas   ( 2129): Pointer 0x0, not in getPreloadedDrawables?
02-05 09:26:03.771 W/Atlas   ( 2129): Pointer 0x0, not in getPreloadedDrawables?
02-05 09:26:03.771 W/Atlas   ( 2129): Pointer 0x0, not in getPreloadedDrawables?
02-05 09:26:03.771 W/Atlas   ( 2129): Pointer 0x0, not in getPreloadedDrawables?
02-05 09:26:03.771 W/Atlas   ( 2129): Pointer 0x0, not in getPreloadedDrawables?
02-05 09:26:03.771 W/Atlas   ( 2129): Pointer 0x0, not in getPreloadedDrawables?
02-05 09:26:03.771 W/Atlas   ( 2129): Pointer 0x0, not in getPreloadedDrawables?
02-05 09:26:03.771 W/Atlas   ( 2129): Pointer 0x0, not in getPreloadedDrawables?
02-05 09:26:03.771 W/Atlas   ( 2129): Pointer 0x0, not in getPreloadedDrawables?
02-05 09:26:03.771 W/Atlas   ( 2129): Pointer 0x0, not in getPreloadedDrawables?
02-05 09:26:03.771 W/Atlas   ( 2129): Pointer 0x0, not in getPreloadedDrawables?
02-05 09:26:03.771 W/Atlas   ( 2129): Pointer 0x0, not in getPreloadedDrawables?
02-05 09:26:03.771 W/Atlas   ( 2129): Pointer 0x0, not in getPreloadedDrawables?
02-05 09:26:03.772 W/Atlas   ( 2129): Pointer 0x0, not in getPreloadedDrawables?
02-05 09:26:03.772 W/Atlas   ( 2129): Pointer 0x0, not in getPreloadedDrawables?
02-05 09:26:03.772 W/Atlas   ( 2129): Pointer 0x0, not in getPreloadedDrawables?
02-05 09:26:03.772 W/Atlas   ( 2129): Pointer 0x0, not in getPreloadedDrawables?
02-05 09:26:03.772 W/Atlas   ( 2129): Pointer 0x0, not in getPreloadedDrawables?
02-05 09:26:03.772 W/Atlas   ( 2129): Pointer 0x0, not in getPreloadedDrawables?
02-05 09:26:03.772 W/Atlas   ( 2129): Pointer 0x0, not in getPreloadedDrawables?
02-05 09:26:03.772 W/Atlas   ( 2129): Pointer 0x0, not in getPreloadedDrawables?
02-05 09:26:03.772 W/Atlas   ( 2129): Pointer 0x0, not in getPreloadedDrawables?
02-05 09:26:03.772 W/Atlas   ( 2129): Pointer 0x0, not in getPreloadedDrawables?
02-05 09:26:03.772 W/Atlas   ( 2129): Pointer 0x0, not in getPreloadedDrawables?
02-05 09:26:03.772 W/Atlas   ( 2129): Pointer 0x0, not in getPreloadedDrawables?
02-05 09:26:03.772 W/Atlas   ( 2129): Pointer 0x0, not in getPreloadedDrawables?
02-05 09:26:03.772 W/Atlas   ( 2129): Pointer 0x0, not in getPreloadedDrawables?
02-05 09:26:03.773 W/Atlas   ( 2129): Pointer 0x0, not in getPreloadedDrawables?
02-05 09:26:03.773 W/Atlas   ( 2129): Pointer 0x0, not in getPreloadedDrawables?
02-05 09:26:03.773 W/Atlas   ( 2129): Pointer 0x0, not in getPreloadedDrawables?
02-05 09:26:03.773 W/Atlas   ( 2129): Pointer 0x0, not in getPreloadedDrawables?
02-05 09:26:03.773 W/Atlas   ( 2129): Pointer 0x0, not in getPreloadedDrawables?
02-05 09:26:03.773 W/Atlas   ( 2129): Pointer 0x0, not in getPreloadedDrawables?
02-05 09:26:03.773 W/Atlas   ( 2129): Pointer 0x0, not in getPreloadedDrawables?
02-05 09:26:03.773 W/Atlas   ( 2129): Pointer 0x0, not in getPreloadedDrawables?
02-05 09:26:03.773 W/Atlas   ( 2129): Pointer 0x0, not in getPreloadedDrawables?
02-05 09:26:03.773 W/Atlas   ( 2129): Pointer 0x0, not in getPreloadedDrawables?
02-05 09:26:03.773 W/Atlas   ( 2129): Pointer 0x0, not in getPreloadedDrawables?
02-05 09:26:03.773 W/Atlas   ( 2129): Pointer 0x0, not in getPreloadedDrawables?
02-05 09:26:03.773 W/Atlas   ( 2129): Pointer 0x0, not in getPreloadedDrawables?
02-05 09:26:03.773 W/Atlas   ( 2129): Pointer 0x0, not in getPreloadedDrawables?
02-05 09:26:03.774 W/Atlas   ( 2129): Pointer 0x0, not in getPreloadedDrawables?
02-05 09:26:03.774 W/Atlas   ( 2129): Pointer 0x0, not in getPreloadedDrawables?
02-05 09:26:03.774 W/Atlas   ( 2129): Pointer 0x0, not in getPreloadedDrawables?
02-05 09:26:03.774 W/Atlas   ( 2129): Pointer 0x0, not in getPreloadedDrawables?
02-05 09:26:03.774 W/Atlas   ( 2129): Pointer 0x0, not in getPreloadedDrawables?
02-05 09:26:03.774 W/Atlas   ( 2129): Pointer 0x0, not in getPreloadedDrawables?
02-05 09:26:03.774 W/Atlas   ( 2129): Pointer 0x0, not in getPreloadedDrawables?
02-05 09:26:03.774 W/Atlas   ( 2129): Pointer 0x0, not in getPreloadedDrawables?
02-05 09:26:03.774 W/Atlas   ( 2129): Pointer 0x0, not in getPreloadedDrawables?
02-05 09:26:03.774 W/Atlas   ( 2129): Pointer 0x0, not in getPreloadedDrawables?
02-05 09:26:03.774 W/Atlas   ( 2129): Pointer 0x0, not in getPreloadedDrawables?
02-05 09:26:03.774 W/Atlas   ( 2129): Pointer 0x0, not in getPreloadedDrawables?
02-05 09:26:03.774 W/Atlas   ( 2129): Pointer 0x0, not in getPreloadedDrawables?
02-05 09:26:03.774 W/Atlas   ( 2129): Pointer 0x0, not in getPreloadedDrawables?
02-05 09:26:03.774 W/Atlas   ( 2129): Pointer 0x0, not in getPreloadedDrawables?
02-05 09:26:03.775 W/Atlas   ( 2129): Pointer 0x0, not in getPreloadedDrawables?
02-05 09:26:03.775 W/Atlas   ( 2129): Pointer 0x0, not in getPreloadedDrawables?
02-05 09:26:03.775 W/Atlas   ( 2129): Pointer 0x0, not in getPreloadedDrawables?
02-05 09:26:03.775 W/Atlas   ( 2129): Pointer 0x0, not in getPreloadedDrawables?
02-05 09:26:03.775 W/Atlas   ( 2129): Pointer 0x0, not in getPreloadedDrawables?
02-05 09:26:03.776 W/Atlas   ( 2129): Pointer 0x0, not in getPreloadedDrawables?
02-05 09:26:03.776 W/Atlas   ( 2129): Pointer 0x0, not in getPreloadedDrawables?
02-05 09:26:03.776 W/Atlas   ( 2129): Pointer 0x0, not in getPreloadedDrawables?
02-05 09:26:03.776 W/Atlas   ( 2129): Pointer 0x0, not in getPreloadedDrawables?
02-05 09:26:03.776 W/Atlas   ( 2129): Pointer 0x0, not in getPreloadedDrawables?
02-05 09:26:03.776 W/Atlas   ( 2129): Pointer 0x0, not in getPreloadedDrawables?
02-05 09:26:03.776 W/Atlas   ( 2129): Pointer 0x0, not in getPreloadedDrawables?
02-05 09:26:03.776 W/Atlas   ( 2129): Pointer 0x0, not in getPreloadedDrawables?
02-05 09:26:03.776 W/Atlas   ( 2129): Pointer 0x0, not in getPreloadedDrawables?
02-05 09:26:03.776 W/Atlas   ( 2129): Pointer 0x0, not in getPreloadedDrawables?
02-05 09:26:03.776 W/Atlas   ( 2129): Pointer 0x0, not in getPreloadedDrawables?
02-05 09:26:03.776 W/Atlas   ( 2129): Pointer 0x0, not in getPreloadedDrawables?
02-05 09:26:03.776 W/Atlas   ( 2129): Pointer 0x0, not in getPreloadedDrawables?
02-05 09:26:03.776 W/Atlas   ( 2129): Pointer 0x0, not in getPreloadedDrawables?
02-05 09:26:03.777 W/Atlas   ( 2129): Pointer 0x0, not in getPreloadedDrawables?
02-05 09:26:03.777 W/Atlas   ( 2129): Pointer 0x0, not in getPreloadedDrawables?
02-05 09:26:03.777 W/Atlas   ( 2129): Pointer 0x0, not in getPreloadedDrawables?
02-05 09:26:03.777 W/Atlas   ( 2129): Pointer 0x0, not in getPreloadedDrawables?
02-05 09:26:03.777 W/Atlas   ( 2129): Pointer 0x0, not in getPreloadedDrawables?
02-05 09:26:03.777 W/Atlas   ( 2129): Pointer 0x0, not in getPreloadedDrawables?
02-05 09:26:03.777 W/Atlas   ( 2129): Pointer 0x0, not in getPreloadedDrawables?
02-05 09:26:03.777 W/Atlas   ( 2129): Pointer 0x0, not in getPreloadedDrawables?
02-05 09:26:03.777 W/Atlas   ( 2129): Pointer 0x0, not in getPreloadedDrawables?
02-05 09:26:03.777 W/Atlas   ( 2129): Pointer 0x0, not in getPreloadedDrawables?
02-05 09:26:03.777 W/Atlas   ( 2129): Pointer 0x0, not in getPreloadedDrawables?
02-05 09:26:03.777 W/Atlas   ( 2129): Pointer 0x0, not in getPreloadedDrawables?
02-05 09:26:03.777 W/Atlas   ( 2129): Pointer 0x0, not in getPreloadedDrawables?
02-05 09:26:03.777 W/Atlas   ( 2129): Pointer 0x0, not in getPreloadedDrawables?
02-05 09:26:03.777 W/Atlas   ( 2129): Pointer 0x0, not in getPreloadedDrawables?
02-05 09:26:03.777 W/Atlas   ( 2129): Pointer 0x0, not in getPreloadedDrawables?
02-05 09:26:03.777 W/Atlas   ( 2129): Pointer 0x0, not in getPreloadedDrawables?
02-05 09:26:03.778 W/Atlas   ( 2129): Pointer 0x0, not in getPreloadedDrawables?
02-05 09:26:03.778 W/Atlas   ( 2129): Pointer 0x0, not in getPreloadedDrawables?
02-05 09:26:03.778 W/Atlas   ( 2129): Pointer 0x0, not in getPreloadedDrawables?
02-05 09:26:03.778 W/Atlas   ( 2129): Pointer 0x0, not in getPreloadedDrawables?
02-05 09:26:03.778 W/Atlas   ( 2129): Pointer 0x0, not in getPreloadedDrawables?
02-05 09:26:03.778 W/Atlas   ( 2129): Pointer 0x0, not in getPreloadedDrawables?
02-05 09:26:03.778 W/Atlas   ( 2129): Pointer 0x0, not in getPreloadedDrawables?
02-05 09:26:03.778 W/Atlas   ( 2129): Pointer 0x0, not in getPreloadedDrawables?
02-05 09:26:03.778 W/Atlas   ( 2129): Pointer 0x0, not in getPreloadedDrawables?
02-05 09:26:03.778 W/Atlas   ( 2129): Pointer 0x0, not in getPreloadedDrawables?
02-05 09:26:03.778 W/Atlas   ( 2129): Pointer 0x0, not in getPreloadedDrawables?
02-05 09:26:03.778 W/Atlas   ( 2129): Pointer 0x0, not in getPreloadedDrawables?
02-05 09:26:03.778 W/Atlas   ( 2129): Pointer 0x0, not in getPreloadedDrawables?
02-05 09:26:03.778 W/Atlas   ( 2129): Pointer 0x0, not in getPreloadedDrawables?
02-05 09:26:03.778 W/Atlas   ( 2129): Pointer 0x0, not in getPreloadedDrawables?
02-05 09:26:03.779 W/Atlas   ( 2129): Pointer 0x0, not in getPreloadedDrawables?
02-05 09:26:03.779 W/Atlas   ( 2129): Pointer 0x0, not in getPreloadedDrawables?
02-05 09:26:03.779 W/Atlas   ( 2129): Pointer 0x0, not in getPreloadedDrawables?
02-05 09:26:03.779 W/Atlas   ( 2129): Pointer 0x0, not in getPreloadedDrawables?
02-05 09:26:03.779 W/Atlas   ( 2129): Pointer 0x0, not in getPreloadedDrawables?
02-05 09:26:03.779 W/Atlas   ( 2129): Pointer 0x0, not in getPreloadedDrawables?
02-05 09:26:03.779 W/Atlas   ( 2129): Pointer 0x0, not in getPreloadedDrawables?
02-05 09:26:03.779 W/Atlas   ( 2129): Pointer 0x0, not in getPreloadedDrawables?
02-05 09:26:03.779 W/Atlas   ( 2129): Pointer 0x0, not in getPreloadedDrawables?
02-05 09:26:03.779 W/Atlas   ( 2129): Pointer 0x0, not in getPreloadedDrawables?
02-05 09:26:03.779 W/Atlas   ( 2129): Pointer 0x0, not in getPreloadedDrawables?
02-05 09:26:03.779 W/Atlas   ( 2129): Pointer 0x0, not in getPreloadedDrawables?
02-05 09:26:03.779 W/Atlas   ( 2129): Pointer 0x0, not in getPreloadedDrawables?
02-05 09:26:03.779 W/Atlas   ( 2129): Pointer 0x0, not in getPreloadedDrawables?
02-05 09:26:03.779 W/Atlas   ( 2129): Pointer 0x0, not in getPreloadedDrawables?
02-05 09:26:03.780 W/Atlas   ( 2129): Pointer 0x0, not in getPreloadedDrawables?
02-05 09:26:03.780 W/Atlas   ( 2129): Pointer 0x0, not in getPreloadedDrawables?
02-05 09:26:03.780 W/Atlas   ( 2129): Pointer 0x0, not in getPreloadedDrawables?
02-05 09:26:03.780 W/Atlas   ( 2129): Pointer 0x0, not in getPreloadedDrawables?
02-05 09:26:03.780 W/Atlas   ( 2129): Pointer 0x0, not in getPreloadedDrawables?
02-05 09:26:03.780 W/Atlas   ( 2129): Pointer 0x0, not in getPreloadedDrawables?
02-05 09:26:03.780 W/Atlas   ( 2129): Pointer 0x0, not in getPreloadedDrawables?
02-05 09:26:03.780 W/Atlas   ( 2129): Pointer 0x0, not in getPreloadedDrawables?
02-05 09:26:03.780 W/Atlas   ( 2129): Pointer 0x0, not in getPreloadedDrawables?
02-05 09:26:03.780 W/Atlas   ( 2129): Pointer 0x0, not in getPreloadedDrawables?
02-05 09:26:03.780 W/Atlas   ( 2129): Pointer 0x0, not in getPreloadedDrawables?
02-05 09:26:03.780 W/Atlas   ( 2129): Pointer 0x0, not in getPreloadedDrawables?
02-05 09:26:03.780 W/Atlas   ( 2129): Pointer 0x0, not in getPreloadedDrawables?
02-05 09:26:03.781 W/Atlas   ( 2129): Pointer 0x0, not in getPreloadedDrawables?
02-05 09:26:03.781 W/Atlas   ( 2129): Pointer 0x0, not in getPreloadedDrawables?
02-05 09:26:03.781 W/Atlas   ( 2129): Pointer 0x0, not in getPreloadedDrawables?
02-05 09:26:03.781 W/Atlas   ( 2129): Pointer 0x0, not in getPreloadedDrawables?
02-05 09:26:03.781 W/Atlas   ( 2129): Pointer 0x0, not in getPreloadedDrawables?
02-05 09:26:03.781 W/Atlas   ( 2129): Pointer 0x0, not in getPreloadedDrawables?
02-05 09:26:03.781 W/Atlas   ( 2129): Pointer 0x0, not in getPreloadedDrawables?
02-05 09:26:03.781 W/Atlas   ( 2129): Pointer 0x0, not in getPreloadedDrawables?
02-05 09:26:03.781 W/Atlas   ( 2129): Pointer 0x0, not in getPreloadedDrawables?
02-05 09:26:03.781 W/Atlas   ( 2129): Pointer 0x0, not in getPreloadedDrawables?
02-05 09:26:03.781 W/Atlas   ( 2129): Pointer 0x0, not in getPreloadedDrawables?
02-05 09:26:03.781 W/Atlas   ( 2129): Pointer 0x0, not in getPreloadedDrawables?
02-05 09:26:03.781 W/Atlas   ( 2129): Pointer 0x0, not in getPreloadedDrawables?
02-05 09:26:03.781 W/Atlas   ( 2129): Pointer 0x0, not in getPreloadedDrawables?
02-05 09:26:03.781 W/Atlas   ( 2129): Pointer 0x0, not in getPreloadedDrawables?
02-05 09:26:03.781 W/Atlas   ( 2129): Pointer 0x0, not in getPreloadedDrawables?
02-05 09:26:03.782 W/Atlas   ( 2129): Pointer 0x0, not in getPreloadedDrawables?
02-05 09:26:03.782 W/Atlas   ( 2129): Pointer 0x0, not in getPreloadedDrawables?
02-05 09:26:03.782 W/Atlas   ( 2129): Pointer 0x0, not in getPreloadedDrawables?
02-05 09:26:03.782 W/Atlas   ( 2129): Pointer 0x0, not in getPreloadedDrawables?
02-05 09:26:03.782 W/Atlas   ( 2129): Pointer 0x0, not in getPreloadedDrawables?
02-05 09:26:03.782 W/Atlas   ( 2129): Pointer 0x0, not in getPreloadedDrawables?
02-05 09:26:03.782 W/Atlas   ( 2129): Pointer 0x0, not in getPreloadedDrawables?
02-05 09:26:03.782 W/Atlas   ( 2129): Pointer 0x0, not in getPreloadedDrawables?
02-05 09:26:03.782 W/Atlas   ( 2129): Pointer 0x0, not in getPreloadedDrawables?
02-05 09:26:03.782 W/Atlas   ( 2129): Pointer 0x0, not in getPreloadedDrawables?
02-05 09:26:03.782 W/Atlas   ( 2129): Pointer 0x0, not in getPreloadedDrawables?
02-05 09:26:03.782 W/Atlas   ( 2129): Pointer 0x0, not in getPreloadedDrawables?
02-05 09:26:03.782 W/Atlas   ( 2129): Pointer 0x0, not in getPreloadedDrawables?
02-05 09:26:03.783 W/Atlas   ( 2129): Pointer 0x0, not in getPreloadedDrawables?
02-05 09:26:03.783 W/Atlas   ( 2129): Pointer 0x0, not in getPreloadedDrawables?
02-05 09:26:03.783 W/Atlas   ( 2129): Pointer 0x0, not in getPreloadedDrawables?
02-05 09:26:03.783 W/Atlas   ( 2129): Pointer 0x0, not in getPreloadedDrawables?
02-05 09:26:03.783 W/Atlas   ( 2129): Pointer 0x0, not in getPreloadedDrawables?
02-05 09:26:03.783 W/Atlas   ( 2129): Pointer 0x0, not in getPreloadedDrawables?
02-05 09:26:03.783 W/Atlas   ( 2129): Pointer 0x0, not in getPreloadedDrawables?
02-05 09:26:03.783 W/Atlas   ( 2129): Pointer 0x0, not in getPreloadedDrawables?
02-05 09:26:03.783 W/Atlas   ( 2129): Pointer 0x0, not in getPreloadedDrawables?
02-05 09:26:03.783 W/Atlas   ( 2129): Pointer 0x0, not in getPreloadedDrawables?
02-05 09:26:03.783 W/Atlas   ( 2129): Pointer 0x0, not in getPreloadedDrawables?
02-05 09:26:03.783 W/Atlas   ( 2129): Pointer 0x0, not in getPreloadedDrawables?
02-05 09:26:03.783 W/Atlas   ( 2129): Pointer 0x0, not in getPreloadedDrawables?
02-05 09:26:03.783 W/Atlas   ( 2129): Pointer 0x0, not in getPreloadedDrawables?
02-05 09:26:03.783 W/Atlas   ( 2129): Pointer 0x0, not in getPreloadedDrawables?
02-05 09:26:03.784 W/Atlas   ( 2129): Pointer 0x0, not in getPreloadedDrawables?
02-05 09:26:03.784 W/Atlas   ( 2129): Pointer 0x0, not in getPreloadedDrawables?
02-05 09:26:03.784 W/Atlas   ( 2129): Pointer 0x0, not in getPreloadedDrawables?
02-05 09:26:03.784 W/Atlas   ( 2129): Pointer 0x0, not in getPreloadedDrawables?
02-05 09:26:03.784 W/Atlas   ( 2129): Pointer 0x0, not in getPreloadedDrawables?
